Requirement already satisfied: pip in ./.venv/lib/python3.12/site-packages (24.0)
Collecting pip
  Downloading pip-26.1.2-py3-none-any.whl.metadata (4.6 kB)
Collecting setuptools
  Downloading setuptools-83.0.0-py3-none-any.whl.metadata (6.6 kB)
Collecting wheel
  Downloading wheel-0.47.0-py3-none-any.whl.metadata (2.3 kB)
Collecting packaging>=24.0 (from wheel)
  Downloading packaging-26.2-py3-none-any.whl.metadata (3.5 kB)
Downloading pip-26.1.2-py3-none-any.whl (1.8 MB)
   ━━━━━━━━━━━━━━━━━━━━━━━━━━━━━━━━━━━━━━━━ 1.8/1.8 MB 22.9 MB/s eta 0:00:00

Downloading setuptools-83.0.0-py3-none-any.whl (1.0 MB)
   ━━━━━━━━━━━━━━━━━━━━━━━━━━━━━━━━━━━━━━━━ 1.0/1.0 MB 69.9 MB/s eta 0:00:00

Downloading wheel-0.47.0-py3-none-any.whl (32 kB)
Downloading packaging-26.2-py3-none-any.whl (100 kB)
   ━━━━━━━━━━━━━━━━━━━━━━━━━━━━━━━━━━━━━━━ 100.2/100.2 kB 374.7 MB/s eta 0:00:00

Installing collected packages: setuptools, pip, packaging, wheel
  Attempting uninstall: pip
    Found existing installation: pip 24.0
    Uninstalling pip-24.0:
      Successfully uninstalled pip-24.0
Successfully installed packaging-26.2 pip-26.1.2 setuptools-83.0.0 wheel-0.47.0
Looking in indexes: https://pypi.org/simple, https://download.pytorch.org/whl/cu128
Obtaining file://416/codebase (from -r 416/requirements.txt (line 7))
  Installing build dependencies: started
  Installing build dependencies: finished with status 'done'
  Checking if build backend supports build_editable: started
  Checking if build backend supports build_editable: finished with status 'done'
  Getting requirements to build editable: started
  Getting requirements to build editable: finished with status 'done'
  Preparing editable metadata (pyproject.toml): started
  Preparing editable metadata (pyproject.toml): finished with status 'done'
Collecting torch==2.11.0+cu128 (from -r 416/requirements.txt (line 2))
  Downloading torch-2.11.0%2Bcu128-cp312-cp312-manylinux_2_28_x86_64.whl.metadata (29 kB)
Collecting numpy==2.5.1 (from -r 416/requirements.txt (line 3))
  Downloading numpy-2.5.1-cp312-cp312-manylinux_2_27_x86_64.manylinux_2_28_x86_64.whl.metadata (6.6 kB)
Collecting opt_einsum==3.4.0 (from -r 416/requirements.txt (line 4))
  Downloading opt_einsum-3.4.0-py3-none-any.whl.metadata (6.3 kB)
Collecting pyro-api==0.1.2 (from -r 416/requirements.txt (line 5))
  Downloading pyro_api-0.1.2-py3-none-any.whl.metadata (2.5 kB)
Collecting tqdm==4.68.4 (from -r 416/requirements.txt (line 6))
  Downloading tqdm-4.68.4-py3-none-any.whl.metadata (57 kB)
Collecting filelock (from torch==2.11.0+cu128->-r 416/requirements.txt (line 2))
  Downloading filelock-3.30.2-py3-none-any.whl.metadata (2.0 kB)
Collecting typing-extensions>=4.10.0 (from torch==2.11.0+cu128->-r 416/requirements.txt (line 2))
  Downloading typing_extensions-4.16.0-py3-none-any.whl.metadata (3.3 kB)
Collecting setuptools<82 (from torch==2.11.0+cu128->-r 416/requirements.txt (line 2))
  Downloading setuptools-81.0.0-py3-none-any.whl.metadata (6.6 kB)
Collecting sympy>=1.13.3 (from torch==2.11.0+cu128->-r 416/requirements.txt (line 2))
  Downloading sympy-1.14.0-py3-none-any.whl.metadata (12 kB)
Collecting networkx>=2.5.1 (from torch==2.11.0+cu128->-r 416/requirements.txt (line 2))
  Downloading networkx-3.6.1-py3-none-any.whl.metadata (6.8 kB)
Collecting jinja2 (from torch==2.11.0+cu128->-r 416/requirements.txt (line 2))
  Downloading jinja2-3.1.6-py3-none-any.whl.metadata (2.9 kB)
Collecting fsspec>=0.8.5 (from torch==2.11.0+cu128->-r 416/requirements.txt (line 2))
  Downloading fsspec-2026.6.0-py3-none-any.whl.metadata (10 kB)
Collecting cuda-toolkit==12.8.1 (from cuda-toolkit[cublas,cudart,cufft,cufile,cupti,curand,cusolver,cusparse,nvjitlink,nvrtc,nvtx]==12.8.1; platform_system == "Linux"->torch==2.11.0+cu128->-r 416/requirements.txt (line 2))
  Downloading cuda_toolkit-12.8.1-py2.py3-none-any.whl (2.3 kB)
Collecting cuda-bindings<13,>=12.9.4 (from torch==2.11.0+cu128->-r 416/requirements.txt (line 2))
  Downloading cuda_bindings-12.9.7-cp312-cp312-manylinux_2_24_x86_64.manylinux_2_28_x86_64.whl.metadata (2.6 kB)
Collecting nvidia-cudnn-cu12==9.19.0.56 (from torch==2.11.0+cu128->-r 416/requirements.txt (line 2))
  Downloading nvidia_cudnn_cu12-9.19.0.56-py3-none-manylinux_2_27_x86_64.whl (657.9 MB)
     ━━━━━━━━━━━━━━━━━━━━━━━━━━━━━━━━━━━━━━━━ 657.9/657.9 MB 91.4 MB/s  0:00:06

Collecting nvidia-cusparselt-cu12==0.7.1 (from torch==2.11.0+cu128->-r 416/requirements.txt (line 2))
  Downloading nvidia_cusparselt_cu12-0.7.1-py3-none-manylinux2014_x86_64.whl (287.2 MB)
     ━━━━━━━━━━━━━━━━━━━━━━━━━━━━━━━━━━━━━━━━ 287.2/287.2 MB 93.9 MB/s  0:00:03

Collecting nvidia-nccl-cu12==2.28.9 (from torch==2.11.0+cu128->-r 416/requirements.txt (line 2))
  Downloading nvidia_nccl_cu12-2.28.9-py3-none-manylinux_2_18_x86_64.whl (296.8 MB)
     ━━━━━━━━━━━━━━━━━━━━━━━━━━━━━━━━━━━━━━━━ 296.8/296.8 MB 104.0 MB/s  0:00:02

Collecting nvidia-nvshmem-cu12==3.4.5 (from torch==2.11.0+cu128->-r 416/requirements.txt (line 2))
  Downloading nvidia_nvshmem_cu12-3.4.5-py3-none-manylinux2014_x86_64.manylinux_2_17_x86_64.whl (139.1 MB)
     ━━━━━━━━━━━━━━━━━━━━━━━━━━━━━━━━━━━━━━━━ 139.1/139.1 MB 103.7 MB/s  0:00:01

Collecting triton==3.6.0 (from torch==2.11.0+cu128->-r 416/requirements.txt (line 2))
  Downloading triton-3.6.0-cp312-cp312-manylinux_2_27_x86_64.manylinux_2_28_x86_64.whl.metadata (1.7 kB)
Collecting nvidia-cublas-cu12==12.8.4.1.* (from cuda-toolkit[cublas,cudart,cufft,cufile,cupti,curand,cusolver,cusparse,nvjitlink,nvrtc,nvtx]==12.8.1; platform_system == "Linux"->torch==2.11.0+cu128->-r 416/requirements.txt (line 2))
  Downloading nvidia_cublas_cu12-12.8.4.1-py3-none-manylinux_2_27_x86_64.whl (594.3 MB)
     ━━━━━━━━━━━━━━━━━━━━━━━━━━━━━━━━━━━━━━━━ 594.3/594.3 MB 94.0 MB/s  0:00:06

Collecting nvidia-cuda-runtime-cu12==12.8.90.* (from cuda-toolkit[cublas,cudart,cufft,cufile,cupti,curand,cusolver,cusparse,nvjitlink,nvrtc,nvtx]==12.8.1; platform_system == "Linux"->torch==2.11.0+cu128->-r 416/requirements.txt (line 2))
  Downloading nvidia_cuda_runtime_cu12-12.8.90-py3-none-manylinux2014_x86_64.manylinux_2_17_x86_64.whl (954 kB)
     ━━━━━━━━━━━━━━━━━━━━━━━━━━━━━━━━━━━━━━━━ 954.8/954.8 kB 110.1 MB/s  0:00:00

Collecting nvidia-cufft-cu12==11.3.3.83.* (from cuda-toolkit[cublas,cudart,cufft,cufile,cupti,curand,cusolver,cusparse,nvjitlink,nvrtc,nvtx]==12.8.1; platform_system == "Linux"->torch==2.11.0+cu128->-r 416/requirements.txt (line 2))
  Downloading nvidia_cufft_cu12-11.3.3.83-py3-none-manylinux2014_x86_64.manylinux_2_17_x86_64.whl (193.1 MB)
     ━━━━━━━━━━━━━━━━━━━━━━━━━━━━━━━━━━━━━━━━ 193.1/193.1 MB 100.6 MB/s  0:00:01

Collecting nvidia-cufile-cu12==1.13.1.3.* (from cuda-toolkit[cublas,cudart,cufft,cufile,cupti,curand,cusolver,cusparse,nvjitlink,nvrtc,nvtx]==12.8.1; platform_system == "Linux"->torch==2.11.0+cu128->-r 416/requirements.txt (line 2))
  Downloading nvidia_cufile_cu12-1.13.1.3-py3-none-manylinux2014_x86_64.manylinux_2_17_x86_64.whl (1.2 MB)
     ━━━━━━━━━━━━━━━━━━━━━━━━━━━━━━━━━━━━━━━━ 1.2/1.2 MB 114.3 MB/s  0:00:00

Collecting nvidia-cuda-cupti-cu12==12.8.90.* (from cuda-toolkit[cublas,cudart,cufft,cufile,cupti,curand,cusolver,cusparse,nvjitlink,nvrtc,nvtx]==12.8.1; platform_system == "Linux"->torch==2.11.0+cu128->-r 416/requirements.txt (line 2))
  Downloading nvidia_cuda_cupti_cu12-12.8.90-py3-none-manylinux2014_x86_64.manylinux_2_17_x86_64.whl (10.2 MB)
     ━━━━━━━━━━━━━━━━━━━━━━━━━━━━━━━━━━━━━━━━ 10.2/10.2 MB 92.6 MB/s  0:00:00

Collecting nvidia-curand-cu12==10.3.9.90.* (from cuda-toolkit[cublas,cudart,cufft,cufile,cupti,curand,cusolver,cusparse,nvjitlink,nvrtc,nvtx]==12.8.1; platform_system == "Linux"->torch==2.11.0+cu128->-r 416/requirements.txt (line 2))
  Downloading nvidia_curand_cu12-10.3.9.90-py3-none-manylinux_2_27_x86_64.whl (63.6 MB)
     ━━━━━━━━━━━━━━━━━━━━━━━━━━━━━━━━━━━━━━━━ 63.6/63.6 MB 103.6 MB/s  0:00:00

Collecting nvidia-cusolver-cu12==11.7.3.90.* (from cuda-toolkit[cublas,cudart,cufft,cufile,cupti,curand,cusolver,cusparse,nvjitlink,nvrtc,nvtx]==12.8.1; platform_system == "Linux"->torch==2.11.0+cu128->-r 416/requirements.txt (line 2))
  Downloading nvidia_cusolver_cu12-11.7.3.90-py3-none-manylinux_2_27_x86_64.whl (267.5 MB)
     ━━━━━━━━━━━━━━━━━━━━━━━━━━━━━━━━━━━━━━━━ 267.5/267.5 MB 101.8 MB/s  0:00:02

Collecting nvidia-cusparse-cu12==12.5.8.93.* (from cuda-toolkit[cublas,cudart,cufft,cufile,cupti,curand,cusolver,cusparse,nvjitlink,nvrtc,nvtx]==12.8.1; platform_system == "Linux"->torch==2.11.0+cu128->-r 416/requirements.txt (line 2))
  Downloading nvidia_cusparse_cu12-12.5.8.93-py3-none-manylinux2014_x86_64.manylinux_2_17_x86_64.whl (288.2 MB)
     ━━━━━━━━━━━━━━━━━━━━━━━━━━━━━━━━━━━━━━━━ 288.2/288.2 MB 91.9 MB/s  0:00:03

Collecting nvidia-nvjitlink-cu12==12.8.93.* (from cuda-toolkit[cublas,cudart,cufft,cufile,cupti,curand,cusolver,cusparse,nvjitlink,nvrtc,nvtx]==12.8.1; platform_system == "Linux"->torch==2.11.0+cu128->-r 416/requirements.txt (line 2))
  Downloading nvidia_nvjitlink_cu12-12.8.93-py3-none-manylinux2010_x86_64.manylinux_2_12_x86_64.whl (39.3 MB)
     ━━━━━━━━━━━━━━━━━━━━━━━━━━━━━━━━━━━━━━━━ 39.3/39.3 MB 99.7 MB/s  0:00:00

Collecting nvidia-cuda-nvrtc-cu12==12.8.93.* (from cuda-toolkit[cublas,cudart,cufft,cufile,cupti,curand,cusolver,cusparse,nvjitlink,nvrtc,nvtx]==12.8.1; platform_system == "Linux"->torch==2.11.0+cu128->-r 416/requirements.txt (line 2))
  Downloading nvidia_cuda_nvrtc_cu12-12.8.93-py3-none-manylinux2010_x86_64.manylinux_2_12_x86_64.whl (88.0 MB)
     ━━━━━━━━━━━━━━━━━━━━━━━━━━━━━━━━━━━━━━━━ 88.0/88.0 MB 101.4 MB/s  0:00:00

Collecting nvidia-nvtx-cu12==12.8.90.* (from cuda-toolkit[cublas,cudart,cufft,cufile,cupti,curand,cusolver,cusparse,nvjitlink,nvrtc,nvtx]==12.8.1; platform_system == "Linux"->torch==2.11.0+cu128->-r 416/requirements.txt (line 2))
  Downloading nvidia_nvtx_cu12-12.8.90-py3-none-manylinux2014_x86_64.manylinux_2_17_x86_64.whl (89 kB)
Collecting cuda-pathfinder~=1.1 (from cuda-bindings<13,>=12.9.4->torch==2.11.0+cu128->-r 416/requirements.txt (line 2))
  Downloading cuda_pathfinder-1.5.6-py3-none-any.whl.metadata (1.9 kB)
Collecting mpmath<1.4,>=1.1.0 (from sympy>=1.13.3->torch==2.11.0+cu128->-r 416/requirements.txt (line 2))
  Downloading mpmath-1.3.0-py3-none-any.whl.metadata (8.6 kB)
Collecting MarkupSafe>=2.0 (from jinja2->torch==2.11.0+cu128->-r 416/requirements.txt (line 2))
  Downloading markupsafe-3.0.3-cp312-cp312-manylinux2014_x86_64.manylinux_2_17_x86_64.manylinux_2_28_x86_64.whl.metadata (2.7 kB)
Downloading torch-2.11.0%2Bcu128-cp312-cp312-manylinux_2_28_x86_64.whl (820.3 MB)
   ━━━━━━━━━━━━━━━━━━━━━━━━━━━━━━━━━━━━━━━━ 820.3/820.3 MB 113.2 MB/s  0:00:07

Downloading numpy-2.5.1-cp312-cp312-manylinux_2_27_x86_64.manylinux_2_28_x86_64.whl (16.7 MB)
   ━━━━━━━━━━━━━━━━━━━━━━━━━━━━━━━━━━━━━━━━ 16.7/16.7 MB 35.8 MB/s  0:00:00

Downloading opt_einsum-3.4.0-py3-none-any.whl (71 kB)
Downloading pyro_api-0.1.2-py3-none-any.whl (11 kB)
Downloading tqdm-4.68.4-py3-none-any.whl (676 kB)
   ━━━━━━━━━━━━━━━━━━━━━━━━━━━━━━━━━━━━━━━━ 676.6/676.6 kB 114.5 MB/s  0:00:00

Downloading triton-3.6.0-cp312-cp312-manylinux_2_27_x86_64.manylinux_2_28_x86_64.whl (188.3 MB)
   ━━━━━━━━━━━━━━━━━━━━━━━━━━━━━━━━━━━━━━━━ 188.3/188.3 MB 113.2 MB/s  0:00:01

Downloading cuda_bindings-12.9.7-cp312-cp312-manylinux_2_24_x86_64.manylinux_2_28_x86_64.whl (7.6 MB)
   ━━━━━━━━━━━━━━━━━━━━━━━━━━━━━━━━━━━━━━━━ 7.6/7.6 MB 99.1 MB/s  0:00:00

Downloading cuda_pathfinder-1.5.6-py3-none-any.whl (52 kB)
Downloading setuptools-81.0.0-py3-none-any.whl (1.1 MB)
   ━━━━━━━━━━━━━━━━━━━━━━━━━━━━━━━━━━━━━━━━ 1.1/1.1 MB 85.7 MB/s  0:00:00

Downloading fsspec-2026.6.0-py3-none-any.whl (203 kB)
Downloading networkx-3.6.1-py3-none-any.whl (2.1 MB)
   ━━━━━━━━━━━━━━━━━━━━━━━━━━━━━━━━━━━━━━━━ 2.1/2.1 MB 89.1 MB/s  0:00:00

Downloading sympy-1.14.0-py3-none-any.whl (6.3 MB)
   ━━━━━━━━━━━━━━━━━━━━━━━━━━━━━━━━━━━━━━━━ 6.3/6.3 MB 87.7 MB/s  0:00:00

Downloading mpmath-1.3.0-py3-none-any.whl (536 kB)
   ━━━━━━━━━━━━━━━━━━━━━━━━━━━━━━━━━━━━━━━━ 536.2/536.2 kB 116.2 MB/s  0:00:00

Downloading typing_extensions-4.16.0-py3-none-any.whl (45 kB)
Downloading filelock-3.30.2-py3-none-any.whl (94 kB)
Downloading jinja2-3.1.6-py3-none-any.whl (134 kB)
Downloading markupsafe-3.0.3-cp312-cp312-manylinux2014_x86_64.manylinux_2_17_x86_64.manylinux_2_28_x86_64.whl (22 kB)
Building wheels for collected packages: pyro-ppl
  Building editable for pyro-ppl (pyproject.toml): started
  Building editable for pyro-ppl (pyproject.toml): finished with status 'done'
  Created wheel for pyro-ppl: filename=pyro_ppl-1.8.4+b8e0c3ce-0.editable-py3-none-any.whl size=9604 sha256=0d1340754e79dc761d79ba56924abe94f99434b71efa986b55f284d43253c45c
  Stored in directory: /tmp/pip-ephem-wheel-cache-2u4j9not/wheels/1d/f2/5d/044748e7f0af0411255c8ffa91fcb9ab054ad31858a1a0a5d3
Successfully built pyro-ppl
Installing collected packages: pyro-api, nvidia-cusparselt-cu12, mpmath, cuda-toolkit, typing-extensions, triton, tqdm, sympy, setuptools, opt_einsum, nvidia-nvtx-cu12, nvidia-nvshmem-cu12, nvidia-nvjitlink-cu12, nvidia-nccl-cu12, nvidia-curand-cu12, nvidia-cufile-cu12, nvidia-cuda-runtime-cu12, nvidia-cuda-nvrtc-cu12, nvidia-cuda-cupti-cu12, nvidia-cublas-cu12, numpy, networkx, MarkupSafe, fsspec, filelock, cuda-pathfinder, nvidia-cusparse-cu12, nvidia-cufft-cu12, nvidia-cudnn-cu12, jinja2, cuda-bindings, nvidia-cusolver-cu12, torch, pyro-ppl
  Attempting uninstall: setuptools
    Found existing installation: setuptools 83.0.0
    Uninstalling setuptools-83.0.0:
      Successfully uninstalled setuptools-83.0.0


Successfully installed MarkupSafe-3.0.3 cuda-bindings-12.9.7 cuda-pathfinder-1.5.6 cuda-toolkit-12.8.1 filelock-3.30.2 fsspec-2026.6.0 jinja2-3.1.6 mpmath-1.3.0 networkx-3.6.1 numpy-2.5.1 nvidia-cublas-cu12-12.8.4.1 nvidia-cuda-cupti-cu12-12.8.90 nvidia-cuda-nvrtc-cu12-12.8.93 nvidia-cuda-runtime-cu12-12.8.90 nvidia-cudnn-cu12-9.19.0.56 nvidia-cufft-cu12-11.3.3.83 nvidia-cufile-cu12-1.13.1.3 nvidia-curand-cu12-10.3.9.90 nvidia-cusolver-cu12-11.7.3.90 nvidia-cusparse-cu12-12.5.8.93 nvidia-cusparselt-cu12-0.7.1 nvidia-nccl-cu12-2.28.9 nvidia-nvjitlink-cu12-12.8.93 nvidia-nvshmem-cu12-3.4.5 nvidia-nvtx-cu12-12.8.90 opt_einsum-3.4.0 pyro-api-0.1.2 pyro-ppl-1.8.4+b8e0c3ce setuptools-81.0.0 sympy-1.14.0 torch-2.11.0+cu128 tqdm-4.68.4 triton-3.6.0 typing-extensions-4.16.0
baseline_result=Provenance:
frozenset({'x'})
Tensor:
tensor([1., 2., 3.], device='cuda:0') device=cuda:0 shape=(3,)
torch=2.11.0+cu128
pyro=1.8.4+b8e0c3ce
cuda_available=True
default_device_before=cpu
baseline_without_default_device:
default_device_after=cuda:0
bug_result=tensor([], device='cuda:0') device=cuda:0 shape=(0,)
