Requirement already satisfied: torch in ./.venv/lib/python3.12/site-packages (from -r 094/requirements.txt (line 1)) (2.13.0)
Requirement already satisfied: accelerate in ./.venv/lib/python3.12/site-packages (from -r 094/requirements.txt (line 2)) (1.14.0)
Requirement already satisfied: beartype in ./.venv/lib/python3.12/site-packages (from -r 094/requirements.txt (line 3)) (0.22.9)
Requirement already satisfied: einops>=0.6 in ./.venv/lib/python3.12/site-packages (from -r 094/requirements.txt (line 4)) (0.8.2)
Requirement already satisfied: lion-pytorch in ./.venv/lib/python3.12/site-packages (from -r 094/requirements.txt (line 5)) (0.2.5)
Requirement already satisfied: packaging in ./.venv/lib/python3.12/site-packages (from -r 094/requirements.txt (line 6)) (26.2)
Requirement already satisfied: numpy in ./.venv/lib/python3.12/site-packages (from -r 094/requirements.txt (line 7)) (2.5.1)
Requirement already satisfied: tqdm in ./.venv/lib/python3.12/site-packages (from -r 094/requirements.txt (line 8)) (4.68.4)
Requirement already satisfied: filelock in ./.venv/lib/python3.12/site-packages (from torch->-r 094/requirements.txt (line 1)) (3.30.2)
Requirement already satisfied: typing-extensions>=4.10.0 in ./.venv/lib/python3.12/site-packages (from torch->-r 094/requirements.txt (line 1)) (4.16.0)
Requirement already satisfied: setuptools>=77.0.3 in ./.venv/lib/python3.12/site-packages (from torch->-r 094/requirements.txt (line 1)) (83.0.0)
Requirement already satisfied: sympy>=1.13.3 in ./.venv/lib/python3.12/site-packages (from torch->-r 094/requirements.txt (line 1)) (1.14.0)
Requirement already satisfied: networkx>=2.5.1 in ./.venv/lib/python3.12/site-packages (from torch->-r 094/requirements.txt (line 1)) (3.6.1)
Requirement already satisfied: jinja2 in ./.venv/lib/python3.12/site-packages (from torch->-r 094/requirements.txt (line 1)) (3.1.6)
Requirement already satisfied: fsspec>=0.8.5 in ./.venv/lib/python3.12/site-packages (from torch->-r 094/requirements.txt (line 1)) (2026.6.0)
Requirement already satisfied: cuda-toolkit==13.0.3 in ./.venv/lib/python3.12/site-packages (from cuda-toolkit[cublas,cudart,cufft,cufile,cupti,curand,cusolver,cusparse,nvjitlink,nvrtc,nvtx]==13.0.3; platform_system == "Linux"->torch->-r 094/requirements.txt (line 1)) (13.0.3.0)
Requirement already satisfied: cuda-bindings<14,>=13.0.3 in ./.venv/lib/python3.12/site-packages (from torch->-r 094/requirements.txt (line 1)) (13.3.1)
Requirement already satisfied: nvidia-cudnn-cu13==9.20.0.48 in ./.venv/lib/python3.12/site-packages (from torch->-r 094/requirements.txt (line 1)) (9.20.0.48)
Requirement already satisfied: nvidia-cusparselt-cu13==0.8.1 in ./.venv/lib/python3.12/site-packages (from torch->-r 094/requirements.txt (line 1)) (0.8.1)
Requirement already satisfied: nvidia-nccl-cu13==2.29.7 in ./.venv/lib/python3.12/site-packages (from torch->-r 094/requirements.txt (line 1)) (2.29.7)
Requirement already satisfied: nvidia-nvshmem-cu13==3.4.5 in ./.venv/lib/python3.12/site-packages (from torch->-r 094/requirements.txt (line 1)) (3.4.5)
Requirement already satisfied: triton==3.7.1 in ./.venv/lib/python3.12/site-packages (from torch->-r 094/requirements.txt (line 1)) (3.7.1)
Requirement already satisfied: nvidia-cublas==13.1.1.3.* in ./.venv/lib/python3.12/site-packages (from cuda-toolkit[cublas,cudart,cufft,cufile,cupti,curand,cusolver,cusparse,nvjitlink,nvrtc,nvtx]==13.0.3; platform_system == "Linux"->torch->-r 094/requirements.txt (line 1)) (13.1.1.3)
Requirement already satisfied: nvidia-cuda-nvrtc==13.0.88.* in ./.venv/lib/python3.12/site-packages (from cuda-toolkit[cublas,cudart,cufft,cufile,cupti,curand,cusolver,cusparse,nvjitlink,nvrtc,nvtx]==13.0.3; platform_system == "Linux"->torch->-r 094/requirements.txt (line 1)) (13.0.88)
Requirement already satisfied: nvidia-cuda-runtime==13.0.96.* in ./.venv/lib/python3.12/site-packages (from cuda-toolkit[cublas,cudart,cufft,cufile,cupti,curand,cusolver,cusparse,nvjitlink,nvrtc,nvtx]==13.0.3; platform_system == "Linux"->torch->-r 094/requirements.txt (line 1)) (13.0.96)
Requirement already satisfied: nvidia-cufft==12.0.0.61.* in ./.venv/lib/python3.12/site-packages (from cuda-toolkit[cublas,cudart,cufft,cufile,cupti,curand,cusolver,cusparse,nvjitlink,nvrtc,nvtx]==13.0.3; platform_system == "Linux"->torch->-r 094/requirements.txt (line 1)) (12.0.0.61)
Requirement already satisfied: nvidia-nvjitlink<14,>=13.0.88 in ./.venv/lib/python3.12/site-packages (from cuda-toolkit[cublas,cudart,cufft,cufile,cupti,curand,cusolver,cusparse,nvjitlink,nvrtc,nvtx]==13.0.3; platform_system == "Linux"->torch->-r 094/requirements.txt (line 1)) (13.3.33)
Requirement already satisfied: nvidia-cufile==1.15.1.6.* in ./.venv/lib/python3.12/site-packages (from cuda-toolkit[cublas,cudart,cufft,cufile,cupti,curand,cusolver,cusparse,nvjitlink,nvrtc,nvtx]==13.0.3; platform_system == "Linux"->torch->-r 094/requirements.txt (line 1)) (1.15.1.6)
Requirement already satisfied: nvidia-cuda-cupti==13.0.85.* in ./.venv/lib/python3.12/site-packages (from cuda-toolkit[cublas,cudart,cufft,cufile,cupti,curand,cusolver,cusparse,nvjitlink,nvrtc,nvtx]==13.0.3; platform_system == "Linux"->torch->-r 094/requirements.txt (line 1)) (13.0.85)
Requirement already satisfied: nvidia-curand==10.4.0.35.* in ./.venv/lib/python3.12/site-packages (from cuda-toolkit[cublas,cudart,cufft,cufile,cupti,curand,cusolver,cusparse,nvjitlink,nvrtc,nvtx]==13.0.3; platform_system == "Linux"->torch->-r 094/requirements.txt (line 1)) (10.4.0.35)
Requirement already satisfied: nvidia-cusolver==12.0.4.66.* in ./.venv/lib/python3.12/site-packages (from cuda-toolkit[cublas,cudart,cufft,cufile,cupti,curand,cusolver,cusparse,nvjitlink,nvrtc,nvtx]==13.0.3; platform_system == "Linux"->torch->-r 094/requirements.txt (line 1)) (12.0.4.66)
Requirement already satisfied: nvidia-cusparse==12.6.3.3.* in ./.venv/lib/python3.12/site-packages (from cuda-toolkit[cublas,cudart,cufft,cufile,cupti,curand,cusolver,cusparse,nvjitlink,nvrtc,nvtx]==13.0.3; platform_system == "Linux"->torch->-r 094/requirements.txt (line 1)) (12.6.3.3)
Requirement already satisfied: nvidia-nvtx==13.0.85.* in ./.venv/lib/python3.12/site-packages (from cuda-toolkit[cublas,cudart,cufft,cufile,cupti,curand,cusolver,cusparse,nvjitlink,nvrtc,nvtx]==13.0.3; platform_system == "Linux"->torch->-r 094/requirements.txt (line 1)) (13.0.85)
Requirement already satisfied: psutil in ./.venv/lib/python3.12/site-packages (from accelerate->-r 094/requirements.txt (line 2)) (7.2.2)
Requirement already satisfied: pyyaml in ./.venv/lib/python3.12/site-packages (from accelerate->-r 094/requirements.txt (line 2)) (6.0.3)
Requirement already satisfied: huggingface_hub>=0.21.0 in ./.venv/lib/python3.12/site-packages (from accelerate->-r 094/requirements.txt (line 2)) (1.23.0)
Requirement already satisfied: safetensors>=0.4.3 in ./.venv/lib/python3.12/site-packages (from accelerate->-r 094/requirements.txt (line 2)) (0.8.0)
Requirement already satisfied: cuda-pathfinder>=1.4.2 in ./.venv/lib/python3.12/site-packages (from cuda-bindings<14,>=13.0.3->torch->-r 094/requirements.txt (line 1)) (1.5.6)
Requirement already satisfied: click<9.0.0,>=8.4.2 in ./.venv/lib/python3.12/site-packages (from huggingface_hub>=0.21.0->accelerate->-r 094/requirements.txt (line 2)) (8.4.2)
Requirement already satisfied: hf-xet<2.0.0,>=1.5.1 in ./.venv/lib/python3.12/site-packages (from huggingface_hub>=0.21.0->accelerate->-r 094/requirements.txt (line 2)) (1.5.2)
Requirement already satisfied: httpx<1,>=0.23.0 in ./.venv/lib/python3.12/site-packages (from huggingface_hub>=0.21.0->accelerate->-r 094/requirements.txt (line 2)) (0.28.1)
Requirement already satisfied: mpmath<1.4,>=1.1.0 in ./.venv/lib/python3.12/site-packages (from sympy>=1.13.3->torch->-r 094/requirements.txt (line 1)) (1.3.0)
Requirement already satisfied: MarkupSafe>=2.0 in ./.venv/lib/python3.12/site-packages (from jinja2->torch->-r 094/requirements.txt (line 1)) (3.0.3)
Requirement already satisfied: anyio in ./.venv/lib/python3.12/site-packages (from httpx<1,>=0.23.0->huggingface_hub>=0.21.0->accelerate->-r 094/requirements.txt (line 2)) (4.14.2)
Requirement already satisfied: certifi in ./.venv/lib/python3.12/site-packages (from httpx<1,>=0.23.0->huggingface_hub>=0.21.0->accelerate->-r 094/requirements.txt (line 2)) (2026.6.17)
Requirement already satisfied: httpcore==1.* in ./.venv/lib/python3.12/site-packages (from httpx<1,>=0.23.0->huggingface_hub>=0.21.0->accelerate->-r 094/requirements.txt (line 2)) (1.0.9)
Requirement already satisfied: idna in ./.venv/lib/python3.12/site-packages (from httpx<1,>=0.23.0->huggingface_hub>=0.21.0->accelerate->-r 094/requirements.txt (line 2)) (3.18)
Requirement already satisfied: h11>=0.16 in ./.venv/lib/python3.12/site-packages (from httpcore==1.*->httpx<1,>=0.23.0->huggingface_hub>=0.21.0->accelerate->-r 094/requirements.txt (line 2)) (0.16.0)
torch_version= 2.13.0+cu130
python_version= 3.12.3
plain_backward_missing= []
layers.0.fn.norm.gamma: grad_none=False grad_sum=0.05676254257559776
layers.1.fn.norm.gamma: grad_none=False grad_sum=0.03758058324456215
norm.gamma: grad_none=False grad_sum=0.03201062232255936
ddp_backward_missing= []
status=NOT_REPRODUCED
