Requirement already satisfied: pip in /tmp/repro_bug_492_venv/lib/python3.12/site-packages (24.0)
Collecting pip
  Downloading pip-26.1.2-py3-none-any.whl.metadata (4.6 kB)
Collecting setuptools
  Downloading setuptools-83.0.0-py3-none-any.whl.metadata (6.6 kB)
Collecting wheel
  Downloading wheel-0.47.0-py3-none-any.whl.metadata (2.3 kB)
Collecting packaging>=24.0 (from wheel)
  Downloading packaging-26.2-py3-none-any.whl.metadata (3.5 kB)
Downloading pip-26.1.2-py3-none-any.whl (1.8 MB)
   ━━━━━━━━━━━━━━━━━━━━━━━━━━━━━━━━━━━━━━━━ 1.8/1.8 MB 2.7 MB/s eta 0:00:00
Downloading setuptools-83.0.0-py3-none-any.whl (1.0 MB)
   ━━━━━━━━━━━━━━━━━━━━━━━━━━━━━━━━━━━━━━━━ 1.0/1.0 MB 2.9 MB/s eta 0:00:00
Downloading wheel-0.47.0-py3-none-any.whl (32 kB)
Downloading packaging-26.2-py3-none-any.whl (100 kB)
   ━━━━━━━━━━━━━━━━━━━━━━━━━━━━━━━━━━━━━━━━ 100.2/100.2 kB 4.3 MB/s eta 0:00:00
Installing collected packages: setuptools, pip, packaging, wheel
  Attempting uninstall: pip
    Found existing installation: pip 24.0
    Uninstalling pip-24.0:
      Successfully uninstalled pip-24.0
Successfully installed packaging-26.2 pip-26.1.2 setuptools-83.0.0 wheel-0.47.0
Collecting numpyro==0.10.1 (from -r requirements.txt (line 1))
  Downloading numpyro-0.10.1-py3-none-any.whl.metadata (35 kB)
Collecting jax==0.4.38 (from -r requirements.txt (line 2))
  Downloading jax-0.4.38-py3-none-any.whl.metadata (22 kB)
Collecting jaxlib==0.4.38 (from -r requirements.txt (line 3))
  Downloading jaxlib-0.4.38-cp312-cp312-manylinux2014_x86_64.whl.metadata (1.0 kB)
Collecting multipledispatch (from numpyro==0.10.1->-r requirements.txt (line 1))
  Downloading multipledispatch-1.0.0-py3-none-any.whl.metadata (3.8 kB)
Collecting numpy (from numpyro==0.10.1->-r requirements.txt (line 1))
  Downloading numpy-2.5.1-cp312-cp312-manylinux_2_27_x86_64.manylinux_2_28_x86_64.whl.metadata (6.6 kB)
Collecting tqdm (from numpyro==0.10.1->-r requirements.txt (line 1))
  Downloading tqdm-4.68.4-py3-none-any.whl.metadata (57 kB)
Collecting ml_dtypes>=0.4.0 (from jax==0.4.38->-r requirements.txt (line 2))
  Downloading ml_dtypes-0.5.4-cp312-cp312-manylinux_2_27_x86_64.manylinux_2_28_x86_64.whl.metadata (8.9 kB)
Collecting opt_einsum (from jax==0.4.38->-r requirements.txt (line 2))
  Downloading opt_einsum-3.4.0-py3-none-any.whl.metadata (6.3 kB)
Collecting scipy>=1.10 (from jax==0.4.38->-r requirements.txt (line 2))
  Downloading scipy-1.18.0-cp312-cp312-manylinux_2_27_x86_64.manylinux_2_28_x86_64.whl.metadata (62 kB)
Downloading numpyro-0.10.1-py3-none-any.whl (292 kB)
Downloading jax-0.4.38-py3-none-any.whl (2.2 MB)
   ━━━━━━━━━━━━━━━━━━━━━━━━━━━━━━━━━━━━━━━━ 2.2/2.2 MB 47.1 MB/s  0:00:00
Downloading jaxlib-0.4.38-cp312-cp312-manylinux2014_x86_64.whl (101.8 MB)
   ━━━━━━━━━━━━━━━━━━━━━━━━━━━━━━━━━━━━━━━━ 101.8/101.8 MB 3.6 MB/s  0:00:28
Downloading ml_dtypes-0.5.4-cp312-cp312-manylinux_2_27_x86_64.manylinux_2_28_x86_64.whl (5.0 MB)
   ━━━━━━━━━━━━━━━━━━━━━━━━━━━━━━━━━━━━━━━━ 5.0/5.0 MB 77.9 MB/s  0:00:00
Downloading numpy-2.5.1-cp312-cp312-manylinux_2_27_x86_64.manylinux_2_28_x86_64.whl (16.7 MB)
   ━━━━━━━━━━━━━━━━━━━━━━━━━━━━━━━━━━━━━━━━ 16.7/16.7 MB 76.6 MB/s  0:00:00
Downloading scipy-1.18.0-cp312-cp312-manylinux_2_27_x86_64.manylinux_2_28_x86_64.whl (35.3 MB)
   ━━━━━━━━━━━━━━━━━━━━━━━━━━━━━━━━━━━━━━━━ 35.3/35.3 MB 4.8 MB/s  0:00:07
Downloading multipledispatch-1.0.0-py3-none-any.whl (12 kB)
Downloading opt_einsum-3.4.0-py3-none-any.whl (71 kB)
Downloading tqdm-4.68.4-py3-none-any.whl (676 kB)
   ━━━━━━━━━━━━━━━━━━━━━━━━━━━━━━━━━━━━━━━━ 676.6/676.6 kB 15.3 MB/s  0:00:00
Installing collected packages: multipledispatch, tqdm, opt_einsum, numpy, scipy, ml_dtypes, jaxlib, jax, numpyro

Successfully installed jax-0.4.38 jaxlib-0.4.38 ml_dtypes-0.5.4 multipledispatch-1.0.0 numpy-2.5.1 numpyro-0.10.1 opt_einsum-3.4.0 scipy-1.18.0 tqdm-4.68.4
numpyro_repro: starting
jax==0.4.38
jaxlib==0.4.38
numpyro==0.10.1
numpyro import failed:
