Traceback (most recent call last):
  File "107/.venv/lib/python3.12/site-packages/transformers/utils/import_utils.py", line 1586, in _get_module
    return importlib.import_module("." + module_name, self.__name__)
           ^^^^^^^^^^^^^^^^^^^^^^^^^^^^^^^^^^^^^^^^^^^^^^^^^^^^^^^^^
  File "/usr/lib/python3.12/importlib/__init__.py", line 90, in import_module
    return _bootstrap._gcd_import(name[level:], package, level)
           ^^^^^^^^^^^^^^^^^^^^^^^^^^^^^^^^^^^^^^^^^^^^^^^^^^^^
  File "<frozen importlib._bootstrap>", line 1387, in _gcd_import
  File "<frozen importlib._bootstrap>", line 1360, in _find_and_load
  File "<frozen importlib._bootstrap>", line 1331, in _find_and_load_unlocked
  File "<frozen importlib._bootstrap>", line 935, in _load_unlocked
  File "<frozen importlib._bootstrap_external>", line 995, in exec_module
  File "<frozen importlib._bootstrap>", line 488, in _call_with_frames_removed
  File "107/codebase/src/adapters/configuration/__init__.py", line 2, in <module>
    from .adapter_config import *
  File "107/codebase/src/adapters/configuration/adapter_config.py", line 6, in <module>
    from ..utils import resolve_adapter_config
  File "107/codebase/src/adapters/utils.py", line 28, in <module>
    from huggingface_hub.file_download import http_get, url_to_filename
ImportError: cannot import name 'url_to_filename' from 'huggingface_hub.file_download' (107/.venv/lib/python3.12/site-packages/huggingface_hub/file_download.py)

The above exception was the direct cause of the following exception:

Traceback (most recent call last):
  File "107/repro.py", line 22, in main
    from adapters import LoRAConfig  # noqa: F401
    ^^^^^^^^^^^^^^^^^^^^^^^^^^^^^^^
  File "<frozen importlib._bootstrap>", line 1412, in _handle_fromlist
  File "107/.venv/lib/python3.12/site-packages/transformers/utils/import_utils.py", line 1576, in __getattr__
    module = self._get_module(self._class_to_module[name])
             ^^^^^^^^^^^^^^^^^^^^^^^^^^^^^^^^^^^^^^^^^^^^^
  File "107/.venv/lib/python3.12/site-packages/transformers/utils/import_utils.py", line 1588, in _get_module
    raise RuntimeError(
RuntimeError: Failed to import adapters.configuration because of the following error (look up to see its traceback):
cannot import name 'url_to_filename' from 'huggingface_hub.file_download' (107/.venv/lib/python3.12/site-packages/huggingface_hub/file_download.py)
