Requirement already satisfied: pip in ./.venv/lib/python3.12/site-packages (24.0)
Collecting pip
  Downloading pip-26.1.2-py3-none-any.whl.metadata (4.6 kB)
Collecting setuptools
  Downloading setuptools-83.0.0-py3-none-any.whl.metadata (6.6 kB)
Collecting wheel
  Downloading wheel-0.47.0-py3-none-any.whl.metadata (2.3 kB)
Collecting packaging>=24.0 (from wheel)
  Downloading packaging-26.2-py3-none-any.whl.metadata (3.5 kB)
Downloading pip-26.1.2-py3-none-any.whl (1.8 MB)
   ━━━━━━━━━━━━━━━━━━━━━━━━━━━━━━━━━━━━━━━━ 1.8/1.8 MB 1.1 MB/s eta 0:00:00
Downloading setuptools-83.0.0-py3-none-any.whl (1.0 MB)
   ━━━━━━━━━━━━━━━━━━━━━━━━━━━━━━━━━━━━━━━━ 1.0/1.0 MB 962.1 kB/s eta 0:00:00
Downloading wheel-0.47.0-py3-none-any.whl (32 kB)
Downloading packaging-26.2-py3-none-any.whl (100 kB)
   ━━━━━━━━━━━━━━━━━━━━━━━━━━━━━━━━━━━━━━━━ 100.2/100.2 kB 3.4 MB/s eta 0:00:00
Installing collected packages: setuptools, pip, packaging, wheel
  Attempting uninstall: pip
    Found existing installation: pip 24.0
    Uninstalling pip-24.0:
      Successfully uninstalled pip-24.0
Successfully installed packaging-26.2 pip-26.1.2 setuptools-83.0.0 wheel-0.47.0
Collecting jax==0.5.1 (from -r requirements.txt (line 1))
  Downloading jax-0.5.1-py3-none-any.whl.metadata (22 kB)
Collecting jaxlib==0.5.1 (from -r requirements.txt (line 2))
  Downloading jaxlib-0.5.1-cp312-cp312-manylinux2014_x86_64.whl.metadata (978 bytes)
Collecting flax==0.10.4 (from -r requirements.txt (line 3))
  Downloading flax-0.10.4-py3-none-any.whl.metadata (11 kB)
Collecting numpy>=1.26 (from -r requirements.txt (line 4))
  Downloading numpy-2.5.1-cp312-cp312-manylinux_2_27_x86_64.manylinux_2_28_x86_64.whl.metadata (6.6 kB)
Collecting scipy>=1.13 (from -r requirements.txt (line 5))
  Downloading scipy-1.18.0-cp312-cp312-manylinux_2_27_x86_64.manylinux_2_28_x86_64.whl.metadata (62 kB)
Collecting multipledispatch (from -r requirements.txt (line 6))
  Downloading multipledispatch-1.0.0-py3-none-any.whl.metadata (3.8 kB)
Collecting tqdm (from -r requirements.txt (line 7))
  Downloading tqdm-4.68.4-py3-none-any.whl.metadata (57 kB)
Collecting ml_dtypes>=0.4.0 (from jax==0.5.1->-r requirements.txt (line 1))
  Downloading ml_dtypes-0.5.4-cp312-cp312-manylinux_2_27_x86_64.manylinux_2_28_x86_64.whl.metadata (8.9 kB)
Collecting opt_einsum (from jax==0.5.1->-r requirements.txt (line 1))
  Downloading opt_einsum-3.4.0-py3-none-any.whl.metadata (6.3 kB)
Collecting msgpack (from flax==0.10.4->-r requirements.txt (line 3))
  Downloading msgpack-1.2.1-cp312-cp312-manylinux2014_x86_64.manylinux_2_17_x86_64.manylinux_2_28_x86_64.whl.metadata (8.3 kB)
Collecting optax (from flax==0.10.4->-r requirements.txt (line 3))
  Downloading optax-0.2.8-py3-none-any.whl.metadata (7.9 kB)
Collecting orbax-checkpoint (from flax==0.10.4->-r requirements.txt (line 3))
  Downloading orbax_checkpoint-0.12.1-py3-none-any.whl.metadata (3.3 kB)
Collecting tensorstore (from flax==0.10.4->-r requirements.txt (line 3))
  Downloading tensorstore-0.1.84-cp312-cp312-manylinux_2_27_x86_64.manylinux_2_28_x86_64.whl.metadata (3.3 kB)
Collecting rich>=11.1 (from flax==0.10.4->-r requirements.txt (line 3))
  Downloading rich-15.0.0-py3-none-any.whl.metadata (18 kB)
Collecting typing_extensions>=4.2 (from flax==0.10.4->-r requirements.txt (line 3))
  Downloading typing_extensions-4.16.0-py3-none-any.whl.metadata (3.3 kB)
Collecting PyYAML>=5.4.1 (from flax==0.10.4->-r requirements.txt (line 3))
  Downloading pyyaml-6.0.3-cp312-cp312-manylinux2014_x86_64.manylinux_2_17_x86_64.manylinux_2_28_x86_64.whl.metadata (2.4 kB)
Collecting treescope>=0.1.7 (from flax==0.10.4->-r requirements.txt (line 3))
  Downloading treescope-0.1.10-py3-none-any.whl.metadata (6.6 kB)
Collecting markdown-it-py>=2.2.0 (from rich>=11.1->flax==0.10.4->-r requirements.txt (line 3))
  Downloading markdown_it_py-4.2.0-py3-none-any.whl.metadata (7.4 kB)
Collecting pygments<3.0.0,>=2.13.0 (from rich>=11.1->flax==0.10.4->-r requirements.txt (line 3))
  Downloading pygments-2.20.0-py3-none-any.whl.metadata (2.5 kB)
Collecting mdurl~=0.1 (from markdown-it-py>=2.2.0->rich>=11.1->flax==0.10.4->-r requirements.txt (line 3))
  Downloading mdurl-0.1.2-py3-none-any.whl.metadata (1.6 kB)
Collecting absl-py>=0.7.1 (from optax->flax==0.10.4->-r requirements.txt (line 3))
  Downloading absl_py-2.5.0-py3-none-any.whl.metadata (3.3 kB)
INFO: pip is looking at multiple versions of optax to determine which version is compatible with other requirements. This could take a while.
Collecting optax (from flax==0.10.4->-r requirements.txt (line 3))
  Downloading optax-0.2.7-py3-none-any.whl.metadata (7.9 kB)
  Downloading optax-0.2.6-py3-none-any.whl.metadata (7.6 kB)
Collecting chex>=0.1.87 (from optax->flax==0.10.4->-r requirements.txt (line 3))
  Downloading chex-0.1.92-py3-none-any.whl.metadata (19 kB)
Collecting optax (from flax==0.10.4->-r requirements.txt (line 3))
  Downloading optax-0.2.5-py3-none-any.whl.metadata (7.5 kB)
INFO: pip is looking at multiple versions of chex to determine which version is compatible with other requirements. This could take a while.
Collecting chex>=0.1.87 (from optax->flax==0.10.4->-r requirements.txt (line 3))
  Downloading chex-0.1.91-py3-none-any.whl.metadata (18 kB)
  Downloading chex-0.1.90-py3-none-any.whl.metadata (18 kB)
Requirement already satisfied: setuptools in ./.venv/lib/python3.12/site-packages (from chex>=0.1.87->optax->flax==0.10.4->-r requirements.txt (line 3)) (83.0.0)
Collecting toolz>=0.9.0 (from chex>=0.1.87->optax->flax==0.10.4->-r requirements.txt (line 3))
  Downloading toolz-1.1.0-py3-none-any.whl.metadata (5.1 kB)
Collecting etils[epath,epy] (from orbax-checkpoint->flax==0.10.4->-r requirements.txt (line 3))
  Downloading etils-1.14.0-py3-none-any.whl.metadata (6.5 kB)
INFO: pip is looking at multiple versions of orbax-checkpoint to determine which version is compatible with other requirements. This could take a while.
Collecting orbax-checkpoint (from flax==0.10.4->-r requirements.txt (line 3))
  Downloading orbax_checkpoint-0.12.0-py3-none-any.whl.metadata (3.3 kB)
  Downloading orbax_checkpoint-0.11.40-py3-none-any.whl.metadata (3.1 kB)
  Downloading orbax_checkpoint-0.11.39-py3-none-any.whl.metadata (2.8 kB)
  Downloading orbax_checkpoint-0.11.38-py3-none-any.whl.metadata (2.8 kB)
  Downloading orbax_checkpoint-0.11.37-py3-none-any.whl.metadata (2.8 kB)
  Downloading orbax_checkpoint-0.11.36-py3-none-any.whl.metadata (2.7 kB)
  Downloading orbax_checkpoint-0.11.35-py3-none-any.whl.metadata (2.7 kB)
INFO: pip is still looking at multiple versions of orbax-checkpoint to determine which version is compatible with other requirements. This could take a while.
  Downloading orbax_checkpoint-0.11.34-py3-none-any.whl.metadata (2.7 kB)
  Downloading orbax_checkpoint-0.11.33-py3-none-any.whl.metadata (2.7 kB)
  Downloading orbax_checkpoint-0.11.32-py3-none-any.whl.metadata (2.5 kB)
  Downloading orbax_checkpoint-0.11.31-py3-none-any.whl.metadata (2.5 kB)
  Downloading orbax_checkpoint-0.11.30-py3-none-any.whl.metadata (2.5 kB)
INFO: This is taking longer than usual. You might need to provide the dependency resolver with stricter constraints to reduce runtime. See https://pip.pypa.io/warnings/backtracking for guidance. If you want to abort this run, press Ctrl + C.
  Downloading orbax_checkpoint-0.11.28-py3-none-any.whl.metadata (2.4 kB)
  Downloading orbax_checkpoint-0.11.27-py3-none-any.whl.metadata (2.4 kB)
  Downloading orbax_checkpoint-0.11.26-py3-none-any.whl.metadata (2.4 kB)
  Downloading orbax_checkpoint-0.11.25-py3-none-any.whl.metadata (2.3 kB)
  Downloading orbax_checkpoint-0.11.24-py3-none-any.whl.metadata (2.3 kB)
Collecting nest_asyncio (from orbax-checkpoint->flax==0.10.4->-r requirements.txt (line 3))
  Downloading nest_asyncio-1.6.0-py3-none-any.whl.metadata (2.8 kB)
Collecting aiofiles (from orbax-checkpoint->flax==0.10.4->-r requirements.txt (line 3))
  Downloading aiofiles-25.1.0-py3-none-any.whl.metadata (6.3 kB)
Collecting protobuf (from orbax-checkpoint->flax==0.10.4->-r requirements.txt (line 3))
  Downloading protobuf-7.35.1-cp310-abi3-manylinux2014_x86_64.whl.metadata (595 bytes)
Collecting humanize (from orbax-checkpoint->flax==0.10.4->-r requirements.txt (line 3))
  Downloading humanize-4.16.0-py3-none-any.whl.metadata (8.0 kB)
Collecting simplejson>=3.16.0 (from orbax-checkpoint->flax==0.10.4->-r requirements.txt (line 3))
  Downloading simplejson-4.1.1-cp312-cp312-manylinux1_x86_64.manylinux_2_28_x86_64.manylinux_2_5_x86_64.whl.metadata (3.8 kB)
Collecting fsspec (from etils[epath,epy]->orbax-checkpoint->flax==0.10.4->-r requirements.txt (line 3))
  Downloading fsspec-2026.6.0-py3-none-any.whl.metadata (10 kB)
Collecting zipp (from etils[epath,epy]->orbax-checkpoint->flax==0.10.4->-r requirements.txt (line 3))
  Downloading zipp-4.1.0-py3-none-any.whl.metadata (3.6 kB)
Downloading jax-0.5.1-py3-none-any.whl (2.4 MB)
   ━━━━━━━━━━━━━━━━━━━━━━━━━━━━━━━━━━━━━━━━ 2.4/2.4 MB 33.4 MB/s  0:00:00
Downloading jaxlib-0.5.1-cp312-cp312-manylinux2014_x86_64.whl (105.2 MB)
   ━━━━━━━━━━━━━━━━━━━━━━━━━━━━━━━━━━━━━━━━ 105.2/105.2 MB 33.8 MB/s  0:00:03
Downloading flax-0.10.4-py3-none-any.whl (451 kB)
Downloading numpy-2.5.1-cp312-cp312-manylinux_2_27_x86_64.manylinux_2_28_x86_64.whl (16.7 MB)
   ━━━━━━━━━━━━━━━━━━━━━━━━━━━━━━━━━━━━━━━━ 16.7/16.7 MB 22.0 MB/s  0:00:00
Downloading scipy-1.18.0-cp312-cp312-manylinux_2_27_x86_64.manylinux_2_28_x86_64.whl (35.3 MB)
   ━━━━━━━━━━━━━━━━━━━━━━━━━━━━━━━━━━━━━━━━ 35.3/35.3 MB 28.6 MB/s  0:00:01
Downloading multipledispatch-1.0.0-py3-none-any.whl (12 kB)
Downloading tqdm-4.68.4-py3-none-any.whl (676 kB)
   ━━━━━━━━━━━━━━━━━━━━━━━━━━━━━━━━━━━━━━━━ 676.6/676.6 kB 24.0 MB/s  0:00:00
Downloading ml_dtypes-0.5.4-cp312-cp312-manylinux_2_27_x86_64.manylinux_2_28_x86_64.whl (5.0 MB)
   ━━━━━━━━━━━━━━━━━━━━━━━━━━━━━━━━━━━━━━━━ 5.0/5.0 MB 24.6 MB/s  0:00:00
Downloading pyyaml-6.0.3-cp312-cp312-manylinux2014_x86_64.manylinux_2_17_x86_64.manylinux_2_28_x86_64.whl (807 kB)
   ━━━━━━━━━━━━━━━━━━━━━━━━━━━━━━━━━━━━━━━━ 807.9/807.9 kB 26.0 MB/s  0:00:00
Downloading rich-15.0.0-py3-none-any.whl (310 kB)
Downloading pygments-2.20.0-py3-none-any.whl (1.2 MB)
   ━━━━━━━━━━━━━━━━━━━━━━━━━━━━━━━━━━━━━━━━ 1.2/1.2 MB 26.0 MB/s  0:00:00
Downloading markdown_it_py-4.2.0-py3-none-any.whl (91 kB)
Downloading mdurl-0.1.2-py3-none-any.whl (10.0 kB)
Downloading treescope-0.1.10-py3-none-any.whl (182 kB)
Downloading typing_extensions-4.16.0-py3-none-any.whl (45 kB)
Downloading msgpack-1.2.1-cp312-cp312-manylinux2014_x86_64.manylinux_2_17_x86_64.manylinux_2_28_x86_64.whl (419 kB)
Downloading opt_einsum-3.4.0-py3-none-any.whl (71 kB)
Downloading optax-0.2.5-py3-none-any.whl (354 kB)
Downloading absl_py-2.5.0-py3-none-any.whl (137 kB)
Downloading chex-0.1.90-py3-none-any.whl (101 kB)
Downloading toolz-1.1.0-py3-none-any.whl (58 kB)
Downloading orbax_checkpoint-0.11.24-py3-none-any.whl (529 kB)
   ━━━━━━━━━━━━━━━━━━━━━━━━━━━━━━━━━━━━━━━━ 529.3/529.3 kB 28.5 MB/s  0:00:00
Downloading simplejson-4.1.1-cp312-cp312-manylinux1_x86_64.manylinux_2_28_x86_64.manylinux_2_5_x86_64.whl (190 kB)
Downloading tensorstore-0.1.84-cp312-cp312-manylinux_2_27_x86_64.manylinux_2_28_x86_64.whl (21.0 MB)
   ━━━━━━━━━━━━━━━━━━━━━━━━━━━━━━━━━━━━━━━━ 21.0/21.0 MB 28.9 MB/s  0:00:00
Downloading aiofiles-25.1.0-py3-none-any.whl (14 kB)
Downloading etils-1.14.0-py3-none-any.whl (172 kB)
Downloading fsspec-2026.6.0-py3-none-any.whl (203 kB)
Downloading humanize-4.16.0-py3-none-any.whl (137 kB)
Downloading nest_asyncio-1.6.0-py3-none-any.whl (5.2 kB)
Downloading protobuf-7.35.1-cp310-abi3-manylinux2014_x86_64.whl (327 kB)
Downloading zipp-4.1.0-py3-none-any.whl (10 kB)
Installing collected packages: multipledispatch, zipp, typing_extensions, tqdm, toolz, simplejson, PyYAML, pygments, protobuf, opt_einsum, numpy, nest_asyncio, msgpack, mdurl, humanize, fsspec, etils, aiofiles, absl-py, treescope, scipy, ml_dtypes, markdown-it-py, tensorstore, rich, jaxlib, jax, orbax-checkpoint, chex, optax, flax

Successfully installed PyYAML-6.0.3 absl-py-2.5.0 aiofiles-25.1.0 chex-0.1.90 etils-1.14.0 flax-0.10.4 fsspec-2026.6.0 humanize-4.16.0 jax-0.5.1 jaxlib-0.5.1 markdown-it-py-4.2.0 mdurl-0.1.2 ml_dtypes-0.5.4 msgpack-1.2.1 multipledispatch-1.0.0 nest_asyncio-1.6.0 numpy-2.5.1 opt_einsum-3.4.0 optax-0.2.5 orbax-checkpoint-0.11.24 protobuf-7.35.1 pygments-2.20.0 rich-15.0.0 scipy-1.18.0 simplejson-4.1.1 tensorstore-0.1.84 toolz-1.1.0 tqdm-4.68.4 treescope-0.1.10 typing_extensions-4.16.0 zipp-4.1.0
Processing ./codebase
  Installing build dependencies: started
  Installing build dependencies: finished with status 'done'
  Getting requirements to build wheel: started
  Getting requirements to build wheel: finished with status 'done'
  Preparing metadata (pyproject.toml): started
  Preparing metadata (pyproject.toml): finished with status 'done'
Requirement already satisfied: jax>=0.4.25 in ./.venv/lib/python3.12/site-packages (from numpyro==0.17.0) (0.5.1)
Requirement already satisfied: jaxlib>=0.4.25 in ./.venv/lib/python3.12/site-packages (from numpyro==0.17.0) (0.5.1)
Requirement already satisfied: multipledispatch in ./.venv/lib/python3.12/site-packages (from numpyro==0.17.0) (1.0.0)
Requirement already satisfied: numpy in ./.venv/lib/python3.12/site-packages (from numpyro==0.17.0) (2.5.1)
Requirement already satisfied: tqdm in ./.venv/lib/python3.12/site-packages (from numpyro==0.17.0) (4.68.4)
Requirement already satisfied: ml_dtypes>=0.4.0 in ./.venv/lib/python3.12/site-packages (from jax>=0.4.25->numpyro==0.17.0) (0.5.4)
Requirement already satisfied: opt_einsum in ./.venv/lib/python3.12/site-packages (from jax>=0.4.25->numpyro==0.17.0) (3.4.0)
Requirement already satisfied: scipy>=1.11.1 in ./.venv/lib/python3.12/site-packages (from jax>=0.4.25->numpyro==0.17.0) (1.18.0)
Building wheels for collected packages: numpyro
  Building wheel for numpyro (pyproject.toml): started
  Building wheel for numpyro (pyproject.toml): finished with status 'done'
  Created wheel for numpyro: filename=numpyro-0.17.0-py3-none-any.whl size=360828 sha256=f9f8dd49c7ec151d95aba4aef63a22be7b50e9abb1a7383f75786180862bf10a
  Stored in directory: /tmp/pip-ephem-wheel-cache-vabf8t2k/wheels/92/a4/b5/ecd1bea6f67fc381f4d3d6ebcdc1a15acdb87ed4de2d6f5b29
Successfully built numpyro
Installing collected packages: numpyro
Successfully installed numpyro-0.17.0
sample_keys ['mlp/Dense.bias', 'mlp/Dense.kernel', 'mu', 'sigma']
calling log_likelihood
