Requirement already satisfied: pip in ./.venv/lib/python3.12/site-packages (24.0)
Collecting pip
  Downloading pip-26.1.2-py3-none-any.whl.metadata (4.6 kB)
Downloading pip-26.1.2-py3-none-any.whl (1.8 MB)
   ━━━━━━━━━━━━━━━━━━━━━━━━━━━━━━━━━━━━━━━━ 1.8/1.8 MB 23.0 MB/s eta 0:00:00
Installing collected packages: pip
  Attempting uninstall: pip
    Found existing installation: pip 24.0
    Uninstalling pip-24.0:
      Successfully uninstalled pip-24.0
Successfully installed pip-26.1.2
Looking in indexes: https://pypi.org/simple, https://download.pytorch.org/whl/cpu
Collecting torch==2.5.1+cpu (from -r 516/requirements.txt (line 2))
  Downloading torch-2.5.1%2Bcpu-cp312-cp312-linux_x86_64.whl (174.6 MB)
     ━━━━━━━━━━━━━━━━━━━━━━━━━━━━━━━━━━━━━━━━ 174.6/174.6 MB 105.5 MB/s  0:00:01
Collecting tensordict==0.10.0 (from -r 516/requirements.txt (line 3))
  Downloading tensordict-0.10.0-cp312-cp312-manylinux_2_28_x86_64.whl.metadata (9.3 kB)
Collecting numpy (from -r 516/requirements.txt (line 4))
  Downloading numpy-2.5.1-cp312-cp312-manylinux_2_27_x86_64.manylinux_2_28_x86_64.whl.metadata (6.6 kB)
Collecting packaging (from -r 516/requirements.txt (line 5))
  Downloading packaging-26.2-py3-none-any.whl.metadata (3.5 kB)
Collecting cloudpickle (from -r 516/requirements.txt (line 6))
  Downloading cloudpickle-3.1.2-py3-none-any.whl.metadata (7.1 kB)
Collecting pyvers (from -r 516/requirements.txt (line 7))
  Downloading pyvers-0.2.3-py3-none-any.whl.metadata (5.8 kB)
Collecting filelock (from torch==2.5.1+cpu->-r 516/requirements.txt (line 2))
  Downloading filelock-3.30.2-py3-none-any.whl.metadata (2.0 kB)
Collecting typing-extensions>=4.8.0 (from torch==2.5.1+cpu->-r 516/requirements.txt (line 2))
  Downloading typing_extensions-4.16.0-py3-none-any.whl.metadata (3.3 kB)
Collecting networkx (from torch==2.5.1+cpu->-r 516/requirements.txt (line 2))
  Downloading networkx-3.6.1-py3-none-any.whl.metadata (6.8 kB)
Collecting jinja2 (from torch==2.5.1+cpu->-r 516/requirements.txt (line 2))
  Downloading jinja2-3.1.6-py3-none-any.whl.metadata (2.9 kB)
Collecting fsspec (from torch==2.5.1+cpu->-r 516/requirements.txt (line 2))
  Downloading fsspec-2026.6.0-py3-none-any.whl.metadata (10 kB)
Collecting setuptools (from torch==2.5.1+cpu->-r 516/requirements.txt (line 2))
  Downloading setuptools-83.0.0-py3-none-any.whl.metadata (6.6 kB)
Collecting sympy==1.13.1 (from torch==2.5.1+cpu->-r 516/requirements.txt (line 2))
  Downloading sympy-1.13.1-py3-none-any.whl.metadata (12 kB)
Collecting importlib_metadata (from tensordict==0.10.0->-r 516/requirements.txt (line 3))
  Downloading importlib_metadata-9.0.0-py3-none-any.whl.metadata (4.5 kB)
Collecting orjson (from tensordict==0.10.0->-r 516/requirements.txt (line 3))
  Downloading orjson-3.11.9-cp312-cp312-manylinux_2_17_x86_64.manylinux2014_x86_64.whl.metadata (41 kB)
Collecting pyvers (from -r 516/requirements.txt (line 7))
  Downloading pyvers-0.1.0-py3-none-any.whl.metadata (5.4 kB)
Collecting mpmath<1.4,>=1.1.0 (from sympy==1.13.1->torch==2.5.1+cpu->-r 516/requirements.txt (line 2))
  Downloading mpmath-1.3.0-py3-none-any.whl.metadata (8.6 kB)
Collecting packaging (from -r 516/requirements.txt (line 5))
  Downloading packaging-25.0-py3-none-any.whl.metadata (3.3 kB)
Collecting zipp>=3.20 (from importlib_metadata->tensordict==0.10.0->-r 516/requirements.txt (line 3))
  Downloading zipp-4.1.0-py3-none-any.whl.metadata (3.6 kB)
Collecting MarkupSafe>=2.0 (from jinja2->torch==2.5.1+cpu->-r 516/requirements.txt (line 2))
  Downloading markupsafe-3.0.3-cp312-cp312-manylinux2014_x86_64.manylinux_2_17_x86_64.manylinux_2_28_x86_64.whl.metadata (2.7 kB)
Downloading tensordict-0.10.0-cp312-cp312-manylinux_2_28_x86_64.whl (449 kB)
Downloading sympy-1.13.1-py3-none-any.whl (6.2 MB)
   ━━━━━━━━━━━━━━━━━━━━━━━━━━━━━━━━━━━━━━━━ 6.2/6.2 MB 59.2 MB/s  0:00:00
Downloading pyvers-0.1.0-py3-none-any.whl (10 kB)
Downloading packaging-25.0-py3-none-any.whl (66 kB)
Downloading mpmath-1.3.0-py3-none-any.whl (536 kB)
   ━━━━━━━━━━━━━━━━━━━━━━━━━━━━━━━━━━━━━━━━ 536.2/536.2 kB 483.3 MB/s  0:00:00
Downloading numpy-2.5.1-cp312-cp312-manylinux_2_27_x86_64.manylinux_2_28_x86_64.whl (16.7 MB)
   ━━━━━━━━━━━━━━━━━━━━━━━━━━━━━━━━━━━━━━━━ 16.7/16.7 MB 73.5 MB/s  0:00:00
Downloading cloudpickle-3.1.2-py3-none-any.whl (22 kB)
Downloading typing_extensions-4.16.0-py3-none-any.whl (45 kB)
Downloading filelock-3.30.2-py3-none-any.whl (94 kB)
Downloading fsspec-2026.6.0-py3-none-any.whl (203 kB)
Downloading importlib_metadata-9.0.0-py3-none-any.whl (27 kB)
Downloading zipp-4.1.0-py3-none-any.whl (10 kB)
Downloading jinja2-3.1.6-py3-none-any.whl (134 kB)
Downloading markupsafe-3.0.3-cp312-cp312-manylinux2014_x86_64.manylinux_2_17_x86_64.manylinux_2_28_x86_64.whl (22 kB)
Downloading networkx-3.6.1-py3-none-any.whl (2.1 MB)
   ━━━━━━━━━━━━━━━━━━━━━━━━━━━━━━━━━━━━━━━━ 2.1/2.1 MB 74.0 MB/s  0:00:00
Downloading orjson-3.11.9-cp312-cp312-manylinux_2_17_x86_64.manylinux2014_x86_64.whl (134 kB)
Downloading setuptools-83.0.0-py3-none-any.whl (1.0 MB)
   ━━━━━━━━━━━━━━━━━━━━━━━━━━━━━━━━━━━━━━━━ 1.0/1.0 MB 65.6 MB/s  0:00:00
Installing collected packages: mpmath, zipp, typing-extensions, sympy, setuptools, packaging, orjson, numpy, networkx, MarkupSafe, fsspec, filelock, cloudpickle, pyvers, jinja2, importlib_metadata, torch, tensordict

Successfully installed MarkupSafe-3.0.3 cloudpickle-3.1.2 filelock-3.30.2 fsspec-2026.6.0 importlib_metadata-9.0.0 jinja2-3.1.6 mpmath-1.3.0 networkx-3.6.1 numpy-2.5.1 orjson-3.11.9 packaging-25.0 pyvers-0.1.0 setuptools-83.0.0 sympy-1.13.1 tensordict-0.10.0 torch-2.5.1+cpu typing-extensions-4.16.0 zipp-4.1.0
input_shape=(4, 3, 2)
output_shape=(4, 3, 3, 4)
