Traceback (most recent call last):
  File "109/repro.py", line 36, in main
    run_case([2, 0])
  File "109/repro.py", line 28, in run_case
    return model(input_ids=torch.randint(1000, (2, 128)))
           ^^^^^^^^^^^^^^^^^^^^^^^^^^^^^^^^^^^^^^^^^^^^^^
  File "109/.venv/lib/python3.12/site-packages/torch/nn/modules/module.py", line 1532, in _wrapped_call_impl
    return self._call_impl(*args, **kwargs)
           ^^^^^^^^^^^^^^^^^^^^^^^^^^^^^^^^
  File "109/.venv/lib/python3.12/site-packages/torch/nn/modules/module.py", line 1541, in _call_impl
    return forward_call(*args, **kwargs)
           ^^^^^^^^^^^^^^^^^^^^^^^^^^^^^
  File "109/.venv/lib/python3.12/site-packages/transformers/models/bert/modeling_bert.py", line 1665, in forward
    outputs = self.bert(
              ^^^^^^^^^^
  File "109/.venv/lib/python3.12/site-packages/torch/nn/modules/module.py", line 1532, in _wrapped_call_impl
    return self._call_impl(*args, **kwargs)
           ^^^^^^^^^^^^^^^^^^^^^^^^^^^^^^^^
  File "109/.venv/lib/python3.12/site-packages/torch/nn/modules/module.py", line 1541, in _call_impl
    return forward_call(*args, **kwargs)
           ^^^^^^^^^^^^^^^^^^^^^^^^^^^^^
  File "109/codebase/src/adapters/context.py", line 117, in wrapper_func
    results = f(self, *args, **kwargs)
              ^^^^^^^^^^^^^^^^^^^^^^^^
  File "109/codebase/src/adapters/model_mixin.py", line 1709, in forward
    return super().forward(*args, **kwargs)
           ^^^^^^^^^^^^^^^^^^^^^^^^^^^^^^^^
  File "109/.venv/lib/python3.12/site-packages/transformers/models/bert/modeling_bert.py", line 1142, in forward
    encoder_outputs = self.encoder(
                      ^^^^^^^^^^^^^
  File "109/.venv/lib/python3.12/site-packages/torch/nn/modules/module.py", line 1532, in _wrapped_call_impl
    return self._call_impl(*args, **kwargs)
           ^^^^^^^^^^^^^^^^^^^^^^^^^^^^^^^^
  File "109/.venv/lib/python3.12/site-packages/torch/nn/modules/module.py", line 1541, in _call_impl
    return forward_call(*args, **kwargs)
           ^^^^^^^^^^^^^^^^^^^^^^^^^^^^^
  File "109/.venv/lib/python3.12/site-packages/transformers/models/bert/modeling_bert.py", line 695, in forward
    layer_outputs = layer_module(
                    ^^^^^^^^^^^^^
  File "109/.venv/lib/python3.12/site-packages/torch/nn/modules/module.py", line 1532, in _wrapped_call_impl
    return self._call_impl(*args, **kwargs)
           ^^^^^^^^^^^^^^^^^^^^^^^^^^^^^^^^
  File "109/.venv/lib/python3.12/site-packages/torch/nn/modules/module.py", line 1582, in _call_impl
    result = forward_call(*args, **kwargs)
             ^^^^^^^^^^^^^^^^^^^^^^^^^^^^^
  File "109/.venv/lib/python3.12/site-packages/transformers/models/bert/modeling_bert.py", line 585, in forward
    self_attention_outputs = self.attention(
                             ^^^^^^^^^^^^^^^
  File "109/.venv/lib/python3.12/site-packages/torch/nn/modules/module.py", line 1532, in _wrapped_call_impl
    return self._call_impl(*args, **kwargs)
           ^^^^^^^^^^^^^^^^^^^^^^^^^^^^^^^^
  File "109/.venv/lib/python3.12/site-packages/torch/nn/modules/module.py", line 1541, in _call_impl
    return forward_call(*args, **kwargs)
           ^^^^^^^^^^^^^^^^^^^^^^^^^^^^^
  File "109/.venv/lib/python3.12/site-packages/transformers/models/bert/modeling_bert.py", line 515, in forward
    self_outputs = self.self(
                   ^^^^^^^^^^
  File "109/.venv/lib/python3.12/site-packages/torch/nn/modules/module.py", line 1532, in _wrapped_call_impl
    return self._call_impl(*args, **kwargs)
           ^^^^^^^^^^^^^^^^^^^^^^^^^^^^^^^^
  File "109/.venv/lib/python3.12/site-packages/torch/nn/modules/module.py", line 1541, in _call_impl
    return forward_call(*args, **kwargs)
           ^^^^^^^^^^^^^^^^^^^^^^^^^^^^^
  File "109/codebase/src/adapters/models/bert/modeling_bert.py", line 214, in forward
    key_layer, value_layer, attention_mask = self.prefix_tuning(
                                             ^^^^^^^^^^^^^^^^^^^
  File "109/.venv/lib/python3.12/site-packages/torch/nn/modules/module.py", line 1532, in _wrapped_call_impl
    return self._call_impl(*args, **kwargs)
           ^^^^^^^^^^^^^^^^^^^^^^^^^^^^^^^^
  File "109/.venv/lib/python3.12/site-packages/torch/nn/modules/module.py", line 1541, in _call_impl
    return forward_call(*args, **kwargs)
           ^^^^^^^^^^^^^^^^^^^^^^^^^^^^^
  File "109/codebase/src/adapters/methods/prefix_tuning.py", line 553, in forward
    state = self.compose(adapter_setup, state)
            ^^^^^^^^^^^^^^^^^^^^^^^^^^^^^^^^^^
  File "109/codebase/src/adapters/methods/adapter_layer_base.py", line 520, in compose
    state = composition_func(adapter_setup, state, lvl=0)
            ^^^^^^^^^^^^^^^^^^^^^^^^^^^^^^^^^^^^^^^^^^^^^
  File "109/codebase/src/adapters/methods/adapter_layer_base.py", line 412, in compose_batch_split
    child_state = self.compose_single(
                  ^^^^^^^^^^^^^^^^^^^^
  File "109/codebase/src/adapters/methods/prefix_tuning.py", line 529, in compose_single
    key_states = torch.cat([prefix_keys, state.key_states], dim=2)
                 ^^^^^^^^^^^^^^^^^^^^^^^^^^^^^^^^^^^^^^^^^^^^^^^^^
RuntimeError: Sizes of tensors must match except in dimension 2. Expected size 2 but got size 0 for tensor number 1 in the list.
