{
  "control": {
    "non_null_counts": {
      "yhat1": 1,
      "yhat10": 1,
      "yhat11": 1,
      "yhat12": 1,
      "yhat13": 1,
      "yhat14": 1,
      "yhat15": 1,
      "yhat2": 1,
      "yhat3": 1,
      "yhat4": 1,
      "yhat5": 1,
      "yhat6": 1,
      "yhat7": 1,
      "yhat8": 1,
      "yhat9": 1
    },
    "rows": 30,
    "tail": [
      {
        "ds": "2022-04-26",
        "yhat1": NaN,
        "yhat10": NaN,
        "yhat11": -0.8850373029708862,
        "yhat12": NaN,
        "yhat13": NaN,
        "yhat14": NaN,
        "yhat15": NaN,
        "yhat2": NaN,
        "yhat3": NaN,
        "yhat4": NaN,
        "yhat5": NaN,
        "yhat6": NaN,
        "yhat7": NaN,
        "yhat8": NaN,
        "yhat9": NaN
      },
      {
        "ds": "2022-04-27",
        "yhat1": NaN,
        "yhat10": NaN,
        "yhat11": NaN,
        "yhat12": 0.0130995512008667,
        "yhat13": NaN,
        "yhat14": NaN,
        "yhat15": NaN,
        "yhat2": NaN,
        "yhat3": NaN,
        "yhat4": NaN,
        "yhat5": NaN,
        "yhat6": NaN,
        "yhat7": NaN,
        "yhat8": NaN,
        "yhat9": NaN
      },
      {
        "ds": "2022-04-28",
        "yhat1": NaN,
        "yhat10": NaN,
        "yhat11": NaN,
        "yhat12": NaN,
        "yhat13": -0.0013708844780921936,
        "yhat14": NaN,
        "yhat15": NaN,
        "yhat2": NaN,
        "yhat3": NaN,
        "yhat4": NaN,
        "yhat5": NaN,
        "yhat6": NaN,
        "yhat7": NaN,
        "yhat8": NaN,
        "yhat9": NaN
      },
      {
        "ds": "2022-04-29",
        "yhat1": NaN,
        "yhat10": NaN,
        "yhat11": NaN,
        "yhat12": NaN,
        "yhat13": NaN,
        "yhat14": 0.3340093791484833,
        "yhat15": NaN,
        "yhat2": NaN,
        "yhat3": NaN,
        "yhat4": NaN,
        "yhat5": NaN,
        "yhat6": NaN,
        "yhat7": NaN,
        "yhat8": NaN,
        "yhat9": NaN
      },
      {
        "ds": "2022-04-30",
        "yhat1": NaN,
        "yhat10": NaN,
        "yhat11": NaN,
        "yhat12": NaN,
        "yhat13": NaN,
        "yhat14": NaN,
        "yhat15": 0.602947473526001,
        "yhat2": NaN,
        "yhat3": NaN,
        "yhat4": NaN,
        "yhat5": NaN,
        "yhat6": NaN,
        "yhat7": NaN,
        "yhat8": NaN,
        "yhat9": NaN
      }
    ],
    "yhat_columns": [
      "yhat1",
      "yhat2",
      "yhat3",
      "yhat4",
      "yhat5",
      "yhat6",
      "yhat7",
      "yhat8",
      "yhat9",
      "yhat10",
      "yhat11",
      "yhat12",
      "yhat13",
      "yhat14",
      "yhat15"
    ]
  },
  "future_regressor": {
    "non_null_counts": {
      "yhat1": 0,
      "yhat10": 0,
      "yhat11": 0,
      "yhat12": 0,
      "yhat13": 0,
      "yhat14": 0,
      "yhat15": 0,
      "yhat2": 0,
      "yhat3": 0,
      "yhat4": 0,
      "yhat5": 0,
      "yhat6": 0,
      "yhat7": 0,
      "yhat8": 0,
      "yhat9": 0
    },
    "rows": 15,
    "tail": [
      {
        "ds": "2022-04-11",
        "yhat1": NaN,
        "yhat10": NaN,
        "yhat11": NaN,
        "yhat12": NaN,
        "yhat13": NaN,
        "yhat14": NaN,
        "yhat15": NaN,
        "yhat2": NaN,
        "yhat3": NaN,
        "yhat4": NaN,
        "yhat5": NaN,
        "yhat6": NaN,
        "yhat7": NaN,
        "yhat8": NaN,
        "yhat9": NaN
      },
      {
        "ds": "2022-04-12",
        "yhat1": NaN,
        "yhat10": NaN,
        "yhat11": NaN,
        "yhat12": NaN,
        "yhat13": NaN,
        "yhat14": NaN,
        "yhat15": NaN,
        "yhat2": NaN,
        "yhat3": NaN,
        "yhat4": NaN,
        "yhat5": NaN,
        "yhat6": NaN,
        "yhat7": NaN,
        "yhat8": NaN,
        "yhat9": NaN
      },
      {
        "ds": "2022-04-13",
        "yhat1": NaN,
        "yhat10": NaN,
        "yhat11": NaN,
        "yhat12": NaN,
        "yhat13": NaN,
        "yhat14": NaN,
        "yhat15": NaN,
        "yhat2": NaN,
        "yhat3": NaN,
        "yhat4": NaN,
        "yhat5": NaN,
        "yhat6": NaN,
        "yhat7": NaN,
        "yhat8": NaN,
        "yhat9": NaN
      },
      {
        "ds": "2022-04-14",
        "yhat1": NaN,
        "yhat10": NaN,
        "yhat11": NaN,
        "yhat12": NaN,
        "yhat13": NaN,
        "yhat14": NaN,
        "yhat15": NaN,
        "yhat2": NaN,
        "yhat3": NaN,
        "yhat4": NaN,
        "yhat5": NaN,
        "yhat6": NaN,
        "yhat7": NaN,
        "yhat8": NaN,
        "yhat9": NaN
      },
      {
        "ds": "2022-04-15",
        "yhat1": NaN,
        "yhat10": NaN,
        "yhat11": NaN,
        "yhat12": NaN,
        "yhat13": NaN,
        "yhat14": NaN,
        "yhat15": NaN,
        "yhat2": NaN,
        "yhat3": NaN,
        "yhat4": NaN,
        "yhat5": NaN,
        "yhat6": NaN,
        "yhat7": NaN,
        "yhat8": NaN,
        "yhat9": NaN
      }
    ],
    "yhat_columns": [
      "yhat1",
      "yhat2",
      "yhat3",
      "yhat4",
      "yhat5",
      "yhat6",
      "yhat7",
      "yhat8",
      "yhat9",
      "yhat10",
      "yhat11",
      "yhat12",
      "yhat13",
      "yhat14",
      "yhat15"
    ]
  },
  "reproduced": true
}
