Traceback (most recent call last):
  File "329/repro.py", line 22, in <module>
    main()
  File "329/repro.py", line 17, in main
    torch.jit.script(model)
  File "329/.venv/lib/python3.12/site-packages/torch/jit/_script.py", line 1443, in script
    ret = _script_impl(
          ^^^^^^^^^^^^^
  File "329/.venv/lib/python3.12/site-packages/torch/jit/_script.py", line 1152, in _script_impl
    return torch.jit._recursive.create_script_module(
           ^^^^^^^^^^^^^^^^^^^^^^^^^^^^^^^^^^^^^^^^^^
  File "329/.venv/lib/python3.12/site-packages/torch/jit/_recursive.py", line 554, in create_script_module
    concrete_type = get_module_concrete_type(nn_module, share_types)
                    ^^^^^^^^^^^^^^^^^^^^^^^^^^^^^^^^^^^^^^^^^^^^^^^^
  File "329/.venv/lib/python3.12/site-packages/torch/jit/_recursive.py", line 503, in get_module_concrete_type
    concrete_type = concrete_type_store.get_or_create_concrete_type(nn_module)
                    ^^^^^^^^^^^^^^^^^^^^^^^^^^^^^^^^^^^^^^^^^^^^^^^^^^^^^^^^^^
  File "329/.venv/lib/python3.12/site-packages/torch/jit/_recursive.py", line 435, in get_or_create_concrete_type
    concrete_type_builder = infer_concrete_type_builder(nn_module)
                            ^^^^^^^^^^^^^^^^^^^^^^^^^^^^^^^^^^^^^^
  File "329/.venv/lib/python3.12/site-packages/torch/jit/_recursive.py", line 285, in infer_concrete_type_builder
    sub_concrete_type = get_module_concrete_type(item, share_types)
                        ^^^^^^^^^^^^^^^^^^^^^^^^^^^^^^^^^^^^^^^^^^^
  File "329/.venv/lib/python3.12/site-packages/torch/jit/_recursive.py", line 503, in get_module_concrete_type
    concrete_type = concrete_type_store.get_or_create_concrete_type(nn_module)
                    ^^^^^^^^^^^^^^^^^^^^^^^^^^^^^^^^^^^^^^^^^^^^^^^^^^^^^^^^^^
  File "329/.venv/lib/python3.12/site-packages/torch/jit/_recursive.py", line 435, in get_or_create_concrete_type
    concrete_type_builder = infer_concrete_type_builder(nn_module)
                            ^^^^^^^^^^^^^^^^^^^^^^^^^^^^^^^^^^^^^^
  File "329/.venv/lib/python3.12/site-packages/torch/jit/_recursive.py", line 329, in infer_concrete_type_builder
    name, _get_valid_constant(name, value, type(nn_module).__name__)
          ^^^^^^^^^^^^^^^^^^^^^^^^^^^^^^^^^^^^^^^^^^^^^^^^^^^^^^^^^^
  File "329/.venv/lib/python3.12/site-packages/torch/jit/_recursive.py", line 142, in _get_valid_constant
    raise TypeError(
TypeError: 
'set' object in attribute 'ParameterDict.CLASS_ATTRS' is not a valid constant.
Valid constants are:
1. a nn.ModuleList
2. a value of type {bool, float, int, str, NoneType, torch.device, torch.layout, torch.dtype, torch.qscheme}
3. a list or tuple of (2)

