Requirement already satisfied: pip in ./.venv/lib/python3.11/site-packages (24.0)
Collecting pip
  Downloading pip-26.1.2-py3-none-any.whl.metadata (4.6 kB)
Downloading pip-26.1.2-py3-none-any.whl (1.8 MB)
   ━━━━━━━━━━━━━━━━━━━━━━━━━━━━━━━━━━━━━━━━ 1.8/1.8 MB 20.7 MB/s eta 0:00:00
Installing collected packages: pip
  Attempting uninstall: pip
    Found existing installation: pip 24.0
    Uninstalling pip-24.0:
      Successfully uninstalled pip-24.0
Successfully installed pip-26.1.2
Collecting tensorflow==2.15.0 (from -r 055/requirements.txt (line 1))
  Downloading tensorflow-2.15.0-cp311-cp311-manylinux_2_17_x86_64.manylinux2014_x86_64.whl.metadata (4.4 kB)
Collecting keras==2.15.0 (from -r 055/requirements.txt (line 2))
  Downloading keras-2.15.0-py3-none-any.whl.metadata (2.4 kB)
Collecting keras-nlp==0.6.4 (from -r 055/requirements.txt (line 3))
  Downloading keras_nlp-0.6.4-py3-none-any.whl.metadata (8.5 kB)
Collecting tensorflow-text==2.15.0 (from -r 055/requirements.txt (line 4))
  Downloading tensorflow_text-2.15.0-cp311-cp311-manylinux_2_17_x86_64.manylinux2014_x86_64.whl.metadata (1.9 kB)
Collecting nltk==3.8.1 (from -r 055/requirements.txt (line 5))
  Downloading nltk-3.8.1-py3-none-any.whl.metadata (2.8 kB)
Collecting absl-py>=1.0.0 (from tensorflow==2.15.0->-r 055/requirements.txt (line 1))
  Downloading absl_py-2.5.0-py3-none-any.whl.metadata (3.3 kB)
Collecting astunparse>=1.6.0 (from tensorflow==2.15.0->-r 055/requirements.txt (line 1))
  Downloading astunparse-1.6.3-py2.py3-none-any.whl.metadata (4.4 kB)
Collecting flatbuffers>=23.5.26 (from tensorflow==2.15.0->-r 055/requirements.txt (line 1))
  Downloading flatbuffers-25.12.19-py2.py3-none-any.whl.metadata (1.0 kB)
Collecting gast!=0.5.0,!=0.5.1,!=0.5.2,>=0.2.1 (from tensorflow==2.15.0->-r 055/requirements.txt (line 1))
  Downloading gast-0.7.0-py3-none-any.whl.metadata (1.5 kB)
Collecting google-pasta>=0.1.1 (from tensorflow==2.15.0->-r 055/requirements.txt (line 1))
  Downloading google_pasta-0.2.0-py3-none-any.whl.metadata (814 bytes)
Collecting h5py>=2.9.0 (from tensorflow==2.15.0->-r 055/requirements.txt (line 1))
  Downloading h5py-3.16.0-cp311-cp311-manylinux_2_28_x86_64.whl.metadata (3.0 kB)
Collecting libclang>=13.0.0 (from tensorflow==2.15.0->-r 055/requirements.txt (line 1))
  Downloading libclang-18.1.1-py2.py3-none-manylinux2010_x86_64.whl.metadata (5.2 kB)
Collecting ml-dtypes~=0.2.0 (from tensorflow==2.15.0->-r 055/requirements.txt (line 1))
  Downloading ml_dtypes-0.2.0-cp311-cp311-manylinux_2_17_x86_64.manylinux2014_x86_64.whl.metadata (20 kB)
Collecting numpy<2.0.0,>=1.23.5 (from tensorflow==2.15.0->-r 055/requirements.txt (line 1))
  Downloading numpy-1.26.4-cp311-cp311-manylinux_2_17_x86_64.manylinux2014_x86_64.whl.metadata (61 kB)
Collecting opt-einsum>=2.3.2 (from tensorflow==2.15.0->-r 055/requirements.txt (line 1))
  Downloading opt_einsum-3.4.0-py3-none-any.whl.metadata (6.3 kB)
Collecting packaging (from tensorflow==2.15.0->-r 055/requirements.txt (line 1))
  Downloading packaging-26.2-py3-none-any.whl.metadata (3.5 kB)
Collecting protobuf!=4.21.0,!=4.21.1,!=4.21.2,!=4.21.3,!=4.21.4,!=4.21.5,<5.0.0dev,>=3.20.3 (from tensorflow==2.15.0->-r 055/requirements.txt (line 1))
  Downloading protobuf-4.25.9-cp37-abi3-manylinux2014_x86_64.whl.metadata (541 bytes)
Requirement already satisfied: setuptools in ./.venv/lib/python3.11/site-packages (from tensorflow==2.15.0->-r 055/requirements.txt (line 1)) (79.0.1)
Collecting six>=1.12.0 (from tensorflow==2.15.0->-r 055/requirements.txt (line 1))
  Downloading six-1.17.0-py2.py3-none-any.whl.metadata (1.7 kB)
Collecting termcolor>=1.1.0 (from tensorflow==2.15.0->-r 055/requirements.txt (line 1))
  Downloading termcolor-3.3.0-py3-none-any.whl.metadata (6.5 kB)
Collecting typing-extensions>=3.6.6 (from tensorflow==2.15.0->-r 055/requirements.txt (line 1))
  Downloading typing_extensions-4.16.0-py3-none-any.whl.metadata (3.3 kB)
Collecting wrapt<1.15,>=1.11.0 (from tensorflow==2.15.0->-r 055/requirements.txt (line 1))
  Downloading wrapt-1.14.2-cp311-cp311-manylinux1_x86_64.manylinux_2_28_x86_64.manylinux_2_5_x86_64.whl.metadata (6.5 kB)
Collecting tensorflow-io-gcs-filesystem>=0.23.1 (from tensorflow==2.15.0->-r 055/requirements.txt (line 1))
  Downloading tensorflow_io_gcs_filesystem-0.37.1-cp311-cp311-manylinux_2_17_x86_64.manylinux2014_x86_64.whl.metadata (14 kB)
Collecting grpcio<2.0,>=1.24.3 (from tensorflow==2.15.0->-r 055/requirements.txt (line 1))
  Downloading grpcio-1.82.1-cp311-cp311-manylinux2014_x86_64.manylinux_2_17_x86_64.whl.metadata (3.7 kB)
Collecting tensorboard<2.16,>=2.15 (from tensorflow==2.15.0->-r 055/requirements.txt (line 1))
  Downloading tensorboard-2.15.2-py3-none-any.whl.metadata (1.7 kB)
Collecting tensorflow-estimator<2.16,>=2.15.0 (from tensorflow==2.15.0->-r 055/requirements.txt (line 1))
  Downloading tensorflow_estimator-2.15.0-py2.py3-none-any.whl.metadata (1.3 kB)
Collecting keras-core (from keras-nlp==0.6.4->-r 055/requirements.txt (line 3))
  Downloading keras_core-0.1.7-py3-none-any.whl.metadata (4.3 kB)
Collecting regex (from keras-nlp==0.6.4->-r 055/requirements.txt (line 3))
  Downloading regex-2026.7.10-cp311-cp311-manylinux2014_x86_64.manylinux_2_17_x86_64.manylinux_2_28_x86_64.whl.metadata (40 kB)
Collecting rich (from keras-nlp==0.6.4->-r 055/requirements.txt (line 3))
  Downloading rich-15.0.0-py3-none-any.whl.metadata (18 kB)
Collecting dm-tree (from keras-nlp==0.6.4->-r 055/requirements.txt (line 3))
  Downloading dm_tree-0.1.10-cp311-cp311-manylinux_2_24_x86_64.manylinux_2_28_x86_64.whl.metadata (2.6 kB)
Collecting tensorflow-hub>=0.13.0 (from tensorflow-text==2.15.0->-r 055/requirements.txt (line 4))
  Downloading tensorflow_hub-0.16.1-py2.py3-none-any.whl.metadata (1.3 kB)
Collecting click (from nltk==3.8.1->-r 055/requirements.txt (line 5))
  Downloading click-8.4.2-py3-none-any.whl.metadata (2.6 kB)
Collecting joblib (from nltk==3.8.1->-r 055/requirements.txt (line 5))
  Downloading joblib-1.5.3-py3-none-any.whl.metadata (5.5 kB)
Collecting tqdm (from nltk==3.8.1->-r 055/requirements.txt (line 5))
  Downloading tqdm-4.68.4-py3-none-any.whl.metadata (57 kB)
Collecting google-auth<3,>=1.6.3 (from tensorboard<2.16,>=2.15->tensorflow==2.15.0->-r 055/requirements.txt (line 1))
  Downloading google_auth-2.56.0-py3-none-any.whl.metadata (6.0 kB)
Collecting google-auth-oauthlib<2,>=0.5 (from tensorboard<2.16,>=2.15->tensorflow==2.15.0->-r 055/requirements.txt (line 1))
  Downloading google_auth_oauthlib-1.4.0-py3-none-any.whl.metadata (2.6 kB)
Collecting markdown>=2.6.8 (from tensorboard<2.16,>=2.15->tensorflow==2.15.0->-r 055/requirements.txt (line 1))
  Downloading markdown-3.10.2-py3-none-any.whl.metadata (5.1 kB)
Collecting requests<3,>=2.21.0 (from tensorboard<2.16,>=2.15->tensorflow==2.15.0->-r 055/requirements.txt (line 1))
  Downloading requests-2.34.2-py3-none-any.whl.metadata (4.8 kB)
Collecting tensorboard-data-server<0.8.0,>=0.7.0 (from tensorboard<2.16,>=2.15->tensorflow==2.15.0->-r 055/requirements.txt (line 1))
  Downloading tensorboard_data_server-0.7.2-py3-none-manylinux_2_31_x86_64.whl.metadata (1.1 kB)
Collecting werkzeug>=1.0.1 (from tensorboard<2.16,>=2.15->tensorflow==2.15.0->-r 055/requirements.txt (line 1))
  Downloading werkzeug-3.1.8-py3-none-any.whl.metadata (4.0 kB)
Collecting pyasn1-modules>=0.2.1 (from google-auth<3,>=1.6.3->tensorboard<2.16,>=2.15->tensorflow==2.15.0->-r 055/requirements.txt (line 1))
  Downloading pyasn1_modules-0.4.2-py3-none-any.whl.metadata (3.5 kB)
Collecting cryptography>=38.0.3 (from google-auth<3,>=1.6.3->tensorboard<2.16,>=2.15->tensorflow==2.15.0->-r 055/requirements.txt (line 1))
  Downloading cryptography-49.0.0-cp311-abi3-manylinux_2_34_x86_64.whl.metadata (4.3 kB)
Collecting requests-oauthlib>=0.7.0 (from google-auth-oauthlib<2,>=0.5->tensorboard<2.16,>=2.15->tensorflow==2.15.0->-r 055/requirements.txt (line 1))
  Downloading requests_oauthlib-2.0.0-py2.py3-none-any.whl.metadata (11 kB)
Collecting charset_normalizer<4,>=2 (from requests<3,>=2.21.0->tensorboard<2.16,>=2.15->tensorflow==2.15.0->-r 055/requirements.txt (line 1))
  Downloading charset_normalizer-3.4.9-cp311-cp311-manylinux2014_x86_64.manylinux_2_17_x86_64.manylinux_2_28_x86_64.whl.metadata (41 kB)
Collecting idna<4,>=2.5 (from requests<3,>=2.21.0->tensorboard<2.16,>=2.15->tensorflow==2.15.0->-r 055/requirements.txt (line 1))
  Downloading idna-3.18-py3-none-any.whl.metadata (6.1 kB)
Collecting urllib3<3,>=1.26 (from requests<3,>=2.21.0->tensorboard<2.16,>=2.15->tensorflow==2.15.0->-r 055/requirements.txt (line 1))
  Downloading urllib3-2.7.0-py3-none-any.whl.metadata (6.9 kB)
Collecting certifi>=2023.5.7 (from requests<3,>=2.21.0->tensorboard<2.16,>=2.15->tensorflow==2.15.0->-r 055/requirements.txt (line 1))
  Downloading certifi-2026.6.17-py3-none-any.whl.metadata (2.5 kB)
Collecting wheel<1.0,>=0.23.0 (from astunparse>=1.6.0->tensorflow==2.15.0->-r 055/requirements.txt (line 1))
  Downloading wheel-0.47.0-py3-none-any.whl.metadata (2.3 kB)
Collecting cffi>=2.0.0 (from cryptography>=38.0.3->google-auth<3,>=1.6.3->tensorboard<2.16,>=2.15->tensorflow==2.15.0->-r 055/requirements.txt (line 1))
  Downloading cffi-2.1.0-cp311-cp311-manylinux2014_x86_64.manylinux_2_17_x86_64.whl.metadata (2.5 kB)
Collecting pycparser (from cffi>=2.0.0->cryptography>=38.0.3->google-auth<3,>=1.6.3->tensorboard<2.16,>=2.15->tensorflow==2.15.0->-r 055/requirements.txt (line 1))
  Downloading pycparser-3.0-py3-none-any.whl.metadata (8.2 kB)
Collecting pyasn1<0.7.0,>=0.6.1 (from pyasn1-modules>=0.2.1->google-auth<3,>=1.6.3->tensorboard<2.16,>=2.15->tensorflow==2.15.0->-r 055/requirements.txt (line 1))
  Downloading pyasn1-0.6.4-py3-none-any.whl.metadata (8.4 kB)
Collecting oauthlib>=3.0.0 (from requests-oauthlib>=0.7.0->google-auth-oauthlib<2,>=0.5->tensorboard<2.16,>=2.15->tensorflow==2.15.0->-r 055/requirements.txt (line 1))
  Downloading oauthlib-3.3.1-py3-none-any.whl.metadata (7.9 kB)
Collecting tf-keras>=2.14.1 (from tensorflow-hub>=0.13.0->tensorflow-text==2.15.0->-r 055/requirements.txt (line 4))
  Downloading tf_keras-2.21.0-py3-none-any.whl.metadata (1.8 kB)
INFO: pip is looking at multiple versions of tf-keras to determine which version is compatible with other requirements. This could take a while.
  Downloading tf_keras-2.20.1-py3-none-any.whl.metadata (1.8 kB)
  Downloading tf_keras-2.19.0-py3-none-any.whl.metadata (1.8 kB)
  Downloading tf_keras-2.18.0-py3-none-any.whl.metadata (1.6 kB)
  Downloading tf_keras-2.17.0-py3-none-any.whl.metadata (1.6 kB)
  Downloading tf_keras-2.16.0-py3-none-any.whl.metadata (1.6 kB)
  Downloading tf_keras-2.15.1-py3-none-any.whl.metadata (1.7 kB)
Collecting markupsafe>=2.1.1 (from werkzeug>=1.0.1->tensorboard<2.16,>=2.15->tensorflow==2.15.0->-r 055/requirements.txt (line 1))
  Downloading markupsafe-3.0.3-cp311-cp311-manylinux2014_x86_64.manylinux_2_17_x86_64.manylinux_2_28_x86_64.whl.metadata (2.7 kB)
Collecting attrs>=18.2.0 (from dm-tree->keras-nlp==0.6.4->-r 055/requirements.txt (line 3))
  Downloading attrs-26.1.0-py3-none-any.whl.metadata (8.8 kB)
Collecting namex (from keras-core->keras-nlp==0.6.4->-r 055/requirements.txt (line 3))
  Downloading namex-0.1.0-py3-none-any.whl.metadata (322 bytes)
Collecting markdown-it-py>=2.2.0 (from rich->keras-nlp==0.6.4->-r 055/requirements.txt (line 3))
  Downloading markdown_it_py-4.2.0-py3-none-any.whl.metadata (7.4 kB)
Collecting pygments<3.0.0,>=2.13.0 (from rich->keras-nlp==0.6.4->-r 055/requirements.txt (line 3))
  Downloading pygments-2.20.0-py3-none-any.whl.metadata (2.5 kB)
Collecting mdurl~=0.1 (from markdown-it-py>=2.2.0->rich->keras-nlp==0.6.4->-r 055/requirements.txt (line 3))
  Downloading mdurl-0.1.2-py3-none-any.whl.metadata (1.6 kB)
Downloading tensorflow-2.15.0-cp311-cp311-manylinux_2_17_x86_64.manylinux2014_x86_64.whl (475.3 MB)
   ━━━━━━━━━━━━━━━━━━━━━━━━━━━━━━━━━━━━━━━━ 475.3/475.3 MB 37.4 MB/s  0:00:10
Downloading keras-2.15.0-py3-none-any.whl (1.7 MB)
   ━━━━━━━━━━━━━━━━━━━━━━━━━━━━━━━━━━━━━━━━ 1.7/1.7 MB 63.0 MB/s  0:00:00
Downloading keras_nlp-0.6.4-py3-none-any.whl (584 kB)
   ━━━━━━━━━━━━━━━━━━━━━━━━━━━━━━━━━━━━━━━━ 584.8/584.8 kB 52.7 MB/s  0:00:00
Downloading tensorflow_text-2.15.0-cp311-cp311-manylinux_2_17_x86_64.manylinux2014_x86_64.whl (5.2 MB)
   ━━━━━━━━━━━━━━━━━━━━━━━━━━━━━━━━━━━━━━━━ 5.2/5.2 MB 61.0 MB/s  0:00:00
Downloading nltk-3.8.1-py3-none-any.whl (1.5 MB)
   ━━━━━━━━━━━━━━━━━━━━━━━━━━━━━━━━━━━━━━━━ 1.5/1.5 MB 60.2 MB/s  0:00:00
Downloading grpcio-1.82.1-cp311-cp311-manylinux2014_x86_64.manylinux_2_17_x86_64.whl (6.9 MB)
   ━━━━━━━━━━━━━━━━━━━━━━━━━━━━━━━━━━━━━━━━ 6.9/6.9 MB 61.6 MB/s  0:00:00
Downloading ml_dtypes-0.2.0-cp311-cp311-manylinux_2_17_x86_64.manylinux2014_x86_64.whl (1.0 MB)
   ━━━━━━━━━━━━━━━━━━━━━━━━━━━━━━━━━━━━━━━━ 1.0/1.0 MB 63.8 MB/s  0:00:00
Downloading numpy-1.26.4-cp311-cp311-manylinux_2_17_x86_64.manylinux2014_x86_64.whl (18.3 MB)
   ━━━━━━━━━━━━━━━━━━━━━━━━━━━━━━━━━━━━━━━━ 18.3/18.3 MB 61.9 MB/s  0:00:00
Downloading protobuf-4.25.9-cp37-abi3-manylinux2014_x86_64.whl (295 kB)
Downloading tensorboard-2.15.2-py3-none-any.whl (5.5 MB)
   ━━━━━━━━━━━━━━━━━━━━━━━━━━━━━━━━━━━━━━━━ 5.5/5.5 MB 63.5 MB/s  0:00:00
Downloading google_auth-2.56.0-py3-none-any.whl (257 kB)
Downloading google_auth_oauthlib-1.4.0-py3-none-any.whl (19 kB)
Downloading requests-2.34.2-py3-none-any.whl (73 kB)
Downloading charset_normalizer-3.4.9-cp311-cp311-manylinux2014_x86_64.manylinux_2_17_x86_64.manylinux_2_28_x86_64.whl (221 kB)
Downloading idna-3.18-py3-none-any.whl (65 kB)
Downloading tensorboard_data_server-0.7.2-py3-none-manylinux_2_31_x86_64.whl (6.6 MB)
   ━━━━━━━━━━━━━━━━━━━━━━━━━━━━━━━━━━━━━━━━ 6.6/6.6 MB 63.8 MB/s  0:00:00
Downloading tensorflow_estimator-2.15.0-py2.py3-none-any.whl (441 kB)
Downloading typing_extensions-4.16.0-py3-none-any.whl (45 kB)
Downloading urllib3-2.7.0-py3-none-any.whl (131 kB)
Downloading wrapt-1.14.2-cp311-cp311-manylinux1_x86_64.manylinux_2_28_x86_64.manylinux_2_5_x86_64.whl (77 kB)
Downloading absl_py-2.5.0-py3-none-any.whl (137 kB)
Downloading astunparse-1.6.3-py2.py3-none-any.whl (12 kB)
Downloading six-1.17.0-py2.py3-none-any.whl (11 kB)
Downloading wheel-0.47.0-py3-none-any.whl (32 kB)
Downloading certifi-2026.6.17-py3-none-any.whl (133 kB)
Downloading cryptography-49.0.0-cp311-abi3-manylinux_2_34_x86_64.whl (4.7 MB)
   ━━━━━━━━━━━━━━━━━━━━━━━━━━━━━━━━━━━━━━━━ 4.7/4.7 MB 66.2 MB/s  0:00:00
Downloading cffi-2.1.0-cp311-cp311-manylinux2014_x86_64.manylinux_2_17_x86_64.whl (217 kB)
Downloading flatbuffers-25.12.19-py2.py3-none-any.whl (26 kB)
Downloading gast-0.7.0-py3-none-any.whl (22 kB)
Downloading google_pasta-0.2.0-py3-none-any.whl (57 kB)
Downloading h5py-3.16.0-cp311-cp311-manylinux_2_28_x86_64.whl (5.0 MB)
   ━━━━━━━━━━━━━━━━━━━━━━━━━━━━━━━━━━━━━━━━ 5.0/5.0 MB 66.2 MB/s  0:00:00
Downloading libclang-18.1.1-py2.py3-none-manylinux2010_x86_64.whl (24.5 MB)
   ━━━━━━━━━━━━━━━━━━━━━━━━━━━━━━━━━━━━━━━━ 24.5/24.5 MB 67.3 MB/s  0:00:00
Downloading markdown-3.10.2-py3-none-any.whl (108 kB)
Downloading opt_einsum-3.4.0-py3-none-any.whl (71 kB)
Downloading packaging-26.2-py3-none-any.whl (100 kB)
Downloading pyasn1_modules-0.4.2-py3-none-any.whl (181 kB)
Downloading pyasn1-0.6.4-py3-none-any.whl (84 kB)
Downloading regex-2026.7.10-cp311-cp311-manylinux2014_x86_64.manylinux_2_17_x86_64.manylinux_2_28_x86_64.whl (799 kB)
   ━━━━━━━━━━━━━━━━━━━━━━━━━━━━━━━━━━━━━━━━ 799.9/799.9 kB 63.2 MB/s  0:00:00
Downloading requests_oauthlib-2.0.0-py2.py3-none-any.whl (24 kB)
Downloading oauthlib-3.3.1-py3-none-any.whl (160 kB)
Downloading tensorflow_hub-0.16.1-py2.py3-none-any.whl (30 kB)
Downloading tensorflow_io_gcs_filesystem-0.37.1-cp311-cp311-manylinux_2_17_x86_64.manylinux2014_x86_64.whl (5.1 MB)
   ━━━━━━━━━━━━━━━━━━━━━━━━━━━━━━━━━━━━━━━━ 5.1/5.1 MB 69.3 MB/s  0:00:00
Downloading termcolor-3.3.0-py3-none-any.whl (7.7 kB)
Downloading tf_keras-2.15.1-py3-none-any.whl (1.7 MB)
   ━━━━━━━━━━━━━━━━━━━━━━━━━━━━━━━━━━━━━━━━ 1.7/1.7 MB 63.1 MB/s  0:00:00
Downloading werkzeug-3.1.8-py3-none-any.whl (226 kB)
Downloading markupsafe-3.0.3-cp311-cp311-manylinux2014_x86_64.manylinux_2_17_x86_64.manylinux_2_28_x86_64.whl (22 kB)
Downloading click-8.4.2-py3-none-any.whl (119 kB)
Downloading dm_tree-0.1.10-cp311-cp311-manylinux_2_24_x86_64.manylinux_2_28_x86_64.whl (185 kB)
Downloading attrs-26.1.0-py3-none-any.whl (67 kB)
Downloading joblib-1.5.3-py3-none-any.whl (309 kB)
Downloading keras_core-0.1.7-py3-none-any.whl (950 kB)
   ━━━━━━━━━━━━━━━━━━━━━━━━━━━━━━━━━━━━━━━━ 950.8/950.8 kB 66.8 MB/s  0:00:00
Downloading namex-0.1.0-py3-none-any.whl (5.9 kB)
Downloading pycparser-3.0-py3-none-any.whl (48 kB)
Downloading rich-15.0.0-py3-none-any.whl (310 kB)
Downloading pygments-2.20.0-py3-none-any.whl (1.2 MB)
   ━━━━━━━━━━━━━━━━━━━━━━━━━━━━━━━━━━━━━━━━ 1.2/1.2 MB 74.7 MB/s  0:00:00
Downloading markdown_it_py-4.2.0-py3-none-any.whl (91 kB)
Downloading mdurl-0.1.2-py3-none-any.whl (10.0 kB)
Downloading tqdm-4.68.4-py3-none-any.whl (676 kB)
   ━━━━━━━━━━━━━━━━━━━━━━━━━━━━━━━━━━━━━━━━ 676.6/676.6 kB 59.9 MB/s  0:00:00
Installing collected packages: namex, libclang, flatbuffers, wrapt, urllib3, typing-extensions, tqdm, termcolor, tensorflow-io-gcs-filesystem, tensorflow-estimator, tensorboard-data-server, six, regex, pygments, pycparser, pyasn1, protobuf, packaging, opt-einsum, oauthlib, numpy, mdurl, markupsafe, markdown, keras, joblib, idna, gast, click, charset_normalizer, certifi, attrs, absl-py, wheel, werkzeug, requests, pyasn1-modules, nltk, ml-dtypes, markdown-it-py, h5py, grpcio, google-pasta, dm-tree, cffi, rich, requests-oauthlib, cryptography, astunparse, keras-core, google-auth, google-auth-oauthlib, tensorboard, tensorflow, tf-keras, tensorflow-hub, tensorflow-text, keras-nlp

Successfully installed absl-py-2.5.0 astunparse-1.6.3 attrs-26.1.0 certifi-2026.6.17 cffi-2.1.0 charset_normalizer-3.4.9 click-8.4.2 cryptography-49.0.0 dm-tree-0.1.10 flatbuffers-25.12.19 gast-0.7.0 google-auth-2.56.0 google-auth-oauthlib-1.4.0 google-pasta-0.2.0 grpcio-1.82.1 h5py-3.16.0 idna-3.18 joblib-1.5.3 keras-2.15.0 keras-core-0.1.7 keras-nlp-0.6.4 libclang-18.1.1 markdown-3.10.2 markdown-it-py-4.2.0 markupsafe-3.0.3 mdurl-0.1.2 ml-dtypes-0.2.0 namex-0.1.0 nltk-3.8.1 numpy-1.26.4 oauthlib-3.3.1 opt-einsum-3.4.0 packaging-26.2 protobuf-4.25.9 pyasn1-0.6.4 pyasn1-modules-0.4.2 pycparser-3.0 pygments-2.20.0 regex-2026.7.10 requests-2.34.2 requests-oauthlib-2.0.0 rich-15.0.0 six-1.17.0 tensorboard-2.15.2 tensorboard-data-server-0.7.2 tensorflow-2.15.0 tensorflow-estimator-2.15.0 tensorflow-hub-0.16.1 tensorflow-io-gcs-filesystem-0.37.1 tensorflow-text-2.15.0 termcolor-3.3.0 tf-keras-2.15.1 tqdm-4.68.4 typing-extensions-4.16.0 urllib3-2.7.0 werkzeug-3.1.8 wheel-0.47.0 wrapt-1.14.2
Using TensorFlow backend
{
  "cuda_visible_devices": null,
  "gpus": [],
  "keras_nlp": "0.6.4",
  "python": "3.11.15",
  "tensorflow": "2.15.0"
}
{"cache_len": 0, "hidden_states": null, "index": 1, "prompt_shape": [1, 4], "step": 1}
{"cache_len": 0, "hidden_states": null, "index": 2, "prompt_shape": [1, 4], "step": 2}
{"cache_len": 0, "hidden_states": null, "index": 3, "prompt_shape": [1, 4], "step": 3}
{
  "output": [
    [
      1,
      3,
      3,
      3
    ]
  ],
  "output_shape": [
    1,
    4
  ],
  "result": "completed_without_segfault"
}
