Requirement already satisfied: pip in ./.venv/lib/python3.12/site-packages (24.0)
Collecting pip
  Downloading pip-26.1.2-py3-none-any.whl.metadata (4.6 kB)
Downloading pip-26.1.2-py3-none-any.whl (1.8 MB)
   ━━━━━━━━━━━━━━━━━━━━━━━━━━━━━━━━━━━━━━━━ 1.8/1.8 MB 24.7 MB/s eta 0:00:00
Installing collected packages: pip
  Attempting uninstall: pip
    Found existing installation: pip 24.0
    Uninstalling pip-24.0:
      Successfully uninstalled pip-24.0
Successfully installed pip-26.1.2
Looking in indexes: https://download.pytorch.org/whl/cpu
Collecting torch
  Downloading torch-2.13.0%2Bcpu-cp312-cp312-manylinux_2_28_x86_64.whl.metadata (37 kB)
Collecting filelock (from torch)
  Downloading filelock-3.29.0-py3-none-any.whl.metadata (2.0 kB)
Collecting typing-extensions>=4.10.0 (from torch)
  Downloading typing_extensions-4.15.0-py3-none-any.whl.metadata (3.3 kB)
Collecting setuptools>=77.0.3 (from torch)
  Downloading setuptools-78.1.0-py3-none-any.whl.metadata (6.6 kB)
Collecting sympy>=1.13.3 (from torch)
  Downloading sympy-1.14.0-py3-none-any.whl.metadata (12 kB)
Collecting networkx>=2.5.1 (from torch)
  Downloading networkx-3.6.1-py3-none-any.whl.metadata (6.8 kB)
Collecting jinja2 (from torch)
  Downloading jinja2-3.1.6-py3-none-any.whl.metadata (2.9 kB)
Collecting fsspec>=0.8.5 (from torch)
  Downloading fsspec-2026.4.0-py3-none-any.whl.metadata (10 kB)
Collecting mpmath<1.4,>=1.1.0 (from sympy>=1.13.3->torch)
  Downloading mpmath-1.3.0-py3-none-any.whl.metadata (8.6 kB)
Collecting MarkupSafe>=2.0 (from jinja2->torch)
  Downloading markupsafe-3.0.3-cp312-cp312-manylinux2014_x86_64.manylinux_2_17_x86_64.manylinux_2_28_x86_64.whl.metadata (2.7 kB)
Downloading torch-2.13.0%2Bcpu-cp312-cp312-manylinux_2_28_x86_64.whl (191.8 MB)
   ━━━━━━━━━━━━━━━━━━━━━━━━━━━━━━━━━━━━━━━━ 191.8/191.8 MB 55.3 MB/s  0:00:03
Downloading fsspec-2026.4.0-py3-none-any.whl (203 kB)
Downloading networkx-3.6.1-py3-none-any.whl (2.1 MB)
   ━━━━━━━━━━━━━━━━━━━━━━━━━━━━━━━━━━━━━━━━ 2.1/2.1 MB 34.0 MB/s  0:00:00
Downloading setuptools-78.1.0-py3-none-any.whl (1.3 MB)
   ━━━━━━━━━━━━━━━━━━━━━━━━━━━━━━━━━━━━━━━━ 1.3/1.3 MB 17.4 MB/s  0:00:00
Downloading sympy-1.14.0-py3-none-any.whl (6.3 MB)
   ━━━━━━━━━━━━━━━━━━━━━━━━━━━━━━━━━━━━━━━━ 6.3/6.3 MB 20.0 MB/s  0:00:00
Downloading mpmath-1.3.0-py3-none-any.whl (536 kB)
   ━━━━━━━━━━━━━━━━━━━━━━━━━━━━━━━━━━━━━━━━ 536.2/536.2 kB 43.3 MB/s  0:00:00
Downloading typing_extensions-4.15.0-py3-none-any.whl (44 kB)
Downloading filelock-3.29.0-py3-none-any.whl (39 kB)
Downloading jinja2-3.1.6-py3-none-any.whl (134 kB)
Downloading markupsafe-3.0.3-cp312-cp312-manylinux2014_x86_64.manylinux_2_17_x86_64.manylinux_2_28_x86_64.whl (22 kB)
Installing collected packages: mpmath, typing-extensions, sympy, setuptools, networkx, MarkupSafe, fsspec, filelock, jinja2, torch

Successfully installed MarkupSafe-3.0.3 filelock-3.29.0 fsspec-2026.4.0 jinja2-3.1.6 mpmath-1.3.0 networkx-3.6.1 setuptools-78.1.0 sympy-1.14.0 torch-2.13.0+cpu typing-extensions-4.15.0
Requirement already satisfied: filelock in ./.venv/lib/python3.12/site-packages (from -r 570/requirements.txt (line 1)) (3.29.0)
Collecting httpx (from -r 570/requirements.txt (line 2))
  Downloading httpx-0.28.1-py3-none-any.whl.metadata (7.1 kB)
Collecting huggingface_hub (from -r 570/requirements.txt (line 3))
  Downloading huggingface_hub-1.24.0-py3-none-any.whl.metadata (16 kB)
Collecting numpy (from -r 570/requirements.txt (line 4))
  Downloading numpy-2.5.1-cp312-cp312-manylinux_2_27_x86_64.manylinux_2_28_x86_64.whl.metadata (6.6 kB)
Collecting Pillow (from -r 570/requirements.txt (line 5))
  Downloading pillow-12.3.0-cp312-cp312-manylinux_2_27_x86_64.manylinux_2_28_x86_64.whl.metadata (9.1 kB)
Collecting regex (from -r 570/requirements.txt (line 6))
  Downloading regex-2026.7.10-cp312-cp312-manylinux2014_x86_64.manylinux_2_17_x86_64.manylinux_2_28_x86_64.whl.metadata (40 kB)
Collecting requests (from -r 570/requirements.txt (line 7))
  Downloading requests-2.34.2-py3-none-any.whl.metadata (4.8 kB)
Collecting safetensors (from -r 570/requirements.txt (line 8))
  Downloading safetensors-0.8.0-cp310-abi3-manylinux_2_17_x86_64.manylinux2014_x86_64.whl.metadata (4.2 kB)
Collecting anyio (from httpx->-r 570/requirements.txt (line 2))
  Downloading anyio-4.14.2-py3-none-any.whl.metadata (4.6 kB)
Collecting certifi (from httpx->-r 570/requirements.txt (line 2))
  Downloading certifi-2026.6.17-py3-none-any.whl.metadata (2.5 kB)
Collecting httpcore==1.* (from httpx->-r 570/requirements.txt (line 2))
  Downloading httpcore-1.0.9-py3-none-any.whl.metadata (21 kB)
Collecting idna (from httpx->-r 570/requirements.txt (line 2))
  Downloading idna-3.18-py3-none-any.whl.metadata (6.1 kB)
Collecting h11>=0.16 (from httpcore==1.*->httpx->-r 570/requirements.txt (line 2))
  Downloading h11-0.16.0-py3-none-any.whl.metadata (8.3 kB)
Collecting click<9.0.0,>=8.4.2 (from huggingface_hub->-r 570/requirements.txt (line 3))
  Downloading click-8.4.2-py3-none-any.whl.metadata (2.6 kB)
Requirement already satisfied: fsspec>=2023.5.0 in ./.venv/lib/python3.12/site-packages (from huggingface_hub->-r 570/requirements.txt (line 3)) (2026.4.0)
Collecting hf-xet<2.0.0,>=1.5.1 (from huggingface_hub->-r 570/requirements.txt (line 3))
  Downloading hf_xet-1.5.2-cp38-abi3-manylinux2014_x86_64.manylinux_2_17_x86_64.whl.metadata (4.9 kB)
Collecting packaging>=20.9 (from huggingface_hub->-r 570/requirements.txt (line 3))
  Downloading packaging-26.2-py3-none-any.whl.metadata (3.5 kB)
Collecting pyyaml>=5.1 (from huggingface_hub->-r 570/requirements.txt (line 3))
  Downloading pyyaml-6.0.3-cp312-cp312-manylinux2014_x86_64.manylinux_2_17_x86_64.manylinux_2_28_x86_64.whl.metadata (2.4 kB)
Collecting tqdm>=4.42.1 (from huggingface_hub->-r 570/requirements.txt (line 3))
  Downloading tqdm-4.68.4-py3-none-any.whl.metadata (57 kB)
Requirement already satisfied: typing-extensions>=4.1.0 in ./.venv/lib/python3.12/site-packages (from huggingface_hub->-r 570/requirements.txt (line 3)) (4.15.0)
Collecting charset_normalizer<4,>=2 (from requests->-r 570/requirements.txt (line 7))
  Downloading charset_normalizer-3.4.9-cp312-cp312-manylinux2014_x86_64.manylinux_2_17_x86_64.manylinux_2_28_x86_64.whl.metadata (41 kB)
Collecting urllib3<3,>=1.26 (from requests->-r 570/requirements.txt (line 7))
  Downloading urllib3-2.7.0-py3-none-any.whl.metadata (6.9 kB)
Downloading httpx-0.28.1-py3-none-any.whl (73 kB)
Downloading httpcore-1.0.9-py3-none-any.whl (78 kB)
Downloading huggingface_hub-1.24.0-py3-none-any.whl (771 kB)
   ━━━━━━━━━━━━━━━━━━━━━━━━━━━━━━━━━━━━━━━━ 771.9/771.9 kB 27.3 MB/s  0:00:00
Downloading click-8.4.2-py3-none-any.whl (119 kB)
Downloading hf_xet-1.5.2-cp38-abi3-manylinux2014_x86_64.manylinux_2_17_x86_64.whl (4.4 MB)
   ━━━━━━━━━━━━━━━━━━━━━━━━━━━━━━━━━━━━━━━━ 4.4/4.4 MB 41.9 MB/s  0:00:00
Downloading numpy-2.5.1-cp312-cp312-manylinux_2_27_x86_64.manylinux_2_28_x86_64.whl (16.7 MB)
   ━━━━━━━━━━━━━━━━━━━━━━━━━━━━━━━━━━━━━━━━ 16.7/16.7 MB 74.0 MB/s  0:00:00
Downloading pillow-12.3.0-cp312-cp312-manylinux_2_27_x86_64.manylinux_2_28_x86_64.whl (6.9 MB)
   ━━━━━━━━━━━━━━━━━━━━━━━━━━━━━━━━━━━━━━━━ 6.9/6.9 MB 76.3 MB/s  0:00:00
Downloading regex-2026.7.10-cp312-cp312-manylinux2014_x86_64.manylinux_2_17_x86_64.manylinux_2_28_x86_64.whl (801 kB)
   ━━━━━━━━━━━━━━━━━━━━━━━━━━━━━━━━━━━━━━━━ 801.3/801.3 kB 71.5 MB/s  0:00:00
Downloading requests-2.34.2-py3-none-any.whl (73 kB)
Downloading charset_normalizer-3.4.9-cp312-cp312-manylinux2014_x86_64.manylinux_2_17_x86_64.manylinux_2_28_x86_64.whl (224 kB)
Downloading idna-3.18-py3-none-any.whl (65 kB)
Downloading urllib3-2.7.0-py3-none-any.whl (131 kB)
Downloading safetensors-0.8.0-cp310-abi3-manylinux_2_17_x86_64.manylinux2014_x86_64.whl (516 kB)
Downloading certifi-2026.6.17-py3-none-any.whl (133 kB)
Downloading h11-0.16.0-py3-none-any.whl (37 kB)
Downloading packaging-26.2-py3-none-any.whl (100 kB)
Downloading pyyaml-6.0.3-cp312-cp312-manylinux2014_x86_64.manylinux_2_17_x86_64.manylinux_2_28_x86_64.whl (807 kB)
   ━━━━━━━━━━━━━━━━━━━━━━━━━━━━━━━━━━━━━━━━ 807.9/807.9 kB 69.9 MB/s  0:00:00
Downloading tqdm-4.68.4-py3-none-any.whl (676 kB)
   ━━━━━━━━━━━━━━━━━━━━━━━━━━━━━━━━━━━━━━━━ 676.6/676.6 kB 94.3 MB/s  0:00:00
Downloading anyio-4.14.2-py3-none-any.whl (125 kB)
Installing collected packages: urllib3, tqdm, safetensors, regex, pyyaml, Pillow, packaging, numpy, idna, hf-xet, h11, click, charset_normalizer, certifi, requests, httpcore, anyio, httpx, huggingface_hub

Successfully installed Pillow-12.3.0 anyio-4.14.2 certifi-2026.6.17 charset_normalizer-3.4.9 click-8.4.2 h11-0.16.0 hf-xet-1.5.2 httpcore-1.0.9 httpx-0.28.1 huggingface_hub-1.24.0 idna-3.18 numpy-2.5.1 packaging-26.2 pyyaml-6.0.3 regex-2026.7.10 requests-2.34.2 safetensors-0.8.0 tqdm-4.68.4 urllib3-2.7.0
Obtaining file://570/codebase
  Installing build dependencies: started
  Installing build dependencies: finished with status 'done'
  Checking if build backend supports build_editable: started
  Checking if build backend supports build_editable: finished with status 'done'
  Getting requirements to build editable: started
  Getting requirements to build editable: finished with status 'done'
  Preparing editable metadata (pyproject.toml): started
  Preparing editable metadata (pyproject.toml): finished with status 'done'
Collecting importlib_metadata (from diffusers==0.39.0.dev0)
  Downloading importlib_metadata-9.0.0-py3-none-any.whl.metadata (4.5 kB)
Requirement already satisfied: filelock in ./.venv/lib/python3.12/site-packages (from diffusers==0.39.0.dev0) (3.29.0)
Requirement already satisfied: httpx<1.0.0 in ./.venv/lib/python3.12/site-packages (from diffusers==0.39.0.dev0) (0.28.1)
Requirement already satisfied: huggingface-hub<2.0,>=0.34.0 in ./.venv/lib/python3.12/site-packages (from diffusers==0.39.0.dev0) (1.24.0)
Requirement already satisfied: numpy in ./.venv/lib/python3.12/site-packages (from diffusers==0.39.0.dev0) (2.5.1)
Requirement already satisfied: regex!=2019.12.17 in ./.venv/lib/python3.12/site-packages (from diffusers==0.39.0.dev0) (2026.7.10)
Requirement already satisfied: requests in ./.venv/lib/python3.12/site-packages (from diffusers==0.39.0.dev0) (2.34.2)
Requirement already satisfied: safetensors>=0.8.0-rc.0 in ./.venv/lib/python3.12/site-packages (from diffusers==0.39.0.dev0) (0.8.0)
Requirement already satisfied: Pillow in ./.venv/lib/python3.12/site-packages (from diffusers==0.39.0.dev0) (12.3.0)
Requirement already satisfied: anyio in ./.venv/lib/python3.12/site-packages (from httpx<1.0.0->diffusers==0.39.0.dev0) (4.14.2)
Requirement already satisfied: certifi in ./.venv/lib/python3.12/site-packages (from httpx<1.0.0->diffusers==0.39.0.dev0) (2026.6.17)
Requirement already satisfied: httpcore==1.* in ./.venv/lib/python3.12/site-packages (from httpx<1.0.0->diffusers==0.39.0.dev0) (1.0.9)
Requirement already satisfied: idna in ./.venv/lib/python3.12/site-packages (from httpx<1.0.0->diffusers==0.39.0.dev0) (3.18)
Requirement already satisfied: h11>=0.16 in ./.venv/lib/python3.12/site-packages (from httpcore==1.*->httpx<1.0.0->diffusers==0.39.0.dev0) (0.16.0)
Requirement already satisfied: click<9.0.0,>=8.4.2 in ./.venv/lib/python3.12/site-packages (from huggingface-hub<2.0,>=0.34.0->diffusers==0.39.0.dev0) (8.4.2)
Requirement already satisfied: fsspec>=2023.5.0 in ./.venv/lib/python3.12/site-packages (from huggingface-hub<2.0,>=0.34.0->diffusers==0.39.0.dev0) (2026.4.0)
Requirement already satisfied: hf-xet<2.0.0,>=1.5.1 in ./.venv/lib/python3.12/site-packages (from huggingface-hub<2.0,>=0.34.0->diffusers==0.39.0.dev0) (1.5.2)
Requirement already satisfied: packaging>=20.9 in ./.venv/lib/python3.12/site-packages (from huggingface-hub<2.0,>=0.34.0->diffusers==0.39.0.dev0) (26.2)
Requirement already satisfied: pyyaml>=5.1 in ./.venv/lib/python3.12/site-packages (from huggingface-hub<2.0,>=0.34.0->diffusers==0.39.0.dev0) (6.0.3)
Requirement already satisfied: tqdm>=4.42.1 in ./.venv/lib/python3.12/site-packages (from huggingface-hub<2.0,>=0.34.0->diffusers==0.39.0.dev0) (4.68.4)
Requirement already satisfied: typing-extensions>=4.1.0 in ./.venv/lib/python3.12/site-packages (from huggingface-hub<2.0,>=0.34.0->diffusers==0.39.0.dev0) (4.15.0)
Collecting zipp>=3.20 (from importlib_metadata->diffusers==0.39.0.dev0)
  Downloading zipp-4.1.0-py3-none-any.whl.metadata (3.6 kB)
Requirement already satisfied: charset_normalizer<4,>=2 in ./.venv/lib/python3.12/site-packages (from requests->diffusers==0.39.0.dev0) (3.4.9)
Requirement already satisfied: urllib3<3,>=1.26 in ./.venv/lib/python3.12/site-packages (from requests->diffusers==0.39.0.dev0) (2.7.0)
Downloading importlib_metadata-9.0.0-py3-none-any.whl (27 kB)
Downloading zipp-4.1.0-py3-none-any.whl (10 kB)
Building wheels for collected packages: diffusers
  Building editable for diffusers (pyproject.toml): started
  Building editable for diffusers (pyproject.toml): finished with status 'done'
  Created wheel for diffusers: filename=diffusers-0.39.0.dev0-0.editable-py3-none-any.whl size=11442 sha256=3a8fb373281b46db369577fe29177e73e467679b5c0fdaaa484d5f1eaba721dd
  Stored in directory: /tmp/pip-ephem-wheel-cache-l1qrb7h9/wheels/5f/2a/e4/78ff97f74194d96594f2636978ace1bc495f29ee8898ac3595
Successfully built diffusers
Installing collected packages: zipp, importlib_metadata, diffusers

Successfully installed diffusers-0.39.0.dev0 importlib_metadata-9.0.0 zipp-4.1.0
{
  "backend": "gloo",
  "device": "cpu",
  "max_abs_diff": 0.022140145301818848,
  "mean_no_sp": 0.05756884068250656,
  "mean_sp": 0.057790257036685944,
  "mismatched_elements": 30,
  "output_shape": [
    2,
    16,
    16
  ],
  "sp_size": 2
}
