`enable_parallelism` is an experimental feature. The API may change in the future and breaking changes may be introduced at any time without warning.
570/codebase/src/diffusers/hooks/context_parallel.py:261: FutureWarning: `torch.distributed._functional_collectives.all_gather_tensor` is deprecated. Please use `torch.distributed._functional_collectives.all_gather_single` instead.
  return funcol.all_gather_tensor(tensor, dim, group=group)
570/codebase/src/diffusers/hooks/context_parallel.py:261: FutureWarning: `torch.distributed._functional_collectives.all_gather_tensor` is deprecated. Please use `torch.distributed._functional_collectives.all_gather_single` instead.
  return funcol.all_gather_tensor(tensor, dim, group=group)
Traceback (most recent call last):
  File "570/repro.py", line 139, in <module>
    main()
  File "570/repro.py", line 135, in main
    mp.spawn(_worker, args=(SP_SIZE, port), nprocs=SP_SIZE, join=True)
  File "570/.venv/lib/python3.12/site-packages/torch/multiprocessing/spawn.py", line 340, in spawn
    return start_processes(fn, args, nprocs, join, daemon, start_method="spawn")
           ^^^^^^^^^^^^^^^^^^^^^^^^^^^^^^^^^^^^^^^^^^^^^^^^^^^^^^^^^^^^^^^^^^^^^
  File "570/.venv/lib/python3.12/site-packages/torch/multiprocessing/spawn.py", line 296, in start_processes
    while not context.join():
              ^^^^^^^^^^^^^^
  File "570/.venv/lib/python3.12/site-packages/torch/multiprocessing/spawn.py", line 211, in join
    raise ProcessRaisedException(msg, error_index, failed_process.pid)
torch.multiprocessing.spawn.ProcessRaisedException: 

-- Process 0 terminated with the following error:
Traceback (most recent call last):
  File "570/.venv/lib/python3.12/site-packages/torch/multiprocessing/spawn.py", line 87, in _wrap
    fn(i, *args)
  File "570/repro.py", line 128, in _worker
    torch.testing.assert_close(output_sp.float(), output_no_sp.float(), rtol=1e-2, atol=1e-2)
  File "570/.venv/lib/python3.12/site-packages/torch/testing/_comparison.py", line 1631, in assert_close
    raise error_metas[0].to_error(msg)
AssertionError: Tensor-likes are not close!

Mismatched elements: 30 / 512 (5.9%)
Greatest absolute difference: 0.022140145301818848 at index (0, 3, 4) (up to 0.01 allowed)
Greatest relative difference: 0.5325403213500977 at index (0, 6, 3) (up to 0.01 allowed)

