[setup] installing runtime dependencies
Requirement already satisfied: filelock in /usr/lib/python3/dist-packages (from -r requirements.txt (line 1)) (3.13.1)
Requirement already satisfied: huggingface-hub in /users/grad/mehil/.local/lib/python3.12/site-packages (from -r requirements.txt (line 2)) (1.23.0)
Requirement already satisfied: numpy in /users/grad/mehil/.local/lib/python3.12/site-packages (from -r requirements.txt (line 3)) (2.5.1)
Requirement already satisfied: packaging in /users/grad/mehil/.local/lib/python3.12/site-packages (from -r requirements.txt (line 4)) (26.2)
Requirement already satisfied: pyyaml in /usr/lib/python3/dist-packages (from -r requirements.txt (line 5)) (6.0.1)
Requirement already satisfied: regex in /users/grad/mehil/.local/lib/python3.12/site-packages (from -r requirements.txt (line 6)) (2026.7.10)
Requirement already satisfied: requests in /usr/lib/python3/dist-packages (from -r requirements.txt (line 7)) (2.31.0)
Requirement already satisfied: safetensors in /users/grad/mehil/.local/lib/python3.12/site-packages (from -r requirements.txt (line 8)) (0.8.0)
Requirement already satisfied: torch in /users/grad/mehil/.local/lib/python3.12/site-packages (from -r requirements.txt (line 9)) (2.13.0)
Requirement already satisfied: tokenizers<=0.23.0 in /users/grad/mehil/.local/lib/python3.12/site-packages (from -r requirements.txt (line 10)) (0.22.2)
Requirement already satisfied: tqdm in /users/grad/mehil/.local/lib/python3.12/site-packages (from -r requirements.txt (line 11)) (4.68.4)
Requirement already satisfied: typer-slim in /users/grad/mehil/.local/lib/python3.12/site-packages (from -r requirements.txt (line 12)) (0.24.0)
Requirement already satisfied: click<9.0.0,>=8.4.2 in /users/grad/mehil/.local/lib/python3.12/site-packages (from huggingface-hub->-r requirements.txt (line 2)) (8.4.2)
Requirement already satisfied: fsspec>=2023.5.0 in /users/grad/mehil/.local/lib/python3.12/site-packages (from huggingface-hub->-r requirements.txt (line 2)) (2026.6.0)
Requirement already satisfied: hf-xet<2.0.0,>=1.5.1 in /users/grad/mehil/.local/lib/python3.12/site-packages (from huggingface-hub->-r requirements.txt (line 2)) (1.5.2)
Requirement already satisfied: httpx<1,>=0.23.0 in /users/grad/mehil/.local/lib/python3.12/site-packages (from huggingface-hub->-r requirements.txt (line 2)) (0.28.1)
Requirement already satisfied: typing-extensions>=4.1.0 in /usr/lib/python3/dist-packages (from huggingface-hub->-r requirements.txt (line 2)) (4.10.0)
Requirement already satisfied: setuptools>=77.0.3 in /users/grad/mehil/.local/lib/python3.12/site-packages (from torch->-r requirements.txt (line 9)) (83.0.0)
Requirement already satisfied: sympy>=1.13.3 in /users/grad/mehil/.local/lib/python3.12/site-packages (from torch->-r requirements.txt (line 9)) (1.14.0)
Requirement already satisfied: networkx>=2.5.1 in /users/grad/mehil/.local/lib/python3.12/site-packages (from torch->-r requirements.txt (line 9)) (3.6.1)
Requirement already satisfied: jinja2 in /usr/lib/python3/dist-packages (from torch->-r requirements.txt (line 9)) (3.1.2)
Requirement already satisfied: cuda-toolkit==13.0.3 in /users/grad/mehil/.local/lib/python3.12/site-packages (from cuda-toolkit[cublas,cudart,cufft,cufile,cupti,curand,cusolver,cusparse,nvjitlink,nvrtc,nvtx]==13.0.3; platform_system == "Linux"->torch->-r requirements.txt (line 9)) (13.0.3.0)
Requirement already satisfied: cuda-bindings<14,>=13.0.3 in /users/grad/mehil/.local/lib/python3.12/site-packages (from torch->-r requirements.txt (line 9)) (13.3.1)
Requirement already satisfied: nvidia-cudnn-cu13==9.20.0.48 in /users/grad/mehil/.local/lib/python3.12/site-packages (from torch->-r requirements.txt (line 9)) (9.20.0.48)
Requirement already satisfied: nvidia-cusparselt-cu13==0.8.1 in /users/grad/mehil/.local/lib/python3.12/site-packages (from torch->-r requirements.txt (line 9)) (0.8.1)
Requirement already satisfied: nvidia-nccl-cu13==2.29.7 in /users/grad/mehil/.local/lib/python3.12/site-packages (from torch->-r requirements.txt (line 9)) (2.29.7)
Requirement already satisfied: nvidia-nvshmem-cu13==3.4.5 in /users/grad/mehil/.local/lib/python3.12/site-packages (from torch->-r requirements.txt (line 9)) (3.4.5)
Requirement already satisfied: triton==3.7.1 in /users/grad/mehil/.local/lib/python3.12/site-packages (from torch->-r requirements.txt (line 9)) (3.7.1)
Requirement already satisfied: nvidia-cublas==13.1.1.3.* in /users/grad/mehil/.local/lib/python3.12/site-packages (from cuda-toolkit[cublas,cudart,cufft,cufile,cupti,curand,cusolver,cusparse,nvjitlink,nvrtc,nvtx]==13.0.3; platform_system == "Linux"->torch->-r requirements.txt (line 9)) (13.1.1.3)
Requirement already satisfied: nvidia-cuda-nvrtc==13.0.88.* in /users/grad/mehil/.local/lib/python3.12/site-packages (from cuda-toolkit[cublas,cudart,cufft,cufile,cupti,curand,cusolver,cusparse,nvjitlink,nvrtc,nvtx]==13.0.3; platform_system == "Linux"->torch->-r requirements.txt (line 9)) (13.0.88)
Requirement already satisfied: nvidia-cuda-runtime==13.0.96.* in /users/grad/mehil/.local/lib/python3.12/site-packages (from cuda-toolkit[cublas,cudart,cufft,cufile,cupti,curand,cusolver,cusparse,nvjitlink,nvrtc,nvtx]==13.0.3; platform_system == "Linux"->torch->-r requirements.txt (line 9)) (13.0.96)
Requirement already satisfied: nvidia-cufft==12.0.0.61.* in /users/grad/mehil/.local/lib/python3.12/site-packages (from cuda-toolkit[cublas,cudart,cufft,cufile,cupti,curand,cusolver,cusparse,nvjitlink,nvrtc,nvtx]==13.0.3; platform_system == "Linux"->torch->-r requirements.txt (line 9)) (12.0.0.61)
Requirement already satisfied: nvidia-nvjitlink<14,>=13.0.88 in /users/grad/mehil/.local/lib/python3.12/site-packages (from cuda-toolkit[cublas,cudart,cufft,cufile,cupti,curand,cusolver,cusparse,nvjitlink,nvrtc,nvtx]==13.0.3; platform_system == "Linux"->torch->-r requirements.txt (line 9)) (13.3.33)
Requirement already satisfied: nvidia-cufile==1.15.1.6.* in /users/grad/mehil/.local/lib/python3.12/site-packages (from cuda-toolkit[cublas,cudart,cufft,cufile,cupti,curand,cusolver,cusparse,nvjitlink,nvrtc,nvtx]==13.0.3; platform_system == "Linux"->torch->-r requirements.txt (line 9)) (1.15.1.6)
Requirement already satisfied: nvidia-cuda-cupti==13.0.85.* in /users/grad/mehil/.local/lib/python3.12/site-packages (from cuda-toolkit[cublas,cudart,cufft,cufile,cupti,curand,cusolver,cusparse,nvjitlink,nvrtc,nvtx]==13.0.3; platform_system == "Linux"->torch->-r requirements.txt (line 9)) (13.0.85)
Requirement already satisfied: nvidia-curand==10.4.0.35.* in /users/grad/mehil/.local/lib/python3.12/site-packages (from cuda-toolkit[cublas,cudart,cufft,cufile,cupti,curand,cusolver,cusparse,nvjitlink,nvrtc,nvtx]==13.0.3; platform_system == "Linux"->torch->-r requirements.txt (line 9)) (10.4.0.35)
Requirement already satisfied: nvidia-cusolver==12.0.4.66.* in /users/grad/mehil/.local/lib/python3.12/site-packages (from cuda-toolkit[cublas,cudart,cufft,cufile,cupti,curand,cusolver,cusparse,nvjitlink,nvrtc,nvtx]==13.0.3; platform_system == "Linux"->torch->-r requirements.txt (line 9)) (12.0.4.66)
Requirement already satisfied: nvidia-cusparse==12.6.3.3.* in /users/grad/mehil/.local/lib/python3.12/site-packages (from cuda-toolkit[cublas,cudart,cufft,cufile,cupti,curand,cusolver,cusparse,nvjitlink,nvrtc,nvtx]==13.0.3; platform_system == "Linux"->torch->-r requirements.txt (line 9)) (12.6.3.3)
Requirement already satisfied: nvidia-nvtx==13.0.85.* in /users/grad/mehil/.local/lib/python3.12/site-packages (from cuda-toolkit[cublas,cudart,cufft,cufile,cupti,curand,cusolver,cusparse,nvjitlink,nvrtc,nvtx]==13.0.3; platform_system == "Linux"->torch->-r requirements.txt (line 9)) (13.0.85)
Requirement already satisfied: typer>=0.24.0 in /users/grad/mehil/.local/lib/python3.12/site-packages (from typer-slim->-r requirements.txt (line 12)) (0.27.0)
Requirement already satisfied: cuda-pathfinder>=1.4.2 in /users/grad/mehil/.local/lib/python3.12/site-packages (from cuda-bindings<14,>=13.0.3->torch->-r requirements.txt (line 9)) (1.5.6)
Requirement already satisfied: anyio in /users/grad/mehil/.local/lib/python3.12/site-packages (from httpx<1,>=0.23.0->huggingface-hub->-r requirements.txt (line 2)) (4.14.2)
Requirement already satisfied: certifi in /usr/lib/python3/dist-packages (from httpx<1,>=0.23.0->huggingface-hub->-r requirements.txt (line 2)) (2023.11.17)
Requirement already satisfied: httpcore==1.* in /users/grad/mehil/.local/lib/python3.12/site-packages (from httpx<1,>=0.23.0->huggingface-hub->-r requirements.txt (line 2)) (1.0.9)
Requirement already satisfied: idna in /usr/lib/python3/dist-packages (from httpx<1,>=0.23.0->huggingface-hub->-r requirements.txt (line 2)) (3.6)
Requirement already satisfied: h11>=0.16 in /users/grad/mehil/.local/lib/python3.12/site-packages (from httpcore==1.*->httpx<1,>=0.23.0->huggingface-hub->-r requirements.txt (line 2)) (0.16.0)
Requirement already satisfied: mpmath<1.4,>=1.1.0 in /users/grad/mehil/.local/lib/python3.12/site-packages (from sympy>=1.13.3->torch->-r requirements.txt (line 9)) (1.3.0)
Requirement already satisfied: shellingham>=1.3.0 in /users/grad/mehil/.local/lib/python3.12/site-packages (from typer>=0.24.0->typer-slim->-r requirements.txt (line 12)) (1.5.4)
Requirement already satisfied: rich>=13.8.0 in /users/grad/mehil/.local/lib/python3.12/site-packages (from typer>=0.24.0->typer-slim->-r requirements.txt (line 12)) (15.0.0)
Requirement already satisfied: annotated-doc>=0.0.2 in /users/grad/mehil/.local/lib/python3.12/site-packages (from typer>=0.24.0->typer-slim->-r requirements.txt (line 12)) (0.0.4)
Requirement already satisfied: markdown-it-py>=2.2.0 in /usr/lib/python3/dist-packages (from rich>=13.8.0->typer>=0.24.0->typer-slim->-r requirements.txt (line 12)) (3.0.0)
Requirement already satisfied: pygments<3.0.0,>=2.13.0 in /usr/lib/python3/dist-packages (from rich>=13.8.0->typer>=0.24.0->typer-slim->-r requirements.txt (line 12)) (2.17.2)
Requirement already satisfied: mdurl~=0.1 in /usr/lib/python3/dist-packages (from markdown-it-py>=2.2.0->rich>=13.8.0->typer>=0.24.0->typer-slim->-r requirements.txt (line 12)) (0.1.2)
[run] executing repro.py
{"python": "3.12.3", "torch": "2.13.0+cu130"}
labels as tensors
got error: TypeError('can only concatenate list (not "Tensor") to list')

labels as list
input_ids tensor([[1, 2, 3, 4, 5, 6, 7]])
labels tensor([[-100,   11,   12,   13, -100,   15,   16]])
position_ids tensor([[0, 1, 2, 3, 0, 1, 2]])

reproduced: True
