You are using a CUDA device ('NVIDIA RTX PRO 6000 Blackwell Max-Q Workstation Edition') that has Tensor Cores. To properly utilize them, you should set `torch.set_float32_matmul_precision('medium' | 'high')` which will trade-off precision for performance. For more details, read https://pytorch.org/docs/stable/generated/torch.set_float32_matmul_precision.html#torch.set_float32_matmul_precision
Initializing distributed: GLOBAL_RANK: 0, MEMBER: 1/1
----------------------------------------------------------------------------------------------------
distributed_backend=nccl
All distributed processes registered. Starting with 1 processes
----------------------------------------------------------------------------------------------------

[rank0]: Traceback (most recent call last):
[rank0]:   File "485/repro.py", line 69, in <module>
[rank0]:     main()
[rank0]:   File "485/repro.py", line 59, in main
[rank0]:     fabric.backward(loss)
[rank0]:   File "485/codebase/src/lightning_fabric/fabric.py", line 523, in backward
[rank0]:     self._strategy.backward(tensor, module, *args, **kwargs)
[rank0]:   File "485/codebase/src/lightning_fabric/strategies/strategy.py", line 192, in backward
[rank0]:     self.precision.backward(tensor, module, *args, **kwargs)
[rank0]:   File "485/codebase/src/lightning_fabric/plugins/precision/precision.py", line 107, in backward
[rank0]:     tensor.backward(*args, **kwargs)
[rank0]:   File "485/.venv/lib/python3.12/site-packages/torch/_tensor.py", line 623, in backward
[rank0]:     torch.autograd.backward(
[rank0]:   File "485/.venv/lib/python3.12/site-packages/torch/autograd/__init__.py", line 395, in backward
[rank0]:     _engine_run_backward(
[rank0]:   File "485/.venv/lib/python3.12/site-packages/torch/autograd/graph.py", line 979, in _engine_run_backward
[rank0]:     return Variable._execution_engine.run_backward(  # Calls into the C++ engine to run the backward pass
[rank0]:            ^^^^^^^^^^^^^^^^^^^^^^^^^^^^^^^^^^^^^^^^^^^^^^^^^^^^^^^^^^^^^^^^^^^^^^^^^^^^^^^^^^^^^^^^^^^^^^
[rank0]: UserWarning: The AccumulateGrad node's stream does not match the stream of the node that produced the incoming gradient. This may incur unnecessary synchronization and break CUDA graph capture if the AccumulateGrad node's stream is the default stream. This mismatch is caused by an AccumulateGrad node created prior to the current iteration being kept alive. This can happen if the autograd graph is still being kept alive by tensors such as the loss, or if you are using DDP, which will stash a reference to the node. To resolve the mismatch, delete all references to the autograd graph or ensure that DDP initialization is performed under the same stream as subsequent forwards. If the mismatch is intentional, you can use torch.autograd.graph.set_warn_on_accumulate_grad_stream_mismatch(False) to suppress this warning. (Triggered internally at /__w/pytorch/pytorch/torch/csrc/autograd/input_buffer.cpp:310.)
