compiled_failed RuntimeError: mat1 and mat2 must have the same dtype, but got Float and BFloat16
Traceback (most recent call last):
  File "331/repro.py", line 90, in main
    compiled_outputs = compiled(
                       ^^^^^^^^^
  File "331/.venv/lib/python3.12/site-packages/torch/_dynamo/eval_frame.py", line 511, in __call__
    return super().__call__(*args, **kwargs)
           ^^^^^^^^^^^^^^^^^^^^^^^^^^^^^^^^^
  File "331/.venv/lib/python3.12/site-packages/torch/nn/modules/module.py", line 1778, in _wrapped_call_impl
    return self._call_impl(*args, **kwargs)
           ^^^^^^^^^^^^^^^^^^^^^^^^^^^^^^^^
  File "331/.venv/lib/python3.12/site-packages/torch/nn/modules/module.py", line 1789, in _call_impl
    return forward_call(*args, **kwargs)
           ^^^^^^^^^^^^^^^^^^^^^^^^^^^^^
  File "331/.venv/lib/python3.12/site-packages/torch/_dynamo/eval_frame.py", line 1166, in compile_wrapper
    result = fn(*args, **kwargs)
             ^^^^^^^^^^^^^^^^^^^
  File "331/.venv/lib/python3.12/site-packages/torch/nn/modules/module.py", line 1778, in _wrapped_call_impl
    return self._call_impl(*args, **kwargs)
           ^^^^^^^^^^^^^^^^^^^^^^^^^^^^^^^^
  File "331/.venv/lib/python3.12/site-packages/torch/nn/modules/module.py", line 1789, in _call_impl
    return forward_call(*args, **kwargs)
           ^^^^^^^^^^^^^^^^^^^^^^^^^^^^^
  File "331/codebase/src/transformers/utils/generic.py", line 911, in wrapper
    output = func(self, *args, **kwargs)
             ^^^^^^^^^^^^^^^^^^^^^^^^^^^
  File "331/codebase/src/transformers/models/sam3/modeling_sam3.py", line 2257, in forward
    @can_return_tuple
  File "331/.venv/lib/python3.12/site-packages/torch/_dynamo/eval_frame.py", line 1446, in _fn
    return fn(*args, **kwargs)
           ^^^^^^^^^^^^^^^^^^^
  File "331/.venv/lib/python3.12/site-packages/torch/_functorch/aot_autograd.py", line 1277, in forward
    return compiled_fn(full_args)
           ^^^^^^^^^^^^^^^^^^^^^^
  File "331/.venv/lib/python3.12/site-packages/torch/_functorch/_aot_autograd/runtime_wrappers.py", line 1141, in runtime_wrapper
    result = _codegen_runtime_wrapper(
             ^^^^^^^^^^^^^^^^^^^^^^^^^
  File "331/.venv/lib/python3.12/site-packages/torch/_functorch/_aot_autograd/subclass_codegen.py:codegen(runtime_wrapper_orchestration)", line 8, in _runtime_wrapper
  File "331/.venv/lib/python3.12/site-packages/torch/_functorch/_aot_autograd/runtime_wrappers.py", line 2548, in __call__
    return self.compiled_fn(*args, **kwargs)
           ^^^^^^^^^^^^^^^^^^^^^^^^^^^^^^^^^
  File "331/.venv/lib/python3.12/site-packages/torch/_inductor/output_code.py", line 763, in __call__
    return self.current_callable(inputs)
           ^^^^^^^^^^^^^^^^^^^^^^^^^^^^^
  File "/tmp/torchinductor_mehil/ge/cge4zwlc5qnvggv36fte3avbhfoubd75qtvkwabfsze5gs2tufqi.py", line 4214, in call
    extern_kernels.addmm(arg108_1, reinterpret_tensor(buf125, (16, 16), (16, 1), 0), reinterpret_tensor(arg107_1, (16, 16), (1, 16), 0), alpha=1, beta=1, out=buf126)
  File "331/.venv/lib/python3.12/site-packages/torch/_compile.py", line 54, in inner
    return disable_fn(*args, **kwargs)
           ^^^^^^^^^^^^^^^^^^^^^^^^^^^
  File "331/.venv/lib/python3.12/site-packages/torch/_dynamo/eval_frame.py", line 1446, in _fn
    return fn(*args, **kwargs)
           ^^^^^^^^^^^^^^^^^^^
  File "331/.venv/lib/python3.12/site-packages/torch/_functorch/_aot_autograd/runtime_wrappers.py", line 432, in __torch_dispatch__
    res = func(*args, **kwargs)
          ^^^^^^^^^^^^^^^^^^^^^
  File "331/.venv/lib/python3.12/site-packages/torch/_ops.py", line 875, in __call__
    return self._op(*args, **kwargs)
           ^^^^^^^^^^^^^^^^^^^^^^^^^
RuntimeError: mat1 and mat2 must have the same dtype, but got Float and BFloat16
