2026-07-17 10:29:20.578726: I tensorflow/core/util/port.cc:153] oneDNN custom operations are on. You may see slightly different numerical results due to floating-point round-off errors from different computation orders. To turn them off, set the environment variable `TF_ENABLE_ONEDNN_OPTS=0`.
2026-07-17 10:29:20.614693: I tensorflow/core/platform/cpu_feature_guard.cc:210] This TensorFlow binary is optimized to use available CPU instructions in performance-critical operations.
To enable the following instructions: AVX2 AVX512F AVX512_VNNI AVX512_BF16 AVX512_FP16 AVX_VNNI AMX_TILE AMX_INT8 AMX_BF16 FMA, in other operations, rebuild TensorFlow with the appropriate compiler flags.
2026-07-17 10:29:21.564402: I tensorflow/core/util/port.cc:153] oneDNN custom operations are on. You may see slightly different numerical results due to floating-point round-off errors from different computation orders. To turn them off, set the environment variable `TF_ENABLE_ONEDNN_OPTS=0`.
WARNING: All log messages before absl::InitializeLog() is called are written to STDERR
W0000 00:00:1784294962.213912 2677088 gpu_device.cc:2342] Cannot dlopen some GPU libraries. Please make sure the missing libraries mentioned above are installed properly if you would like to use GPU. Follow the guide at https://www.tensorflow.org/install/gpu for how to download and setup the required libraries for your platform.
Skipping registering GPU devices...
WARNING:tensorflow:AutoGraph could not transform <bound method BottleneckBlock.call of <official.vision.modeling.layers.nn_blocks.BottleneckBlock object at 0x73f84a773c90>> and will run it as-is.
Cause: Unable to locate the source code of <bound method BottleneckBlock.call of <official.vision.modeling.layers.nn_blocks.BottleneckBlock object at 0x73f84a773c90>>. Note that functions defined in certain environments, like the interactive Python shell, do not expose their source code. If that is the case, you should define them in a .py source file. If you are certain the code is graph-compatible, wrap the call using @tf.autograph.experimental.do_not_convert. Original error: could not get source code
To silence this warning, decorate the function with @tf.autograph.experimental.do_not_convert
WARNING:tensorflow:AutoGraph could not transform <bound method BottleneckBlock.call of <official.vision.modeling.layers.nn_blocks.BottleneckBlock object at 0x73f84a773c90>> and will run it as-is.
Cause: Unable to locate the source code of <bound method BottleneckBlock.call of <official.vision.modeling.layers.nn_blocks.BottleneckBlock object at 0x73f84a773c90>>. Note that functions defined in certain environments, like the interactive Python shell, do not expose their source code. If that is the case, you should define them in a .py source file. If you are certain the code is graph-compatible, wrap the call using @tf.autograph.experimental.do_not_convert. Original error: could not get source code
To silence this warning, decorate the function with @tf.autograph.experimental.do_not_convert
WARNING:tensorflow:AutoGraph could not transform <bound method SqueezeExcitation.call of <official.vision.modeling.layers.nn_layers.SqueezeExcitation object at 0x73f7c94c16d0>> and will run it as-is.
Cause: Unable to locate the source code of <bound method SqueezeExcitation.call of <official.vision.modeling.layers.nn_layers.SqueezeExcitation object at 0x73f7c94c16d0>>. Note that functions defined in certain environments, like the interactive Python shell, do not expose their source code. If that is the case, you should define them in a .py source file. If you are certain the code is graph-compatible, wrap the call using @tf.autograph.experimental.do_not_convert. Original error: could not get source code
To silence this warning, decorate the function with @tf.autograph.experimental.do_not_convert
WARNING:tensorflow:AutoGraph could not transform <bound method SqueezeExcitation.call of <official.vision.modeling.layers.nn_layers.SqueezeExcitation object at 0x73f7c94c16d0>> and will run it as-is.
Cause: Unable to locate the source code of <bound method SqueezeExcitation.call of <official.vision.modeling.layers.nn_layers.SqueezeExcitation object at 0x73f7c94c16d0>>. Note that functions defined in certain environments, like the interactive Python shell, do not expose their source code. If that is the case, you should define them in a .py source file. If you are certain the code is graph-compatible, wrap the call using @tf.autograph.experimental.do_not_convert. Original error: could not get source code
To silence this warning, decorate the function with @tf.autograph.experimental.do_not_convert
WARNING:tensorflow:AutoGraph could not transform <bound method Decoder.decode of <official.vision.dataloaders.classification_input.Decoder object at 0x73f58354f310>> and will run it as-is.
Cause: Unable to locate the source code of <bound method Decoder.decode of <official.vision.dataloaders.classification_input.Decoder object at 0x73f58354f310>>. Note that functions defined in certain environments, like the interactive Python shell, do not expose their source code. If that is the case, you should define them in a .py source file. If you are certain the code is graph-compatible, wrap the call using @tf.autograph.experimental.do_not_convert. Original error: could not get source code
To silence this warning, decorate the function with @tf.autograph.experimental.do_not_convert
WARNING:tensorflow:AutoGraph could not transform <bound method Decoder.decode of <official.vision.dataloaders.classification_input.Decoder object at 0x73f58354f310>> and will run it as-is.
Cause: Unable to locate the source code of <bound method Decoder.decode of <official.vision.dataloaders.classification_input.Decoder object at 0x73f58354f310>>. Note that functions defined in certain environments, like the interactive Python shell, do not expose their source code. If that is the case, you should define them in a .py source file. If you are certain the code is graph-compatible, wrap the call using @tf.autograph.experimental.do_not_convert. Original error: could not get source code
To silence this warning, decorate the function with @tf.autograph.experimental.do_not_convert
WARNING:tensorflow:AutoGraph could not transform <function Parser.parse_fn.<locals>.parse at 0x73f51c348f40> and will run it as-is.
Cause: Unable to locate the source code of <function Parser.parse_fn.<locals>.parse at 0x73f51c348f40>. Note that functions defined in certain environments, like the interactive Python shell, do not expose their source code. If that is the case, you should define them in a .py source file. If you are certain the code is graph-compatible, wrap the call using @tf.autograph.experimental.do_not_convert. Original error: could not get source code
To silence this warning, decorate the function with @tf.autograph.experimental.do_not_convert
WARNING:tensorflow:AutoGraph could not transform <function Parser.parse_fn.<locals>.parse at 0x73f51c348f40> and will run it as-is.
Cause: Unable to locate the source code of <function Parser.parse_fn.<locals>.parse at 0x73f51c348f40>. Note that functions defined in certain environments, like the interactive Python shell, do not expose their source code. If that is the case, you should define them in a .py source file. If you are certain the code is graph-compatible, wrap the call using @tf.autograph.experimental.do_not_convert. Original error: could not get source code
To silence this warning, decorate the function with @tf.autograph.experimental.do_not_convert
2026-07-17 10:29:26.564250: W tensorflow/core/framework/dataset.cc:993] Input of GeneratorDatasetOp::Dataset will not be optimized because the dataset does not implement the AsGraphDefInternal() method needed to apply optimizations.
2026-07-17 10:29:26.592006: I tensorflow/core/kernels/data/tf_record_dataset_op.cc:390] TFRecordDataset `buffer_size` is unspecified, default to 262144
I0000 00:00:1784295019.747465 2677088 devices.cc:67] Number of eligible GPUs (core count >= 8, compute capability >= 0.0): 1
I0000 00:00:1784295019.747603 2677088 single_machine.cc:376] Starting new session
W0000 00:00:1784295019.750734 2677088 gpu_device.cc:2342] Cannot dlopen some GPU libraries. Please make sure the missing libraries mentioned above are installed properly if you would like to use GPU. Follow the guide at https://www.tensorflow.org/install/gpu for how to download and setup the required libraries for your platform.
Skipping registering GPU devices...
WARNING:tensorflow:From 011/.venv311/lib/python3.11/site-packages/tensorflow/python/ops/nn_ops.py:5261: tensor_shape_from_node_def_name (from tensorflow.python.framework.graph_util_impl) is deprecated and will be removed in a future version.
Instructions for updating:
This API was designed for TensorFlow v1. See https://www.tensorflow.org/guide/migrate for instructions on how to migrate your code to TensorFlow v2.
WARNING:tensorflow:From 011/.venv311/lib/python3.11/site-packages/tensorflow/python/ops/nn_ops.py:5261: tensor_shape_from_node_def_name (from tensorflow.python.framework.graph_util_impl) is deprecated and will be removed in a future version.
Instructions for updating:
This API was designed for TensorFlow v1. See https://www.tensorflow.org/guide/migrate for instructions on how to migrate your code to TensorFlow v2.
