Warning: You are sending unauthenticated requests to the HF Hub. Please set a HF_TOKEN to enable higher rate limits and faster downloads.
Using a slow image processor as `use_fast` is unset and a slow processor was saved with this model. `use_fast=True` will be the default behavior in v4.52, even if the model was saved with a slow processor. This will result in minor differences in outputs. You'll still be able to use a slow processor with `use_fast=False`.
Traceback (most recent call last):
  File "152/repro.py", line 35, in <module>
    main()
  File "152/repro.py", line 30, in main
    result = pipe(image=IMAGE_URL, question=QUESTION)
             ^^^^^^^^^^^^^^^^^^^^^^^^^^^^^^^^^^^^^^^^
  File "152/codebase/src/transformers/pipelines/document_question_answering.py", line 310, in __call__
    return super().__call__(inputs, **kwargs)
           ^^^^^^^^^^^^^^^^^^^^^^^^^^^^^^^^^^
  File "152/codebase/src/transformers/pipelines/base.py", line 1270, in __call__
    return next(
           ^^^^^
  File "152/codebase/src/transformers/pipelines/pt_utils.py", line 126, in __next__
    item = next(self.iterator)
           ^^^^^^^^^^^^^^^^^^^
  File "152/codebase/src/transformers/pipelines/pt_utils.py", line 271, in __next__
    processed = self.infer(next(self.iterator), **self.params)
                ^^^^^^^^^^^^^^^^^^^^^^^^^^^^^^^^^^^^^^^^^^^^^^
  File "152/codebase/src/transformers/pipelines/base.py", line 1177, in forward
    model_outputs = self._forward(model_inputs, **forward_params)
                    ^^^^^^^^^^^^^^^^^^^^^^^^^^^^^^^^^^^^^^^^^^^^^
  File "152/codebase/src/transformers/pipelines/document_question_answering.py", line 468, in _forward
    model_outputs = self.model.generate(**model_inputs, **generate_kwargs)
                    ^^^^^^^^^^^^^^^^^^^^^^^^^^^^^^^^^^^^^^^^^^^^^^^^^^^^^^
  File "152/.venv/lib/python3.12/site-packages/torch/utils/_contextlib.py", line 124, in decorate_context
    return func(*args, **kwargs)
           ^^^^^^^^^^^^^^^^^^^^^
  File "152/codebase/src/transformers/generation/utils.py", line 2551, in generate
    self._prepare_special_tokens(generation_config, kwargs_has_attention_mask, device=device)
  File "152/codebase/src/transformers/generation/utils.py", line 2145, in _prepare_special_tokens
    raise ValueError(
ValueError: `decoder_start_token_id` or `bos_token_id` has to be defined for encoder-decoder generation.
