WARNING: All log messages before absl::InitializeLog() is called are written to STDERR
I0000 00:00:1784263287.087219 1716920 port.cc:153] oneDNN custom operations are on. You may see slightly different numerical results due to floating-point round-off errors from different computation orders. To turn them off, set the environment variable `TF_ENABLE_ONEDNN_OPTS=0`.
I0000 00:00:1784263287.115371 1716920 cpu_feature_guard.cc:227] This TensorFlow binary is optimized to use available CPU instructions in performance-critical operations.
To enable the following instructions: AVX2 AVX512F AVX512_VNNI AVX512_BF16 AVX512_FP16 AVX_VNNI AMX_TILE AMX_INT8 AMX_BF16 FMA, in other operations, rebuild TensorFlow with the appropriate compiler flags.
WARNING: All log messages before absl::InitializeLog() is called are written to STDERR
I0000 00:00:1784263287.986065 1716920 port.cc:153] oneDNN custom operations are on. You may see slightly different numerical results due to floating-point round-off errors from different computation orders. To turn them off, set the environment variable `TF_ENABLE_ONEDNN_OPTS=0`.
W0000 00:00:1784263288.409837 1716920 local_rendezvous.cc:412] Local rendezvous is aborting with status: INVALID_ARGUMENT: ConcatOp : Dimension 1 in both shapes must be equal: shape[0] = [4,2,4] vs. shape[1] = [4,1,4]
W0000 00:00:1784263288.410713 1716920 op_kernel.cc:1845] UNKNOWN: InvalidArgumentError: {{function_node __wrapped__ConcatV2_N_2_device_/job:localhost/replica:0/task:0/device:CPU:0}} ConcatOp : Dimension 1 in both shapes must be equal: shape[0] = [4,2,4] vs. shape[1] = [4,1,4] [Op:ConcatV2] name: concat
Traceback (most recent call last):

  File "068/.venv/lib/python3.12/site-packages/tensorflow/python/ops/script_ops.py", line 267, in __call__
    return func(device, token, args)
           ^^^^^^^^^^^^^^^^^^^^^^^^^

  File "068/.venv/lib/python3.12/site-packages/tensorflow/python/ops/script_ops.py", line 145, in __call__
    outputs = self._call(device, args)
              ^^^^^^^^^^^^^^^^^^^^^^^^

  File "068/.venv/lib/python3.12/site-packages/tensorflow/python/ops/script_ops.py", line 152, in _call
    ret = self._func(*args)
          ^^^^^^^^^^^^^^^^^

  File "068/.venv/lib/python3.12/site-packages/tensorflow/python/autograph/impl/api.py", line 643, in wrapper
    return func(*args, **kwargs)
           ^^^^^^^^^^^^^^^^^^^^^

  File "068/.venv/lib/python3.12/site-packages/keras_cv/src/metrics/object_detection/box_coco_metrics.py", line 205, in result_on_host_cpu
    return tf.constant(obj_result(force), obj.dtype)
                       ^^^^^^^^^^^^^^^^^

  File "068/.venv/lib/python3.12/site-packages/keras_cv/src/metrics/object_detection/box_coco_metrics.py", line 256, in result
    self._cached_result = self._compute_result()
                          ^^^^^^^^^^^^^^^^^^^^^^

  File "068/.venv/lib/python3.12/site-packages/keras_cv/src/metrics/object_detection/box_coco_metrics.py", line 264, in _compute_result
    _box_concat(self.ground_truths),
    ^^^^^^^^^^^^^^^^^^^^^^^^^^^^^^^

  File "068/.venv/lib/python3.12/site-packages/keras_cv/src/metrics/object_detection/box_coco_metrics.py", line 44, in _box_concat
    result[key] = tf.concat([b[key] for b in boxes], axis=0)
                  ^^^^^^^^^^^^^^^^^^^^^^^^^^^^^^^^^^^^^^^^^^

  File "068/.venv/lib/python3.12/site-packages/tensorflow/python/util/traceback_utils.py", line 167, in error_handler
    raise e.with_traceback(filtered_tb) from None

  File "068/.venv/lib/python3.12/site-packages/tensorflow/python/framework/ops.py", line 6027, in raise_from_not_ok_status
    raise core._status_to_exception(e) from None  # pylint: disable=protected-access
    ^^^^^^^^^^^^^^^^^^^^^^^^^^^^^^^^^^^^^^^^^^^^

tensorflow.python.framework.errors_impl.InvalidArgumentError: {{function_node __wrapped__ConcatV2_N_2_device_/job:localhost/replica:0/task:0/device:CPU:0}} ConcatOp : Dimension 1 in both shapes must be equal: shape[0] = [4,2,4] vs. shape[1] = [4,1,4] [Op:ConcatV2] name: concat


W0000 00:00:1784263288.410734 1716920 local_rendezvous.cc:412] Local rendezvous is aborting with status: UNKNOWN: InvalidArgumentError: {{function_node __wrapped__ConcatV2_N_2_device_/job:localhost/replica:0/task:0/device:CPU:0}} ConcatOp : Dimension 1 in both shapes must be equal: shape[0] = [4,2,4] vs. shape[1] = [4,1,4] [Op:ConcatV2] name: concat
Traceback (most recent call last):

  File "068/.venv/lib/python3.12/site-packages/tensorflow/python/ops/script_ops.py", line 267, in __call__
    return func(device, token, args)
           ^^^^^^^^^^^^^^^^^^^^^^^^^

  File "068/.venv/lib/python3.12/site-packages/tensorflow/python/ops/script_ops.py", line 145, in __call__
    outputs = self._call(device, args)
              ^^^^^^^^^^^^^^^^^^^^^^^^

  File "068/.venv/lib/python3.12/site-packages/tensorflow/python/ops/script_ops.py", line 152, in _call
    ret = self._func(*args)
          ^^^^^^^^^^^^^^^^^

  File "068/.venv/lib/python3.12/site-packages/tensorflow/python/autograph/impl/api.py", line 643, in wrapper
    return func(*args, **kwargs)
           ^^^^^^^^^^^^^^^^^^^^^

  File "068/.venv/lib/python3.12/site-packages/keras_cv/src/metrics/object_detection/box_coco_metrics.py", line 205, in result_on_host_cpu
    return tf.constant(obj_result(force), obj.dtype)
                       ^^^^^^^^^^^^^^^^^

  File "068/.venv/lib/python3.12/site-packages/keras_cv/src/metrics/object_detection/box_coco_metrics.py", line 256, in result
    self._cached_result = self._compute_result()
                          ^^^^^^^^^^^^^^^^^^^^^^

  File "068/.venv/lib/python3.12/site-packages/keras_cv/src/metrics/object_detection/box_coco_metrics.py", line 264, in _compute_result
    _box_concat(self.ground_truths),
    ^^^^^^^^^^^^^^^^^^^^^^^^^^^^^^^

  File "068/.venv/lib/python3.12/site-packages/keras_cv/src/metrics/object_detection/box_coco_metrics.py", line 44, in _box_concat
    result[key] = tf.concat([b[key] for b in boxes], axis=0)
                  ^^^^^^^^^^^^^^^^^^^^^^^^^^^^^^^^^^^^^^^^^^

  File "068/.venv/lib/python3.12/site-packages/tensorflow/python/util/traceback_utils.py", line 167, in error_handler
    raise e.with_traceback(filtered_tb) from None

  File "068/.venv/lib/python3.12/site-packages/tensorflow/python/framework/ops.py", line 6027, in raise_from_not_ok_status
    raise core._status_to_exception(e) from None  # pylint: disable=protected-access
    ^^^^^^^^^^^^^^^^^^^^^^^^^^^^^^^^^^^^^^^^^^^^

tensorflow.python.framework.errors_impl.InvalidArgumentError: {{function_node __wrapped__ConcatV2_N_2_device_/job:localhost/replica:0/task:0/device:CPU:0}} ConcatOp : Dimension 1 in both shapes must be equal: shape[0] = [4,2,4] vs. shape[1] = [4,1,4] [Op:ConcatV2] name: concat


Traceback (most recent call last):
  File "068/repro.py", line 40, in <module>
    main()
  File "068/repro.py", line 36, in main
    metric.result(force=True)
  File "068/.venv/lib/python3.12/site-packages/keras_cv/src/metrics/object_detection/box_coco_metrics.py", line 210, in result_fn
    py_func_result = tf.py_function(
                     ^^^^^^^^^^^^^^^
  File "068/.venv/lib/python3.12/site-packages/tensorflow/python/util/traceback_utils.py", line 167, in error_handler
    raise e.with_traceback(filtered_tb) from None
  File "068/.venv/lib/python3.12/site-packages/tensorflow/python/framework/ops.py", line 6027, in raise_from_not_ok_status
    raise core._status_to_exception(e) from None  # pylint: disable=protected-access
    ^^^^^^^^^^^^^^^^^^^^^^^^^^^^^^^^^^^^^^^^^^^^
tensorflow.python.framework.errors_impl.UnknownError: {{function_node __wrapped__EagerPyFunc_Tin_1_Tout_1_device_/job:localhost/replica:0/task:0/device:CPU:0}} InvalidArgumentError: {{function_node __wrapped__ConcatV2_N_2_device_/job:localhost/replica:0/task:0/device:CPU:0}} ConcatOp : Dimension 1 in both shapes must be equal: shape[0] = [4,2,4] vs. shape[1] = [4,1,4] [Op:ConcatV2] name: concat
Traceback (most recent call last):

  File "068/.venv/lib/python3.12/site-packages/tensorflow/python/ops/script_ops.py", line 267, in __call__
    return func(device, token, args)
           ^^^^^^^^^^^^^^^^^^^^^^^^^

  File "068/.venv/lib/python3.12/site-packages/tensorflow/python/ops/script_ops.py", line 145, in __call__
    outputs = self._call(device, args)
              ^^^^^^^^^^^^^^^^^^^^^^^^

  File "068/.venv/lib/python3.12/site-packages/tensorflow/python/ops/script_ops.py", line 152, in _call
    ret = self._func(*args)
          ^^^^^^^^^^^^^^^^^

  File "068/.venv/lib/python3.12/site-packages/tensorflow/python/autograph/impl/api.py", line 643, in wrapper
    return func(*args, **kwargs)
           ^^^^^^^^^^^^^^^^^^^^^

  File "068/.venv/lib/python3.12/site-packages/keras_cv/src/metrics/object_detection/box_coco_metrics.py", line 205, in result_on_host_cpu
    return tf.constant(obj_result(force), obj.dtype)
                       ^^^^^^^^^^^^^^^^^

  File "068/.venv/lib/python3.12/site-packages/keras_cv/src/metrics/object_detection/box_coco_metrics.py", line 256, in result
    self._cached_result = self._compute_result()
                          ^^^^^^^^^^^^^^^^^^^^^^

  File "068/.venv/lib/python3.12/site-packages/keras_cv/src/metrics/object_detection/box_coco_metrics.py", line 264, in _compute_result
    _box_concat(self.ground_truths),
    ^^^^^^^^^^^^^^^^^^^^^^^^^^^^^^^

  File "068/.venv/lib/python3.12/site-packages/keras_cv/src/metrics/object_detection/box_coco_metrics.py", line 44, in _box_concat
    result[key] = tf.concat([b[key] for b in boxes], axis=0)
                  ^^^^^^^^^^^^^^^^^^^^^^^^^^^^^^^^^^^^^^^^^^

  File "068/.venv/lib/python3.12/site-packages/tensorflow/python/util/traceback_utils.py", line 167, in error_handler
    raise e.with_traceback(filtered_tb) from None

  File "068/.venv/lib/python3.12/site-packages/tensorflow/python/framework/ops.py", line 6027, in raise_from_not_ok_status
    raise core._status_to_exception(e) from None  # pylint: disable=protected-access
    ^^^^^^^^^^^^^^^^^^^^^^^^^^^^^^^^^^^^^^^^^^^^

tensorflow.python.framework.errors_impl.InvalidArgumentError: {{function_node __wrapped__ConcatV2_N_2_device_/job:localhost/replica:0/task:0/device:CPU:0}} ConcatOp : Dimension 1 in both shapes must be equal: shape[0] = [4,2,4] vs. shape[1] = [4,1,4] [Op:ConcatV2] name: concat

 [Op:EagerPyFunc] name: 
