Requirement already satisfied: pip in ./.venv/lib/python3.12/site-packages (24.0)
Collecting pip
  Downloading pip-26.1.2-py3-none-any.whl.metadata (4.6 kB)
Collecting setuptools
  Downloading setuptools-83.0.0-py3-none-any.whl.metadata (6.6 kB)
Collecting wheel
  Downloading wheel-0.47.0-py3-none-any.whl.metadata (2.3 kB)
Collecting packaging>=24.0 (from wheel)
  Downloading packaging-26.2-py3-none-any.whl.metadata (3.5 kB)
Downloading pip-26.1.2-py3-none-any.whl (1.8 MB)
   ━━━━━━━━━━━━━━━━━━━━━━━━━━━━━━━━━━━━━━━━ 1.8/1.8 MB 21.1 MB/s eta 0:00:00
Downloading setuptools-83.0.0-py3-none-any.whl (1.0 MB)
   ━━━━━━━━━━━━━━━━━━━━━━━━━━━━━━━━━━━━━━━━ 1.0/1.0 MB 57.5 MB/s eta 0:00:00
Downloading wheel-0.47.0-py3-none-any.whl (32 kB)
Downloading packaging-26.2-py3-none-any.whl (100 kB)
   ━━━━━━━━━━━━━━━━━━━━━━━━━━━━━━━━━━━━━━━ 100.2/100.2 kB 250.1 MB/s eta 0:00:00
Installing collected packages: setuptools, pip, packaging, wheel
  Attempting uninstall: pip
    Found existing installation: pip 24.0
    Uninstalling pip-24.0:
      Successfully uninstalled pip-24.0
Successfully installed packaging-26.2 pip-26.1.2 setuptools-83.0.0 wheel-0.47.0
Collecting numpy==1.26.4 (from -r 227/requirements.txt (line 1))
  Downloading numpy-1.26.4-cp312-cp312-manylinux_2_17_x86_64.manylinux2014_x86_64.whl.metadata (61 kB)
Collecting scipy==1.11.4 (from -r 227/requirements.txt (line 2))
  Downloading scipy-1.11.4-cp312-cp312-manylinux_2_17_x86_64.manylinux2014_x86_64.whl.metadata (60 kB)
Collecting cython==3.2.8 (from -r 227/requirements.txt (line 3))
  Downloading cython-3.2.8-cp312-cp312-manylinux2014_x86_64.manylinux_2_17_x86_64.manylinux_2_28_x86_64.whl.metadata (4.2 kB)
Downloading numpy-1.26.4-cp312-cp312-manylinux_2_17_x86_64.manylinux2014_x86_64.whl (18.0 MB)
   ━━━━━━━━━━━━━━━━━━━━━━━━━━━━━━━━━━━━━━━━ 18.0/18.0 MB 2.5 MB/s  0:00:07
Downloading scipy-1.11.4-cp312-cp312-manylinux_2_17_x86_64.manylinux2014_x86_64.whl (35.8 MB)
   ━━━━━━━━━━━━━━━━━━━━━━━━━━━━━━━━━━━━━━━━ 35.8/35.8 MB 2.3 MB/s  0:00:15
Downloading cython-3.2.8-cp312-cp312-manylinux2014_x86_64.manylinux_2_17_x86_64.manylinux_2_28_x86_64.whl (3.4 MB)
   ━━━━━━━━━━━━━━━━━━━━━━━━━━━━━━━━━━━━━━━━ 3.4/3.4 MB 3.4 MB/s  0:00:01
Installing collected packages: numpy, cython, scipy

Successfully installed cython-3.2.8 numpy-1.26.4 scipy-1.11.4
Obtaining file://227/codebase
  Checking if build backend supports build_editable: started
  Checking if build backend supports build_editable: finished with status 'done'
  Preparing editable metadata (pyproject.toml): started
  Preparing editable metadata (pyproject.toml): finished with status 'done'
Requirement already satisfied: numpy>=1.16 in ./.venv/lib/python3.12/site-packages (from POT==0.7.0) (1.26.4)
Requirement already satisfied: scipy>=1.0 in ./.venv/lib/python3.12/site-packages (from POT==0.7.0) (1.11.4)
Building wheels for collected packages: POT
  Building editable for POT (pyproject.toml): started
  Building editable for POT (pyproject.toml): finished with status 'done'
  Created wheel for POT: filename=pot-0.7.0-0.editable-cp312-cp312-linux_x86_64.whl size=10173 sha256=a1082ce7eaa7d00be4f8bc2594c50569bcc6a836fe36db95ed4a2ac1845d25d5
  Stored in directory: /tmp/pip-ephem-wheel-cache-i1r_wq38/wheels/6e/5a/1e/f7cb023ab5ea8da411e7392f93ae07c0b28a809fe428ebd5fa
Successfully built POT
Installing collected packages: POT
Successfully installed POT-0.7.0
POT version: 0.7.0
transport plan P:
[[0.    0.125 0.    0.    0.   ]
 [0.125 0.    0.    0.    0.   ]
 [0.    0.    0.125 0.    0.   ]
 [0.    0.    0.    0.125 0.   ]
 [0.    0.    0.    0.    0.5  ]]
row sums: [0.125 0.125 0.125 0.125 0.5  ]
col sums: [0.125 0.125 0.125 0.125 0.5  ]
P cost: 354.43787279000003
Q cost: 57.54321038317501
constraint rows exact: True
constraint cols exact: True
bug reproduced: ot.emd returns a feasible plan with cost above Q
