Requirement already satisfied: pip in /users/grad/mehil/.local/lib/python3.12/site-packages (26.1.2)
Requirement already satisfied: setuptools in /users/grad/mehil/.local/lib/python3.12/site-packages (83.0.0)
Requirement already satisfied: wheel in /users/grad/mehil/.local/lib/python3.12/site-packages (0.47.0)
Requirement already satisfied: packaging>=24.0 in /users/grad/mehil/.local/lib/python3.12/site-packages (from wheel) (26.2)
Requirement already satisfied: datasets==4.0.0 in /users/grad/mehil/.local/lib/python3.12/site-packages (from -r 148/requirements.txt (line 1)) (4.0.0)
Requirement already satisfied: huggingface-hub==0.36.2 in /users/grad/mehil/.local/lib/python3.12/site-packages (from -r 148/requirements.txt (line 2)) (0.36.2)
Requirement already satisfied: scikit-learn==1.9.0 in /users/grad/mehil/.local/lib/python3.12/site-packages (from -r 148/requirements.txt (line 3)) (1.9.0)
Requirement already satisfied: scipy==1.18.0 in /users/grad/mehil/.local/lib/python3.12/site-packages (from -r 148/requirements.txt (line 4)) (1.18.0)
Requirement already satisfied: transformers==4.57.6 in /users/grad/mehil/.local/lib/python3.12/site-packages (from -r 148/requirements.txt (line 5)) (4.57.6)
Requirement already satisfied: filelock in /usr/lib/python3/dist-packages (from datasets==4.0.0->-r 148/requirements.txt (line 1)) (3.13.1)
Requirement already satisfied: numpy>=1.17 in /users/grad/mehil/.local/lib/python3.12/site-packages (from datasets==4.0.0->-r 148/requirements.txt (line 1)) (2.5.1)
Requirement already satisfied: pyarrow>=15.0.0 in /users/grad/mehil/.local/lib/python3.12/site-packages (from datasets==4.0.0->-r 148/requirements.txt (line 1)) (25.0.0)
Requirement already satisfied: dill<0.3.9,>=0.3.0 in /users/grad/mehil/.local/lib/python3.12/site-packages (from datasets==4.0.0->-r 148/requirements.txt (line 1)) (0.3.8)
Requirement already satisfied: pandas in /users/grad/mehil/.local/lib/python3.12/site-packages (from datasets==4.0.0->-r 148/requirements.txt (line 1)) (3.0.3)
Requirement already satisfied: requests>=2.32.2 in /users/grad/mehil/.local/lib/python3.12/site-packages (from datasets==4.0.0->-r 148/requirements.txt (line 1)) (2.34.2)
Requirement already satisfied: tqdm>=4.66.3 in /users/grad/mehil/.local/lib/python3.12/site-packages (from datasets==4.0.0->-r 148/requirements.txt (line 1)) (4.68.4)
Requirement already satisfied: xxhash in /users/grad/mehil/.local/lib/python3.12/site-packages (from datasets==4.0.0->-r 148/requirements.txt (line 1)) (3.8.1)
Requirement already satisfied: multiprocess<0.70.17 in /users/grad/mehil/.local/lib/python3.12/site-packages (from datasets==4.0.0->-r 148/requirements.txt (line 1)) (0.70.16)
Requirement already satisfied: fsspec<=2025.3.0,>=2023.1.0 in /users/grad/mehil/.local/lib/python3.12/site-packages (from fsspec[http]<=2025.3.0,>=2023.1.0->datasets==4.0.0->-r 148/requirements.txt (line 1)) (2025.3.0)
Requirement already satisfied: packaging in /users/grad/mehil/.local/lib/python3.12/site-packages (from datasets==4.0.0->-r 148/requirements.txt (line 1)) (26.2)
Requirement already satisfied: pyyaml>=5.1 in /usr/lib/python3/dist-packages (from datasets==4.0.0->-r 148/requirements.txt (line 1)) (6.0.1)
Requirement already satisfied: hf-xet<2.0.0,>=1.1.3 in /users/grad/mehil/.local/lib/python3.12/site-packages (from huggingface-hub==0.36.2->-r 148/requirements.txt (line 2)) (1.5.2)
Requirement already satisfied: typing-extensions>=3.7.4.3 in /usr/lib/python3/dist-packages (from huggingface-hub==0.36.2->-r 148/requirements.txt (line 2)) (4.10.0)
Requirement already satisfied: joblib>=1.4.0 in /users/grad/mehil/.local/lib/python3.12/site-packages (from scikit-learn==1.9.0->-r 148/requirements.txt (line 3)) (1.5.3)
Requirement already satisfied: narwhals>=2.0.1 in /users/grad/mehil/.local/lib/python3.12/site-packages (from scikit-learn==1.9.0->-r 148/requirements.txt (line 3)) (2.24.0)
Requirement already satisfied: threadpoolctl>=3.5.0 in /users/grad/mehil/.local/lib/python3.12/site-packages (from scikit-learn==1.9.0->-r 148/requirements.txt (line 3)) (3.6.0)
Requirement already satisfied: regex!=2019.12.17 in /users/grad/mehil/.local/lib/python3.12/site-packages (from transformers==4.57.6->-r 148/requirements.txt (line 5)) (2026.7.10)
Requirement already satisfied: tokenizers<=0.23.0,>=0.22.0 in /users/grad/mehil/.local/lib/python3.12/site-packages (from transformers==4.57.6->-r 148/requirements.txt (line 5)) (0.22.2)
Requirement already satisfied: safetensors>=0.4.3 in /users/grad/mehil/.local/lib/python3.12/site-packages (from transformers==4.57.6->-r 148/requirements.txt (line 5)) (0.8.0)
Requirement already satisfied: aiohttp!=4.0.0a0,!=4.0.0a1 in /users/grad/mehil/.local/lib/python3.12/site-packages (from fsspec[http]<=2025.3.0,>=2023.1.0->datasets==4.0.0->-r 148/requirements.txt (line 1)) (3.14.1)
Requirement already satisfied: aiohappyeyeballs>=2.5.0 in /users/grad/mehil/.local/lib/python3.12/site-packages (from aiohttp!=4.0.0a0,!=4.0.0a1->fsspec[http]<=2025.3.0,>=2023.1.0->datasets==4.0.0->-r 148/requirements.txt (line 1)) (2.7.1)
Requirement already satisfied: aiosignal>=1.4.0 in /users/grad/mehil/.local/lib/python3.12/site-packages (from aiohttp!=4.0.0a0,!=4.0.0a1->fsspec[http]<=2025.3.0,>=2023.1.0->datasets==4.0.0->-r 148/requirements.txt (line 1)) (1.4.0)
Requirement already satisfied: attrs>=17.3.0 in /usr/lib/python3/dist-packages (from aiohttp!=4.0.0a0,!=4.0.0a1->fsspec[http]<=2025.3.0,>=2023.1.0->datasets==4.0.0->-r 148/requirements.txt (line 1)) (23.2.0)
Requirement already satisfied: frozenlist>=1.1.1 in /users/grad/mehil/.local/lib/python3.12/site-packages (from aiohttp!=4.0.0a0,!=4.0.0a1->fsspec[http]<=2025.3.0,>=2023.1.0->datasets==4.0.0->-r 148/requirements.txt (line 1)) (1.8.0)
Requirement already satisfied: multidict<7.0,>=4.5 in /users/grad/mehil/.local/lib/python3.12/site-packages (from aiohttp!=4.0.0a0,!=4.0.0a1->fsspec[http]<=2025.3.0,>=2023.1.0->datasets==4.0.0->-r 148/requirements.txt (line 1)) (6.7.1)
Requirement already satisfied: propcache>=0.2.0 in /users/grad/mehil/.local/lib/python3.12/site-packages (from aiohttp!=4.0.0a0,!=4.0.0a1->fsspec[http]<=2025.3.0,>=2023.1.0->datasets==4.0.0->-r 148/requirements.txt (line 1)) (0.5.2)
Requirement already satisfied: yarl<2.0,>=1.17.0 in /users/grad/mehil/.local/lib/python3.12/site-packages (from aiohttp!=4.0.0a0,!=4.0.0a1->fsspec[http]<=2025.3.0,>=2023.1.0->datasets==4.0.0->-r 148/requirements.txt (line 1)) (1.24.2)
Requirement already satisfied: idna>=2.0 in /usr/lib/python3/dist-packages (from yarl<2.0,>=1.17.0->aiohttp!=4.0.0a0,!=4.0.0a1->fsspec[http]<=2025.3.0,>=2023.1.0->datasets==4.0.0->-r 148/requirements.txt (line 1)) (3.6)
Requirement already satisfied: charset_normalizer<4,>=2 in /users/grad/mehil/.local/lib/python3.12/site-packages (from requests>=2.32.2->datasets==4.0.0->-r 148/requirements.txt (line 1)) (3.4.9)
Requirement already satisfied: urllib3<3,>=1.26 in /usr/lib/python3/dist-packages (from requests>=2.32.2->datasets==4.0.0->-r 148/requirements.txt (line 1)) (2.0.7)
Requirement already satisfied: certifi>=2023.5.7 in /usr/lib/python3/dist-packages (from requests>=2.32.2->datasets==4.0.0->-r 148/requirements.txt (line 1)) (2023.11.17)
Requirement already satisfied: python-dateutil>=2.8.2 in /usr/lib/python3/dist-packages (from pandas->datasets==4.0.0->-r 148/requirements.txt (line 1)) (2.8.2)
sentence_transformers_version=5.1.0.dev0
torch_version=2.13.0+cu130
cuda_available=True
dataset_split=validation dataset_len=1500
sentence1_column_type=Column
model_device=cuda:0
{'pearson_cosine': 0.8806072235811941, 'spearman_cosine': 0.8810194487011652}
primary_metric=spearman_cosine
