2026-07-17 01:45:56.139787: I tensorflow/core/util/port.cc:153] oneDNN custom operations are on. You may see slightly different numerical results due to floating-point round-off errors from different computation orders. To turn them off, set the environment variable `TF_ENABLE_ONEDNN_OPTS=0`.
2026-07-17 01:45:56.163289: I tensorflow/core/platform/cpu_feature_guard.cc:210] This TensorFlow binary is optimized to use available CPU instructions in performance-critical operations.
To enable the following instructions: AVX2 AVX512F AVX512_VNNI AVX512_BF16 AVX512_FP16 AVX_VNNI AMX_TILE AMX_INT8 AMX_BF16 FMA, in other operations, rebuild TensorFlow with the appropriate compiler flags.
2026-07-17 01:45:57.762018: W tensorflow/core/framework/op_kernel.cc:1840] OP_REQUIRES failed at whole_file_read_ops.cc:116 : NOT_FOUND: 077/codebase/images/definitely_missing.jpg; No such file or directory
2026-07-17 01:45:57.805953: I tensorflow/core/framework/local_rendezvous.cc:404] Local rendezvous is aborting with status: NOT_FOUND: 077/codebase/images/definitely_missing.jpg; No such file or directory
	 [[{{node ReadFile}}]]
	 [[IteratorGetNext]]
Traceback (most recent call last):
  File "077/repro.py", line 76, in <module>
    raise SystemExit(main())
                     ^^^^^^
  File "077/repro.py", line 71, in main
    model.fit(dataset, epochs=1, callbacks=callbacks, shuffle=False)
  File "077/.venv/lib/python3.12/site-packages/keras/src/utils/traceback_utils.py", line 122, in error_handler
    raise e.with_traceback(filtered_tb) from None
  File "077/.venv/lib/python3.12/site-packages/tensorflow/python/eager/execute.py", line 53, in quick_execute
    tensors = pywrap_tfe.TFE_Py_Execute(ctx._handle, device_name, op_name,
  ^^^^^^^^^^^^^^^^^^^^^^^^^^^^^^^^^^^^^^^^^^^^^^^^^^^^^^^^^^^^^^^^^^^^^^^^
tensorflow.python.framework.errors_impl.NotFoundError: Graph execution error:

Detected at node ReadFile defined at (most recent call last):
<stack traces unavailable>
077/codebase/images/definitely_missing.jpg; No such file or directory
	 [[{{node ReadFile}}]]
	 [[IteratorGetNext]] [Op:__inference_multi_step_on_iterator_1099]
