Requirement already satisfied: pip in ./.venv/lib/python3.10/site-packages (23.0.1)
Collecting pip
  Downloading pip-26.1.2-py3-none-any.whl (1.8 MB)
     ━━━━━━━━━━━━━━━━━━━━━━━━━━━━━━━━━━━━━━━━ 1.8/1.8 MB 21.9 MB/s eta 0:00:00

Requirement already satisfied: setuptools in ./.venv/lib/python3.10/site-packages (65.5.0)
Collecting setuptools
  Downloading setuptools-83.0.0-py3-none-any.whl (1.0 MB)
     ━━━━━━━━━━━━━━━━━━━━━━━━━━━━━━━━━━━━━━━━ 1.0/1.0 MB 46.3 MB/s eta 0:00:00

Collecting wheel
  Downloading wheel-0.47.0-py3-none-any.whl (32 kB)
Collecting packaging>=24.0
  Downloading packaging-26.2-py3-none-any.whl (100 kB)
     ━━━━━━━━━━━━━━━━━━━━━━━━━━━━━━━━━━━━━ 100.2/100.2 kB 103.9 MB/s eta 0:00:00

Installing collected packages: setuptools, pip, packaging, wheel
  Attempting uninstall: setuptools
    Found existing installation: setuptools 65.5.0
    Uninstalling setuptools-65.5.0:
      Successfully uninstalled setuptools-65.5.0
  Attempting uninstall: pip
    Found existing installation: pip 23.0.1
    Uninstalling pip-23.0.1:
      Successfully uninstalled pip-23.0.1
Successfully installed packaging-26.2 pip-26.1.2 setuptools-83.0.0 wheel-0.47.0
Looking in links: https://download.pytorch.org/whl/nightly/cpu/torch_nightly.html
Collecting pyro-ppl==1.8.4 (from -r requirements.txt (line 1))
  Downloading pyro_ppl-1.8.4-py3-none-any.whl.metadata (7.7 kB)
Collecting torch==2.4.0.dev20240605+cpu (from -r requirements.txt (line 2))
  Downloading torch-2.4.0.dev20240605%2Bcpu-cp310-cp310-linux_x86_64.whl (194.7 MB)
     ━━━━━━━━━━━━━━━━━━━━━━━━━━━━━━━━━━━━━━━━ 194.7/194.7 MB 109.5 MB/s  0:00:01

Collecting numpy>=1.7 (from pyro-ppl==1.8.4->-r requirements.txt (line 1))
  Downloading numpy-2.2.6-cp310-cp310-manylinux_2_17_x86_64.manylinux2014_x86_64.whl.metadata (62 kB)
Collecting opt-einsum>=2.3.2 (from pyro-ppl==1.8.4->-r requirements.txt (line 1))
  Downloading opt_einsum-3.4.0-py3-none-any.whl.metadata (6.3 kB)
Collecting pyro-api>=0.1.1 (from pyro-ppl==1.8.4->-r requirements.txt (line 1))
  Downloading pyro_api-0.1.2-py3-none-any.whl.metadata (2.5 kB)
Collecting tqdm>=4.36 (from pyro-ppl==1.8.4->-r requirements.txt (line 1))
  Downloading tqdm-4.68.4-py3-none-any.whl.metadata (57 kB)
Collecting filelock (from torch==2.4.0.dev20240605+cpu->-r requirements.txt (line 2))
  Downloading filelock-3.30.2-py3-none-any.whl.metadata (2.0 kB)
Collecting typing-extensions>=4.8.0 (from torch==2.4.0.dev20240605+cpu->-r requirements.txt (line 2))
  Downloading typing_extensions-4.16.0-py3-none-any.whl.metadata (3.3 kB)
Collecting sympy (from torch==2.4.0.dev20240605+cpu->-r requirements.txt (line 2))
  Downloading sympy-1.14.0-py3-none-any.whl.metadata (12 kB)
Collecting networkx (from torch==2.4.0.dev20240605+cpu->-r requirements.txt (line 2))
  Downloading networkx-3.4.2-py3-none-any.whl.metadata (6.3 kB)
Collecting jinja2 (from torch==2.4.0.dev20240605+cpu->-r requirements.txt (line 2))
  Downloading jinja2-3.1.6-py3-none-any.whl.metadata (2.9 kB)
Collecting fsspec (from torch==2.4.0.dev20240605+cpu->-r requirements.txt (line 2))
  Downloading fsspec-2026.6.0-py3-none-any.whl.metadata (10 kB)
Collecting MarkupSafe>=2.0 (from jinja2->torch==2.4.0.dev20240605+cpu->-r requirements.txt (line 2))
  Downloading markupsafe-3.0.3-cp310-cp310-manylinux2014_x86_64.manylinux_2_17_x86_64.manylinux_2_28_x86_64.whl.metadata (2.7 kB)
Collecting mpmath<1.4,>=1.1.0 (from sympy->torch==2.4.0.dev20240605+cpu->-r requirements.txt (line 2))
  Downloading mpmath-1.3.0-py3-none-any.whl.metadata (8.6 kB)
Downloading pyro_ppl-1.8.4-py3-none-any.whl (730 kB)
   ━━━━━━━━━━━━━━━━━━━━━━━━━━━━━━━━━━━━━━━━ 730.7/730.7 kB 24.8 MB/s  0:00:00

Downloading numpy-2.2.6-cp310-cp310-manylinux_2_17_x86_64.manylinux2014_x86_64.whl (16.8 MB)
   ━━━━━━━━━━━━━━━━━━━━━━━━━━━━━━━━━━━━━━━━ 16.8/16.8 MB 65.2 MB/s  0:00:00

Downloading opt_einsum-3.4.0-py3-none-any.whl (71 kB)
Downloading pyro_api-0.1.2-py3-none-any.whl (11 kB)
Downloading tqdm-4.68.4-py3-none-any.whl (676 kB)
   ━━━━━━━━━━━━━━━━━━━━━━━━━━━━━━━━━━━━━━━━ 676.6/676.6 kB 98.5 MB/s  0:00:00

Downloading typing_extensions-4.16.0-py3-none-any.whl (45 kB)
Downloading filelock-3.30.2-py3-none-any.whl (94 kB)
Downloading fsspec-2026.6.0-py3-none-any.whl (203 kB)
Downloading jinja2-3.1.6-py3-none-any.whl (134 kB)
Downloading markupsafe-3.0.3-cp310-cp310-manylinux2014_x86_64.manylinux_2_17_x86_64.manylinux_2_28_x86_64.whl (20 kB)
Downloading networkx-3.4.2-py3-none-any.whl (1.7 MB)
   ━━━━━━━━━━━━━━━━━━━━━━━━━━━━━━━━━━━━━━━━ 1.7/1.7 MB 75.7 MB/s  0:00:00

Downloading sympy-1.14.0-py3-none-any.whl (6.3 MB)
   ━━━━━━━━━━━━━━━━━━━━━━━━━━━━━━━━━━━━━━━━ 6.3/6.3 MB 68.6 MB/s  0:00:00

Downloading mpmath-1.3.0-py3-none-any.whl (536 kB)
   ━━━━━━━━━━━━━━━━━━━━━━━━━━━━━━━━━━━━━━━━ 536.2/536.2 kB 104.3 MB/s  0:00:00

Installing collected packages: pyro-api, mpmath, typing-extensions, tqdm, sympy, opt-einsum, numpy, networkx, MarkupSafe, fsspec, filelock, jinja2, torch, pyro-ppl


Successfully installed MarkupSafe-3.0.3 filelock-3.30.2 fsspec-2026.6.0 jinja2-3.1.6 mpmath-1.3.0 networkx-3.4.2 numpy-2.2.6 opt-einsum-3.4.0 pyro-api-0.1.2 pyro-ppl-1.8.4 sympy-1.14.0 torch-2.4.0.dev20240605+cpu tqdm-4.68.4 typing-extensions-4.16.0
torch version: 2.4.0.dev20240605+cpu
original torch.nn.ModuleList metaclass: type
patched torch.nn.ModuleList metaclass: NightlyStyleMeta
