Requirement already satisfied: pip in ./.venv/lib/python3.11/site-packages (24.0)
Collecting pip
  Downloading pip-26.1.2-py3-none-any.whl.metadata (4.6 kB)
Requirement already satisfied: setuptools in ./.venv/lib/python3.11/site-packages (79.0.1)
Collecting setuptools
  Downloading setuptools-83.0.0-py3-none-any.whl.metadata (6.6 kB)
Collecting wheel
  Downloading wheel-0.47.0-py3-none-any.whl.metadata (2.3 kB)
Collecting packaging>=24.0 (from wheel)
  Downloading packaging-26.2-py3-none-any.whl.metadata (3.5 kB)
Downloading pip-26.1.2-py3-none-any.whl (1.8 MB)
   ━━━━━━━━━━━━━━━━━━━━━━━━━━━━━━━━━━━━━━━━ 1.8/1.8 MB 22.3 MB/s eta 0:00:00
Downloading setuptools-83.0.0-py3-none-any.whl (1.0 MB)
   ━━━━━━━━━━━━━━━━━━━━━━━━━━━━━━━━━━━━━━━━ 1.0/1.0 MB 40.9 MB/s eta 0:00:00
Downloading wheel-0.47.0-py3-none-any.whl (32 kB)
Downloading packaging-26.2-py3-none-any.whl (100 kB)
   ━━━━━━━━━━━━━━━━━━━━━━━━━━━━━━━━━━━━━━━ 100.2/100.2 kB 107.6 MB/s eta 0:00:00
Installing collected packages: setuptools, pip, packaging, wheel
  Attempting uninstall: setuptools
    Found existing installation: setuptools 79.0.1
    Uninstalling setuptools-79.0.1:
      Successfully uninstalled setuptools-79.0.1
  Attempting uninstall: pip
    Found existing installation: pip 24.0
    Uninstalling pip-24.0:
      Successfully uninstalled pip-24.0
Successfully installed packaging-26.2 pip-26.1.2 setuptools-83.0.0 wheel-0.47.0
Collecting tensorflow==2.16.1 (from -r 061/requirements.txt (line 1))
  Downloading tensorflow-2.16.1-cp311-cp311-manylinux_2_17_x86_64.manylinux2014_x86_64.whl.metadata (4.3 kB)
Collecting keras==3.0.5 (from -r 061/requirements.txt (line 2))
  Downloading keras-3.0.5-py3-none-any.whl.metadata (4.8 kB)
Collecting keras-cv==0.4.0 (from -r 061/requirements.txt (line 3))
  Downloading keras_cv-0.4.0-py3-none-any.whl.metadata (8.3 kB)
Collecting absl-py>=1.0.0 (from tensorflow==2.16.1->-r 061/requirements.txt (line 1))
  Downloading absl_py-2.5.0-py3-none-any.whl.metadata (3.3 kB)
Collecting astunparse>=1.6.0 (from tensorflow==2.16.1->-r 061/requirements.txt (line 1))
  Downloading astunparse-1.6.3-py2.py3-none-any.whl.metadata (4.4 kB)
Collecting flatbuffers>=23.5.26 (from tensorflow==2.16.1->-r 061/requirements.txt (line 1))
  Downloading flatbuffers-25.12.19-py2.py3-none-any.whl.metadata (1.0 kB)
Collecting gast!=0.5.0,!=0.5.1,!=0.5.2,>=0.2.1 (from tensorflow==2.16.1->-r 061/requirements.txt (line 1))
  Downloading gast-0.7.0-py3-none-any.whl.metadata (1.5 kB)
Collecting google-pasta>=0.1.1 (from tensorflow==2.16.1->-r 061/requirements.txt (line 1))
  Downloading google_pasta-0.2.0-py3-none-any.whl.metadata (814 bytes)
Collecting h5py>=3.10.0 (from tensorflow==2.16.1->-r 061/requirements.txt (line 1))
  Downloading h5py-3.16.0-cp311-cp311-manylinux_2_28_x86_64.whl.metadata (3.0 kB)
Collecting libclang>=13.0.0 (from tensorflow==2.16.1->-r 061/requirements.txt (line 1))
  Downloading libclang-18.1.1-py2.py3-none-manylinux2010_x86_64.whl.metadata (5.2 kB)
Collecting ml-dtypes~=0.3.1 (from tensorflow==2.16.1->-r 061/requirements.txt (line 1))
  Downloading ml_dtypes-0.3.2-cp311-cp311-manylinux_2_17_x86_64.manylinux2014_x86_64.whl.metadata (20 kB)
Collecting opt-einsum>=2.3.2 (from tensorflow==2.16.1->-r 061/requirements.txt (line 1))
  Downloading opt_einsum-3.4.0-py3-none-any.whl.metadata (6.3 kB)
Requirement already satisfied: packaging in ./.venv/lib/python3.11/site-packages (from tensorflow==2.16.1->-r 061/requirements.txt (line 1)) (26.2)
Collecting protobuf!=4.21.0,!=4.21.1,!=4.21.2,!=4.21.3,!=4.21.4,!=4.21.5,<5.0.0dev,>=3.20.3 (from tensorflow==2.16.1->-r 061/requirements.txt (line 1))
  Downloading protobuf-4.25.9-cp37-abi3-manylinux2014_x86_64.whl.metadata (541 bytes)
Collecting requests<3,>=2.21.0 (from tensorflow==2.16.1->-r 061/requirements.txt (line 1))
  Downloading requests-2.34.2-py3-none-any.whl.metadata (4.8 kB)
Requirement already satisfied: setuptools in ./.venv/lib/python3.11/site-packages (from tensorflow==2.16.1->-r 061/requirements.txt (line 1)) (83.0.0)
Collecting six>=1.12.0 (from tensorflow==2.16.1->-r 061/requirements.txt (line 1))
  Downloading six-1.17.0-py2.py3-none-any.whl.metadata (1.7 kB)
Collecting termcolor>=1.1.0 (from tensorflow==2.16.1->-r 061/requirements.txt (line 1))
  Downloading termcolor-3.3.0-py3-none-any.whl.metadata (6.5 kB)
Collecting typing-extensions>=3.6.6 (from tensorflow==2.16.1->-r 061/requirements.txt (line 1))
  Downloading typing_extensions-4.16.0-py3-none-any.whl.metadata (3.3 kB)
Collecting wrapt>=1.11.0 (from tensorflow==2.16.1->-r 061/requirements.txt (line 1))
  Downloading wrapt-2.2.2-cp311-cp311-manylinux1_x86_64.manylinux_2_28_x86_64.manylinux_2_5_x86_64.whl.metadata (7.4 kB)
Collecting grpcio<2.0,>=1.24.3 (from tensorflow==2.16.1->-r 061/requirements.txt (line 1))
  Downloading grpcio-1.82.1-cp311-cp311-manylinux2014_x86_64.manylinux_2_17_x86_64.whl.metadata (3.7 kB)
Collecting tensorboard<2.17,>=2.16 (from tensorflow==2.16.1->-r 061/requirements.txt (line 1))
  Downloading tensorboard-2.16.2-py3-none-any.whl.metadata (1.6 kB)
Collecting tensorflow-io-gcs-filesystem>=0.23.1 (from tensorflow==2.16.1->-r 061/requirements.txt (line 1))
  Downloading tensorflow_io_gcs_filesystem-0.37.1-cp311-cp311-manylinux_2_17_x86_64.manylinux2014_x86_64.whl.metadata (14 kB)
Collecting numpy<2.0.0,>=1.23.5 (from tensorflow==2.16.1->-r 061/requirements.txt (line 1))
  Downloading numpy-1.26.4-cp311-cp311-manylinux_2_17_x86_64.manylinux2014_x86_64.whl.metadata (61 kB)
Collecting rich (from keras==3.0.5->-r 061/requirements.txt (line 2))
  Downloading rich-15.0.0-py3-none-any.whl.metadata (18 kB)
Collecting namex (from keras==3.0.5->-r 061/requirements.txt (line 2))
  Downloading namex-0.1.0-py3-none-any.whl.metadata (322 bytes)
Collecting dm-tree (from keras==3.0.5->-r 061/requirements.txt (line 2))
  Downloading dm_tree-0.1.10-cp311-cp311-manylinux_2_24_x86_64.manylinux_2_28_x86_64.whl.metadata (2.6 kB)
Collecting regex (from keras-cv==0.4.0->-r 061/requirements.txt (line 3))
  Downloading regex-2026.7.10-cp311-cp311-manylinux2014_x86_64.manylinux_2_17_x86_64.manylinux_2_28_x86_64.whl.metadata (40 kB)
Collecting charset_normalizer<4,>=2 (from requests<3,>=2.21.0->tensorflow==2.16.1->-r 061/requirements.txt (line 1))
  Downloading charset_normalizer-3.4.9-cp311-cp311-manylinux2014_x86_64.manylinux_2_17_x86_64.manylinux_2_28_x86_64.whl.metadata (41 kB)
Collecting idna<4,>=2.5 (from requests<3,>=2.21.0->tensorflow==2.16.1->-r 061/requirements.txt (line 1))
  Downloading idna-3.18-py3-none-any.whl.metadata (6.1 kB)
Collecting urllib3<3,>=1.26 (from requests<3,>=2.21.0->tensorflow==2.16.1->-r 061/requirements.txt (line 1))
  Downloading urllib3-2.7.0-py3-none-any.whl.metadata (6.9 kB)
Collecting certifi>=2023.5.7 (from requests<3,>=2.21.0->tensorflow==2.16.1->-r 061/requirements.txt (line 1))
  Downloading certifi-2026.6.17-py3-none-any.whl.metadata (2.5 kB)
Collecting markdown>=2.6.8 (from tensorboard<2.17,>=2.16->tensorflow==2.16.1->-r 061/requirements.txt (line 1))
  Downloading markdown-3.10.2-py3-none-any.whl.metadata (5.1 kB)
Collecting tensorboard-data-server<0.8.0,>=0.7.0 (from tensorboard<2.17,>=2.16->tensorflow==2.16.1->-r 061/requirements.txt (line 1))
  Downloading tensorboard_data_server-0.7.2-py3-none-manylinux_2_31_x86_64.whl.metadata (1.1 kB)
Collecting werkzeug>=1.0.1 (from tensorboard<2.17,>=2.16->tensorflow==2.16.1->-r 061/requirements.txt (line 1))
  Downloading werkzeug-3.1.8-py3-none-any.whl.metadata (4.0 kB)
Requirement already satisfied: wheel<1.0,>=0.23.0 in ./.venv/lib/python3.11/site-packages (from astunparse>=1.6.0->tensorflow==2.16.1->-r 061/requirements.txt (line 1)) (0.47.0)
Collecting markupsafe>=2.1.1 (from werkzeug>=1.0.1->tensorboard<2.17,>=2.16->tensorflow==2.16.1->-r 061/requirements.txt (line 1))
  Downloading markupsafe-3.0.3-cp311-cp311-manylinux2014_x86_64.manylinux_2_17_x86_64.manylinux_2_28_x86_64.whl.metadata (2.7 kB)
Collecting attrs>=18.2.0 (from dm-tree->keras==3.0.5->-r 061/requirements.txt (line 2))
  Downloading attrs-26.1.0-py3-none-any.whl.metadata (8.8 kB)
Collecting markdown-it-py>=2.2.0 (from rich->keras==3.0.5->-r 061/requirements.txt (line 2))
  Downloading markdown_it_py-4.2.0-py3-none-any.whl.metadata (7.4 kB)
Collecting pygments<3.0.0,>=2.13.0 (from rich->keras==3.0.5->-r 061/requirements.txt (line 2))
  Downloading pygments-2.20.0-py3-none-any.whl.metadata (2.5 kB)
Collecting mdurl~=0.1 (from markdown-it-py>=2.2.0->rich->keras==3.0.5->-r 061/requirements.txt (line 2))
  Downloading mdurl-0.1.2-py3-none-any.whl.metadata (1.6 kB)
Downloading tensorflow-2.16.1-cp311-cp311-manylinux_2_17_x86_64.manylinux2014_x86_64.whl (589.8 MB)
   ━━━━━━━━━━━━━━━━━━━━━━━━━━━━━━━━━━━━━━━━ 589.8/589.8 MB 38.0 MB/s  0:00:15
Downloading keras-3.0.5-py3-none-any.whl (1.0 MB)
   ━━━━━━━━━━━━━━━━━━━━━━━━━━━━━━━━━━━━━━━━ 1.0/1.0 MB 41.0 MB/s  0:00:00
Downloading keras_cv-0.4.0-py3-none-any.whl (595 kB)
   ━━━━━━━━━━━━━━━━━━━━━━━━━━━━━━━━━━━━━━━━ 595.3/595.3 kB 41.0 MB/s  0:00:00
Downloading grpcio-1.82.1-cp311-cp311-manylinux2014_x86_64.manylinux_2_17_x86_64.whl (6.9 MB)
   ━━━━━━━━━━━━━━━━━━━━━━━━━━━━━━━━━━━━━━━━ 6.9/6.9 MB 41.2 MB/s  0:00:00
Downloading ml_dtypes-0.3.2-cp311-cp311-manylinux_2_17_x86_64.manylinux2014_x86_64.whl (2.2 MB)
   ━━━━━━━━━━━━━━━━━━━━━━━━━━━━━━━━━━━━━━━━ 2.2/2.2 MB 41.1 MB/s  0:00:00
Downloading numpy-1.26.4-cp311-cp311-manylinux_2_17_x86_64.manylinux2014_x86_64.whl (18.3 MB)
   ━━━━━━━━━━━━━━━━━━━━━━━━━━━━━━━━━━━━━━━━ 18.3/18.3 MB 35.2 MB/s  0:00:00
Downloading protobuf-4.25.9-cp37-abi3-manylinux2014_x86_64.whl (295 kB)
Downloading requests-2.34.2-py3-none-any.whl (73 kB)
Downloading charset_normalizer-3.4.9-cp311-cp311-manylinux2014_x86_64.manylinux_2_17_x86_64.manylinux_2_28_x86_64.whl (221 kB)
Downloading idna-3.18-py3-none-any.whl (65 kB)
Downloading tensorboard-2.16.2-py3-none-any.whl (5.5 MB)
   ━━━━━━━━━━━━━━━━━━━━━━━━━━━━━━━━━━━━━━━━ 5.5/5.5 MB 34.3 MB/s  0:00:00
Downloading tensorboard_data_server-0.7.2-py3-none-manylinux_2_31_x86_64.whl (6.6 MB)
   ━━━━━━━━━━━━━━━━━━━━━━━━━━━━━━━━━━━━━━━━ 6.6/6.6 MB 34.5 MB/s  0:00:00
Downloading typing_extensions-4.16.0-py3-none-any.whl (45 kB)
Downloading urllib3-2.7.0-py3-none-any.whl (131 kB)
Downloading absl_py-2.5.0-py3-none-any.whl (137 kB)
Downloading astunparse-1.6.3-py2.py3-none-any.whl (12 kB)
Downloading six-1.17.0-py2.py3-none-any.whl (11 kB)
Downloading certifi-2026.6.17-py3-none-any.whl (133 kB)
Downloading flatbuffers-25.12.19-py2.py3-none-any.whl (26 kB)
Downloading gast-0.7.0-py3-none-any.whl (22 kB)
Downloading google_pasta-0.2.0-py3-none-any.whl (57 kB)
Downloading h5py-3.16.0-cp311-cp311-manylinux_2_28_x86_64.whl (5.0 MB)
   ━━━━━━━━━━━━━━━━━━━━━━━━━━━━━━━━━━━━━━━━ 5.0/5.0 MB 35.4 MB/s  0:00:00
Downloading libclang-18.1.1-py2.py3-none-manylinux2010_x86_64.whl (24.5 MB)
   ━━━━━━━━━━━━━━━━━━━━━━━━━━━━━━━━━━━━━━━━ 24.5/24.5 MB 39.3 MB/s  0:00:00
Downloading markdown-3.10.2-py3-none-any.whl (108 kB)
Downloading opt_einsum-3.4.0-py3-none-any.whl (71 kB)
Downloading tensorflow_io_gcs_filesystem-0.37.1-cp311-cp311-manylinux_2_17_x86_64.manylinux2014_x86_64.whl (5.1 MB)
   ━━━━━━━━━━━━━━━━━━━━━━━━━━━━━━━━━━━━━━━━ 5.1/5.1 MB 40.7 MB/s  0:00:00
Downloading termcolor-3.3.0-py3-none-any.whl (7.7 kB)
Downloading werkzeug-3.1.8-py3-none-any.whl (226 kB)
Downloading markupsafe-3.0.3-cp311-cp311-manylinux2014_x86_64.manylinux_2_17_x86_64.manylinux_2_28_x86_64.whl (22 kB)
Downloading wrapt-2.2.2-cp311-cp311-manylinux1_x86_64.manylinux_2_28_x86_64.manylinux_2_5_x86_64.whl (159 kB)
Downloading dm_tree-0.1.10-cp311-cp311-manylinux_2_24_x86_64.manylinux_2_28_x86_64.whl (185 kB)
Downloading attrs-26.1.0-py3-none-any.whl (67 kB)
Downloading namex-0.1.0-py3-none-any.whl (5.9 kB)
Downloading regex-2026.7.10-cp311-cp311-manylinux2014_x86_64.manylinux_2_17_x86_64.manylinux_2_28_x86_64.whl (799 kB)
   ━━━━━━━━━━━━━━━━━━━━━━━━━━━━━━━━━━━━━━━━ 799.9/799.9 kB 44.9 MB/s  0:00:00
Downloading rich-15.0.0-py3-none-any.whl (310 kB)
Downloading pygments-2.20.0-py3-none-any.whl (1.2 MB)
   ━━━━━━━━━━━━━━━━━━━━━━━━━━━━━━━━━━━━━━━━ 1.2/1.2 MB 42.1 MB/s  0:00:00
Downloading markdown_it_py-4.2.0-py3-none-any.whl (91 kB)
Downloading mdurl-0.1.2-py3-none-any.whl (10.0 kB)
Installing collected packages: namex, libclang, flatbuffers, wrapt, urllib3, typing-extensions, termcolor, tensorflow-io-gcs-filesystem, tensorboard-data-server, six, regex, pygments, protobuf, opt-einsum, numpy, mdurl, markupsafe, markdown, idna, gast, charset_normalizer, certifi, attrs, absl-py, werkzeug, requests, ml-dtypes, markdown-it-py, keras-cv, h5py, grpcio, google-pasta, dm-tree, astunparse, tensorboard, rich, keras, tensorflow

Successfully installed absl-py-2.5.0 astunparse-1.6.3 attrs-26.1.0 certifi-2026.6.17 charset_normalizer-3.4.9 dm-tree-0.1.10 flatbuffers-25.12.19 gast-0.7.0 google-pasta-0.2.0 grpcio-1.82.1 h5py-3.16.0 idna-3.18 keras-3.0.5 keras-cv-0.4.0 libclang-18.1.1 markdown-3.10.2 markdown-it-py-4.2.0 markupsafe-3.0.3 mdurl-0.1.2 ml-dtypes-0.3.2 namex-0.1.0 numpy-1.26.4 opt-einsum-3.4.0 protobuf-4.25.9 pygments-2.20.0 regex-2026.7.10 requests-2.34.2 rich-15.0.0 six-1.17.0 tensorboard-2.16.2 tensorboard-data-server-0.7.2 tensorflow-2.16.1 tensorflow-io-gcs-filesystem-0.37.1 termcolor-3.3.0 typing-extensions-4.16.0 urllib3-2.7.0 werkzeug-3.1.8 wrapt-2.2.2
loading 061/.venv/lib/python3.11/site-packages/keras_cv/models/weights.py
