{
  "model_id": "facebook/dinov3-vits16-pretrain-lvd1689m",
  "endpoint": "http://127.0.0.1:37899",
  "exception_type": "OSError",
  "exception_message": "We couldn't connect to 'http://127.0.0.1:37899' to load the files, and couldn't find them in the cached files.\nCheck your internet connection or see how to run the library in offline mode at 'https://huggingface.co/docs/transformers/installation#offline-mode'.",
  "request_counts": [
    {
      "method": "HEAD",
      "path": "/facebook/dinov3-vits16-pretrain-lvd1689m/resolve/main/config.json",
      "count": 7
    },
    {
      "method": "HEAD",
      "path": "/facebook/dinov3-vits16-pretrain-lvd1689m/resolve/main/preprocessor_config.json",
      "count": 14
    },
    {
      "method": "HEAD",
      "path": "/facebook/dinov3-vits16-pretrain-lvd1689m/resolve/main/processor_config.json",
      "count": 7
    },
    {
      "method": "HEAD",
      "path": "/facebook/dinov3-vits16-pretrain-lvd1689m/resolve/main/tokenizer_config.json",
      "count": 7
    },
    {
      "method": "HEAD",
      "path": "/facebook/dinov3-vits16-pretrain-lvd1689m/resolve/main/video_preprocessor_config.json",
      "count": 7
    }
  ]
}
