== Environment ==
python=3.12.3
== Requirements ==
clearml==2.0.0
clearml-agent==1.9.3
== Create venv stdout ==
<empty>
== Upgrade pip stdout ==
Requirement already satisfied: pip in /tmp/clearml-resolve-w4llvdef/venv/lib/python3.12/site-packages (24.0)
Collecting pip
  Downloading pip-26.1.2-py3-none-any.whl.metadata (4.6 kB)
Downloading pip-26.1.2-py3-none-any.whl (1.8 MB)
[?25l                                            0.0/1.8 MB ? eta -:--:--
[2K   ━━━━━━━                                  0.3/1.8 MB 9.4 MB/s eta 0:00:01
[2K   ━━━━━━━━━━━━━━━━━━━━━━━━━━━━             1.3/1.8 MB 18.4 MB/s eta 0:00:01
[2K   ━━━━━━━━━━━━━━━━━━━━━━━━━━━━━━━━━━━━━━━━ 1.8/1.8 MB 19.2 MB/s eta 0:00:00
[?25hInstalling collected packages: pip
  Attempting uninstall: pip
    Found existing installation: pip 24.0
    Uninstalling pip-24.0:
      Successfully uninstalled pip-24.0
Successfully installed pip-26.1.2
== Resolver stdout ==
Collecting clearml==2.0.0 (from -r 118/requirements.txt (line 1))
  Downloading clearml-2.0.0-py2.py3-none-any.whl.metadata (17 kB)
Collecting clearml-agent==1.9.3 (from -r 118/requirements.txt (line 2))
  Downloading clearml_agent-1.9.3-py3-none-any.whl.metadata (19 kB)
Collecting attrs>=18.0 (from clearml==2.0.0->-r 118/requirements.txt (line 1))
  Downloading attrs-26.1.0-py3-none-any.whl.metadata (8.8 kB)
Collecting furl>=2.0.0 (from clearml==2.0.0->-r 118/requirements.txt (line 1))
  Downloading furl-2.1.4-py2.py3-none-any.whl.metadata (25 kB)
Collecting jsonschema>=2.6.0 (from clearml==2.0.0->-r 118/requirements.txt (line 1))
  Downloading jsonschema-4.26.0-py3-none-any.whl.metadata (7.6 kB)
Collecting numpy>=1.10 (from clearml==2.0.0->-r 118/requirements.txt (line 1))
  Downloading numpy-2.5.1-cp312-cp312-manylinux_2_27_x86_64.manylinux_2_28_x86_64.whl.metadata (6.6 kB)
Collecting pathlib2>=2.3.0 (from clearml==2.0.0->-r 118/requirements.txt (line 1))
  Downloading pathlib2-2.3.7.post1-py2.py3-none-any.whl.metadata (3.5 kB)
Collecting psutil>=3.4.2 (from clearml==2.0.0->-r 118/requirements.txt (line 1))
  Downloading psutil-7.2.2-cp36-abi3-manylinux2010_x86_64.manylinux_2_12_x86_64.manylinux_2_28_x86_64.whl.metadata (22 kB)
Collecting pyparsing>=2.0.3 (from clearml==2.0.0->-r 118/requirements.txt (line 1))
  Downloading pyparsing-3.3.2-py3-none-any.whl.metadata (5.8 kB)
Collecting python-dateutil>=2.6.1 (from clearml==2.0.0->-r 118/requirements.txt (line 1))
  Downloading python_dateutil-2.9.0.post0-py2.py3-none-any.whl.metadata (8.4 kB)
Collecting pyjwt<2.11.0,>=2.4.0 (from clearml==2.0.0->-r 118/requirements.txt (line 1))
  Downloading PyJWT-2.10.1-py3-none-any.whl.metadata (4.0 kB)
Collecting PyYAML>=3.12 (from clearml==2.0.0->-r 118/requirements.txt (line 1))
  Downloading pyyaml-6.0.3-cp312-cp312-manylinux2014_x86_64.manylinux_2_17_x86_64.manylinux_2_28_x86_64.whl.metadata (2.4 kB)
Collecting six>=1.16.0 (from clearml==2.0.0->-r 118/requirements.txt (line 1))
  Downloading six-1.17.0-py2.py3-none-any.whl.metadata (1.7 kB)
Collecting urllib3>=1.21.1 (from clearml==2.0.0->-r 118/requirements.txt (line 1))
  Downloading urllib3-2.7.0-py3-none-any.whl.metadata (6.9 kB)
Collecting Pillow>=10.3.0 (from clearml==2.0.0->-r 118/requirements.txt (line 1))
  Downloading pillow-12.3.0-cp312-cp312-manylinux_2_27_x86_64.manylinux_2_28_x86_64.whl.metadata (9.1 kB)
Collecting referencing<0.40 (from clearml==2.0.0->-r 118/requirements.txt (line 1))
  Downloading referencing-0.37.0-py3-none-any.whl.metadata (2.8 kB)
Collecting requests>=2.32.0 (from clearml==2.0.0->-r 118/requirements.txt (line 1))
  Downloading requests-2.34.2-py3-none-any.whl.metadata (4.8 kB)
Collecting attrs>=18.0 (from clearml==2.0.0->-r 118/requirements.txt (line 1))
  Downloading attrs-23.2.0-py3-none-any.whl.metadata (9.5 kB)
Collecting psutil>=3.4.2 (from clearml==2.0.0->-r 118/requirements.txt (line 1))
  Downloading psutil-5.9.8-cp36-abi3-manylinux_2_12_x86_64.manylinux2010_x86_64.manylinux_2_17_x86_64.manylinux2014_x86_64.whl.metadata (21 kB)
Collecting pyparsing>=2.0.3 (from clearml==2.0.0->-r 118/requirements.txt (line 1))
  Downloading pyparsing-3.1.4-py3-none-any.whl.metadata (5.1 kB)
Collecting python-dateutil>=2.6.1 (from clearml==2.0.0->-r 118/requirements.txt (line 1))
  Downloading python_dateutil-2.8.2-py2.py3-none-any.whl.metadata (8.2 kB)
Collecting pyjwt<2.11.0,>=2.4.0 (from clearml==2.0.0->-r 118/requirements.txt (line 1))
  Downloading PyJWT-2.8.0-py3-none-any.whl.metadata (4.2 kB)
INFO: pip is looking at multiple versions of clearml-agent to determine which version is compatible with other requirements. This could take a while.

The conflict is caused by:
    clearml 2.0.0 depends on requests>=2.32.0; python_version >= "3.8"
    clearml-agent 1.9.3 depends on requests<=2.31.0 and >=2.20.0

Additionally, some packages in these conflicts have no matching distributions available for your environment:
    requests

To fix this you could try to:
1. loosen the range of package versions you've specified
2. remove package versions to allow pip to attempt to solve the dependency conflict
