Requirement already satisfied: pip in ./.venv/lib/python3.12/site-packages (26.1.2)
Requirement already satisfied: numpy<3,>=1.26 in ./.venv/lib/python3.12/site-packages (from -r requirements.txt (line 1)) (1.26.4)
Requirement already satisfied: tensorflow-cpu==2.16.1 in ./.venv/lib/python3.12/site-packages (from -r requirements.txt (line 2)) (2.16.1)
Requirement already satisfied: absl-py>=1.0.0 in ./.venv/lib/python3.12/site-packages (from tensorflow-cpu==2.16.1->-r requirements.txt (line 2)) (2.5.0)
Requirement already satisfied: astunparse>=1.6.0 in ./.venv/lib/python3.12/site-packages (from tensorflow-cpu==2.16.1->-r requirements.txt (line 2)) (1.6.3)
Requirement already satisfied: flatbuffers>=23.5.26 in ./.venv/lib/python3.12/site-packages (from tensorflow-cpu==2.16.1->-r requirements.txt (line 2)) (25.12.19)
Requirement already satisfied: gast!=0.5.0,!=0.5.1,!=0.5.2,>=0.2.1 in ./.venv/lib/python3.12/site-packages (from tensorflow-cpu==2.16.1->-r requirements.txt (line 2)) (0.7.0)
Requirement already satisfied: google-pasta>=0.1.1 in ./.venv/lib/python3.12/site-packages (from tensorflow-cpu==2.16.1->-r requirements.txt (line 2)) (0.2.0)
Requirement already satisfied: h5py>=3.10.0 in ./.venv/lib/python3.12/site-packages (from tensorflow-cpu==2.16.1->-r requirements.txt (line 2)) (3.16.0)
Requirement already satisfied: libclang>=13.0.0 in ./.venv/lib/python3.12/site-packages (from tensorflow-cpu==2.16.1->-r requirements.txt (line 2)) (18.1.1)
Requirement already satisfied: ml-dtypes~=0.3.1 in ./.venv/lib/python3.12/site-packages (from tensorflow-cpu==2.16.1->-r requirements.txt (line 2)) (0.3.2)
Requirement already satisfied: opt-einsum>=2.3.2 in ./.venv/lib/python3.12/site-packages (from tensorflow-cpu==2.16.1->-r requirements.txt (line 2)) (3.4.0)
Requirement already satisfied: packaging in ./.venv/lib/python3.12/site-packages (from tensorflow-cpu==2.16.1->-r requirements.txt (line 2)) (26.2)
Requirement already satisfied: protobuf!=4.21.0,!=4.21.1,!=4.21.2,!=4.21.3,!=4.21.4,!=4.21.5,<5.0.0dev,>=3.20.3 in ./.venv/lib/python3.12/site-packages (from tensorflow-cpu==2.16.1->-r requirements.txt (line 2)) (4.25.9)
Requirement already satisfied: requests<3,>=2.21.0 in ./.venv/lib/python3.12/site-packages (from tensorflow-cpu==2.16.1->-r requirements.txt (line 2)) (2.34.2)
Requirement already satisfied: setuptools in ./.venv/lib/python3.12/site-packages (from tensorflow-cpu==2.16.1->-r requirements.txt (line 2)) (83.0.0)
Requirement already satisfied: six>=1.12.0 in ./.venv/lib/python3.12/site-packages (from tensorflow-cpu==2.16.1->-r requirements.txt (line 2)) (1.17.0)
Requirement already satisfied: termcolor>=1.1.0 in ./.venv/lib/python3.12/site-packages (from tensorflow-cpu==2.16.1->-r requirements.txt (line 2)) (3.3.0)
Requirement already satisfied: typing-extensions>=3.6.6 in ./.venv/lib/python3.12/site-packages (from tensorflow-cpu==2.16.1->-r requirements.txt (line 2)) (4.16.0)
Requirement already satisfied: wrapt>=1.11.0 in ./.venv/lib/python3.12/site-packages (from tensorflow-cpu==2.16.1->-r requirements.txt (line 2)) (2.2.2)
Requirement already satisfied: grpcio<2.0,>=1.24.3 in ./.venv/lib/python3.12/site-packages (from tensorflow-cpu==2.16.1->-r requirements.txt (line 2)) (1.82.1)
Requirement already satisfied: tensorboard<2.17,>=2.16 in ./.venv/lib/python3.12/site-packages (from tensorflow-cpu==2.16.1->-r requirements.txt (line 2)) (2.16.2)
Requirement already satisfied: keras>=3.0.0 in ./.venv/lib/python3.12/site-packages (from tensorflow-cpu==2.16.1->-r requirements.txt (line 2)) (3.15.0)
Requirement already satisfied: charset_normalizer<4,>=2 in ./.venv/lib/python3.12/site-packages (from requests<3,>=2.21.0->tensorflow-cpu==2.16.1->-r requirements.txt (line 2)) (3.4.9)
Requirement already satisfied: idna<4,>=2.5 in ./.venv/lib/python3.12/site-packages (from requests<3,>=2.21.0->tensorflow-cpu==2.16.1->-r requirements.txt (line 2)) (3.18)
Requirement already satisfied: urllib3<3,>=1.26 in ./.venv/lib/python3.12/site-packages (from requests<3,>=2.21.0->tensorflow-cpu==2.16.1->-r requirements.txt (line 2)) (2.7.0)
Requirement already satisfied: certifi>=2023.5.7 in ./.venv/lib/python3.12/site-packages (from requests<3,>=2.21.0->tensorflow-cpu==2.16.1->-r requirements.txt (line 2)) (2026.6.17)
Requirement already satisfied: markdown>=2.6.8 in ./.venv/lib/python3.12/site-packages (from tensorboard<2.17,>=2.16->tensorflow-cpu==2.16.1->-r requirements.txt (line 2)) (3.10.2)
Requirement already satisfied: tensorboard-data-server<0.8.0,>=0.7.0 in ./.venv/lib/python3.12/site-packages (from tensorboard<2.17,>=2.16->tensorflow-cpu==2.16.1->-r requirements.txt (line 2)) (0.7.2)
Requirement already satisfied: werkzeug>=1.0.1 in ./.venv/lib/python3.12/site-packages (from tensorboard<2.17,>=2.16->tensorflow-cpu==2.16.1->-r requirements.txt (line 2)) (3.1.8)
Requirement already satisfied: wheel<1.0,>=0.23.0 in ./.venv/lib/python3.12/site-packages (from astunparse>=1.6.0->tensorflow-cpu==2.16.1->-r requirements.txt (line 2)) (0.47.0)
Requirement already satisfied: rich in ./.venv/lib/python3.12/site-packages (from keras>=3.0.0->tensorflow-cpu==2.16.1->-r requirements.txt (line 2)) (15.0.0)
Requirement already satisfied: namex in ./.venv/lib/python3.12/site-packages (from keras>=3.0.0->tensorflow-cpu==2.16.1->-r requirements.txt (line 2)) (0.1.0)
Requirement already satisfied: optree in ./.venv/lib/python3.12/site-packages (from keras>=3.0.0->tensorflow-cpu==2.16.1->-r requirements.txt (line 2)) (0.19.1)
Requirement already satisfied: markupsafe>=2.1.1 in ./.venv/lib/python3.12/site-packages (from werkzeug>=1.0.1->tensorboard<2.17,>=2.16->tensorflow-cpu==2.16.1->-r requirements.txt (line 2)) (3.0.3)
Requirement already satisfied: markdown-it-py>=2.2.0 in ./.venv/lib/python3.12/site-packages (from rich->keras>=3.0.0->tensorflow-cpu==2.16.1->-r requirements.txt (line 2)) (4.2.0)
Requirement already satisfied: pygments<3.0.0,>=2.13.0 in ./.venv/lib/python3.12/site-packages (from rich->keras>=3.0.0->tensorflow-cpu==2.16.1->-r requirements.txt (line 2)) (2.20.0)
Requirement already satisfied: mdurl~=0.1 in ./.venv/lib/python3.12/site-packages (from markdown-it-py>=2.2.0->rich->keras>=3.0.0->tensorflow-cpu==2.16.1->-r requirements.txt (line 2)) (0.1.2)
tensorflow_version=2.16.1
y_true_3d_shape= (1, 2, 2)
y_true_4d_shape= (1, 2, 2, 1)
loss_3d= [[[0.3566749691963196, 0.2231435477733612], [0.3566749691963196, 0.6931471824645996]]]
loss_4d= [[[0.3566749691963196, 0.2231435477733612], [0.3566749691963196, 0.6931471824645996]]]
max_abs_diff=0.0000000000
summary= {"loss_3d": [[[0.3566749691963196, 0.2231435477733612], [0.3566749691963196, 0.6931471824645996]]], "loss_4d": [[[0.3566749691963196, 0.2231435477733612], [0.3566749691963196, 0.6931471824645996]]], "max_abs_diff": 0.0, "tensorflow_version": "2.16.1"}
result=no_runtime_bug_detected: the singleton label dimension is accepted and produces identical loss
