Requirement already satisfied: pip in ./.venv/lib/python3.12/site-packages (24.0)
Collecting pip
  Downloading pip-26.1.2-py3-none-any.whl.metadata (4.6 kB)
Collecting setuptools
  Downloading setuptools-83.0.0-py3-none-any.whl.metadata (6.6 kB)
Collecting wheel
  Downloading wheel-0.47.0-py3-none-any.whl.metadata (2.3 kB)
Collecting packaging>=24.0 (from wheel)
  Downloading packaging-26.2-py3-none-any.whl.metadata (3.5 kB)
Downloading pip-26.1.2-py3-none-any.whl (1.8 MB)
   ━━━━━━━━━━━━━━━━━━━━━━━━━━━━━━━━━━━━━━━━ 1.8/1.8 MB 18.7 MB/s eta 0:00:00
Downloading setuptools-83.0.0-py3-none-any.whl (1.0 MB)
   ━━━━━━━━━━━━━━━━━━━━━━━━━━━━━━━━━━━━━━━━ 1.0/1.0 MB 83.7 MB/s eta 0:00:00
Downloading wheel-0.47.0-py3-none-any.whl (32 kB)
Downloading packaging-26.2-py3-none-any.whl (100 kB)
   ━━━━━━━━━━━━━━━━━━━━━━━━━━━━━━━━━━━━━━━ 100.2/100.2 kB 405.9 MB/s eta 0:00:00
Installing collected packages: setuptools, pip, packaging, wheel
  Attempting uninstall: pip
    Found existing installation: pip 24.0
    Uninstalling pip-24.0:
      Successfully uninstalled pip-24.0
Successfully installed packaging-26.2 pip-26.1.2 setuptools-83.0.0 wheel-0.47.0
Collecting jax==0.10.2 (from -r 530/requirements.txt (line 1))
  Downloading jax-0.10.2-py3-none-any.whl.metadata (13 kB)
Collecting jaxlib==0.10.1 (from -r 530/requirements.txt (line 2))
  Downloading jaxlib-0.10.1-cp312-cp312-manylinux_2_27_x86_64.whl.metadata (1.3 kB)
Collecting ml_dtypes==0.5.4 (from -r 530/requirements.txt (line 3))
  Downloading ml_dtypes-0.5.4-cp312-cp312-manylinux_2_27_x86_64.manylinux_2_28_x86_64.whl.metadata (8.9 kB)
Collecting numpy==2.2.6 (from -r 530/requirements.txt (line 4))
  Downloading numpy-2.2.6-cp312-cp312-manylinux_2_17_x86_64.manylinux2014_x86_64.whl.metadata (62 kB)
Collecting opt_einsum==3.4.0 (from -r 530/requirements.txt (line 5))
  Downloading opt_einsum-3.4.0-py3-none-any.whl.metadata (6.3 kB)
Collecting scipy==1.18.0 (from -r 530/requirements.txt (line 6))
  Downloading scipy-1.18.0-cp312-cp312-manylinux_2_27_x86_64.manylinux_2_28_x86_64.whl.metadata (62 kB)
Downloading jax-0.10.2-py3-none-any.whl (3.2 MB)
   ━━━━━━━━━━━━━━━━━━━━━━━━━━━━━━━━━━━━━━━━ 3.2/3.2 MB 3.6 MB/s  0:00:00
Downloading jaxlib-0.10.1-cp312-cp312-manylinux_2_27_x86_64.whl (85.8 MB)
   ━━━━━━━━━━━━━━━━━━━━━━━━━━━━━━━━━━━━━━━━ 85.8/85.8 MB 14.7 MB/s  0:00:05
Downloading ml_dtypes-0.5.4-cp312-cp312-manylinux_2_27_x86_64.manylinux_2_28_x86_64.whl (5.0 MB)
   ━━━━━━━━━━━━━━━━━━━━━━━━━━━━━━━━━━━━━━━━ 5.0/5.0 MB 20.1 MB/s  0:00:00
Downloading numpy-2.2.6-cp312-cp312-manylinux_2_17_x86_64.manylinux2014_x86_64.whl (16.5 MB)
   ━━━━━━━━━━━━━━━━━━━━━━━━━━━━━━━━━━━━━━━━ 16.5/16.5 MB 21.0 MB/s  0:00:00
Downloading opt_einsum-3.4.0-py3-none-any.whl (71 kB)
Downloading scipy-1.18.0-cp312-cp312-manylinux_2_27_x86_64.manylinux_2_28_x86_64.whl (35.3 MB)
   ━━━━━━━━━━━━━━━━━━━━━━━━━━━━━━━━━━━━━━━━ 35.3/35.3 MB 23.3 MB/s  0:00:01
Installing collected packages: opt_einsum, numpy, scipy, ml_dtypes, jaxlib, jax

Successfully installed jax-0.10.2 jaxlib-0.10.1 ml_dtypes-0.5.4 numpy-2.2.6 opt_einsum-3.4.0 scipy-1.18.0
jax=0.10.2
jaxlib=0.10.1
x=128.0 jit=128.0 eager=inf
x=13.0 jit=13.0 eager=13.000000953674316
BUG REPRODUCED: jit(log2(exp2(x))) returns x and masks overflow/rounding.
