Requirement already satisfied: pip in ./.venv/lib/python3.12/site-packages (24.0)
Collecting pip
  Downloading pip-26.1.2-py3-none-any.whl.metadata (4.6 kB)
Collecting setuptools
  Downloading setuptools-83.0.0-py3-none-any.whl.metadata (6.6 kB)
Collecting wheel
  Downloading wheel-0.47.0-py3-none-any.whl.metadata (2.3 kB)
Collecting packaging>=24.0 (from wheel)
  Downloading packaging-26.2-py3-none-any.whl.metadata (3.5 kB)
Downloading pip-26.1.2-py3-none-any.whl (1.8 MB)
   ━━━━━━━━━━━━━━━━━━━━━━━━━━━━━━━━━━━━━━━━ 1.8/1.8 MB 14.2 MB/s eta 0:00:00
Downloading setuptools-83.0.0-py3-none-any.whl (1.0 MB)
   ━━━━━━━━━━━━━━━━━━━━━━━━━━━━━━━━━━━━━━━━ 1.0/1.0 MB 19.0 MB/s eta 0:00:00
Downloading wheel-0.47.0-py3-none-any.whl (32 kB)
Downloading packaging-26.2-py3-none-any.whl (100 kB)
   ━━━━━━━━━━━━━━━━━━━━━━━━━━━━━━━━━━━━━━━━ 100.2/100.2 kB 30.7 MB/s eta 0:00:00
Installing collected packages: setuptools, pip, packaging, wheel
  Attempting uninstall: pip
    Found existing installation: pip 24.0
    Uninstalling pip-24.0:
      Successfully uninstalled pip-24.0
Successfully installed packaging-26.2 pip-26.1.2 setuptools-83.0.0 wheel-0.47.0
Obtaining file://137/codebase (from -r 137/requirements.txt (line 1))
  Installing build dependencies: started
  Installing build dependencies: finished with status 'done'
  Checking if build backend supports build_editable: started
  Checking if build backend supports build_editable: finished with status 'done'
  Getting requirements to build editable: started
  Getting requirements to build editable: finished with status 'done'
  Preparing editable metadata (pyproject.toml): started
  Preparing editable metadata (pyproject.toml): finished with status 'done'
Collecting absl-py (from -r 137/requirements.txt (line 2))
  Downloading absl_py-2.5.0-py3-none-any.whl.metadata (3.3 kB)
Collecting nltk (from -r 137/requirements.txt (line 3))
  Downloading nltk-3.10.0-py3-none-any.whl.metadata (3.2 kB)
Collecting rouge_score>=0.1.2 (from -r 137/requirements.txt (line 4))
  Downloading rouge_score-0.1.2.tar.gz (17 kB)
  Installing build dependencies: started
  Installing build dependencies: finished with status 'done'
  Getting requirements to build wheel: started
  Getting requirements to build wheel: finished with status 'done'
  Preparing metadata (pyproject.toml): started
  Preparing metadata (pyproject.toml): finished with status 'done'
Collecting datasets>=2.0.0 (from evaluate==0.4.2.dev0->-r 137/requirements.txt (line 1))
  Downloading datasets-5.0.0-py3-none-any.whl.metadata (23 kB)
Collecting numpy>=1.17 (from evaluate==0.4.2.dev0->-r 137/requirements.txt (line 1))
  Downloading numpy-2.5.1-cp312-cp312-manylinux_2_27_x86_64.manylinux_2_28_x86_64.whl.metadata (6.6 kB)
Collecting dill (from evaluate==0.4.2.dev0->-r 137/requirements.txt (line 1))
  Downloading dill-0.4.1-py3-none-any.whl.metadata (10 kB)
Collecting pandas (from evaluate==0.4.2.dev0->-r 137/requirements.txt (line 1))
  Downloading pandas-3.0.3-cp312-cp312-manylinux_2_24_x86_64.manylinux_2_28_x86_64.whl.metadata (79 kB)
Collecting requests>=2.19.0 (from evaluate==0.4.2.dev0->-r 137/requirements.txt (line 1))
  Downloading requests-2.34.2-py3-none-any.whl.metadata (4.8 kB)
Collecting tqdm>=4.62.1 (from evaluate==0.4.2.dev0->-r 137/requirements.txt (line 1))
  Downloading tqdm-4.68.4-py3-none-any.whl.metadata (57 kB)
Collecting xxhash (from evaluate==0.4.2.dev0->-r 137/requirements.txt (line 1))
  Downloading xxhash-3.8.1-cp312-cp312-manylinux2014_x86_64.manylinux_2_17_x86_64.manylinux_2_28_x86_64.whl.metadata (15 kB)
Collecting multiprocess (from evaluate==0.4.2.dev0->-r 137/requirements.txt (line 1))
  Downloading multiprocess-0.70.19-py312-none-any.whl.metadata (7.5 kB)
Collecting fsspec>=2021.05.0 (from fsspec[http]>=2021.05.0->evaluate==0.4.2.dev0->-r 137/requirements.txt (line 1))
  Downloading fsspec-2026.6.0-py3-none-any.whl.metadata (10 kB)
Collecting huggingface-hub>=0.7.0 (from evaluate==0.4.2.dev0->-r 137/requirements.txt (line 1))
  Downloading huggingface_hub-1.23.0-py3-none-any.whl.metadata (14 kB)
Requirement already satisfied: packaging in ./.venv/lib/python3.12/site-packages (from evaluate==0.4.2.dev0->-r 137/requirements.txt (line 1)) (26.2)
Collecting defusedxml (from nltk->-r 137/requirements.txt (line 3))
  Downloading defusedxml-0.7.1-py2.py3-none-any.whl.metadata (32 kB)
Collecting click (from nltk->-r 137/requirements.txt (line 3))
  Downloading click-8.4.2-py3-none-any.whl.metadata (2.6 kB)
Collecting joblib (from nltk->-r 137/requirements.txt (line 3))
  Downloading joblib-1.5.3-py3-none-any.whl.metadata (5.5 kB)
Collecting regex>=2021.8.3 (from nltk->-r 137/requirements.txt (line 3))
  Downloading regex-2026.7.10-cp312-cp312-manylinux2014_x86_64.manylinux_2_17_x86_64.manylinux_2_28_x86_64.whl.metadata (40 kB)
Collecting six>=1.14.0 (from rouge_score>=0.1.2->-r 137/requirements.txt (line 4))
  Downloading six-1.17.0-py2.py3-none-any.whl.metadata (1.7 kB)
Collecting filelock (from datasets>=2.0.0->evaluate==0.4.2.dev0->-r 137/requirements.txt (line 1))
  Downloading filelock-3.30.2-py3-none-any.whl.metadata (2.0 kB)
Collecting pyarrow>=21.0.0 (from datasets>=2.0.0->evaluate==0.4.2.dev0->-r 137/requirements.txt (line 1))
  Downloading pyarrow-25.0.0-cp312-cp312-manylinux_2_28_x86_64.whl.metadata (3.0 kB)
Collecting httpx<1.0.0 (from datasets>=2.0.0->evaluate==0.4.2.dev0->-r 137/requirements.txt (line 1))
  Downloading httpx-0.28.1-py3-none-any.whl.metadata (7.1 kB)
Collecting fsspec>=2021.05.0 (from fsspec[http]>=2021.05.0->evaluate==0.4.2.dev0->-r 137/requirements.txt (line 1))
  Downloading fsspec-2026.4.0-py3-none-any.whl.metadata (10 kB)
Collecting pyyaml>=5.1 (from datasets>=2.0.0->evaluate==0.4.2.dev0->-r 137/requirements.txt (line 1))
  Downloading pyyaml-6.0.3-cp312-cp312-manylinux2014_x86_64.manylinux_2_17_x86_64.manylinux_2_28_x86_64.whl.metadata (2.4 kB)
Collecting aiohttp!=4.0.0a0,!=4.0.0a1 (from fsspec[http]>=2021.05.0->evaluate==0.4.2.dev0->-r 137/requirements.txt (line 1))
  Downloading aiohttp-3.14.1-cp312-cp312-manylinux2014_x86_64.manylinux_2_17_x86_64.manylinux_2_28_x86_64.whl.metadata (8.3 kB)
Collecting anyio (from httpx<1.0.0->datasets>=2.0.0->evaluate==0.4.2.dev0->-r 137/requirements.txt (line 1))
  Downloading anyio-4.14.2-py3-none-any.whl.metadata (4.6 kB)
Collecting certifi (from httpx<1.0.0->datasets>=2.0.0->evaluate==0.4.2.dev0->-r 137/requirements.txt (line 1))
  Downloading certifi-2026.6.17-py3-none-any.whl.metadata (2.5 kB)
Collecting httpcore==1.* (from httpx<1.0.0->datasets>=2.0.0->evaluate==0.4.2.dev0->-r 137/requirements.txt (line 1))
  Downloading httpcore-1.0.9-py3-none-any.whl.metadata (21 kB)
Collecting idna (from httpx<1.0.0->datasets>=2.0.0->evaluate==0.4.2.dev0->-r 137/requirements.txt (line 1))
  Downloading idna-3.18-py3-none-any.whl.metadata (6.1 kB)
Collecting h11>=0.16 (from httpcore==1.*->httpx<1.0.0->datasets>=2.0.0->evaluate==0.4.2.dev0->-r 137/requirements.txt (line 1))
  Downloading h11-0.16.0-py3-none-any.whl.metadata (8.3 kB)
Collecting hf-xet<2.0.0,>=1.5.1 (from huggingface-hub>=0.7.0->evaluate==0.4.2.dev0->-r 137/requirements.txt (line 1))
  Downloading hf_xet-1.5.2-cp38-abi3-manylinux2014_x86_64.manylinux_2_17_x86_64.whl.metadata (4.9 kB)
Collecting typing-extensions>=4.1.0 (from huggingface-hub>=0.7.0->evaluate==0.4.2.dev0->-r 137/requirements.txt (line 1))
  Downloading typing_extensions-4.16.0-py3-none-any.whl.metadata (3.3 kB)
Collecting aiohappyeyeballs>=2.5.0 (from aiohttp!=4.0.0a0,!=4.0.0a1->fsspec[http]>=2021.05.0->evaluate==0.4.2.dev0->-r 137/requirements.txt (line 1))
  Downloading aiohappyeyeballs-2.7.1-py3-none-any.whl.metadata (5.9 kB)
Collecting aiosignal>=1.4.0 (from aiohttp!=4.0.0a0,!=4.0.0a1->fsspec[http]>=2021.05.0->evaluate==0.4.2.dev0->-r 137/requirements.txt (line 1))
  Downloading aiosignal-1.4.0-py3-none-any.whl.metadata (3.7 kB)
Collecting attrs>=17.3.0 (from aiohttp!=4.0.0a0,!=4.0.0a1->fsspec[http]>=2021.05.0->evaluate==0.4.2.dev0->-r 137/requirements.txt (line 1))
  Downloading attrs-26.1.0-py3-none-any.whl.metadata (8.8 kB)
Collecting frozenlist>=1.1.1 (from aiohttp!=4.0.0a0,!=4.0.0a1->fsspec[http]>=2021.05.0->evaluate==0.4.2.dev0->-r 137/requirements.txt (line 1))
  Downloading frozenlist-1.8.0-cp312-cp312-manylinux1_x86_64.manylinux_2_28_x86_64.manylinux_2_5_x86_64.whl.metadata (20 kB)
Collecting multidict<7.0,>=4.5 (from aiohttp!=4.0.0a0,!=4.0.0a1->fsspec[http]>=2021.05.0->evaluate==0.4.2.dev0->-r 137/requirements.txt (line 1))
  Downloading multidict-6.7.1-cp312-cp312-manylinux2014_x86_64.manylinux_2_17_x86_64.manylinux_2_28_x86_64.whl.metadata (5.3 kB)
Collecting propcache>=0.2.0 (from aiohttp!=4.0.0a0,!=4.0.0a1->fsspec[http]>=2021.05.0->evaluate==0.4.2.dev0->-r 137/requirements.txt (line 1))
  Downloading propcache-0.5.2-cp312-cp312-manylinux2014_x86_64.manylinux_2_17_x86_64.manylinux_2_28_x86_64.whl.metadata (16 kB)
Collecting yarl<2.0,>=1.17.0 (from aiohttp!=4.0.0a0,!=4.0.0a1->fsspec[http]>=2021.05.0->evaluate==0.4.2.dev0->-r 137/requirements.txt (line 1))
  Downloading yarl-1.24.2-cp312-cp312-manylinux2014_x86_64.manylinux_2_17_x86_64.manylinux_2_28_x86_64.whl.metadata (94 kB)
Collecting charset_normalizer<4,>=2 (from requests>=2.19.0->evaluate==0.4.2.dev0->-r 137/requirements.txt (line 1))
  Downloading charset_normalizer-3.4.9-cp312-cp312-manylinux2014_x86_64.manylinux_2_17_x86_64.manylinux_2_28_x86_64.whl.metadata (41 kB)
Collecting urllib3<3,>=1.26 (from requests>=2.19.0->evaluate==0.4.2.dev0->-r 137/requirements.txt (line 1))
  Downloading urllib3-2.7.0-py3-none-any.whl.metadata (6.9 kB)
Collecting python-dateutil>=2.8.2 (from pandas->evaluate==0.4.2.dev0->-r 137/requirements.txt (line 1))
  Downloading python_dateutil-2.9.0.post0-py2.py3-none-any.whl.metadata (8.4 kB)
Downloading absl_py-2.5.0-py3-none-any.whl (137 kB)
Downloading nltk-3.10.0-py3-none-any.whl (1.7 MB)
   ━━━━━━━━━━━━━━━━━━━━━━━━━━━━━━━━━━━━━━━━ 1.7/1.7 MB 20.3 MB/s  0:00:00
Downloading datasets-5.0.0-py3-none-any.whl (555 kB)
   ━━━━━━━━━━━━━━━━━━━━━━━━━━━━━━━━━━━━━━━━ 555.1/555.1 kB 22.7 MB/s  0:00:00
Downloading dill-0.4.1-py3-none-any.whl (120 kB)
Downloading fsspec-2026.4.0-py3-none-any.whl (203 kB)
Downloading httpx-0.28.1-py3-none-any.whl (73 kB)
Downloading httpcore-1.0.9-py3-none-any.whl (78 kB)
Downloading huggingface_hub-1.23.0-py3-none-any.whl (770 kB)
   ━━━━━━━━━━━━━━━━━━━━━━━━━━━━━━━━━━━━━━━━ 770.3/770.3 kB 22.1 MB/s  0:00:00
Downloading click-8.4.2-py3-none-any.whl (119 kB)
Downloading hf_xet-1.5.2-cp38-abi3-manylinux2014_x86_64.manylinux_2_17_x86_64.whl (4.4 MB)
   ━━━━━━━━━━━━━━━━━━━━━━━━━━━━━━━━━━━━━━━━ 4.4/4.4 MB 20.9 MB/s  0:00:00
Downloading multiprocess-0.70.19-py312-none-any.whl (150 kB)
Downloading aiohttp-3.14.1-cp312-cp312-manylinux2014_x86_64.manylinux_2_17_x86_64.manylinux_2_28_x86_64.whl (1.8 MB)
   ━━━━━━━━━━━━━━━━━━━━━━━━━━━━━━━━━━━━━━━━ 1.8/1.8 MB 21.9 MB/s  0:00:00
Downloading multidict-6.7.1-cp312-cp312-manylinux2014_x86_64.manylinux_2_17_x86_64.manylinux_2_28_x86_64.whl (256 kB)
Downloading yarl-1.24.2-cp312-cp312-manylinux2014_x86_64.manylinux_2_17_x86_64.manylinux_2_28_x86_64.whl (105 kB)
Downloading aiohappyeyeballs-2.7.1-py3-none-any.whl (15 kB)
Downloading aiosignal-1.4.0-py3-none-any.whl (7.5 kB)
Downloading attrs-26.1.0-py3-none-any.whl (67 kB)
Downloading filelock-3.30.2-py3-none-any.whl (94 kB)
Downloading frozenlist-1.8.0-cp312-cp312-manylinux1_x86_64.manylinux_2_28_x86_64.manylinux_2_5_x86_64.whl (242 kB)
Downloading h11-0.16.0-py3-none-any.whl (37 kB)
Downloading idna-3.18-py3-none-any.whl (65 kB)
Downloading numpy-2.5.1-cp312-cp312-manylinux_2_27_x86_64.manylinux_2_28_x86_64.whl (16.7 MB)
   ━━━━━━━━━━━━━━━━━━━━━━━━━━━━━━━━━━━━━━━━ 16.7/16.7 MB 18.7 MB/s  0:00:00
Downloading propcache-0.5.2-cp312-cp312-manylinux2014_x86_64.manylinux_2_17_x86_64.manylinux_2_28_x86_64.whl (61 kB)
Downloading pyarrow-25.0.0-cp312-cp312-manylinux_2_28_x86_64.whl (50.1 MB)
   ━━━━━━━━━━━━━━━━━━━━━━━━━━━━━━━━━━━━━━━━ 50.1/50.1 MB 16.7 MB/s  0:00:02
Downloading pyyaml-6.0.3-cp312-cp312-manylinux2014_x86_64.manylinux_2_17_x86_64.manylinux_2_28_x86_64.whl (807 kB)
   ━━━━━━━━━━━━━━━━━━━━━━━━━━━━━━━━━━━━━━━━ 807.9/807.9 kB 17.2 MB/s  0:00:00
Downloading regex-2026.7.10-cp312-cp312-manylinux2014_x86_64.manylinux_2_17_x86_64.manylinux_2_28_x86_64.whl (801 kB)
   ━━━━━━━━━━━━━━━━━━━━━━━━━━━━━━━━━━━━━━━━ 801.3/801.3 kB 18.0 MB/s  0:00:00
Downloading requests-2.34.2-py3-none-any.whl (73 kB)
Downloading charset_normalizer-3.4.9-cp312-cp312-manylinux2014_x86_64.manylinux_2_17_x86_64.manylinux_2_28_x86_64.whl (224 kB)
Downloading urllib3-2.7.0-py3-none-any.whl (131 kB)
Downloading certifi-2026.6.17-py3-none-any.whl (133 kB)
Downloading six-1.17.0-py2.py3-none-any.whl (11 kB)
Downloading tqdm-4.68.4-py3-none-any.whl (676 kB)
   ━━━━━━━━━━━━━━━━━━━━━━━━━━━━━━━━━━━━━━━━ 676.6/676.6 kB 19.4 MB/s  0:00:00
Downloading typing_extensions-4.16.0-py3-none-any.whl (45 kB)
Downloading anyio-4.14.2-py3-none-any.whl (125 kB)
Downloading defusedxml-0.7.1-py2.py3-none-any.whl (25 kB)
Downloading joblib-1.5.3-py3-none-any.whl (309 kB)
Downloading pandas-3.0.3-cp312-cp312-manylinux_2_24_x86_64.manylinux_2_28_x86_64.whl (10.9 MB)
   ━━━━━━━━━━━━━━━━━━━━━━━━━━━━━━━━━━━━━━━━ 10.9/10.9 MB 14.7 MB/s  0:00:00
Downloading python_dateutil-2.9.0.post0-py2.py3-none-any.whl (229 kB)
Downloading xxhash-3.8.1-cp312-cp312-manylinux2014_x86_64.manylinux_2_17_x86_64.manylinux_2_28_x86_64.whl (220 kB)
Building wheels for collected packages: evaluate, rouge_score
  Building editable for evaluate (pyproject.toml): started
  Building editable for evaluate (pyproject.toml): finished with status 'done'
  Created wheel for evaluate: filename=evaluate-0.4.2.dev0-0.editable-py3-none-any.whl size=8586 sha256=c5b57cce85c50588354c826d5109e3e6a5b6fe3a2519168d031fb84c863cd579
  Stored in directory: /tmp/pip-ephem-wheel-cache-r9w0mooi/wheels/2d/1a/ec/14d8e6af2574bc4e4998ac31a6a43336ad554f4513500b026c
  Building wheel for rouge_score (pyproject.toml): started
  Building wheel for rouge_score (pyproject.toml): finished with status 'done'
  Created wheel for rouge_score: filename=rouge_score-0.1.2-py3-none-any.whl size=24984 sha256=95bfb41b1d07d2097c2d4eda22fc8475d069b55159c50bd33c93790f83f8b113
  Stored in directory: /tmp/pip-ephem-wheel-cache-r9w0mooi/wheels/85/9d/af/01feefbe7d55ef5468796f0c68225b6788e85d9d0a281e7a70
Successfully built evaluate rouge_score
Installing collected packages: xxhash, urllib3, typing-extensions, tqdm, six, regex, pyyaml, pyarrow, propcache, numpy, multidict, joblib, idna, hf-xet, h11, fsspec, frozenlist, filelock, dill, defusedxml, click, charset_normalizer, certifi, attrs, aiohappyeyeballs, absl-py, yarl, requests, python-dateutil, nltk, multiprocess, httpcore, anyio, aiosignal, rouge_score, pandas, httpx, aiohttp, huggingface-hub, datasets, evaluate

Successfully installed absl-py-2.5.0 aiohappyeyeballs-2.7.1 aiohttp-3.14.1 aiosignal-1.4.0 anyio-4.14.2 attrs-26.1.0 certifi-2026.6.17 charset_normalizer-3.4.9 click-8.4.2 datasets-5.0.0 defusedxml-0.7.1 dill-0.4.1 evaluate-0.4.2.dev0 filelock-3.30.2 frozenlist-1.8.0 fsspec-2026.4.0 h11-0.16.0 hf-xet-1.5.2 httpcore-1.0.9 httpx-0.28.1 huggingface-hub-1.23.0 idna-3.18 joblib-1.5.3 multidict-6.7.1 multiprocess-0.70.19 nltk-3.10.0 numpy-2.5.1 pandas-3.0.3 propcache-0.5.2 pyarrow-25.0.0 python-dateutil-2.9.0.post0 pyyaml-6.0.3 regex-2026.7.10 requests-2.34.2 rouge_score-0.1.2 six-1.17.0 tqdm-4.68.4 typing-extensions-4.16.0 urllib3-2.7.0 xxhash-3.8.1 yarl-1.24.2
{
  "default_scores": {
    "rouge1": 0.0,
    "rouge2": 0.0,
    "rougeL": 0.0,
    "rougeLsum": 0.0
  },
  "evaluate_version": "0.4.2.dev0",
  "metric_path": "137/codebase/metrics/rouge",
  "split_scores": {
    "rouge1": 1.0,
    "rouge2": 1.0,
    "rougeL": 1.0,
    "rougeLsum": 1.0
  }
}
