[NeMo W 2026-07-17 03:03:19 megatron_init:62] Megatron num_microbatches_calculator not found, using Apex version.
OneLogger: Setting error_handling_strategy to DISABLE_QUIETLY_AND_REPORT_METRIC_ERROR for rank (rank=0) with OneLogger disabled. To override: explicitly set error_handling_strategy parameter.
No exporters were provided. This means that no telemetry data will be collected.
[NeMo W 2026-07-17 03:03:20 nemo_logging:364] 190/.venv_repro/lib/python3.12/site-packages/pydub/utils.py:170: RuntimeWarning: Couldn't find ffmpeg or avconv - defaulting to ffmpeg, but may not work
      warn("Couldn't find ffmpeg or avconv - defaulting to ffmpeg, but may not work", RuntimeWarning)
    
[NeMo W 2026-07-17 03:03:23 modelPT:188] If you intend to do training or fine-tuning, please call the ModelPT.setup_training_data() method and provide a valid configuration file to setup the train data loader.
    Train config : 
    use_lhotse: true
    skip_missing_manifest_entries: true
    input_cfg: null
    tarred_audio_filepaths: null
    manifest_filepath: null
    sample_rate: 16000
    shuffle: true
    num_workers: 4
    pin_memory: true
    prompt_format: canary2
    max_duration: 40.0
    min_duration: 0.01
    text_field: answer
    lang_field: target_lang
    use_bucketing: true
    max_tps: null
    bucket_duration_bins: null
    bucket_batch_size: null
    num_buckets: null
    bucket_buffer_size: 20000
    shuffle_buffer_size: 10000
    
[NeMo W 2026-07-17 03:03:23 modelPT:195] If you intend to do validation, please call the ModelPT.setup_validation_data() or ModelPT.setup_multiple_validation_data() method and provide a valid configuration file to setup the validation data loader(s). 
    Validation config : 
    use_lhotse: true
    prompt_format: canary2
    manifest_filepath: null
    sample_rate: 16000
    batch_size: 4
    shuffle: true
    max_duration: 40.0
    min_duration: 0.1
    num_workers: 2
    pin_memory: true
    text_field: answer
    lang_field: target_lang
    
Error getting class at nemo.collections.asr.modules.transformer.get_nemo_transformer: Located non-class of type 'function' while loading 'nemo.collections.asr.modules.transformer.get_nemo_transformer'
[NeMo W 2026-07-17 03:03:31 modelPT:188] If you intend to do training or fine-tuning, please call the ModelPT.setup_training_data() method and provide a valid configuration file to setup the train data loader.
    Train config : 
    use_lhotse: true
    skip_missing_manifest_entries: true
    input_cfg: null
    tarred_audio_filepaths: null
    manifest_filepath: null
    sample_rate: 16000
    shuffle: true
    num_workers: 2
    pin_memory: true
    max_duration: 40.0
    min_duration: 0.1
    text_field: answer
    batch_duration: null
    max_tps: null
    use_bucketing: true
    bucket_duration_bins: null
    bucket_batch_size: null
    num_buckets: null
    bucket_buffer_size: 20000
    shuffle_buffer_size: 10000
    
[NeMo W 2026-07-17 03:03:31 modelPT:195] If you intend to do validation, please call the ModelPT.setup_validation_data() or ModelPT.setup_multiple_validation_data() method and provide a valid configuration file to setup the validation data loader(s). 
    Validation config : 
    use_lhotse: true
    manifest_filepath: null
    sample_rate: 16000
    batch_size: 16
    shuffle: false
    max_duration: 40.0
    min_duration: 0.1
    num_workers: 2
    pin_memory: true
    text_field: answer
    

Transcribing:   0%|          | 0/1 [00:00<?, ?it/s]

Transcribing:   0%|          | 0/1 [00:00<?, ?it/s][A
Transcribing: 100%|██████████| 1/1 [00:00<00:00, 15.36it/s]

Transcribing: 100%|██████████| 1/1 [00:00<00:00,  3.10it/s]
Transcribing: 100%|██████████| 1/1 [00:00<00:00,  3.10it/s]
