Requirement already satisfied: pip in ./.venv/lib/python3.12/site-packages (24.0)
Collecting pip
  Downloading pip-26.1.2-py3-none-any.whl.metadata (4.6 kB)
Collecting setuptools
  Downloading setuptools-83.0.0-py3-none-any.whl.metadata (6.6 kB)
Collecting wheel
  Downloading wheel-0.47.0-py3-none-any.whl.metadata (2.3 kB)
Collecting packaging>=24.0 (from wheel)
  Downloading packaging-26.2-py3-none-any.whl.metadata (3.5 kB)
Downloading pip-26.1.2-py3-none-any.whl (1.8 MB)
   ━━━━━━━━━━━━━━━━━━━━━━━━━━━━━━━━━━━━━━━━ 1.8/1.8 MB 16.1 MB/s eta 0:00:00
Downloading setuptools-83.0.0-py3-none-any.whl (1.0 MB)
   ━━━━━━━━━━━━━━━━━━━━━━━━━━━━━━━━━━━━━━━━ 1.0/1.0 MB 15.7 MB/s eta 0:00:00
Downloading wheel-0.47.0-py3-none-any.whl (32 kB)
Downloading packaging-26.2-py3-none-any.whl (100 kB)
   ━━━━━━━━━━━━━━━━━━━━━━━━━━━━━━━━━━━━━━━━ 100.2/100.2 kB 39.9 MB/s eta 0:00:00
Installing collected packages: setuptools, pip, packaging, wheel
  Attempting uninstall: pip
    Found existing installation: pip 24.0
    Uninstalling pip-24.0:
      Successfully uninstalled pip-24.0
Successfully installed packaging-26.2 pip-26.1.2 setuptools-83.0.0 wheel-0.47.0
Collecting numpy==2.0.2 (from -r requirements.txt (line 1))
  Downloading numpy-2.0.2-cp312-cp312-manylinux_2_17_x86_64.manylinux2014_x86_64.whl.metadata (60 kB)
Collecting pandas==2.2.3 (from -r requirements.txt (line 2))
  Downloading pandas-2.2.3-cp312-cp312-manylinux_2_17_x86_64.manylinux2014_x86_64.whl.metadata (89 kB)
Collecting scipy==1.15.2 (from -r requirements.txt (line 3))
  Downloading scipy-1.15.2-cp312-cp312-manylinux_2_17_x86_64.manylinux2014_x86_64.whl.metadata (61 kB)
Collecting copulas==0.11.1 (from -r requirements.txt (line 4))
  Downloading copulas-0.11.1-py3-none-any.whl.metadata (9.1 kB)
Collecting rdt==1.13.0 (from -r requirements.txt (line 5))
  Downloading rdt-1.13.0-py3-none-any.whl.metadata (10 kB)
Collecting cloudpickle==3.1.0 (from -r requirements.txt (line 6))
  Downloading cloudpickle-3.1.0-py3-none-any.whl.metadata (7.0 kB)
Collecting tqdm==4.67.0 (from -r requirements.txt (line 7))
  Downloading tqdm-4.67.0-py3-none-any.whl.metadata (57 kB)
Collecting platformdirs==4.3.6 (from -r requirements.txt (line 8))
  Downloading platformdirs-4.3.6-py3-none-any.whl.metadata (11 kB)
Collecting pyyaml==6.0.1 (from -r requirements.txt (line 9))
  Downloading PyYAML-6.0.1-cp312-cp312-manylinux_2_17_x86_64.manylinux2014_x86_64.whl.metadata (2.1 kB)
Collecting graphviz==0.20.3 (from -r requirements.txt (line 10))
  Downloading graphviz-0.20.3-py3-none-any.whl.metadata (12 kB)
Collecting plotly==6.9.0 (from -r requirements.txt (line 11))
  Downloading plotly-6.9.0-py3-none-any.whl.metadata (9.0 kB)
Collecting python-dateutil>=2.8.2 (from pandas==2.2.3->-r requirements.txt (line 2))
  Downloading python_dateutil-2.9.0.post0-py2.py3-none-any.whl.metadata (8.4 kB)
Collecting pytz>=2020.1 (from pandas==2.2.3->-r requirements.txt (line 2))
  Downloading pytz-2026.2-py2.py3-none-any.whl.metadata (22 kB)
Collecting tzdata>=2022.7 (from pandas==2.2.3->-r requirements.txt (line 2))
  Downloading tzdata-2026.3-py2.py3-none-any.whl.metadata (1.4 kB)
Collecting Faker>=17 (from rdt==1.13.0->-r requirements.txt (line 5))
  Downloading faker-40.31.0-py3-none-any.whl.metadata (16 kB)
Collecting scikit-learn>=1.3.1 (from rdt==1.13.0->-r requirements.txt (line 5))
  Downloading scikit_learn-1.9.0-cp312-cp312-manylinux_2_27_x86_64.manylinux_2_28_x86_64.whl.metadata (11 kB)
Collecting narwhals>=1.15.1 (from plotly==6.9.0->-r requirements.txt (line 11))
  Downloading narwhals-2.24.0-py3-none-any.whl.metadata (15 kB)
Requirement already satisfied: packaging in ./.venv/lib/python3.12/site-packages (from plotly==6.9.0->-r requirements.txt (line 11)) (26.2)
Collecting six>=1.5 (from python-dateutil>=2.8.2->pandas==2.2.3->-r requirements.txt (line 2))
  Downloading six-1.17.0-py2.py3-none-any.whl.metadata (1.7 kB)
Collecting joblib>=1.4.0 (from scikit-learn>=1.3.1->rdt==1.13.0->-r requirements.txt (line 5))
  Downloading joblib-1.5.3-py3-none-any.whl.metadata (5.5 kB)
Collecting threadpoolctl>=3.5.0 (from scikit-learn>=1.3.1->rdt==1.13.0->-r requirements.txt (line 5))
  Downloading threadpoolctl-3.6.0-py3-none-any.whl.metadata (13 kB)
Downloading numpy-2.0.2-cp312-cp312-manylinux_2_17_x86_64.manylinux2014_x86_64.whl (19.2 MB)
   ━━━━━━━━━━━━━━━━━━━━━━━━━━━━━━━━━━━━━━━━ 19.2/19.2 MB 12.9 MB/s  0:00:01
Downloading pandas-2.2.3-cp312-cp312-manylinux_2_17_x86_64.manylinux2014_x86_64.whl (12.7 MB)
   ━━━━━━━━━━━━━━━━━━━━━━━━━━━━━━━━━━━━━━━━ 12.7/12.7 MB 20.7 MB/s  0:00:00
Downloading scipy-1.15.2-cp312-cp312-manylinux_2_17_x86_64.manylinux2014_x86_64.whl (37.3 MB)
   ━━━━━━━━━━━━━━━━━━━━━━━━━━━━━━━━━━━━━━━━ 37.3/37.3 MB 20.5 MB/s  0:00:01
Downloading copulas-0.11.1-py3-none-any.whl (51 kB)
Downloading rdt-1.13.0-py3-none-any.whl (66 kB)
Downloading cloudpickle-3.1.0-py3-none-any.whl (22 kB)
Downloading tqdm-4.67.0-py3-none-any.whl (78 kB)
Downloading platformdirs-4.3.6-py3-none-any.whl (18 kB)
Downloading PyYAML-6.0.1-cp312-cp312-manylinux_2_17_x86_64.manylinux2014_x86_64.whl (724 kB)
   ━━━━━━━━━━━━━━━━━━━━━━━━━━━━━━━━━━━━━━━━ 725.0/725.0 kB 13.8 MB/s  0:00:00
Downloading graphviz-0.20.3-py3-none-any.whl (47 kB)
Downloading plotly-6.9.0-py3-none-any.whl (9.9 MB)
   ━━━━━━━━━━━━━━━━━━━━━━━━━━━━━━━━━━━━━━━━ 9.9/9.9 MB 15.9 MB/s  0:00:00
Downloading faker-40.31.0-py3-none-any.whl (2.1 MB)
   ━━━━━━━━━━━━━━━━━━━━━━━━━━━━━━━━━━━━━━━━ 2.1/2.1 MB 19.5 MB/s  0:00:00
Downloading narwhals-2.24.0-py3-none-any.whl (461 kB)
Downloading python_dateutil-2.9.0.post0-py2.py3-none-any.whl (229 kB)
Downloading pytz-2026.2-py2.py3-none-any.whl (510 kB)
Downloading scikit_learn-1.9.0-cp312-cp312-manylinux_2_27_x86_64.manylinux_2_28_x86_64.whl (9.1 MB)
   ━━━━━━━━━━━━━━━━━━━━━━━━━━━━━━━━━━━━━━━━ 9.1/9.1 MB 21.5 MB/s  0:00:00
Downloading joblib-1.5.3-py3-none-any.whl (309 kB)
Downloading six-1.17.0-py2.py3-none-any.whl (11 kB)
Downloading threadpoolctl-3.6.0-py3-none-any.whl (18 kB)
Downloading tzdata-2026.3-py2.py3-none-any.whl (348 kB)
Installing collected packages: pytz, tzdata, tqdm, threadpoolctl, six, pyyaml, platformdirs, numpy, narwhals, joblib, graphviz, Faker, cloudpickle, scipy, python-dateutil, plotly, scikit-learn, pandas, rdt, copulas

Successfully installed Faker-40.31.0 cloudpickle-3.1.0 copulas-0.11.1 graphviz-0.20.3 joblib-1.5.3 narwhals-2.24.0 numpy-2.0.2 pandas-2.2.3 platformdirs-4.3.6 plotly-6.9.0 python-dateutil-2.9.0.post0 pytz-2026.2 pyyaml-6.0.1 rdt-1.13.0 scikit-learn-1.9.0 scipy-1.15.2 six-1.17.0 threadpoolctl-3.6.0 tqdm-4.67.0 tzdata-2026.3
before_fit _fitted=False _model=None
after_fit _fitted=True _model=None
processed_columns=[]
