Requirement already satisfied: pip in ./.venv/lib/python3.12/site-packages (24.0)
Collecting pip
  Using cached pip-26.1.2-py3-none-any.whl.metadata (4.6 kB)
Collecting setuptools
  Using cached setuptools-83.0.0-py3-none-any.whl.metadata (6.6 kB)
Collecting wheel
  Using cached wheel-0.47.0-py3-none-any.whl.metadata (2.3 kB)
Collecting packaging>=24.0 (from wheel)
  Using cached packaging-26.2-py3-none-any.whl.metadata (3.5 kB)
Using cached pip-26.1.2-py3-none-any.whl (1.8 MB)
Using cached setuptools-83.0.0-py3-none-any.whl (1.0 MB)
Using cached wheel-0.47.0-py3-none-any.whl (32 kB)
Using cached packaging-26.2-py3-none-any.whl (100 kB)
Installing collected packages: setuptools, pip, packaging, wheel
  Attempting uninstall: pip
    Found existing installation: pip 24.0
    Uninstalling pip-24.0:
      Successfully uninstalled pip-24.0
Successfully installed packaging-26.2 pip-26.1.2 setuptools-83.0.0 wheel-0.47.0
Collecting safetensors==0.4.3 (from -r 142/requirements.txt (line 1))
  Using cached safetensors-0.4.3-cp312-cp312-manylinux_2_17_x86_64.manylinux2014_x86_64.whl.metadata (3.8 kB)
Using cached safetensors-0.4.3-cp312-cp312-manylinux_2_17_x86_64.manylinux2014_x86_64.whl (1.2 MB)
Installing collected packages: safetensors
Successfully installed safetensors-0.4.3
exception_class=<class 'safetensors_rust.SafetensorError'>
exception_module=safetensors_rust
repro_result=PicklingError: Can't pickle <class 'safetensors_rust.SafetensorError'>: import of module 'safetensors_rust' failed
