{
  "blocking_reason": null,
  "evidence": {
    "cache_enabled_false_peak_total_bytes": 1132856320,
    "cache_enabled_true_peak_total_bytes": 75891712,
    "cuda_device": "NVIDIA RTX PRO 6000 Blackwell Max-Q Workstation Edition",
    "peak_delta_bytes": 1056964608,
    "source_excerpt": "return torch.autocast(self.device, dtype=dtype, cache_enabled=False)",
    "source_file": "codebase/src/lightning/pytorch/plugins/precision/amp.py",
    "source_line": 116,
    "torch_version": "2.8.0+cu128"
  },
  "reproducible": true,
  "reproduction_command": "bash run_repro.sh",
  "steps": [
    "Verified `codebase/src/lightning/pytorch/plugins/precision/amp.py` line 116 contains `return torch.autocast(self.device, dtype=dtype, cache_enabled=False)`.",
    "Imported torch 2.8.0+cu128.",
    "CUDA device: NVIDIA RTX PRO 6000 Blackwell Max-Q Workstation Edition.",
    "Ran a repeated decoder-style forward/backward benchmark under bf16 autocast with cache_enabled=True and False.",
    "Observed a large peak-memory increase when cache_enabled=False was used."
  ]
}
