torch=2.13.0+cu130
codebase=164/codebase
gradcheck_2d=True
gradcheck_3d_failed=GradcheckError: Jacobian mismatch for output 0 with respect to input 0,
numerical:tensor([[0.5000, 0.0000, 0.0000, 0.0000, 0.0000, 0.0000],
        [0.0000, 0.5000, 0.0000, 0.0000, 0.0000, 0.0000],
        [0.0000, 0.0000, 0.5000, 0.0000, 0.0000, 0.0000],
        [0.0000, 0.0000, 0.0000, 0.5000, 0.0000, 0.0000],
        [0.0000, 0.5000, 0.0000, 0.0000, 0.0000, 0.0000],
        [0.0000, 0.0000, 0.5000, 0.0000, 0.0000, 0.0000],
        [0.0000, 0.0000, 0.0000, 0.5000, 0.0000, 0.0000],
        [0.0000, 0.0000, 0.0000, 0.0000, 0.5000, 0.0000],
        [0.0000, 0.0000, 0.5000, 0.0000, 0.0000, 0.0000],
        [0.5000, 0.0000, 0.0000, 0.0000, 0.0000, 0.0000],
        [0.0000, 0.0000, 0.0000, 0.0000, 0.5000, 0.0000],
        [0.0000, 0.0000, 0.5000, 0.0000, 0.0000, 0.0000],
        [0.5000, 0.0000, 0.0000, 0.0000, 0.0000, 0.0000],
        [0.0000, 0.5000, 0.0000, 0.0000, 0.0000, 0.0000],
        [0.0000, 0.0000, 0.0000, 0.0000, 0.0000, 0.5000],
        [0.0000, 0.0000, 0.0000, 0.5000, 0.0000, 0.0000],
        [0.0000, 0.5000, 0.0000, 0.0000, 0.0000, 0.0000],
        [0.0000, 0.0000, 0.0000, 0.0000, 0.0000, 0.5000],
        [0.0000, 0.0000, 0.0000, 0.5000, 0.0000, 0.0000],
        [0.0000, 0.0000, 0.0000, 0.0000, 0.5000, 0.0000],
        [0.0000, 0.0000, 0.0000, 0.0000, 0.0000, 0.5000],
        [0.5000, 0.0000, 0.0000, 0.0000, 0.0000, 0.0000],
        [0.0000, 0.0000, 0.0000, 0.0000, 0.5000, 0.0000],
        [0.0000, 0.0000, 0.0000, 0.0000, 0.0000, 0.5000]], dtype=torch.float64)
analytical:tensor([[0.2500, 0.0000, 0.0000, 0.0000, 0.0000, 0.0000],
        [0.0000, 0.2500, 0.0000, 0.0000, 0.0000, 0.0000],
        [0.0000, 0.0000, 0.2500, 0.0000, 0.0000, 0.0000],
        [0.0000, 0.0000, 0.0000, 0.2500, 0.0000, 0.0000],
        [0.0000, 0.2500, 0.0000, 0.0000, 0.0000, 0.0000],
        [0.0000, 0.0000, 0.2500, 0.0000, 0.0000, 0.0000],
        [0.0000, 0.0000, 0.0000, 0.2500, 0.0000, 0.0000],
        [0.0000, 0.0000, 0.0000, 0.0000, 0.2500, 0.0000],
        [0.0000, 0.0000, 0.2500, 0.0000, 0.0000, 0.0000],
        [0.2500, 0.0000, 0.0000, 0.0000, 0.0000, 0.0000],
        [0.0000, 0.0000, 0.0000, 0.0000, 0.2500, 0.0000],
        [0.0000, 0.0000, 0.2500, 0.0000, 0.0000, 0.0000],
        [0.2500, 0.0000, 0.0000, 0.0000, 0.0000, 0.0000],
        [0.0000, 0.2500, 0.0000, 0.0000, 0.0000, 0.0000],
        [0.0000, 0.0000, 0.0000, 0.0000, 0.0000, 0.2500],
        [0.0000, 0.0000, 0.0000, 0.2500, 0.0000, 0.0000],
        [0.0000, 0.2500, 0.0000, 0.0000, 0.0000, 0.0000],
        [0.0000, 0.0000, 0.0000, 0.0000, 0.0000, 0.2500],
        [0.0000, 0.0000, 0.0000, 0.2500, 0.0000, 0.0000],
        [0.0000, 0.0000, 0.0000, 0.0000, 0.2500, 0.0000],
        [0.0000, 0.0000, 0.0000, 0.0000, 0.0000, 0.2500],
        [0.2500, 0.0000, 0.0000, 0.0000, 0.0000, 0.0000],
        [0.0000, 0.0000, 0.0000, 0.0000, 0.2500, 0.0000],
        [0.0000, 0.0000, 0.0000, 0.0000, 0.0000, 0.2500]], dtype=torch.float64)

