Resolved 87 packages in 976ms
Installed 84 packages in 759ms
 + accelerate==1.10.1
 + aiohappyeyeballs==2.6.1
 + aiohttp==3.13.5
 + aiosignal==1.4.0
 + anyio==4.12.1
 + async-timeout==5.0.1
 + attrs==26.1.0
 + bitsandbytes==0.48.2
 + certifi==2026.6.17
 + charset-normalizer==3.4.9
 + datasets==4.3.0
 + diffusers==0.36.0
 + dill==0.4.0
 + docstring-parser==0.18.0
 + eval-type-backport==0.4.0
 + exceptiongroup==1.3.1
 + filelock==3.19.1
 + frozenlist==1.8.0
 + fsspec==2025.9.0
 + h11==0.16.0
 + hf-transfer==0.1.9
 + hf-xet==1.5.2
 + httpcore==1.0.9
 + httpx==0.28.1
 + huggingface-hub==0.36.2
 + idna==3.18
 + importlib-metadata==8.7.1
 + jinja2==3.1.6
 + markupsafe==3.0.3
 + mpmath==1.3.0
 + msgspec==0.20.0
 + multidict==6.7.1
 + multiprocess==0.70.16
 + networkx==3.2.1
 + numpy==2.0.2
 + nvidia-cublas-cu12==12.8.4.1
 + nvidia-cuda-cupti-cu12==12.8.90
 + nvidia-cuda-nvrtc-cu12==12.8.93
 + nvidia-cuda-runtime-cu12==12.8.90
 + nvidia-cudnn-cu12==9.10.2.21
 + nvidia-cufft-cu12==11.3.3.83
 + nvidia-cufile-cu12==1.13.1.3
 + nvidia-curand-cu12==10.3.9.90
 + nvidia-cusolver-cu12==11.7.3.90
 + nvidia-cusparse-cu12==12.5.8.93
 + nvidia-cusparselt-cu12==0.7.1
 + nvidia-nccl-cu12==2.27.3
 + nvidia-nvjitlink-cu12==12.8.93
 + nvidia-nvtx-cu12==12.8.90
 + pandas==2.3.3
 + peft==0.17.1
 + pillow==11.3.0
 + propcache==0.4.1
 + protobuf==6.33.6
 + psutil==7.2.2
 + pyarrow==21.0.0
 + python-dateutil==2.9.0.post0
 + pytz==2026.2
 + pyyaml==6.0.3
 + regex==2026.1.15
 + requests==2.32.5
 + safetensors==0.7.0
 + sentencepiece==0.2.2
 + six==1.17.0
 + sympy==1.14.0
 + tokenizers==0.22.2
 + torch==2.8.0
 + torchao==0.17.0
 + torchvision==0.23.0
 + tqdm==4.68.4
 + transformers==4.57.3
 + triton==3.4.0
 + trl==0.24.0
 + typeguard==4.5.2
 + typing-extensions==4.16.0
 + tyro==1.0.15
 + tzdata==2026.3
 + unsloth==2026.1.2
 + unsloth-zoo==2026.1.2
 + urllib3==2.6.3
 + xformers==0.0.32.post2
 + xxhash==3.8.1
 + yarl==1.22.0
 + zipp==3.23.1
