traceback_start
Traceback (most recent call last):
  File "531/repro.py", line 26, in run_forward
    model(pixel_values=pixel_values)
  File "531/.venv/lib/python3.12/site-packages/torch/nn/modules/module.py", line 1736, in _wrapped_call_impl
    return self._call_impl(*args, **kwargs)
           ^^^^^^^^^^^^^^^^^^^^^^^^^^^^^^^^
  File "531/.venv/lib/python3.12/site-packages/torch/nn/modules/module.py", line 1747, in _call_impl
    return forward_call(*args, **kwargs)
           ^^^^^^^^^^^^^^^^^^^^^^^^^^^^^
  File "531/codebase/src/transformers/utils/generic.py", line 910, in wrapper
    output = func(self, *args, **kwargs)
             ^^^^^^^^^^^^^^^^^^^^^^^^^^^
  File "531/codebase/src/transformers/models/rt_detr/modeling_rt_detr.py", line 1841, in forward
    outputs = self.model(
              ^^^^^^^^^^^
  File "531/.venv/lib/python3.12/site-packages/torch/nn/modules/module.py", line 1736, in _wrapped_call_impl
    return self._call_impl(*args, **kwargs)
           ^^^^^^^^^^^^^^^^^^^^^^^^^^^^^^^^
  File "531/.venv/lib/python3.12/site-packages/torch/nn/modules/module.py", line 1747, in _call_impl
    return forward_call(*args, **kwargs)
           ^^^^^^^^^^^^^^^^^^^^^^^^^^^^^
  File "531/codebase/src/transformers/utils/generic.py", line 910, in wrapper
    output = func(self, *args, **kwargs)
             ^^^^^^^^^^^^^^^^^^^^^^^^^^^
  File "531/codebase/src/transformers/models/rt_detr/modeling_rt_detr.py", line 1626, in forward
    sources.append(self.decoder_input_proj[_len_sources](encoder_outputs.last_hidden_state)[-1])
                   ^^^^^^^^^^^^^^^^^^^^^^^^^^^^^^^^^^^^^^^^^^^^^^^^^^^^^^^^^^^^^^^^^^^^^^^^
  File "531/.venv/lib/python3.12/site-packages/torch/nn/modules/module.py", line 1736, in _wrapped_call_impl
    return self._call_impl(*args, **kwargs)
           ^^^^^^^^^^^^^^^^^^^^^^^^^^^^^^^^
  File "531/.venv/lib/python3.12/site-packages/torch/nn/modules/module.py", line 1747, in _call_impl
    return forward_call(*args, **kwargs)
           ^^^^^^^^^^^^^^^^^^^^^^^^^^^^^
  File "531/.venv/lib/python3.12/site-packages/torch/nn/modules/container.py", line 250, in forward
    input = module(input)
            ^^^^^^^^^^^^^
  File "531/.venv/lib/python3.12/site-packages/torch/nn/modules/module.py", line 1736, in _wrapped_call_impl
    return self._call_impl(*args, **kwargs)
           ^^^^^^^^^^^^^^^^^^^^^^^^^^^^^^^^
  File "531/.venv/lib/python3.12/site-packages/torch/nn/modules/module.py", line 1747, in _call_impl
    return forward_call(*args, **kwargs)
           ^^^^^^^^^^^^^^^^^^^^^^^^^^^^^
  File "531/.venv/lib/python3.12/site-packages/torch/nn/modules/conv.py", line 554, in forward
    return self._conv_forward(input, self.weight, self.bias)
           ^^^^^^^^^^^^^^^^^^^^^^^^^^^^^^^^^^^^^^^^^^^^^^^^^
  File "531/.venv/lib/python3.12/site-packages/torch/nn/modules/conv.py", line 549, in _conv_forward
    return F.conv2d(
           ^^^^^^^^^
TypeError: conv2d() received an invalid combination of arguments - got (list, Parameter, NoneType, tuple, tuple, tuple, int), but expected one of:
 * (Tensor input, Tensor weight, Tensor bias = None, tuple of ints stride = 1, tuple of ints padding = 0, tuple of ints dilation = 1, int groups = 1)
      didn't match because some of the arguments have invalid types: (!list of [Tensor, Tensor, Tensor]!, !Parameter!, !NoneType!, !tuple of (int, int)!, !tuple of (int, int)!, !tuple of (int, int)!, !int!)
 * (Tensor input, Tensor weight, Tensor bias = None, tuple of ints stride = 1, str padding = "valid", tuple of ints dilation = 1, int groups = 1)
      didn't match because some of the arguments have invalid types: (!list of [Tensor, Tensor, Tensor]!, !Parameter!, !NoneType!, !tuple of (int, int)!, !tuple of (int, int)!, !tuple of (int, int)!, !int!)

traceback_end
