Requirement already satisfied: pip in ./.venv/lib/python3.12/site-packages (24.0)
Collecting pip
  Downloading pip-26.1.2-py3-none-any.whl.metadata (4.6 kB)
Collecting setuptools
  Downloading setuptools-83.0.0-py3-none-any.whl.metadata (6.6 kB)
Collecting wheel
  Downloading wheel-0.47.0-py3-none-any.whl.metadata (2.3 kB)
Collecting packaging>=24.0 (from wheel)
  Downloading packaging-26.2-py3-none-any.whl.metadata (3.5 kB)
Downloading pip-26.1.2-py3-none-any.whl (1.8 MB)
   ━━━━━━━━━━━━━━━━━━━━━━━━━━━━━━━━━━━━━━━━ 1.8/1.8 MB 4.4 MB/s eta 0:00:00
Downloading setuptools-83.0.0-py3-none-any.whl (1.0 MB)
   ━━━━━━━━━━━━━━━━━━━━━━━━━━━━━━━━━━━━━━━━ 1.0/1.0 MB 55.9 MB/s eta 0:00:00
Downloading wheel-0.47.0-py3-none-any.whl (32 kB)
Downloading packaging-26.2-py3-none-any.whl (100 kB)
   ━━━━━━━━━━━━━━━━━━━━━━━━━━━━━━━━━━━━━━━ 100.2/100.2 kB 269.7 MB/s eta 0:00:00
Installing collected packages: setuptools, pip, packaging, wheel
  Attempting uninstall: pip
    Found existing installation: pip 24.0
    Uninstalling pip-24.0:
      Successfully uninstalled pip-24.0
Successfully installed packaging-26.2 pip-26.1.2 setuptools-83.0.0 wheel-0.47.0
Collecting huggingface-hub<2.0,>=1.3.0 (from -r 158/requirements.txt (line 1))
  Downloading huggingface_hub-1.23.0-py3-none-any.whl.metadata (14 kB)
Collecting filelock (from -r 158/requirements.txt (line 2))
  Downloading filelock-3.30.2-py3-none-any.whl.metadata (2.0 kB)
Collecting numpy>=1.17 (from -r 158/requirements.txt (line 3))
  Downloading numpy-2.5.1-cp312-cp312-manylinux_2_27_x86_64.manylinux_2_28_x86_64.whl.metadata (6.6 kB)
Requirement already satisfied: packaging>=20.0 in ./.venv/lib/python3.12/site-packages (from -r 158/requirements.txt (line 4)) (26.2)
Collecting pyyaml>=5.1 (from -r 158/requirements.txt (line 5))
  Downloading pyyaml-6.0.3-cp312-cp312-manylinux2014_x86_64.manylinux_2_17_x86_64.manylinux_2_28_x86_64.whl.metadata (2.4 kB)
Collecting regex!=2019.12.17 (from -r 158/requirements.txt (line 6))
  Downloading regex-2026.7.10-cp312-cp312-manylinux2014_x86_64.manylinux_2_17_x86_64.manylinux_2_28_x86_64.whl.metadata (40 kB)
Collecting safetensors>=0.4.3 (from -r 158/requirements.txt (line 7))
  Downloading safetensors-0.8.0-cp310-abi3-manylinux_2_17_x86_64.manylinux2014_x86_64.whl.metadata (4.2 kB)
Collecting tokenizers<=0.23.0,>=0.22.0 (from -r 158/requirements.txt (line 8))
  Downloading tokenizers-0.22.2-cp39-abi3-manylinux_2_17_x86_64.manylinux2014_x86_64.whl.metadata (7.3 kB)
Collecting tqdm>=4.27 (from -r 158/requirements.txt (line 9))
  Downloading tqdm-4.68.4-py3-none-any.whl.metadata (57 kB)
Collecting typer-slim (from -r 158/requirements.txt (line 10))
  Downloading typer_slim-0.24.0-py3-none-any.whl.metadata (4.2 kB)
Collecting click<9.0.0,>=8.4.2 (from huggingface-hub<2.0,>=1.3.0->-r 158/requirements.txt (line 1))
  Downloading click-8.4.2-py3-none-any.whl.metadata (2.6 kB)
Collecting fsspec>=2023.5.0 (from huggingface-hub<2.0,>=1.3.0->-r 158/requirements.txt (line 1))
  Downloading fsspec-2026.6.0-py3-none-any.whl.metadata (10 kB)
Collecting hf-xet<2.0.0,>=1.5.1 (from huggingface-hub<2.0,>=1.3.0->-r 158/requirements.txt (line 1))
  Downloading hf_xet-1.5.2-cp38-abi3-manylinux2014_x86_64.manylinux_2_17_x86_64.whl.metadata (4.9 kB)
Collecting httpx<1,>=0.23.0 (from huggingface-hub<2.0,>=1.3.0->-r 158/requirements.txt (line 1))
  Downloading httpx-0.28.1-py3-none-any.whl.metadata (7.1 kB)
Collecting typing-extensions>=4.1.0 (from huggingface-hub<2.0,>=1.3.0->-r 158/requirements.txt (line 1))
  Downloading typing_extensions-4.16.0-py3-none-any.whl.metadata (3.3 kB)
Collecting anyio (from httpx<1,>=0.23.0->huggingface-hub<2.0,>=1.3.0->-r 158/requirements.txt (line 1))
  Downloading anyio-4.14.2-py3-none-any.whl.metadata (4.6 kB)
Collecting certifi (from httpx<1,>=0.23.0->huggingface-hub<2.0,>=1.3.0->-r 158/requirements.txt (line 1))
  Downloading certifi-2026.6.17-py3-none-any.whl.metadata (2.5 kB)
Collecting httpcore==1.* (from httpx<1,>=0.23.0->huggingface-hub<2.0,>=1.3.0->-r 158/requirements.txt (line 1))
  Downloading httpcore-1.0.9-py3-none-any.whl.metadata (21 kB)
Collecting idna (from httpx<1,>=0.23.0->huggingface-hub<2.0,>=1.3.0->-r 158/requirements.txt (line 1))
  Downloading idna-3.18-py3-none-any.whl.metadata (6.1 kB)
Collecting h11>=0.16 (from httpcore==1.*->httpx<1,>=0.23.0->huggingface-hub<2.0,>=1.3.0->-r 158/requirements.txt (line 1))
  Downloading h11-0.16.0-py3-none-any.whl.metadata (8.3 kB)
Collecting typer>=0.24.0 (from typer-slim->-r 158/requirements.txt (line 10))
  Downloading typer-0.27.0-py3-none-any.whl.metadata (15 kB)
Collecting shellingham>=1.3.0 (from typer>=0.24.0->typer-slim->-r 158/requirements.txt (line 10))
  Downloading shellingham-1.5.4-py2.py3-none-any.whl.metadata (3.5 kB)
Collecting rich>=13.8.0 (from typer>=0.24.0->typer-slim->-r 158/requirements.txt (line 10))
  Downloading rich-15.0.0-py3-none-any.whl.metadata (18 kB)
Collecting annotated-doc>=0.0.2 (from typer>=0.24.0->typer-slim->-r 158/requirements.txt (line 10))
  Downloading annotated_doc-0.0.4-py3-none-any.whl.metadata (6.6 kB)
Collecting markdown-it-py>=2.2.0 (from rich>=13.8.0->typer>=0.24.0->typer-slim->-r 158/requirements.txt (line 10))
  Downloading markdown_it_py-4.2.0-py3-none-any.whl.metadata (7.4 kB)
Collecting pygments<3.0.0,>=2.13.0 (from rich>=13.8.0->typer>=0.24.0->typer-slim->-r 158/requirements.txt (line 10))
  Downloading pygments-2.20.0-py3-none-any.whl.metadata (2.5 kB)
Collecting mdurl~=0.1 (from markdown-it-py>=2.2.0->rich>=13.8.0->typer>=0.24.0->typer-slim->-r 158/requirements.txt (line 10))
  Downloading mdurl-0.1.2-py3-none-any.whl.metadata (1.6 kB)
Downloading huggingface_hub-1.23.0-py3-none-any.whl (770 kB)
   ━━━━━━━━━━━━━━━━━━━━━━━━━━━━━━━━━━━━━━━━ 770.3/770.3 kB 26.1 MB/s  0:00:00
Downloading tokenizers-0.22.2-cp39-abi3-manylinux_2_17_x86_64.manylinux2014_x86_64.whl (3.3 MB)
   ━━━━━━━━━━━━━━━━━━━━━━━━━━━━━━━━━━━━━━━━ 3.3/3.3 MB 50.7 MB/s  0:00:00
Downloading click-8.4.2-py3-none-any.whl (119 kB)
Downloading hf_xet-1.5.2-cp38-abi3-manylinux2014_x86_64.manylinux_2_17_x86_64.whl (4.4 MB)
   ━━━━━━━━━━━━━━━━━━━━━━━━━━━━━━━━━━━━━━━━ 4.4/4.4 MB 49.0 MB/s  0:00:00
Downloading httpx-0.28.1-py3-none-any.whl (73 kB)
Downloading httpcore-1.0.9-py3-none-any.whl (78 kB)
Downloading filelock-3.30.2-py3-none-any.whl (94 kB)
Downloading numpy-2.5.1-cp312-cp312-manylinux_2_27_x86_64.manylinux_2_28_x86_64.whl (16.7 MB)
   ━━━━━━━━━━━━━━━━━━━━━━━━━━━━━━━━━━━━━━━━ 16.7/16.7 MB 51.7 MB/s  0:00:00
Downloading pyyaml-6.0.3-cp312-cp312-manylinux2014_x86_64.manylinux_2_17_x86_64.manylinux_2_28_x86_64.whl (807 kB)
   ━━━━━━━━━━━━━━━━━━━━━━━━━━━━━━━━━━━━━━━━ 807.9/807.9 kB 55.2 MB/s  0:00:00
Downloading regex-2026.7.10-cp312-cp312-manylinux2014_x86_64.manylinux_2_17_x86_64.manylinux_2_28_x86_64.whl (801 kB)
   ━━━━━━━━━━━━━━━━━━━━━━━━━━━━━━━━━━━━━━━━ 801.3/801.3 kB 55.1 MB/s  0:00:00
Downloading safetensors-0.8.0-cp310-abi3-manylinux_2_17_x86_64.manylinux2014_x86_64.whl (516 kB)
Downloading tqdm-4.68.4-py3-none-any.whl (676 kB)
   ━━━━━━━━━━━━━━━━━━━━━━━━━━━━━━━━━━━━━━━━ 676.6/676.6 kB 50.6 MB/s  0:00:00
Downloading typer_slim-0.24.0-py3-none-any.whl (3.4 kB)
Downloading fsspec-2026.6.0-py3-none-any.whl (203 kB)
Downloading h11-0.16.0-py3-none-any.whl (37 kB)
Downloading typer-0.27.0-py3-none-any.whl (122 kB)
Downloading annotated_doc-0.0.4-py3-none-any.whl (5.3 kB)
Downloading rich-15.0.0-py3-none-any.whl (310 kB)
Downloading pygments-2.20.0-py3-none-any.whl (1.2 MB)
   ━━━━━━━━━━━━━━━━━━━━━━━━━━━━━━━━━━━━━━━━ 1.2/1.2 MB 52.6 MB/s  0:00:00
Downloading markdown_it_py-4.2.0-py3-none-any.whl (91 kB)
Downloading mdurl-0.1.2-py3-none-any.whl (10.0 kB)
Downloading shellingham-1.5.4-py2.py3-none-any.whl (9.8 kB)
Downloading typing_extensions-4.16.0-py3-none-any.whl (45 kB)
Downloading anyio-4.14.2-py3-none-any.whl (125 kB)
Downloading idna-3.18-py3-none-any.whl (65 kB)
Downloading certifi-2026.6.17-py3-none-any.whl (133 kB)
Installing collected packages: typing-extensions, tqdm, shellingham, safetensors, regex, pyyaml, pygments, numpy, mdurl, idna, hf-xet, h11, fsspec, filelock, click, certifi, annotated-doc, markdown-it-py, httpcore, anyio, rich, httpx, typer, huggingface-hub, typer-slim, tokenizers

Successfully installed annotated-doc-0.0.4 anyio-4.14.2 certifi-2026.6.17 click-8.4.2 filelock-3.30.2 fsspec-2026.6.0 h11-0.16.0 hf-xet-1.5.2 httpcore-1.0.9 httpx-0.28.1 huggingface-hub-1.23.0 idna-3.18 markdown-it-py-4.2.0 mdurl-0.1.2 numpy-2.5.1 pygments-2.20.0 pyyaml-6.0.3 regex-2026.7.10 rich-15.0.0 safetensors-0.8.0 shellingham-1.5.4 tokenizers-0.22.2 tqdm-4.68.4 typer-0.27.0 typer-slim-0.24.0 typing-extensions-4.16.0
Obtaining file://158/codebase
  Installing build dependencies: started
  Installing build dependencies: finished with status 'done'
  Checking if build backend supports build_editable: started
  Checking if build backend supports build_editable: finished with status 'done'
  Getting requirements to build editable: started
  Getting requirements to build editable: finished with status 'done'
  Preparing editable metadata (pyproject.toml): started
  Preparing editable metadata (pyproject.toml): finished with status 'done'
Requirement already satisfied: filelock in ./.venv/lib/python3.12/site-packages (from transformers==5.0.0.dev0) (3.30.2)
Requirement already satisfied: huggingface-hub<2.0,>=1.3.0 in ./.venv/lib/python3.12/site-packages (from transformers==5.0.0.dev0) (1.23.0)
Requirement already satisfied: numpy>=1.17 in ./.venv/lib/python3.12/site-packages (from transformers==5.0.0.dev0) (2.5.1)
Requirement already satisfied: packaging>=20.0 in ./.venv/lib/python3.12/site-packages (from transformers==5.0.0.dev0) (26.2)
Requirement already satisfied: pyyaml>=5.1 in ./.venv/lib/python3.12/site-packages (from transformers==5.0.0.dev0) (6.0.3)
Requirement already satisfied: regex!=2019.12.17 in ./.venv/lib/python3.12/site-packages (from transformers==5.0.0.dev0) (2026.7.10)
Requirement already satisfied: tokenizers<=0.23.0,>=0.22.0 in ./.venv/lib/python3.12/site-packages (from transformers==5.0.0.dev0) (0.22.2)
Requirement already satisfied: typer-slim in ./.venv/lib/python3.12/site-packages (from transformers==5.0.0.dev0) (0.24.0)
Requirement already satisfied: safetensors>=0.4.3 in ./.venv/lib/python3.12/site-packages (from transformers==5.0.0.dev0) (0.8.0)
Requirement already satisfied: tqdm>=4.27 in ./.venv/lib/python3.12/site-packages (from transformers==5.0.0.dev0) (4.68.4)
Requirement already satisfied: click<9.0.0,>=8.4.2 in ./.venv/lib/python3.12/site-packages (from huggingface-hub<2.0,>=1.3.0->transformers==5.0.0.dev0) (8.4.2)
Requirement already satisfied: fsspec>=2023.5.0 in ./.venv/lib/python3.12/site-packages (from huggingface-hub<2.0,>=1.3.0->transformers==5.0.0.dev0) (2026.6.0)
Requirement already satisfied: hf-xet<2.0.0,>=1.5.1 in ./.venv/lib/python3.12/site-packages (from huggingface-hub<2.0,>=1.3.0->transformers==5.0.0.dev0) (1.5.2)
Requirement already satisfied: httpx<1,>=0.23.0 in ./.venv/lib/python3.12/site-packages (from huggingface-hub<2.0,>=1.3.0->transformers==5.0.0.dev0) (0.28.1)
Requirement already satisfied: typing-extensions>=4.1.0 in ./.venv/lib/python3.12/site-packages (from huggingface-hub<2.0,>=1.3.0->transformers==5.0.0.dev0) (4.16.0)
Requirement already satisfied: anyio in ./.venv/lib/python3.12/site-packages (from httpx<1,>=0.23.0->huggingface-hub<2.0,>=1.3.0->transformers==5.0.0.dev0) (4.14.2)
Requirement already satisfied: certifi in ./.venv/lib/python3.12/site-packages (from httpx<1,>=0.23.0->huggingface-hub<2.0,>=1.3.0->transformers==5.0.0.dev0) (2026.6.17)
Requirement already satisfied: httpcore==1.* in ./.venv/lib/python3.12/site-packages (from httpx<1,>=0.23.0->huggingface-hub<2.0,>=1.3.0->transformers==5.0.0.dev0) (1.0.9)
Requirement already satisfied: idna in ./.venv/lib/python3.12/site-packages (from httpx<1,>=0.23.0->huggingface-hub<2.0,>=1.3.0->transformers==5.0.0.dev0) (3.18)
Requirement already satisfied: h11>=0.16 in ./.venv/lib/python3.12/site-packages (from httpcore==1.*->httpx<1,>=0.23.0->huggingface-hub<2.0,>=1.3.0->transformers==5.0.0.dev0) (0.16.0)
Requirement already satisfied: typer>=0.24.0 in ./.venv/lib/python3.12/site-packages (from typer-slim->transformers==5.0.0.dev0) (0.27.0)
Requirement already satisfied: shellingham>=1.3.0 in ./.venv/lib/python3.12/site-packages (from typer>=0.24.0->typer-slim->transformers==5.0.0.dev0) (1.5.4)
Requirement already satisfied: rich>=13.8.0 in ./.venv/lib/python3.12/site-packages (from typer>=0.24.0->typer-slim->transformers==5.0.0.dev0) (15.0.0)
Requirement already satisfied: annotated-doc>=0.0.2 in ./.venv/lib/python3.12/site-packages (from typer>=0.24.0->typer-slim->transformers==5.0.0.dev0) (0.0.4)
Requirement already satisfied: markdown-it-py>=2.2.0 in ./.venv/lib/python3.12/site-packages (from rich>=13.8.0->typer>=0.24.0->typer-slim->transformers==5.0.0.dev0) (4.2.0)
Requirement already satisfied: pygments<3.0.0,>=2.13.0 in ./.venv/lib/python3.12/site-packages (from rich>=13.8.0->typer>=0.24.0->typer-slim->transformers==5.0.0.dev0) (2.20.0)
Requirement already satisfied: mdurl~=0.1 in ./.venv/lib/python3.12/site-packages (from markdown-it-py>=2.2.0->rich>=13.8.0->typer>=0.24.0->typer-slim->transformers==5.0.0.dev0) (0.1.2)
Building wheels for collected packages: transformers
  Building editable for transformers (pyproject.toml): started
  Building editable for transformers (pyproject.toml): finished with status 'done'
  Created wheel for transformers: filename=transformers-5.0.0.dev0-0.editable-py3-none-any.whl size=15042 sha256=b066e40378c4b260ab3981e88af3a9bfa9ddf853b00a934ee69bd9efb55acf16
  Stored in directory: /tmp/pip-ephem-wheel-cache-96gcoynd/wheels/e3/89/39/8bd4abe4edc6990b8f7323e66f02f2401ebea77b48bd45fb8d
Successfully built transformers
Installing collected packages: transformers
Successfully installed transformers-5.0.0.dev0
default_config:
  vision_config_type=NoneType
  vision_config_is_none=True
  audio_config_type=Phi4MultimodalAudioConfig
  audio_config_is_none=False
vision_only_config:
  vision_config_type=Phi4MultimodalVisionConfig
  vision_config_is_none=False
  audio_config_type=NoneType
  audio_config_is_none=True
