Requirement already satisfied: pip in ./.venv/lib/python3.12/site-packages (24.0)
Collecting pip
  Downloading pip-26.1.2-py3-none-any.whl.metadata (4.6 kB)
Collecting setuptools
  Downloading setuptools-83.0.0-py3-none-any.whl.metadata (6.6 kB)
Collecting wheel
  Downloading wheel-0.47.0-py3-none-any.whl.metadata (2.3 kB)
Collecting packaging>=24.0 (from wheel)
  Downloading packaging-26.2-py3-none-any.whl.metadata (3.5 kB)
Downloading pip-26.1.2-py3-none-any.whl (1.8 MB)
[?25l                                            0.0/1.8 MB ? eta -:--:--
[2K   ━━━━━━━                                  0.3/1.8 MB 9.3 MB/s eta 0:00:01
[2K   ━━━━━━━━━━━━━━━━━━━━━━━━━                1.1/1.8 MB 16.2 MB/s eta 0:00:01
[2K   ━━━━━━━━━━━━━━━━━━━━━━━━━━━━━━━━━━━━━━━━ 1.8/1.8 MB 19.8 MB/s eta 0:00:00
[?25hDownloading setuptools-83.0.0-py3-none-any.whl (1.0 MB)
[?25l                                            0.0/1.0 MB ? eta -:--:--
[2K   ━━━━━━━━━━━━━━━━━━━━━━━━━━━━━━━━━━━━━━━━ 1.0/1.0 MB 50.4 MB/s eta 0:00:00
[?25hDownloading wheel-0.47.0-py3-none-any.whl (32 kB)
Downloading packaging-26.2-py3-none-any.whl (100 kB)
[?25l                                            0.0/100.2 kB ? eta -:--:--
[2K   ━━━━━━━━━━━━━━━━━━━━━━━━━━━━━━━━━━━━━━━ 100.2/100.2 kB 538.5 MB/s eta 0:00:00
[?25hInstalling collected packages: setuptools, pip, packaging, wheel
  Attempting uninstall: pip
    Found existing installation: pip 24.0
    Uninstalling pip-24.0:
      Successfully uninstalled pip-24.0
Successfully installed packaging-26.2 pip-26.1.2 setuptools-83.0.0 wheel-0.47.0
Looking in indexes: https://download.pytorch.org/whl/cpu
Collecting torch
  Downloading torch-2.13.0%2Bcpu-cp312-cp312-manylinux_2_28_x86_64.whl.metadata (37 kB)
Collecting torchvision
  Downloading torchvision-0.28.0%2Bcpu-cp312-cp312-manylinux_2_28_x86_64.whl.metadata (5.6 kB)
Collecting filelock (from torch)
  Downloading filelock-3.29.0-py3-none-any.whl.metadata (2.0 kB)
Collecting typing-extensions>=4.10.0 (from torch)
  Downloading typing_extensions-4.15.0-py3-none-any.whl.metadata (3.3 kB)
Requirement already satisfied: setuptools>=77.0.3 in ./.venv/lib/python3.12/site-packages (from torch) (83.0.0)
Collecting sympy>=1.13.3 (from torch)
  Downloading sympy-1.14.0-py3-none-any.whl.metadata (12 kB)
Collecting networkx>=2.5.1 (from torch)
  Downloading networkx-3.6.1-py3-none-any.whl.metadata (6.8 kB)
Collecting jinja2 (from torch)
  Downloading jinja2-3.1.6-py3-none-any.whl.metadata (2.9 kB)
Collecting fsspec>=0.8.5 (from torch)
  Downloading fsspec-2026.4.0-py3-none-any.whl.metadata (10 kB)
Collecting numpy (from torchvision)
  Downloading numpy-2.4.4-cp312-cp312-manylinux_2_27_x86_64.manylinux_2_28_x86_64.whl.metadata (6.6 kB)
Collecting pillow!=8.3.*,>=5.3.0 (from torchvision)
  Downloading pillow-12.2.0-cp312-cp312-manylinux_2_27_x86_64.manylinux_2_28_x86_64.whl.metadata (8.8 kB)
Collecting mpmath<1.4,>=1.1.0 (from sympy>=1.13.3->torch)
  Downloading mpmath-1.3.0-py3-none-any.whl.metadata (8.6 kB)
Collecting MarkupSafe>=2.0 (from jinja2->torch)
  Downloading markupsafe-3.0.3-cp312-cp312-manylinux2014_x86_64.manylinux_2_17_x86_64.manylinux_2_28_x86_64.whl.metadata (2.7 kB)
Downloading torch-2.13.0%2Bcpu-cp312-cp312-manylinux_2_28_x86_64.whl (191.8 MB)
[?25l   [38;5;237m━━━━━━━━━━━━━━━━━━━━━━━━━━━━━━━━━━━━━━━━[0m [32m0.0/191.8 MB[0m [31m?[0m eta [36m-:--:--[0m
[2K   [38;2;249;38;114m━━━[0m[38;5;237m╺[0m[38;5;237m━━━━━━━━━━━━━━━━━━━━━━━━━━━━━━━━━━━━[0m [32m14.7/191.8 MB[0m [31m81.7 MB/s[0m eta [36m0:00:03[0m
[2K   [38;2;249;38;114m━━━━━━━[0m[38;5;237m╺[0m[38;5;237m━━━━━━━━━━━━━━━━━━━━━━━━━━━━━━━━[0m [32m35.1/191.8 MB[0m [31m92.3 MB/s[0m eta [36m0:00:02[0m
[2K   [38;2;249;38;114m━━━━━━━━━━[0m[38;2;249;38;114m╸[0m[38;5;237m━━━━━━━━━━━━━━━━━━━━━━━━━━━━━[0m [32m51.9/191.8 MB[0m [31m88.7 MB/s[0m eta [36m0:00:02[0m
[2K   [38;2;249;38;114m━━━━━━━━━━━━━━[0m[38;2;249;38;114m╸[0m[38;5;237m━━━━━━━━━━━━━━━━━━━━━━━━━[0m [32m70.5/191.8 MB[0m [31m89.5 MB/s[0m eta [36m0:00:02[0m
[2K   [38;2;249;38;114m━━━━━━━━━━━━━━━━━━[0m[38;2;249;38;114m╸[0m[38;5;237m━━━━━━━━━━━━━━━━━━━━━[0m [32m89.7/191.8 MB[0m [31m90.4 MB/s[0m eta [36m0:00:02[0m
[2K   [38;2;249;38;114m━━━━━━━━━━━━━━━━━━━━━━[0m[38;2;249;38;114m╸[0m[38;5;237m━━━━━━━━━━━━━━━━━[0m [32m108.8/191.8 MB[0m [31m91.5 MB/s[0m eta [36m0:00:01[0m
[2K   [38;2;249;38;114m━━━━━━━━━━━━━━━━━━━━━━━━━━[0m[38;5;237m╺[0m[38;5;237m━━━━━━━━━━━━━[0m [32m125.8/191.8 MB[0m [31m90.0 MB/s[0m eta [36m0:00:01[0m
[2K   [38;2;249;38;114m━━━━━━━━━━━━━━━━━━━━━━━━━━━━━[0m[38;2;249;38;114m╸[0m[38;5;237m━━━━━━━━━━[0m [32m143.1/191.8 MB[0m [31m90.4 MB/s[0m eta [36m0:00:01[0m
[2K   [38;2;249;38;114m━━━━━━━━━━━━━━━━━━━━━━━━━━━━━━━━━[0m[38;2;249;38;114m╸[0m[38;5;237m━━━━━━[0m [32m161.2/191.8 MB[0m [31m89.9 MB/s[0m eta [36m0:00:01[0m
[2K   [38;2;249;38;114m━━━━━━━━━━━━━━━━━━━━━━━━━━━━━━━━━━━━━[0m[38;5;237m╺[0m[38;5;237m━━[0m [32m179.3/191.8 MB[0m [31m89.6 MB/s[0m eta [36m0:00:01[0m
[2K   [38;2;114;156;31m━━━━━━━━━━━━━━━━━━━━━━━━━━━━━━━━━━━━━━━━[0m [32m191.8/191.8 MB[0m [31m89.0 MB/s[0m  [33m0:00:02[0m
[?25hDownloading torchvision-0.28.0%2Bcpu-cp312-cp312-manylinux_2_28_x86_64.whl (1.8 MB)
[?25l   [38;5;237m━━━━━━━━━━━━━━━━━━━━━━━━━━━━━━━━━━━━━━━━[0m [32m0.0/1.8 MB[0m [31m?[0m eta [36m-:--:--[0m
[2K   [38;2;114;156;31m━━━━━━━━━━━━━━━━━━━━━━━━━━━━━━━━━━━━━━━━[0m [32m1.8/1.8 MB[0m [31m62.6 MB/s[0m  [33m0:00:00[0m
[?25hDownloading fsspec-2026.4.0-py3-none-any.whl (203 kB)
Downloading networkx-3.6.1-py3-none-any.whl (2.1 MB)
[?25l   [38;5;237m━━━━━━━━━━━━━━━━━━━━━━━━━━━━━━━━━━━━━━━━[0m [32m0.0/2.1 MB[0m [31m?[0m eta [36m-:--:--[0m
[2K   [38;2;114;156;31m━━━━━━━━━━━━━━━━━━━━━━━━━━━━━━━━━━━━━━━━[0m [32m2.1/2.1 MB[0m [31m34.3 MB/s[0m  [33m0:00:00[0m
[?25hDownloading pillow-12.2.0-cp312-cp312-manylinux_2_27_x86_64.manylinux_2_28_x86_64.whl (7.1 MB)
[?25l   [38;5;237m━━━━━━━━━━━━━━━━━━━━━━━━━━━━━━━━━━━━━━━━[0m [32m0.0/7.1 MB[0m [31m?[0m eta [36m-:--:--[0m
[2K   [38;2;249;38;114m━━━━━━━━━━━━━━━━━━━━━━━━━[0m[38;5;237m╺[0m[38;5;237m━━━━━━━━━━━━━━[0m [32m4.5/7.1 MB[0m [31m22.1 MB/s[0m eta [36m0:00:01[0m
[2K   [38;2;249;38;114m━━━━━━━━━━━━━━━━━━━━━━━━━━━━━━━━━━━[0m[38;2;249;38;114m╸[0m[38;5;237m━━━━[0m [32m6.3/7.1 MB[0m [31m15.6 MB/s[0m eta [36m0:00:01[0m
[2K   [38;2;249;38;114m━━━━━━━━━━━━━━━━━━━━━━━━━━━━━━━━━━━━━━[0m[38;5;237m╺[0m[38;5;237m━[0m [32m6.8/7.1 MB[0m [31m12.5 MB/s[0m eta [36m0:00:01[0m
[2K   [38;2;114;156;31m━━━━━━━━━━━━━━━━━━━━━━━━━━━━━━━━━━━━━━━━[0m [32m7.1/7.1 MB[0m [31m11.2 MB/s[0m  [33m0:00:00[0m
[?25hDownloading sympy-1.14.0-py3-none-any.whl (6.3 MB)
[?25l   [38;5;237m━━━━━━━━━━━━━━━━━━━━━━━━━━━━━━━━━━━━━━━━[0m [32m0.0/6.3 MB[0m [31m?[0m eta [36m-:--:--[0m
[2K   [38;2;249;38;114m━[0m[38;2;249;38;114m╸[0m[38;5;237m━━━━━━━━━━━━━━━━━━━━━━━━━━━━━━━━━━━━━━[0m [32m0.3/6.3 MB[0m [31m?[0m eta [36m-:--:--[0m
[2K   [38;2;249;38;114m━━━[0m[38;5;237m╺[0m[38;5;237m━━━━━━━━━━━━━━━━━━━━━━━━━━━━━━━━━━━━[0m [32m0.5/6.3 MB[0m [31m1.2 MB/s[0m eta [36m0:00:05[0m
[2K   [38;2;249;38;114m━━━━[0m[38;2;249;38;114m╸[0m[38;5;237m━━━━━━━━━━━━━━━━━━━━━━━━━━━━━━━━━━━[0m [32m0.8/6.3 MB[0m [31m1.2 MB/s[0m eta [36m0:00:05[0m
[2K   [38;2;249;38;114m━━━━━━━━[0m[38;5;237m╺[0m[38;5;237m━━━━━━━━━━━━━━━━━━━━━━━━━━━━━━━[0m [32m1.3/6.3 MB[0m [31m1.7 MB/s[0m eta [36m0:00:04[0m
[2K   [38;2;249;38;114m━━━━━━━━━━━━━[0m[38;5;237m╺[0m[38;5;237m━━━━━━━━━━━━━━━━━━━━━━━━━━[0m [32m2.1/6.3 MB[0m [31m2.2 MB/s[0m eta [36m0:00:02[0m
[2K   [38;2;249;38;114m━━━━━━━━━━━━━━━━━━━━━[0m[38;2;249;38;114m╸[0m[38;5;237m━━━━━━━━━━━━━━━━━━[0m [32m3.4/6.3 MB[0m [31m3.0 MB/s[0m eta [36m0:00:01[0m
[2K   [38;2;249;38;114m━━━━━━━━━━━━━━━━━━━━━━━━━━━━━[0m[38;2;249;38;114m╸[0m[38;5;237m━━━━━━━━━━[0m [32m4.7/6.3 MB[0m [31m3.6 MB/s[0m eta [36m0:00:01[0m
[2K   [38;2;114;156;31m━━━━━━━━━━━━━━━━━━━━━━━━━━━━━━━━━━━━━━━━[0m [32m6.3/6.3 MB[0m [31m4.2 MB/s[0m  [33m0:00:01[0m
[?25hDownloading mpmath-1.3.0-py3-none-any.whl (536 kB)
[?25l   [38;5;237m━━━━━━━━━━━━━━━━━━━━━━━━━━━━━━━━━━━━━━━━[0m [32m0.0/536.2 kB[0m [31m?[0m eta [36m-:--:--[0m
[2K   [38;2;114;156;31m━━━━━━━━━━━━━━━━━━━━━━━━━━━━━━━━━━━━━━━━[0m [32m536.2/536.2 kB[0m [31m10.9 MB/s[0m  [33m0:00:00[0m
[?25hDownloading typing_extensions-4.15.0-py3-none-any.whl (44 kB)
Downloading filelock-3.29.0-py3-none-any.whl (39 kB)
Downloading jinja2-3.1.6-py3-none-any.whl (134 kB)
Downloading markupsafe-3.0.3-cp312-cp312-manylinux2014_x86_64.manylinux_2_17_x86_64.manylinux_2_28_x86_64.whl (22 kB)
Downloading numpy-2.4.4-cp312-cp312-manylinux_2_27_x86_64.manylinux_2_28_x86_64.whl (16.6 MB)
[?25l   [38;5;237m━━━━━━━━━━━━━━━━━━━━━━━━━━━━━━━━━━━━━━━━[0m [32m0.0/16.6 MB[0m [31m?[0m eta [36m-:--:--[0m
[2K   [38;2;249;38;114m━━━━[0m[38;5;237m╺[0m[38;5;237m━━━━━━━━━━━━━━━━━━━━━━━━━━━━━━━━━━━[0m [32m1.8/16.6 MB[0m [31m9.5 MB/s[0m eta [36m0:00:02[0m
[2K   [38;2;249;38;114m━━━━━━━━━━[0m[38;5;237m╺[0m[38;5;237m━━━━━━━━━━━━━━━━━━━━━━━━━━━━━[0m [32m4.2/16.6 MB[0m [31m10.8 MB/s[0m eta [36m0:00:02[0m
[2K   [38;2;249;38;114m━━━━━━━━━━━━━━━━━━[0m[38;5;237m╺[0m[38;5;237m━━━━━━━━━━━━━━━━━━━━━[0m [32m7.6/16.6 MB[0m [31m9.1 MB/s[0m eta [36m0:00:01[0m
[2K   [38;2;249;38;114m━━━━━━━━━━━━━━━━━━━━━━━[0m[38;5;237m╺[0m[38;5;237m━━━━━━━━━━━━━━━━[0m [32m9.7/16.6 MB[0m [31m9.3 MB/s[0m eta [36m0:00:01[0m
[2K   [38;2;249;38;114m━━━━━━━━━━━━━━━━━━━━━━━━━━━━━━[0m[38;2;249;38;114m╸[0m[38;5;237m━━━━━━━━━[0m [32m12.8/16.6 MB[0m [31m10.5 MB/s[0m eta [36m0:00:01[0m
[2K   [38;2;249;38;114m━━━━━━━━━━━━━━━━━━━━━━━━━━━━━━━━━━━[0m[38;5;237m╺[0m[38;5;237m━━━━[0m [32m14.7/16.6 MB[0m [31m10.3 MB/s[0m eta [36m0:00:01[0m
[2K   [38;2;114;156;31m━━━━━━━━━━━━━━━━━━━━━━━━━━━━━━━━━━━━━━━━[0m [32m16.6/16.6 MB[0m [31m10.2 MB/s[0m  [33m0:00:01[0m
[?25hInstalling collected packages: mpmath, typing-extensions, sympy, pillow, numpy, networkx, MarkupSafe, fsspec, filelock, jinja2, torch, torchvision
[?25l
[2K   [38;5;237m━━━━━━━━━━━━━━━━━━━━━━━━━━━━━━━━━━━━━━━━[0m [32m 0/12[0m [mpmath]
[2K   [38;2;249;38;114m━━━[0m[38;5;237m╺[0m[38;5;237m━━━━━━━━━━━━━━━━━━━━━━━━━━━━━━━━━━━━[0m [32m 1/12[0m [typing-extensions]
[2K   [38;2;249;38;114m━━━━━━[0m[38;2;249;38;114m╸[0m[38;5;237m━━━━━━━━━━━━━━━━━━━━━━━━━━━━━━━━━[0m [32m 2/12[0m [sympy]
[2K   [38;2;249;38;114m━━━━━━[0m[38;2;249;38;114m╸[0m[38;5;237m━━━━━━━━━━━━━━━━━━━━━━━━━━━━━━━━━[0m [32m 2/12[0m [sympy]
[2K   [38;2;249;38;114m━━━━━━[0m[38;2;249;38;114m╸[0m[38;5;237m━━━━━━━━━━━━━━━━━━━━━━━━━━━━━━━━━[0m [32m 2/12[0m [sympy]
[2K   [38;2;249;38;114m━━━━━━[0m[38;2;249;38;114m╸[0m[38;5;237m━━━━━━━━━━━━━━━━━━━━━━━━━━━━━━━━━[0m [32m 2/12[0m [sympy]
[2K   [38;2;249;38;114m━━━━━━[0m[38;2;249;38;114m╸[0m[38;5;237m━━━━━━━━━━━━━━━━━━━━━━━━━━━━━━━━━[0m [32m 2/12[0m [sympy]
[2K   [38;2;249;38;114m━━━━━━[0m[38;2;249;38;114m╸[0m[38;5;237m━━━━━━━━━━━━━━━━━━━━━━━━━━━━━━━━━[0m [32m 2/12[0m [sympy]
[2K   [38;2;249;38;114m━━━━━━[0m[38;2;249;38;114m╸[0m[38;5;237m━━━━━━━━━━━━━━━━━━━━━━━━━━━━━━━━━[0m [32m 2/12[0m [sympy]
[2K   [38;2;249;38;114m━━━━━━[0m[38;2;249;38;114m╸[0m[38;5;237m━━━━━━━━━━━━━━━━━━━━━━━━━━━━━━━━━[0m [32m 2/12[0m [sympy]
[2K   [38;2;249;38;114m━━━━━━[0m[38;2;249;38;114m╸[0m[38;5;237m━━━━━━━━━━━━━━━━━━━━━━━━━━━━━━━━━[0m [32m 2/12[0m [sympy]
[2K   [38;2;249;38;114m━━━━━━[0m[38;2;249;38;114m╸[0m[38;5;237m━━━━━━━━━━━━━━━━━━━━━━━━━━━━━━━━━[0m [32m 2/12[0m [sympy]
[2K   [38;2;249;38;114m━━━━━━[0m[38;2;249;38;114m╸[0m[38;5;237m━━━━━━━━━━━━━━━━━━━━━━━━━━━━━━━━━[0m [32m 2/12[0m [sympy]
[2K   [38;2;249;38;114m━━━━━━[0m[38;2;249;38;114m╸[0m[38;5;237m━━━━━━━━━━━━━━━━━━━━━━━━━━━━━━━━━[0m [32m 2/12[0m [sympy]
[2K   [38;2;249;38;114m━━━━━━[0m[38;2;249;38;114m╸[0m[38;5;237m━━━━━━━━━━━━━━━━━━━━━━━━━━━━━━━━━[0m [32m 2/12[0m [sympy]
[2K   [38;2;249;38;114m━━━━━━[0m[38;2;249;38;114m╸[0m[38;5;237m━━━━━━━━━━━━━━━━━━━━━━━━━━━━━━━━━[0m [32m 2/12[0m [sympy]
[2K   [38;2;249;38;114m━━━━━━[0m[38;2;249;38;114m╸[0m[38;5;237m━━━━━━━━━━━━━━━━━━━━━━━━━━━━━━━━━[0m [32m 2/12[0m [sympy]
[2K   [38;2;249;38;114m━━━━━━[0m[38;2;249;38;114m╸[0m[38;5;237m━━━━━━━━━━━━━━━━━━━━━━━━━━━━━━━━━[0m [32m 2/12[0m [sympy]
[2K   [38;2;249;38;114m━━━━━━[0m[38;2;249;38;114m╸[0m[38;5;237m━━━━━━━━━━━━━━━━━━━━━━━━━━━━━━━━━[0m [32m 2/12[0m [sympy]
[2K   [38;2;249;38;114m━━━━━━[0m[38;2;249;38;114m╸[0m[38;5;237m━━━━━━━━━━━━━━━━━━━━━━━━━━━━━━━━━[0m [32m 2/12[0m [sympy]
[2K   [38;2;249;38;114m━━━━━━[0m[38;2;249;38;114m╸[0m[38;5;237m━━━━━━━━━━━━━━━━━━━━━━━━━━━━━━━━━[0m [32m 2/12[0m [sympy]
[2K   [38;2;249;38;114m━━━━━━[0m[38;2;249;38;114m╸[0m[38;5;237m━━━━━━━━━━━━━━━━━━━━━━━━━━━━━━━━━[0m [32m 2/12[0m [sympy]
[2K   [38;2;249;38;114m━━━━━━[0m[38;2;249;38;114m╸[0m[38;5;237m━━━━━━━━━━━━━━━━━━━━━━━━━━━━━━━━━[0m [32m 2/12[0m [sympy]
[2K   [38;2;249;38;114m━━━━━━[0m[38;2;249;38;114m╸[0m[38;5;237m━━━━━━━━━━━━━━━━━━━━━━━━━━━━━━━━━[0m [32m 2/12[0m [sympy]
[2K   [38;2;249;38;114m━━━━━━━━━━[0m[38;5;237m╺[0m[38;5;237m━━━━━━━━━━━━━━━━━━━━━━━━━━━━━[0m [32m 3/12[0m [pillow]
[2K   [38;2;249;38;114m━━━━━━━━━━[0m[38;5;237m╺[0m[38;5;237m━━━━━━━━━━━━━━━━━━━━━━━━━━━━━[0m [32m 3/12[0m [pillow]
[2K   [38;2;249;38;114m━━━━━━━━━━━━━[0m[38;5;237m╺[0m[38;5;237m━━━━━━━━━━━━━━━━━━━━━━━━━━[0m [32m 4/12[0m [numpy]
[2K   [38;2;249;38;114m━━━━━━━━━━━━━[0m[38;5;237m╺[0m[38;5;237m━━━━━━━━━━━━━━━━━━━━━━━━━━[0m [32m 4/12[0m [numpy]
[2K   [38;2;249;38;114m━━━━━━━━━━━━━[0m[38;5;237m╺[0m[38;5;237m━━━━━━━━━━━━━━━━━━━━━━━━━━[0m [32m 4/12[0m [numpy]
[2K   [38;2;249;38;114m━━━━━━━━━━━━━[0m[38;5;237m╺[0m[38;5;237m━━━━━━━━━━━━━━━━━━━━━━━━━━[0m [32m 4/12[0m [numpy]
[2K   [38;2;249;38;114m━━━━━━━━━━━━━[0m[38;5;237m╺[0m[38;5;237m━━━━━━━━━━━━━━━━━━━━━━━━━━[0m [32m 4/12[0m [numpy]
[2K   [38;2;249;38;114m━━━━━━━━━━━━━[0m[38;5;237m╺[0m[38;5;237m━━━━━━━━━━━━━━━━━━━━━━━━━━[0m [32m 4/12[0m [numpy]
[2K   [38;2;249;38;114m━━━━━━━━━━━━━[0m[38;5;237m╺[0m[38;5;237m━━━━━━━━━━━━━━━━━━━━━━━━━━[0m [32m 4/12[0m [numpy]
[2K   [38;2;249;38;114m━━━━━━━━━━━━━━━━[0m[38;2;249;38;114m╸[0m[38;5;237m━━━━━━━━━━━━━━━━━━━━━━━[0m [32m 5/12[0m [networkx]
[2K   [38;2;249;38;114m━━━━━━━━━━━━━━━━[0m[38;2;249;38;114m╸[0m[38;5;237m━━━━━━━━━━━━━━━━━━━━━━━[0m [32m 5/12[0m [networkx]
[2K   [38;2;249;38;114m━━━━━━━━━━━━━━━━[0m[38;2;249;38;114m╸[0m[38;5;237m━━━━━━━━━━━━━━━━━━━━━━━[0m [32m 5/12[0m [networkx]
[2K   [38;2;249;38;114m━━━━━━━━━━━━━━━━[0m[38;2;249;38;114m╸[0m[38;5;237m━━━━━━━━━━━━━━━━━━━━━━━[0m [32m 5/12[0m [networkx]
[2K   [38;2;249;38;114m━━━━━━━━━━━━━━━━[0m[38;2;249;38;114m╸[0m[38;5;237m━━━━━━━━━━━━━━━━━━━━━━━[0m [32m 5/12[0m [networkx]
[2K   [38;2;249;38;114m━━━━━━━━━━━━━━━━━━━━━━━[0m[38;5;237m╺[0m[38;5;237m━━━━━━━━━━━━━━━━[0m [32m 7/12[0m [fsspec]
[2K   [38;2;249;38;114m━━━━━━━━━━━━━━━━━━━━━━━━━━━━━━━━━[0m[38;5;237m╺[0m[38;5;237m━━━━━━[0m [32m10/12[0m [torch]
[2K   [38;2;249;38;114m━━━━━━━━━━━━━━━━━━━━━━━━━━━━━━━━━[0m[38;5;237m╺[0m[38;5;237m━━━━━━[0m [32m10/12[0m [torch]
[2K   [38;2;249;38;114m━━━━━━━━━━━━━━━━━━━━━━━━━━━━━━━━━[0m[38;5;237m╺[0m[38;5;237m━━━━━━[0m [32m10/12[0m [torch]
[2K   [38;2;249;38;114m━━━━━━━━━━━━━━━━━━━━━━━━━━━━━━━━━[0m[38;5;237m╺[0m[38;5;237m━━━━━━[0m [32m10/12[0m [torch]
[2K   [38;2;249;38;114m━━━━━━━━━━━━━━━━━━━━━━━━━━━━━━━━━[0m[38;5;237m╺[0m[38;5;237m━━━━━━[0m [32m10/12[0m [torch]
[2K   [38;2;249;38;114m━━━━━━━━━━━━━━━━━━━━━━━━━━━━━━━━━[0m[38;5;237m╺[0m[38;5;237m━━━━━━[0m [32m10/12[0m [torch]
[2K   [38;2;249;38;114m━━━━━━━━━━━━━━━━━━━━━━━━━━━━━━━━━[0m[38;5;237m╺[0m[38;5;237m━━━━━━[0m [32m10/12[0m [torch]
[2K   [38;2;249;38;114m━━━━━━━━━━━━━━━━━━━━━━━━━━━━━━━━━[0m[38;5;237m╺[0m[38;5;237m━━━━━━[0m [32m10/12[0m [torch]
[2K   [38;2;249;38;114m━━━━━━━━━━━━━━━━━━━━━━━━━━━━━━━━━[0m[38;5;237m╺[0m[38;5;237m━━━━━━[0m [32m10/12[0m [torch]
[2K   [38;2;249;38;114m━━━━━━━━━━━━━━━━━━━━━━━━━━━━━━━━━[0m[38;5;237m╺[0m[38;5;237m━━━━━━[0m [32m10/12[0m [torch]
[2K   [38;2;249;38;114m━━━━━━━━━━━━━━━━━━━━━━━━━━━━━━━━━[0m[38;5;237m╺[0m[38;5;237m━━━━━━[0m [32m10/12[0m [torch]
[2K   [38;2;249;38;114m━━━━━━━━━━━━━━━━━━━━━━━━━━━━━━━━━[0m[38;5;237m╺[0m[38;5;237m━━━━━━[0m [32m10/12[0m [torch]
[2K   [38;2;249;38;114m━━━━━━━━━━━━━━━━━━━━━━━━━━━━━━━━━[0m[38;5;237m╺[0m[38;5;237m━━━━━━[0m [32m10/12[0m [torch]
[2K   [38;2;249;38;114m━━━━━━━━━━━━━━━━━━━━━━━━━━━━━━━━━[0m[38;5;237m╺[0m[38;5;237m━━━━━━[0m [32m10/12[0m [torch]
[2K   [38;2;249;38;114m━━━━━━━━━━━━━━━━━━━━━━━━━━━━━━━━━[0m[38;5;237m╺[0m[38;5;237m━━━━━━[0m [32m10/12[0m [torch]
[2K   [38;2;249;38;114m━━━━━━━━━━━━━━━━━━━━━━━━━━━━━━━━━[0m[38;5;237m╺[0m[38;5;237m━━━━━━[0m [32m10/12[0m [torch]
[2K   [38;2;249;38;114m━━━━━━━━━━━━━━━━━━━━━━━━━━━━━━━━━[0m[38;5;237m╺[0m[38;5;237m━━━━━━[0m [32m10/12[0m [torch]
[2K   [38;2;249;38;114m━━━━━━━━━━━━━━━━━━━━━━━━━━━━━━━━━[0m[38;5;237m╺[0m[38;5;237m━━━━━━[0m [32m10/12[0m [torch]
[2K   [38;2;249;38;114m━━━━━━━━━━━━━━━━━━━━━━━━━━━━━━━━━[0m[38;5;237m╺[0m[38;5;237m━━━━━━[0m [32m10/12[0m [torch]
[2K   [38;2;249;38;114m━━━━━━━━━━━━━━━━━━━━━━━━━━━━━━━━━[0m[38;5;237m╺[0m[38;5;237m━━━━━━[0m [32m10/12[0m [torch]
[2K   [38;2;249;38;114m━━━━━━━━━━━━━━━━━━━━━━━━━━━━━━━━━[0m[38;5;237m╺[0m[38;5;237m━━━━━━[0m [32m10/12[0m [torch]
[2K   [38;2;249;38;114m━━━━━━━━━━━━━━━━━━━━━━━━━━━━━━━━━[0m[38;5;237m╺[0m[38;5;237m━━━━━━[0m [32m10/12[0m [torch]
[2K   [38;2;249;38;114m━━━━━━━━━━━━━━━━━━━━━━━━━━━━━━━━━[0m[38;5;237m╺[0m[38;5;237m━━━━━━[0m [32m10/12[0m [torch]
[2K   [38;2;249;38;114m━━━━━━━━━━━━━━━━━━━━━━━━━━━━━━━━━[0m[38;5;237m╺[0m[38;5;237m━━━━━━[0m [32m10/12[0m [torch]
[2K   [38;2;249;38;114m━━━━━━━━━━━━━━━━━━━━━━━━━━━━━━━━━[0m[38;5;237m╺[0m[38;5;237m━━━━━━[0m [32m10/12[0m [torch]
[2K   [38;2;249;38;114m━━━━━━━━━━━━━━━━━━━━━━━━━━━━━━━━━[0m[38;5;237m╺[0m[38;5;237m━━━━━━[0m [32m10/12[0m [torch]
[2K   [38;2;249;38;114m━━━━━━━━━━━━━━━━━━━━━━━━━━━━━━━━━[0m[38;5;237m╺[0m[38;5;237m━━━━━━[0m [32m10/12[0m [torch]
[2K   [38;2;249;38;114m━━━━━━━━━━━━━━━━━━━━━━━━━━━━━━━━━[0m[38;5;237m╺[0m[38;5;237m━━━━━━[0m [32m10/12[0m [torch]
[2K   [38;2;249;38;114m━━━━━━━━━━━━━━━━━━━━━━━━━━━━━━━━━[0m[38;5;237m╺[0m[38;5;237m━━━━━━[0m [32m10/12[0m [torch]
[2K   [38;2;249;38;114m━━━━━━━━━━━━━━━━━━━━━━━━━━━━━━━━━[0m[38;5;237m╺[0m[38;5;237m━━━━━━[0m [32m10/12[0m [torch]
[2K   [38;2;249;38;114m━━━━━━━━━━━━━━━━━━━━━━━━━━━━━━━━━[0m[38;5;237m╺[0m[38;5;237m━━━━━━[0m [32m10/12[0m [torch]
[2K   [38;2;249;38;114m━━━━━━━━━━━━━━━━━━━━━━━━━━━━━━━━━[0m[38;5;237m╺[0m[38;5;237m━━━━━━[0m [32m10/12[0m [torch]
[2K   [38;2;249;38;114m━━━━━━━━━━━━━━━━━━━━━━━━━━━━━━━━━[0m[38;5;237m╺[0m[38;5;237m━━━━━━[0m [32m10/12[0m [torch]
[2K   [38;2;249;38;114m━━━━━━━━━━━━━━━━━━━━━━━━━━━━━━━━━[0m[38;5;237m╺[0m[38;5;237m━━━━━━[0m [32m10/12[0m [torch]
[2K   [38;2;249;38;114m━━━━━━━━━━━━━━━━━━━━━━━━━━━━━━━━━[0m[38;5;237m╺[0m[38;5;237m━━━━━━[0m [32m10/12[0m [torch]
[2K   [38;2;249;38;114m━━━━━━━━━━━━━━━━━━━━━━━━━━━━━━━━━[0m[38;5;237m╺[0m[38;5;237m━━━━━━[0m [32m10/12[0m [torch]
[2K   [38;2;249;38;114m━━━━━━━━━━━━━━━━━━━━━━━━━━━━━━━━━[0m[38;5;237m╺[0m[38;5;237m━━━━━━[0m [32m10/12[0m [torch]
[2K   [38;2;249;38;114m━━━━━━━━━━━━━━━━━━━━━━━━━━━━━━━━━[0m[38;5;237m╺[0m[38;5;237m━━━━━━[0m [32m10/12[0m [torch]
[2K   [38;2;249;38;114m━━━━━━━━━━━━━━━━━━━━━━━━━━━━━━━━━[0m[38;5;237m╺[0m[38;5;237m━━━━━━[0m [32m10/12[0m [torch]
[2K   [38;2;249;38;114m━━━━━━━━━━━━━━━━━━━━━━━━━━━━━━━━━[0m[38;5;237m╺[0m[38;5;237m━━━━━━[0m [32m10/12[0m [torch]
[2K   [38;2;249;38;114m━━━━━━━━━━━━━━━━━━━━━━━━━━━━━━━━━[0m[38;5;237m╺[0m[38;5;237m━━━━━━[0m [32m10/12[0m [torch]
[2K   [38;2;249;38;114m━━━━━━━━━━━━━━━━━━━━━━━━━━━━━━━━━[0m[38;5;237m╺[0m[38;5;237m━━━━━━[0m [32m10/12[0m [torch]
[2K   [38;2;249;38;114m━━━━━━━━━━━━━━━━━━━━━━━━━━━━━━━━━[0m[38;5;237m╺[0m[38;5;237m━━━━━━[0m [32m10/12[0m [torch]
[2K   [38;2;249;38;114m━━━━━━━━━━━━━━━━━━━━━━━━━━━━━━━━━[0m[38;5;237m╺[0m[38;5;237m━━━━━━[0m [32m10/12[0m [torch]
[2K   [38;2;249;38;114m━━━━━━━━━━━━━━━━━━━━━━━━━━━━━━━━━[0m[38;5;237m╺[0m[38;5;237m━━━━━━[0m [32m10/12[0m [torch]
[2K   [38;2;249;38;114m━━━━━━━━━━━━━━━━━━━━━━━━━━━━━━━━━[0m[38;5;237m╺[0m[38;5;237m━━━━━━[0m [32m10/12[0m [torch]
[2K   [38;2;249;38;114m━━━━━━━━━━━━━━━━━━━━━━━━━━━━━━━━━━━━[0m[38;2;249;38;114m╸[0m[38;5;237m━━━[0m [32m11/12[0m [torchvision]
[2K   [38;2;249;38;114m━━━━━━━━━━━━━━━━━━━━━━━━━━━━━━━━━━━━[0m[38;2;249;38;114m╸[0m[38;5;237m━━━[0m [32m11/12[0m [torchvision]
[2K   [38;2;114;156;31m━━━━━━━━━━━━━━━━━━━━━━━━━━━━━━━━━━━━━━━━[0m [32m12/12[0m [torchvision]
[?25h
[1A[2KSuccessfully installed MarkupSafe-3.0.3 filelock-3.29.0 fsspec-2026.4.0 jinja2-3.1.6 mpmath-1.3.0 networkx-3.6.1 numpy-2.4.4 pillow-12.2.0 sympy-1.14.0 torch-2.13.0+cpu torchvision-0.28.0+cpu typing-extensions-4.15.0
Collecting pyyaml (from -r requirements.txt (line 1))
  Downloading pyyaml-6.0.3-cp312-cp312-manylinux2014_x86_64.manylinux_2_17_x86_64.manylinux_2_28_x86_64.whl.metadata (2.4 kB)
Collecting huggingface_hub (from -r requirements.txt (line 2))
  Downloading huggingface_hub-1.23.0-py3-none-any.whl.metadata (14 kB)
Collecting safetensors (from -r requirements.txt (line 3))
  Downloading safetensors-0.8.0-cp310-abi3-manylinux_2_17_x86_64.manylinux2014_x86_64.whl.metadata (4.2 kB)
Requirement already satisfied: numpy in ./.venv/lib/python3.12/site-packages (from -r requirements.txt (line 4)) (2.4.4)
Collecting click<9.0.0,>=8.4.2 (from huggingface_hub->-r requirements.txt (line 2))
  Downloading click-8.4.2-py3-none-any.whl.metadata (2.6 kB)
Requirement already satisfied: filelock>=3.10.0 in ./.venv/lib/python3.12/site-packages (from huggingface_hub->-r requirements.txt (line 2)) (3.29.0)
Requirement already satisfied: fsspec>=2023.5.0 in ./.venv/lib/python3.12/site-packages (from huggingface_hub->-r requirements.txt (line 2)) (2026.4.0)
Collecting hf-xet<2.0.0,>=1.5.1 (from huggingface_hub->-r requirements.txt (line 2))
  Downloading hf_xet-1.5.2-cp38-abi3-manylinux2014_x86_64.manylinux_2_17_x86_64.whl.metadata (4.9 kB)
Collecting httpx<1,>=0.23.0 (from huggingface_hub->-r requirements.txt (line 2))
  Downloading httpx-0.28.1-py3-none-any.whl.metadata (7.1 kB)
Requirement already satisfied: packaging>=20.9 in ./.venv/lib/python3.12/site-packages (from huggingface_hub->-r requirements.txt (line 2)) (26.2)
Collecting tqdm>=4.42.1 (from huggingface_hub->-r requirements.txt (line 2))
  Downloading tqdm-4.68.4-py3-none-any.whl.metadata (57 kB)
Requirement already satisfied: typing-extensions>=4.1.0 in ./.venv/lib/python3.12/site-packages (from huggingface_hub->-r requirements.txt (line 2)) (4.15.0)
Collecting anyio (from httpx<1,>=0.23.0->huggingface_hub->-r requirements.txt (line 2))
  Downloading anyio-4.14.2-py3-none-any.whl.metadata (4.6 kB)
Collecting certifi (from httpx<1,>=0.23.0->huggingface_hub->-r requirements.txt (line 2))
  Downloading certifi-2026.6.17-py3-none-any.whl.metadata (2.5 kB)
Collecting httpcore==1.* (from httpx<1,>=0.23.0->huggingface_hub->-r requirements.txt (line 2))
  Downloading httpcore-1.0.9-py3-none-any.whl.metadata (21 kB)
Collecting idna (from httpx<1,>=0.23.0->huggingface_hub->-r requirements.txt (line 2))
  Downloading idna-3.18-py3-none-any.whl.metadata (6.1 kB)
Collecting h11>=0.16 (from httpcore==1.*->httpx<1,>=0.23.0->huggingface_hub->-r requirements.txt (line 2))
  Downloading h11-0.16.0-py3-none-any.whl.metadata (8.3 kB)
Downloading pyyaml-6.0.3-cp312-cp312-manylinux2014_x86_64.manylinux_2_17_x86_64.manylinux_2_28_x86_64.whl (807 kB)
[?25l   [38;5;237m━━━━━━━━━━━━━━━━━━━━━━━━━━━━━━━━━━━━━━━━[0m [32m0.0/807.9 kB[0m [31m?[0m eta [36m-:--:--[0m
[2K   [38;2;114;156;31m━━━━━━━━━━━━━━━━━━━━━━━━━━━━━━━━━━━━━━━━[0m [32m807.9/807.9 kB[0m [31m11.6 MB/s[0m  [33m0:00:00[0m
[?25hDownloading huggingface_hub-1.23.0-py3-none-any.whl (770 kB)
[?25l   [38;5;237m━━━━━━━━━━━━━━━━━━━━━━━━━━━━━━━━━━━━━━━━[0m [32m0.0/770.3 kB[0m [31m?[0m eta [36m-:--:--[0m
[2K   [38;2;114;156;31m━━━━━━━━━━━━━━━━━━━━━━━━━━━━━━━━━━━━━━━━[0m [32m770.3/770.3 kB[0m [31m42.0 MB/s[0m  [33m0:00:00[0m
[?25hDownloading click-8.4.2-py3-none-any.whl (119 kB)
Downloading hf_xet-1.5.2-cp38-abi3-manylinux2014_x86_64.manylinux_2_17_x86_64.whl (4.4 MB)
[?25l   [38;5;237m━━━━━━━━━━━━━━━━━━━━━━━━━━━━━━━━━━━━━━━━[0m [32m0.0/4.4 MB[0m [31m?[0m eta [36m-:--:--[0m
[2K   [38;2;114;156;31m━━━━━━━━━━━━━━━━━━━━━━━━━━━━━━━━━━━━━━━━[0m [32m4.4/4.4 MB[0m [31m32.8 MB/s[0m  [33m0:00:00[0m
[?25hDownloading httpx-0.28.1-py3-none-any.whl (73 kB)
Downloading httpcore-1.0.9-py3-none-any.whl (78 kB)
Downloading safetensors-0.8.0-cp310-abi3-manylinux_2_17_x86_64.manylinux2014_x86_64.whl (516 kB)
Downloading h11-0.16.0-py3-none-any.whl (37 kB)
Downloading tqdm-4.68.4-py3-none-any.whl (676 kB)
[?25l   [38;5;237m━━━━━━━━━━━━━━━━━━━━━━━━━━━━━━━━━━━━━━━━[0m [32m0.0/676.6 kB[0m [31m?[0m eta [36m-:--:--[0m
[2K   [38;2;114;156;31m━━━━━━━━━━━━━━━━━━━━━━━━━━━━━━━━━━━━━━━━[0m [32m676.6/676.6 kB[0m [31m26.6 MB/s[0m  [33m0:00:00[0m
[?25hDownloading anyio-4.14.2-py3-none-any.whl (125 kB)
Downloading idna-3.18-py3-none-any.whl (65 kB)
Downloading certifi-2026.6.17-py3-none-any.whl (133 kB)
Installing collected packages: tqdm, safetensors, pyyaml, idna, hf-xet, h11, click, certifi, httpcore, anyio, httpx, huggingface_hub
[?25l
[2K   [38;5;237m━━━━━━━━━━━━━━━━━━━━━━━━━━━━━━━━━━━━━━━━[0m [32m 0/12[0m [tqdm]
[2K   [38;5;237m━━━━━━━━━━━━━━━━━━━━━━━━━━━━━━━━━━━━━━━━[0m [32m 0/12[0m [tqdm]
[2K   [38;5;237m━━━━━━━━━━━━━━━━━━━━━━━━━━━━━━━━━━━━━━━━[0m [32m 0/12[0m [tqdm]
[2K   [38;5;237m━━━━━━━━━━━━━━━━━━━━━━━━━━━━━━━━━━━━━━━━[0m [32m 0/12[0m [tqdm]
[2K   [38;5;237m━━━━━━━━━━━━━━━━━━━━━━━━━━━━━━━━━━━━━━━━[0m [32m 0/12[0m [tqdm]
[2K   [38;5;237m━━━━━━━━━━━━━━━━━━━━━━━━━━━━━━━━━━━━━━━━[0m [32m 0/12[0m [tqdm]
[2K   [38;5;237m━━━━━━━━━━━━━━━━━━━━━━━━━━━━━━━━━━━━━━━━[0m [32m 0/12[0m [tqdm]
[2K   [38;5;237m━━━━━━━━━━━━━━━━━━━━━━━━━━━━━━━━━━━━━━━━[0m [32m 0/12[0m [tqdm]
[2K   [38;2;249;38;114m━━━[0m[38;5;237m╺[0m[38;5;237m━━━━━━━━━━━━━━━━━━━━━━━━━━━━━━━━━━━━[0m [32m 1/12[0m [safetensors]
[2K   [38;2;249;38;114m━━━[0m[38;5;237m╺[0m[38;5;237m━━━━━━━━━━━━━━━━━━━━━━━━━━━━━━━━━━━━[0m [32m 1/12[0m [safetensors]
[2K   [38;2;249;38;114m━━━━━━━━━━[0m[38;5;237m╺[0m[38;5;237m━━━━━━━━━━━━━━━━━━━━━━━━━━━━━[0m [32m 3/12[0m [idna]
[2K   [38;2;249;38;114m━━━━━━━━━━━━━━━━[0m[38;2;249;38;114m╸[0m[38;5;237m━━━━━━━━━━━━━━━━━━━━━━━[0m [32m 5/12[0m [h11]
[2K   [38;2;249;38;114m━━━━━━━━━━━━━━━━━━━━━━━━━━[0m[38;2;249;38;114m╸[0m[38;5;237m━━━━━━━━━━━━━[0m [32m 8/12[0m [httpcore]
[2K   [38;2;249;38;114m━━━━━━━━━━━━━━━━━━━━━━━━━━━━━━━━━[0m[38;5;237m╺[0m[38;5;237m━━━━━━[0m [32m10/12[0m [httpx]
[2K   [38;2;249;38;114m━━━━━━━━━━━━━━━━━━━━━━━━━━━━━━━━━━━━[0m[38;2;249;38;114m╸[0m[38;5;237m━━━[0m [32m11/12[0m [huggingface_hub]
[2K   [38;2;249;38;114m━━━━━━━━━━━━━━━━━━━━━━━━━━━━━━━━━━━━[0m[38;2;249;38;114m╸[0m[38;5;237m━━━[0m [32m11/12[0m [huggingface_hub]
[2K   [38;2;114;156;31m━━━━━━━━━━━━━━━━━━━━━━━━━━━━━━━━━━━━━━━━[0m [32m12/12[0m [huggingface_hub]
[?25h
[1A[2KSuccessfully installed anyio-4.14.2 certifi-2026.6.17 click-8.4.2 h11-0.16.0 hf-xet-1.5.2 httpcore-1.0.9 httpx-0.28.1 huggingface_hub-1.23.0 idna-3.18 pyyaml-6.0.3 safetensors-0.8.0 tqdm-4.68.4
Obtaining file://427/codebase
  Installing build dependencies: started
  Installing build dependencies: finished with status 'done'
  Checking if build backend supports build_editable: started
  Checking if build backend supports build_editable: finished with status 'done'
  Getting requirements to build editable: started
  Getting requirements to build editable: finished with status 'done'
  Preparing editable metadata (pyproject.toml): started
  Preparing editable metadata (pyproject.toml): finished with status 'done'
Requirement already satisfied: torch in ./.venv/lib/python3.12/site-packages (from timm==1.0.21.dev0) (2.13.0+cpu)
Requirement already satisfied: torchvision in ./.venv/lib/python3.12/site-packages (from timm==1.0.21.dev0) (0.28.0+cpu)
Requirement already satisfied: pyyaml in ./.venv/lib/python3.12/site-packages (from timm==1.0.21.dev0) (6.0.3)
Requirement already satisfied: huggingface_hub in ./.venv/lib/python3.12/site-packages (from timm==1.0.21.dev0) (1.23.0)
Requirement already satisfied: safetensors in ./.venv/lib/python3.12/site-packages (from timm==1.0.21.dev0) (0.8.0)
Requirement already satisfied: click<9.0.0,>=8.4.2 in ./.venv/lib/python3.12/site-packages (from huggingface_hub->timm==1.0.21.dev0) (8.4.2)
Requirement already satisfied: filelock>=3.10.0 in ./.venv/lib/python3.12/site-packages (from huggingface_hub->timm==1.0.21.dev0) (3.29.0)
Requirement already satisfied: fsspec>=2023.5.0 in ./.venv/lib/python3.12/site-packages (from huggingface_hub->timm==1.0.21.dev0) (2026.4.0)
Requirement already satisfied: hf-xet<2.0.0,>=1.5.1 in ./.venv/lib/python3.12/site-packages (from huggingface_hub->timm==1.0.21.dev0) (1.5.2)
Requirement already satisfied: httpx<1,>=0.23.0 in ./.venv/lib/python3.12/site-packages (from huggingface_hub->timm==1.0.21.dev0) (0.28.1)
Requirement already satisfied: packaging>=20.9 in ./.venv/lib/python3.12/site-packages (from huggingface_hub->timm==1.0.21.dev0) (26.2)
Requirement already satisfied: tqdm>=4.42.1 in ./.venv/lib/python3.12/site-packages (from huggingface_hub->timm==1.0.21.dev0) (4.68.4)
Requirement already satisfied: typing-extensions>=4.1.0 in ./.venv/lib/python3.12/site-packages (from huggingface_hub->timm==1.0.21.dev0) (4.15.0)
Requirement already satisfied: anyio in ./.venv/lib/python3.12/site-packages (from httpx<1,>=0.23.0->huggingface_hub->timm==1.0.21.dev0) (4.14.2)
Requirement already satisfied: certifi in ./.venv/lib/python3.12/site-packages (from httpx<1,>=0.23.0->huggingface_hub->timm==1.0.21.dev0) (2026.6.17)
Requirement already satisfied: httpcore==1.* in ./.venv/lib/python3.12/site-packages (from httpx<1,>=0.23.0->huggingface_hub->timm==1.0.21.dev0) (1.0.9)
Requirement already satisfied: idna in ./.venv/lib/python3.12/site-packages (from httpx<1,>=0.23.0->huggingface_hub->timm==1.0.21.dev0) (3.18)
Requirement already satisfied: h11>=0.16 in ./.venv/lib/python3.12/site-packages (from httpcore==1.*->httpx<1,>=0.23.0->huggingface_hub->timm==1.0.21.dev0) (0.16.0)
Requirement already satisfied: setuptools>=77.0.3 in ./.venv/lib/python3.12/site-packages (from torch->timm==1.0.21.dev0) (83.0.0)
Requirement already satisfied: sympy>=1.13.3 in ./.venv/lib/python3.12/site-packages (from torch->timm==1.0.21.dev0) (1.14.0)
Requirement already satisfied: networkx>=2.5.1 in ./.venv/lib/python3.12/site-packages (from torch->timm==1.0.21.dev0) (3.6.1)
Requirement already satisfied: jinja2 in ./.venv/lib/python3.12/site-packages (from torch->timm==1.0.21.dev0) (3.1.6)
Requirement already satisfied: mpmath<1.4,>=1.1.0 in ./.venv/lib/python3.12/site-packages (from sympy>=1.13.3->torch->timm==1.0.21.dev0) (1.3.0)
Requirement already satisfied: MarkupSafe>=2.0 in ./.venv/lib/python3.12/site-packages (from jinja2->torch->timm==1.0.21.dev0) (3.0.3)
Requirement already satisfied: numpy in ./.venv/lib/python3.12/site-packages (from torchvision->timm==1.0.21.dev0) (2.4.4)
Requirement already satisfied: pillow!=8.3.*,>=5.3.0 in ./.venv/lib/python3.12/site-packages (from torchvision->timm==1.0.21.dev0) (12.2.0)
Building wheels for collected packages: timm
  Building editable for timm (pyproject.toml): started
  Building editable for timm (pyproject.toml): finished with status 'done'
  Created wheel for timm: filename=timm-1.0.21.dev0-py3-none-any.whl size=24202 sha256=b894b07ad35e6ac446a123a6fb0e466c0275b504787755627f6b2672a9d4046a
  Stored in directory: /tmp/pip-ephem-wheel-cache-r0erde60/wheels/37/3a/43/5c8f73b24218b21b4828ac64765aeee4ef1a48344d519db834
Successfully built timm
Installing collected packages: timm
Successfully installed timm-1.0.21.dev0
created_model=Eva
rope_class=RotaryEmbeddingDinoV3
exception=AttributeError: 'RotaryEmbeddingDinoV3' object has no attribute 'update_feat_shape'
