Requirement already satisfied: pip in ./.venv/lib/python3.12/site-packages (24.0)
Collecting pip
  Downloading pip-26.1.2-py3-none-any.whl.metadata (4.6 kB)
Collecting setuptools
  Downloading setuptools-83.0.0-py3-none-any.whl.metadata (6.6 kB)
Collecting wheel
  Downloading wheel-0.47.0-py3-none-any.whl.metadata (2.3 kB)
Collecting packaging>=24.0 (from wheel)
  Downloading packaging-26.2-py3-none-any.whl.metadata (3.5 kB)
Downloading pip-26.1.2-py3-none-any.whl (1.8 MB)
   ━━━━━━━━━━━━━━━━━━━━━━━━━━━━━━━━━━━━━━━━ 1.8/1.8 MB 23.6 MB/s eta 0:00:00
Downloading setuptools-83.0.0-py3-none-any.whl (1.0 MB)
   ━━━━━━━━━━━━━━━━━━━━━━━━━━━━━━━━━━━━━━━━ 1.0/1.0 MB 64.2 MB/s eta 0:00:00
Downloading wheel-0.47.0-py3-none-any.whl (32 kB)
Downloading packaging-26.2-py3-none-any.whl (100 kB)
   ━━━━━━━━━━━━━━━━━━━━━━━━━━━━━━━━━━━━━━━ 100.2/100.2 kB 256.7 MB/s eta 0:00:00
Installing collected packages: setuptools, pip, packaging, wheel
  Attempting uninstall: pip
    Found existing installation: pip 24.0
    Uninstalling pip-24.0:
      Successfully uninstalled pip-24.0
Successfully installed packaging-26.2 pip-26.1.2 setuptools-83.0.0 wheel-0.47.0
Collecting jax>=0.4.25 (from -r 508/requirements.txt (line 1))
  Downloading jax-0.11.0-py3-none-any.whl.metadata (13 kB)
Collecting jaxlib>=0.4.25 (from -r 508/requirements.txt (line 2))
  Downloading jaxlib-0.11.0-cp312-cp312-manylinux_2_27_x86_64.whl.metadata (1.3 kB)
Collecting numpy (from -r 508/requirements.txt (line 3))
  Downloading numpy-2.5.1-cp312-cp312-manylinux_2_27_x86_64.manylinux_2_28_x86_64.whl.metadata (6.6 kB)
Collecting multipledispatch (from -r 508/requirements.txt (line 4))
  Downloading multipledispatch-1.0.0-py3-none-any.whl.metadata (3.8 kB)
Collecting tqdm (from -r 508/requirements.txt (line 5))
  Downloading tqdm-4.68.4-py3-none-any.whl.metadata (57 kB)
Collecting ml_dtypes>=0.5.0 (from jax>=0.4.25->-r 508/requirements.txt (line 1))
  Downloading ml_dtypes-0.5.4-cp312-cp312-manylinux_2_27_x86_64.manylinux_2_28_x86_64.whl.metadata (8.9 kB)
Collecting opt_einsum (from jax>=0.4.25->-r 508/requirements.txt (line 1))
  Downloading opt_einsum-3.4.0-py3-none-any.whl.metadata (6.3 kB)
Collecting scipy>=1.15 (from jax>=0.4.25->-r 508/requirements.txt (line 1))
  Downloading scipy-1.18.0-cp312-cp312-manylinux_2_27_x86_64.manylinux_2_28_x86_64.whl.metadata (62 kB)
Downloading jax-0.11.0-py3-none-any.whl (3.3 MB)
   ━━━━━━━━━━━━━━━━━━━━━━━━━━━━━━━━━━━━━━━━ 3.3/3.3 MB 4.7 MB/s  0:00:00
Downloading jaxlib-0.11.0-cp312-cp312-manylinux_2_27_x86_64.whl (87.3 MB)
   ━━━━━━━━━━━━━━━━━━━━━━━━━━━━━━━━━━━━━━━━ 87.3/87.3 MB 11.8 MB/s  0:00:07
Downloading numpy-2.5.1-cp312-cp312-manylinux_2_27_x86_64.manylinux_2_28_x86_64.whl (16.7 MB)
   ━━━━━━━━━━━━━━━━━━━━━━━━━━━━━━━━━━━━━━━━ 16.7/16.7 MB 23.7 MB/s  0:00:00
Downloading multipledispatch-1.0.0-py3-none-any.whl (12 kB)
Downloading tqdm-4.68.4-py3-none-any.whl (676 kB)
   ━━━━━━━━━━━━━━━━━━━━━━━━━━━━━━━━━━━━━━━━ 676.6/676.6 kB 29.9 MB/s  0:00:00
Downloading ml_dtypes-0.5.4-cp312-cp312-manylinux_2_27_x86_64.manylinux_2_28_x86_64.whl (5.0 MB)
   ━━━━━━━━━━━━━━━━━━━━━━━━━━━━━━━━━━━━━━━━ 5.0/5.0 MB 27.4 MB/s  0:00:00
Downloading scipy-1.18.0-cp312-cp312-manylinux_2_27_x86_64.manylinux_2_28_x86_64.whl (35.3 MB)
   ━━━━━━━━━━━━━━━━━━━━━━━━━━━━━━━━━━━━━━━━ 35.3/35.3 MB 24.8 MB/s  0:00:01
Downloading opt_einsum-3.4.0-py3-none-any.whl (71 kB)
Installing collected packages: multipledispatch, tqdm, opt_einsum, numpy, scipy, ml_dtypes, jaxlib, jax

Successfully installed jax-0.11.0 jaxlib-0.11.0 ml_dtypes-0.5.4 multipledispatch-1.0.0 numpy-2.5.1 opt_einsum-3.4.0 scipy-1.18.0 tqdm-4.68.4
Obtaining file://508/codebase
  Installing build dependencies: started
  Installing build dependencies: finished with status 'done'
  Checking if build backend supports build_editable: started
  Checking if build backend supports build_editable: finished with status 'done'
  Getting requirements to build editable: started
  Getting requirements to build editable: finished with status 'done'
  Preparing editable metadata (pyproject.toml): started
  Preparing editable metadata (pyproject.toml): finished with status 'done'
Building wheels for collected packages: numpyro
  Building editable for numpyro (pyproject.toml): started
  Building editable for numpyro (pyproject.toml): finished with status 'done'
  Created wheel for numpyro: filename=numpyro-0.18.0-0.editable-py3-none-any.whl size=18720 sha256=15d16f4725c940802239829f0465ed1fc779fe8fbd12d5ebc77e1cb2cc74fa55
  Stored in directory: /tmp/pip-ephem-wheel-cache-46hspspx/wheels/16/9f/f2/0251eaf62904fbdd41f824af0147c7d27c13c1db63dfc8af99
Successfully built numpyro
Installing collected packages: numpyro
Successfully installed numpyro-0.18.0
missing
typing_extensions missing
IMPORT_FAILED: ModuleNotFoundError: No module named 'typing_extensions'
