Traceback (most recent call last):
  File "178/repro.py", line 23, in main
    tokens = list(parser.lex("\n"))
             ^^^^^^^^^^^^^^^^^^^^^^
  File "178/codebase/lark/lexer.py", line 539, in lex
    yield self.next_token(state, parser_state)
          ^^^^^^^^^^^^^^^^^^^^^^^^^^^^^^^^^^^^
  File "178/codebase/lark/lexer.py", line 617, in next_token
    res = self.match(lex_state.text, line_ctr.char_pos)
          ^^^^^^^^^^^^^^^^^^^^^^^^^^^^^^^^^^^^^^^^^^^^^
  File "178/codebase/lark/lexer.py", line 612, in match
    return self.scanner.match(text, pos)
           ^^^^^^^^^^^^
  File "178/codebase/lark/lexer.py", line 608, in scanner
    self._scanner = self._build_scanner()
                    ^^^^^^^^^^^^^^^^^^^^^
  File "178/codebase/lark/lexer.py", line 603, in _build_scanner
    return Scanner(terminals, self.g_regex_flags, self.re, self.use_bytes)
           ^^^^^^^^^^^^^^^^^^^^^^^^^^^^^^^^^^^^^^^^^^^^^^^^^^^^^^^^^^^^^^^
  File "178/codebase/lark/lexer.py", line 365, in __init__
    self._mres = self._build_mres(terminals, len(terminals))
                 ^^^^^^^^^^^^^^^^^^^^^^^^^^^^^^^^^^^^^^^^^^^
  File "178/codebase/lark/lexer.py", line 377, in _build_mres
    mre = self.re_.compile(pattern, self.g_regex_flags)
          ^^^^^^^^^^^^^^^^^^^^^^^^^^^^^^^^^^^^^^^^^^^^^
  File "/usr/lib/python3.12/re/__init__.py", line 228, in compile
    return _compile(pattern, flags)
           ^^^^^^^^^^^^^^^^^^^^^^^^
  File "/usr/lib/python3.12/re/__init__.py", line 307, in _compile
    p = _compiler.compile(pattern, flags)
        ^^^^^^^^^^^^^^^^^^^^^^^^^^^^^^^^^
  File "/usr/lib/python3.12/re/_compiler.py", line 745, in compile
    p = _parser.parse(p, flags)
        ^^^^^^^^^^^^^^^^^^^^^^^
  File "/usr/lib/python3.12/re/_parser.py", line 979, in parse
    p = _parse_sub(source, state, flags & SRE_FLAG_VERBOSE, 0)
        ^^^^^^^^^^^^^^^^^^^^^^^^^^^^^^^^^^^^^^^^^^^^^^^^^^^^^^
  File "/usr/lib/python3.12/re/_parser.py", line 460, in _parse_sub
    itemsappend(_parse(source, state, verbose, nested + 1,
                ^^^^^^^^^^^^^^^^^^^^^^^^^^^^^^^^^^^^^^^^^^
  File "/usr/lib/python3.12/re/_parser.py", line 862, in _parse
    p = _parse_sub(source, state, sub_verbose, nested + 1)
        ^^^^^^^^^^^^^^^^^^^^^^^^^^^^^^^^^^^^^^^^^^^^^^^^^^
  File "/usr/lib/python3.12/re/_parser.py", line 460, in _parse_sub
    itemsappend(_parse(source, state, verbose, nested + 1,
                ^^^^^^^^^^^^^^^^^^^^^^^^^^^^^^^^^^^^^^^^^^
  File "/usr/lib/python3.12/re/_parser.py", line 840, in _parse
    raise source.error('global flags not at the start '
re.error: global flags not at the start of the expression at position 13
