Traceback (most recent call last):
  File "383/repro.py", line 37, in <module>
    main()
  File "383/repro.py", line 27, in main
    fully_shard(encoder)
  File "383/.venv/lib/python3.12/site-packages/torch/distributed/_composable/contract.py", line 125, in wrapper
    updated = func(inp_module, *args, **kwargs)
              ^^^^^^^^^^^^^^^^^^^^^^^^^^^^^^^^^
  File "383/.venv/lib/python3.12/site-packages/torch/distributed/fsdp/_fully_shard/_fully_shard.py", line 146, in fully_shard
    raise ValueError(
ValueError: fully_shard does not support containers that do not implement forward: FeatureListNet(
  (stem_0): Conv2d(3, 128, kernel_size=(4, 4), stride=(4, 4))
  (stem_1): LayerNorm2d((128,), eps=1e-06, elementwise_affine=True)
  (stages_0): ConvNeXtStage(
    (downsample): Identity()
    (blocks): Sequential(
      (0): ConvNeXtBlock(
        (conv_dw): Conv2d(128, 128, kernel_size=(7, 7), stride=(1, 1), padding=(3, 3), groups=128)
        (norm): LayerNorm((128,), eps=1e-06, elementwise_affine=True)
        (mlp): GlobalResponseNormMlp(
          (fc1): Linear(in_features=128, out_features=512, bias=True)
          (act): GELU()
          (drop1): Dropout(p=0.0, inplace=False)
          (grn): GlobalResponseNorm()
          (fc2): Linear(in_features=512, out_features=128, bias=True)
          (drop2): Dropout(p=0.0, inplace=False)
        )
        (shortcut): Identity()
        (drop_path): Identity()
      )
      (1): ConvNeXtBlock(
        (conv_dw): Conv2d(128, 128, kernel_size=(7, 7), stride=(1, 1), padding=(3, 3), groups=128)
        (norm): LayerNorm((128,), eps=1e-06, elementwise_affine=True)
        (mlp): GlobalResponseNormMlp(
          (fc1): Linear(in_features=128, out_features=512, bias=True)
          (act): GELU()
          (drop1): Dropout(p=0.0, inplace=False)
          (grn): GlobalResponseNorm()
          (fc2): Linear(in_features=512, out_features=128, bias=True)
          (drop2): Dropout(p=0.0, inplace=False)
        )
        (shortcut): Identity()
        (drop_path): Identity()
      )
      (2): ConvNeXtBlock(
        (conv_dw): Conv2d(128, 128, kernel_size=(7, 7), stride=(1, 1), padding=(3, 3), groups=128)
        (norm): LayerNorm((128,), eps=1e-06, elementwise_affine=True)
        (mlp): GlobalResponseNormMlp(
          (fc1): Linear(in_features=128, out_features=512, bias=True)
          (act): GELU()
          (drop1): Dropout(p=0.0, inplace=False)
          (grn): GlobalResponseNorm()
          (fc2): Linear(in_features=512, out_features=128, bias=True)
          (drop2): Dropout(p=0.0, inplace=False)
        )
        (shortcut): Identity()
        (drop_path): Identity()
      )
    )
  )
  (stages_1): ConvNeXtStage(
    (downsample): Sequential(
      (0): LayerNorm2d((128,), eps=1e-06, elementwise_affine=True)
      (1): Conv2d(128, 256, kernel_size=(2, 2), stride=(2, 2))
    )
    (blocks): Sequential(
      (0): ConvNeXtBlock(
        (conv_dw): Conv2d(256, 256, kernel_size=(7, 7), stride=(1, 1), padding=(3, 3), groups=256)
        (norm): LayerNorm((256,), eps=1e-06, elementwise_affine=True)
        (mlp): GlobalResponseNormMlp(
          (fc1): Linear(in_features=256, out_features=1024, bias=True)
          (act): GELU()
          (drop1): Dropout(p=0.0, inplace=False)
          (grn): GlobalResponseNorm()
          (fc2): Linear(in_features=1024, out_features=256, bias=True)
          (drop2): Dropout(p=0.0, inplace=False)
        )
        (shortcut): Identity()
        (drop_path): Identity()
      )
      (1): ConvNeXtBlock(
        (conv_dw): Conv2d(256, 256, kernel_size=(7, 7), stride=(1, 1), padding=(3, 3), groups=256)
        (norm): LayerNorm((256,), eps=1e-06, elementwise_affine=True)
        (mlp): GlobalResponseNormMlp(
          (fc1): Linear(in_features=256, out_features=1024, bias=True)
          (act): GELU()
          (drop1): Dropout(p=0.0, inplace=False)
          (grn): GlobalResponseNorm()
          (fc2): Linear(in_features=1024, out_features=256, bias=True)
          (drop2): Dropout(p=0.0, inplace=False)
        )
        (shortcut): Identity()
        (drop_path): Identity()
      )
      (2): ConvNeXtBlock(
        (conv_dw): Conv2d(256, 256, kernel_size=(7, 7), stride=(1, 1), padding=(3, 3), groups=256)
        (norm): LayerNorm((256,), eps=1e-06, elementwise_affine=True)
        (mlp): GlobalResponseNormMlp(
          (fc1): Linear(in_features=256, out_features=1024, bias=True)
          (act): GELU()
          (drop1): Dropout(p=0.0, inplace=False)
          (grn): GlobalResponseNorm()
          (fc2): Linear(in_features=1024, out_features=256, bias=True)
          (drop2): Dropout(p=0.0, inplace=False)
        )
        (shortcut): Identity()
        (drop_path): Identity()
      )
    )
  )
  (stages_2): ConvNeXtStage(
    (downsample): Sequential(
      (0): LayerNorm2d((256,), eps=1e-06, elementwise_affine=True)
      (1): Conv2d(256, 512, kernel_size=(2, 2), stride=(2, 2))
    )
    (blocks): Sequential(
      (0): ConvNeXtBlock(
        (conv_dw): Conv2d(512, 512, kernel_size=(7, 7), stride=(1, 1), padding=(3, 3), groups=512)
        (norm): LayerNorm((512,), eps=1e-06, elementwise_affine=True)
        (mlp): GlobalResponseNormMlp(
          (fc1): Linear(in_features=512, out_features=2048, bias=True)
          (act): GELU()
          (drop1): Dropout(p=0.0, inplace=False)
          (grn): GlobalResponseNorm()
          (fc2): Linear(in_features=2048, out_features=512, bias=True)
          (drop2): Dropout(p=0.0, inplace=False)
        )
        (shortcut): Identity()
        (drop_path): Identity()
      )
      (1): ConvNeXtBlock(
        (conv_dw): Conv2d(512, 512, kernel_size=(7, 7), stride=(1, 1), padding=(3, 3), groups=512)
        (norm): LayerNorm((512,), eps=1e-06, elementwise_affine=True)
        (mlp): GlobalResponseNormMlp(
          (fc1): Linear(in_features=512, out_features=2048, bias=True)
          (act): GELU()
          (drop1): Dropout(p=0.0, inplace=False)
          (grn): GlobalResponseNorm()
          (fc2): Linear(in_features=2048, out_features=512, bias=True)
          (drop2): Dropout(p=0.0, inplace=False)
        )
        (shortcut): Identity()
        (drop_path): Identity()
      )
      (2): ConvNeXtBlock(
        (conv_dw): Conv2d(512, 512, kernel_size=(7, 7), stride=(1, 1), padding=(3, 3), groups=512)
        (norm): LayerNorm((512,), eps=1e-06, elementwise_affine=True)
        (mlp): GlobalResponseNormMlp(
          (fc1): Linear(in_features=512, out_features=2048, bias=True)
          (act): GELU()
          (drop1): Dropout(p=0.0, inplace=False)
          (grn): GlobalResponseNorm()
          (fc2): Linear(in_features=2048, out_features=512, bias=True)
          (drop2): Dropout(p=0.0, inplace=False)
        )
        (shortcut): Identity()
        (drop_path): Identity()
      )
      (3): ConvNeXtBlock(
        (conv_dw): Conv2d(512, 512, kernel_size=(7, 7), stride=(1, 1), padding=(3, 3), groups=512)
        (norm): LayerNorm((512,), eps=1e-06, elementwise_affine=True)
        (mlp): GlobalResponseNormMlp(
          (fc1): Linear(in_features=512, out_features=2048, bias=True)
          (act): GELU()
          (drop1): Dropout(p=0.0, inplace=False)
          (grn): GlobalResponseNorm()
          (fc2): Linear(in_features=2048, out_features=512, bias=True)
          (drop2): Dropout(p=0.0, inplace=False)
        )
        (shortcut): Identity()
        (drop_path): Identity()
      )
      (4): ConvNeXtBlock(
        (conv_dw): Conv2d(512, 512, kernel_size=(7, 7), stride=(1, 1), padding=(3, 3), groups=512)
        (norm): LayerNorm((512,), eps=1e-06, elementwise_affine=True)
        (mlp): GlobalResponseNormMlp(
          (fc1): Linear(in_features=512, out_features=2048, bias=True)
          (act): GELU()
          (drop1): Dropout(p=0.0, inplace=False)
          (grn): GlobalResponseNorm()
          (fc2): Linear(in_features=2048, out_features=512, bias=True)
          (drop2): Dropout(p=0.0, inplace=False)
        )
        (shortcut): Identity()
        (drop_path): Identity()
      )
      (5): ConvNeXtBlock(
        (conv_dw): Conv2d(512, 512, kernel_size=(7, 7), stride=(1, 1), padding=(3, 3), groups=512)
        (norm): LayerNorm((512,), eps=1e-06, elementwise_affine=True)
        (mlp): GlobalResponseNormMlp(
          (fc1): Linear(in_features=512, out_features=2048, bias=True)
          (act): GELU()
          (drop1): Dropout(p=0.0, inplace=False)
          (grn): GlobalResponseNorm()
          (fc2): Linear(in_features=2048, out_features=512, bias=True)
          (drop2): Dropout(p=0.0, inplace=False)
        )
        (shortcut): Identity()
        (drop_path): Identity()
      )
      (6): ConvNeXtBlock(
        (conv_dw): Conv2d(512, 512, kernel_size=(7, 7), stride=(1, 1), padding=(3, 3), groups=512)
        (norm): LayerNorm((512,), eps=1e-06, elementwise_affine=True)
        (mlp): GlobalResponseNormMlp(
          (fc1): Linear(in_features=512, out_features=2048, bias=True)
          (act): GELU()
          (drop1): Dropout(p=0.0, inplace=False)
          (grn): GlobalResponseNorm()
          (fc2): Linear(in_features=2048, out_features=512, bias=True)
          (drop2): Dropout(p=0.0, inplace=False)
        )
        (shortcut): Identity()
        (drop_path): Identity()
      )
      (7): ConvNeXtBlock(
        (conv_dw): Conv2d(512, 512, kernel_size=(7, 7), stride=(1, 1), padding=(3, 3), groups=512)
        (norm): LayerNorm((512,), eps=1e-06, elementwise_affine=True)
        (mlp): GlobalResponseNormMlp(
          (fc1): Linear(in_features=512, out_features=2048, bias=True)
          (act): GELU()
          (drop1): Dropout(p=0.0, inplace=False)
          (grn): GlobalResponseNorm()
          (fc2): Linear(in_features=2048, out_features=512, bias=True)
          (drop2): Dropout(p=0.0, inplace=False)
        )
        (shortcut): Identity()
        (drop_path): Identity()
      )
      (8): ConvNeXtBlock(
        (conv_dw): Conv2d(512, 512, kernel_size=(7, 7), stride=(1, 1), padding=(3, 3), groups=512)
        (norm): LayerNorm((512,), eps=1e-06, elementwise_affine=True)
        (mlp): GlobalResponseNormMlp(
          (fc1): Linear(in_features=512, out_features=2048, bias=True)
          (act): GELU()
          (drop1): Dropout(p=0.0, inplace=False)
          (grn): GlobalResponseNorm()
          (fc2): Linear(in_features=2048, out_features=512, bias=True)
          (drop2): Dropout(p=0.0, inplace=False)
        )
        (shortcut): Identity()
        (drop_path): Identity()
      )
      (9): ConvNeXtBlock(
        (conv_dw): Conv2d(512, 512, kernel_size=(7, 7), stride=(1, 1), padding=(3, 3), groups=512)
        (norm): LayerNorm((512,), eps=1e-06, elementwise_affine=True)
        (mlp): GlobalResponseNormMlp(
          (fc1): Linear(in_features=512, out_features=2048, bias=True)
          (act): GELU()
          (drop1): Dropout(p=0.0, inplace=False)
          (grn): GlobalResponseNorm()
          (fc2): Linear(in_features=2048, out_features=512, bias=True)
          (drop2): Dropout(p=0.0, inplace=False)
        )
        (shortcut): Identity()
        (drop_path): Identity()
      )
      (10): ConvNeXtBlock(
        (conv_dw): Conv2d(512, 512, kernel_size=(7, 7), stride=(1, 1), padding=(3, 3), groups=512)
        (norm): LayerNorm((512,), eps=1e-06, elementwise_affine=True)
        (mlp): GlobalResponseNormMlp(
          (fc1): Linear(in_features=512, out_features=2048, bias=True)
          (act): GELU()
          (drop1): Dropout(p=0.0, inplace=False)
          (grn): GlobalResponseNorm()
          (fc2): Linear(in_features=2048, out_features=512, bias=True)
          (drop2): Dropout(p=0.0, inplace=False)
        )
        (shortcut): Identity()
        (drop_path): Identity()
      )
      (11): ConvNeXtBlock(
        (conv_dw): Conv2d(512, 512, kernel_size=(7, 7), stride=(1, 1), padding=(3, 3), groups=512)
        (norm): LayerNorm((512,), eps=1e-06, elementwise_affine=True)
        (mlp): GlobalResponseNormMlp(
          (fc1): Linear(in_features=512, out_features=2048, bias=True)
          (act): GELU()
          (drop1): Dropout(p=0.0, inplace=False)
          (grn): GlobalResponseNorm()
          (fc2): Linear(in_features=2048, out_features=512, bias=True)
          (drop2): Dropout(p=0.0, inplace=False)
        )
        (shortcut): Identity()
        (drop_path): Identity()
      )
      (12): ConvNeXtBlock(
        (conv_dw): Conv2d(512, 512, kernel_size=(7, 7), stride=(1, 1), padding=(3, 3), groups=512)
        (norm): LayerNorm((512,), eps=1e-06, elementwise_affine=True)
        (mlp): GlobalResponseNormMlp(
          (fc1): Linear(in_features=512, out_features=2048, bias=True)
          (act): GELU()
          (drop1): Dropout(p=0.0, inplace=False)
          (grn): GlobalResponseNorm()
          (fc2): Linear(in_features=2048, out_features=512, bias=True)
          (drop2): Dropout(p=0.0, inplace=False)
        )
        (shortcut): Identity()
        (drop_path): Identity()
      )
      (13): ConvNeXtBlock(
        (conv_dw): Conv2d(512, 512, kernel_size=(7, 7), stride=(1, 1), padding=(3, 3), groups=512)
        (norm): LayerNorm((512,), eps=1e-06, elementwise_affine=True)
        (mlp): GlobalResponseNormMlp(
          (fc1): Linear(in_features=512, out_features=2048, bias=True)
          (act): GELU()
          (drop1): Dropout(p=0.0, inplace=False)
          (grn): GlobalResponseNorm()
          (fc2): Linear(in_features=2048, out_features=512, bias=True)
          (drop2): Dropout(p=0.0, inplace=False)
        )
        (shortcut): Identity()
        (drop_path): Identity()
      )
      (14): ConvNeXtBlock(
        (conv_dw): Conv2d(512, 512, kernel_size=(7, 7), stride=(1, 1), padding=(3, 3), groups=512)
        (norm): LayerNorm((512,), eps=1e-06, elementwise_affine=True)
        (mlp): GlobalResponseNormMlp(
          (fc1): Linear(in_features=512, out_features=2048, bias=True)
          (act): GELU()
          (drop1): Dropout(p=0.0, inplace=False)
          (grn): GlobalResponseNorm()
          (fc2): Linear(in_features=2048, out_features=512, bias=True)
          (drop2): Dropout(p=0.0, inplace=False)
        )
        (shortcut): Identity()
        (drop_path): Identity()
      )
      (15): ConvNeXtBlock(
        (conv_dw): Conv2d(512, 512, kernel_size=(7, 7), stride=(1, 1), padding=(3, 3), groups=512)
        (norm): LayerNorm((512,), eps=1e-06, elementwise_affine=True)
        (mlp): GlobalResponseNormMlp(
          (fc1): Linear(in_features=512, out_features=2048, bias=True)
          (act): GELU()
          (drop1): Dropout(p=0.0, inplace=False)
          (grn): GlobalResponseNorm()
          (fc2): Linear(in_features=2048, out_features=512, bias=True)
          (drop2): Dropout(p=0.0, inplace=False)
        )
        (shortcut): Identity()
        (drop_path): Identity()
      )
      (16): ConvNeXtBlock(
        (conv_dw): Conv2d(512, 512, kernel_size=(7, 7), stride=(1, 1), padding=(3, 3), groups=512)
        (norm): LayerNorm((512,), eps=1e-06, elementwise_affine=True)
        (mlp): GlobalResponseNormMlp(
          (fc1): Linear(in_features=512, out_features=2048, bias=True)
          (act): GELU()
          (drop1): Dropout(p=0.0, inplace=False)
          (grn): GlobalResponseNorm()
          (fc2): Linear(in_features=2048, out_features=512, bias=True)
          (drop2): Dropout(p=0.0, inplace=False)
        )
        (shortcut): Identity()
        (drop_path): Identity()
      )
      (17): ConvNeXtBlock(
        (conv_dw): Conv2d(512, 512, kernel_size=(7, 7), stride=(1, 1), padding=(3, 3), groups=512)
        (norm): LayerNorm((512,), eps=1e-06, elementwise_affine=True)
        (mlp): GlobalResponseNormMlp(
          (fc1): Linear(in_features=512, out_features=2048, bias=True)
          (act): GELU()
          (drop1): Dropout(p=0.0, inplace=False)
          (grn): GlobalResponseNorm()
          (fc2): Linear(in_features=2048, out_features=512, bias=True)
          (drop2): Dropout(p=0.0, inplace=False)
        )
        (shortcut): Identity()
        (drop_path): Identity()
      )
      (18): ConvNeXtBlock(
        (conv_dw): Conv2d(512, 512, kernel_size=(7, 7), stride=(1, 1), padding=(3, 3), groups=512)
        (norm): LayerNorm((512,), eps=1e-06, elementwise_affine=True)
        (mlp): GlobalResponseNormMlp(
          (fc1): Linear(in_features=512, out_features=2048, bias=True)
          (act): GELU()
          (drop1): Dropout(p=0.0, inplace=False)
          (grn): GlobalResponseNorm()
          (fc2): Linear(in_features=2048, out_features=512, bias=True)
          (drop2): Dropout(p=0.0, inplace=False)
        )
        (shortcut): Identity()
        (drop_path): Identity()
      )
      (19): ConvNeXtBlock(
        (conv_dw): Conv2d(512, 512, kernel_size=(7, 7), stride=(1, 1), padding=(3, 3), groups=512)
        (norm): LayerNorm((512,), eps=1e-06, elementwise_affine=True)
        (mlp): GlobalResponseNormMlp(
          (fc1): Linear(in_features=512, out_features=2048, bias=True)
          (act): GELU()
          (drop1): Dropout(p=0.0, inplace=False)
          (grn): GlobalResponseNorm()
          (fc2): Linear(in_features=2048, out_features=512, bias=True)
          (drop2): Dropout(p=0.0, inplace=False)
        )
        (shortcut): Identity()
        (drop_path): Identity()
      )
      (20): ConvNeXtBlock(
        (conv_dw): Conv2d(512, 512, kernel_size=(7, 7), stride=(1, 1), padding=(3, 3), groups=512)
        (norm): LayerNorm((512,), eps=1e-06, elementwise_affine=True)
        (mlp): GlobalResponseNormMlp(
          (fc1): Linear(in_features=512, out_features=2048, bias=True)
          (act): GELU()
          (drop1): Dropout(p=0.0, inplace=False)
          (grn): GlobalResponseNorm()
          (fc2): Linear(in_features=2048, out_features=512, bias=True)
          (drop2): Dropout(p=0.0, inplace=False)
        )
        (shortcut): Identity()
        (drop_path): Identity()
      )
      (21): ConvNeXtBlock(
        (conv_dw): Conv2d(512, 512, kernel_size=(7, 7), stride=(1, 1), padding=(3, 3), groups=512)
        (norm): LayerNorm((512,), eps=1e-06, elementwise_affine=True)
        (mlp): GlobalResponseNormMlp(
          (fc1): Linear(in_features=512, out_features=2048, bias=True)
          (act): GELU()
          (drop1): Dropout(p=0.0, inplace=False)
          (grn): GlobalResponseNorm()
          (fc2): Linear(in_features=2048, out_features=512, bias=True)
          (drop2): Dropout(p=0.0, inplace=False)
        )
        (shortcut): Identity()
        (drop_path): Identity()
      )
      (22): ConvNeXtBlock(
        (conv_dw): Conv2d(512, 512, kernel_size=(7, 7), stride=(1, 1), padding=(3, 3), groups=512)
        (norm): LayerNorm((512,), eps=1e-06, elementwise_affine=True)
        (mlp): GlobalResponseNormMlp(
          (fc1): Linear(in_features=512, out_features=2048, bias=True)
          (act): GELU()
          (drop1): Dropout(p=0.0, inplace=False)
          (grn): GlobalResponseNorm()
          (fc2): Linear(in_features=2048, out_features=512, bias=True)
          (drop2): Dropout(p=0.0, inplace=False)
        )
        (shortcut): Identity()
        (drop_path): Identity()
      )
      (23): ConvNeXtBlock(
        (conv_dw): Conv2d(512, 512, kernel_size=(7, 7), stride=(1, 1), padding=(3, 3), groups=512)
        (norm): LayerNorm((512,), eps=1e-06, elementwise_affine=True)
        (mlp): GlobalResponseNormMlp(
          (fc1): Linear(in_features=512, out_features=2048, bias=True)
          (act): GELU()
          (drop1): Dropout(p=0.0, inplace=False)
          (grn): GlobalResponseNorm()
          (fc2): Linear(in_features=2048, out_features=512, bias=True)
          (drop2): Dropout(p=0.0, inplace=False)
        )
        (shortcut): Identity()
        (drop_path): Identity()
      )
      (24): ConvNeXtBlock(
        (conv_dw): Conv2d(512, 512, kernel_size=(7, 7), stride=(1, 1), padding=(3, 3), groups=512)
        (norm): LayerNorm((512,), eps=1e-06, elementwise_affine=True)
        (mlp): GlobalResponseNormMlp(
          (fc1): Linear(in_features=512, out_features=2048, bias=True)
          (act): GELU()
          (drop1): Dropout(p=0.0, inplace=False)
          (grn): GlobalResponseNorm()
          (fc2): Linear(in_features=2048, out_features=512, bias=True)
          (drop2): Dropout(p=0.0, inplace=False)
        )
        (shortcut): Identity()
        (drop_path): Identity()
      )
      (25): ConvNeXtBlock(
        (conv_dw): Conv2d(512, 512, kernel_size=(7, 7), stride=(1, 1), padding=(3, 3), groups=512)
        (norm): LayerNorm((512,), eps=1e-06, elementwise_affine=True)
        (mlp): GlobalResponseNormMlp(
          (fc1): Linear(in_features=512, out_features=2048, bias=True)
          (act): GELU()
          (drop1): Dropout(p=0.0, inplace=False)
          (grn): GlobalResponseNorm()
          (fc2): Linear(in_features=2048, out_features=512, bias=True)
          (drop2): Dropout(p=0.0, inplace=False)
        )
        (shortcut): Identity()
        (drop_path): Identity()
      )
      (26): ConvNeXtBlock(
        (conv_dw): Conv2d(512, 512, kernel_size=(7, 7), stride=(1, 1), padding=(3, 3), groups=512)
        (norm): LayerNorm((512,), eps=1e-06, elementwise_affine=True)
        (mlp): GlobalResponseNormMlp(
          (fc1): Linear(in_features=512, out_features=2048, bias=True)
          (act): GELU()
          (drop1): Dropout(p=0.0, inplace=False)
          (grn): GlobalResponseNorm()
          (fc2): Linear(in_features=2048, out_features=512, bias=True)
          (drop2): Dropout(p=0.0, inplace=False)
        )
        (shortcut): Identity()
        (drop_path): Identity()
      )
    )
  )
  (stages_3): ConvNeXtStage(
    (downsample): Sequential(
      (0): LayerNorm2d((512,), eps=1e-06, elementwise_affine=True)
      (1): Conv2d(512, 1024, kernel_size=(2, 2), stride=(2, 2))
    )
    (blocks): Sequential(
      (0): ConvNeXtBlock(
        (conv_dw): Conv2d(1024, 1024, kernel_size=(7, 7), stride=(1, 1), padding=(3, 3), groups=1024)
        (norm): LayerNorm((1024,), eps=1e-06, elementwise_affine=True)
        (mlp): GlobalResponseNormMlp(
          (fc1): Linear(in_features=1024, out_features=4096, bias=True)
          (act): GELU()
          (drop1): Dropout(p=0.0, inplace=False)
          (grn): GlobalResponseNorm()
          (fc2): Linear(in_features=4096, out_features=1024, bias=True)
          (drop2): Dropout(p=0.0, inplace=False)
        )
        (shortcut): Identity()
        (drop_path): Identity()
      )
      (1): ConvNeXtBlock(
        (conv_dw): Conv2d(1024, 1024, kernel_size=(7, 7), stride=(1, 1), padding=(3, 3), groups=1024)
        (norm): LayerNorm((1024,), eps=1e-06, elementwise_affine=True)
        (mlp): GlobalResponseNormMlp(
          (fc1): Linear(in_features=1024, out_features=4096, bias=True)
          (act): GELU()
          (drop1): Dropout(p=0.0, inplace=False)
          (grn): GlobalResponseNorm()
          (fc2): Linear(in_features=4096, out_features=1024, bias=True)
          (drop2): Dropout(p=0.0, inplace=False)
        )
        (shortcut): Identity()
        (drop_path): Identity()
      )
      (2): ConvNeXtBlock(
        (conv_dw): Conv2d(1024, 1024, kernel_size=(7, 7), stride=(1, 1), padding=(3, 3), groups=1024)
        (norm): LayerNorm((1024,), eps=1e-06, elementwise_affine=True)
        (mlp): GlobalResponseNormMlp(
          (fc1): Linear(in_features=1024, out_features=4096, bias=True)
          (act): GELU()
          (drop1): Dropout(p=0.0, inplace=False)
          (grn): GlobalResponseNorm()
          (fc2): Linear(in_features=4096, out_features=1024, bias=True)
          (drop2): Dropout(p=0.0, inplace=False)
        )
        (shortcut): Identity()
        (drop_path): Identity()
      )
    )
  )
)
