Requirement already satisfied: pip in ./.venv/lib/python3.12/site-packages (26.1.2)
Looking in indexes: https://download.pytorch.org/whl/cpu, https://pypi.org/simple
Requirement already satisfied: torch==2.3.1+cpu in ./.venv/lib/python3.12/site-packages (2.3.1+cpu)
Requirement already satisfied: torchvision==0.18.1+cpu in ./.venv/lib/python3.12/site-packages (0.18.1+cpu)
Requirement already satisfied: filelock in ./.venv/lib/python3.12/site-packages (from torch==2.3.1+cpu) (3.30.2)
Requirement already satisfied: typing-extensions>=4.8.0 in ./.venv/lib/python3.12/site-packages (from torch==2.3.1+cpu) (4.16.0)
Requirement already satisfied: sympy in ./.venv/lib/python3.12/site-packages (from torch==2.3.1+cpu) (1.14.0)
Requirement already satisfied: networkx in ./.venv/lib/python3.12/site-packages (from torch==2.3.1+cpu) (3.6.1)
Requirement already satisfied: jinja2 in ./.venv/lib/python3.12/site-packages (from torch==2.3.1+cpu) (3.1.6)
Requirement already satisfied: fsspec in ./.venv/lib/python3.12/site-packages (from torch==2.3.1+cpu) (2026.6.0)
Requirement already satisfied: numpy in ./.venv/lib/python3.12/site-packages (from torchvision==0.18.1+cpu) (2.5.1)
Requirement already satisfied: pillow!=8.3.*,>=5.3.0 in ./.venv/lib/python3.12/site-packages (from torchvision==0.18.1+cpu) (12.3.0)
Requirement already satisfied: MarkupSafe>=2.0 in ./.venv/lib/python3.12/site-packages (from jinja2->torch==2.3.1+cpu) (3.0.3)
Requirement already satisfied: mpmath<1.4,>=1.1.0 in ./.venv/lib/python3.12/site-packages (from sympy->torch==2.3.1+cpu) (1.3.0)
Requirement already satisfied: torch>=2.3 in ./.venv/lib/python3.12/site-packages (from -r requirements.txt (line 1)) (2.3.1+cpu)
Requirement already satisfied: torchvision>=0.18 in ./.venv/lib/python3.12/site-packages (from -r requirements.txt (line 2)) (0.18.1+cpu)
Requirement already satisfied: numpy in ./.venv/lib/python3.12/site-packages (from -r requirements.txt (line 3)) (2.5.1)
Requirement already satisfied: pillow in ./.venv/lib/python3.12/site-packages (from -r requirements.txt (line 4)) (12.3.0)
Requirement already satisfied: pyyaml in ./.venv/lib/python3.12/site-packages (from -r requirements.txt (line 5)) (6.0.3)
Requirement already satisfied: huggingface_hub in ./.venv/lib/python3.12/site-packages (from -r requirements.txt (line 6)) (1.24.0)
Requirement already satisfied: safetensors in ./.venv/lib/python3.12/site-packages (from -r requirements.txt (line 7)) (0.8.0)
Requirement already satisfied: onnx>=1.16 in ./.venv/lib/python3.12/site-packages (from -r requirements.txt (line 8)) (1.22.0)
Requirement already satisfied: onnxruntime>=1.18 in ./.venv/lib/python3.12/site-packages (from -r requirements.txt (line 9)) (1.27.0)
Requirement already satisfied: filelock in ./.venv/lib/python3.12/site-packages (from torch>=2.3->-r requirements.txt (line 1)) (3.30.2)
Requirement already satisfied: typing-extensions>=4.8.0 in ./.venv/lib/python3.12/site-packages (from torch>=2.3->-r requirements.txt (line 1)) (4.16.0)
Requirement already satisfied: sympy in ./.venv/lib/python3.12/site-packages (from torch>=2.3->-r requirements.txt (line 1)) (1.14.0)
Requirement already satisfied: networkx in ./.venv/lib/python3.12/site-packages (from torch>=2.3->-r requirements.txt (line 1)) (3.6.1)
Requirement already satisfied: jinja2 in ./.venv/lib/python3.12/site-packages (from torch>=2.3->-r requirements.txt (line 1)) (3.1.6)
Requirement already satisfied: fsspec in ./.venv/lib/python3.12/site-packages (from torch>=2.3->-r requirements.txt (line 1)) (2026.6.0)
Requirement already satisfied: click<9.0.0,>=8.4.2 in ./.venv/lib/python3.12/site-packages (from huggingface_hub->-r requirements.txt (line 6)) (8.4.2)
Requirement already satisfied: hf-xet<2.0.0,>=1.5.1 in ./.venv/lib/python3.12/site-packages (from huggingface_hub->-r requirements.txt (line 6)) (1.5.2)
Requirement already satisfied: httpx<1,>=0.23.0 in ./.venv/lib/python3.12/site-packages (from huggingface_hub->-r requirements.txt (line 6)) (0.28.1)
Requirement already satisfied: packaging>=20.9 in ./.venv/lib/python3.12/site-packages (from huggingface_hub->-r requirements.txt (line 6)) (26.2)
Requirement already satisfied: tqdm>=4.42.1 in ./.venv/lib/python3.12/site-packages (from huggingface_hub->-r requirements.txt (line 6)) (4.68.4)
Requirement already satisfied: anyio in ./.venv/lib/python3.12/site-packages (from httpx<1,>=0.23.0->huggingface_hub->-r requirements.txt (line 6)) (4.14.2)
Requirement already satisfied: certifi in ./.venv/lib/python3.12/site-packages (from httpx<1,>=0.23.0->huggingface_hub->-r requirements.txt (line 6)) (2026.6.17)
Requirement already satisfied: httpcore==1.* in ./.venv/lib/python3.12/site-packages (from httpx<1,>=0.23.0->huggingface_hub->-r requirements.txt (line 6)) (1.0.9)
Requirement already satisfied: idna in ./.venv/lib/python3.12/site-packages (from httpx<1,>=0.23.0->huggingface_hub->-r requirements.txt (line 6)) (3.18)
Requirement already satisfied: h11>=0.16 in ./.venv/lib/python3.12/site-packages (from httpcore==1.*->httpx<1,>=0.23.0->huggingface_hub->-r requirements.txt (line 6)) (0.16.0)
Requirement already satisfied: protobuf>=4.25.1 in ./.venv/lib/python3.12/site-packages (from onnx>=1.16->-r requirements.txt (line 8)) (7.35.1)
Requirement already satisfied: ml_dtypes>=0.5.4 in ./.venv/lib/python3.12/site-packages (from onnx>=1.16->-r requirements.txt (line 8)) (0.5.4)
Requirement already satisfied: flatbuffers in ./.venv/lib/python3.12/site-packages (from onnxruntime>=1.18->-r requirements.txt (line 9)) (25.12.19)
Requirement already satisfied: MarkupSafe>=2.0 in ./.venv/lib/python3.12/site-packages (from jinja2->torch>=2.3->-r requirements.txt (line 1)) (3.0.3)
Requirement already satisfied: mpmath<1.4,>=1.1.0 in ./.venv/lib/python3.12/site-packages (from sympy->torch>=2.3->-r requirements.txt (line 1)) (1.3.0)
PYTHONPATH=562/codebase:
Saved deterministic checkpoint to 562/_repro_tmp/vit_small_patch16_224_random.pth
Correct data config: {'input_size': (3, 224, 224), 'interpolation': 'bicubic', 'mean': (0.5, 0.5, 0.5), 'std': (0.5, 0.5, 0.5), 'crop_pct': 0.9, 'crop_mode': 'center'}
Default data config: {'input_size': (3, 224, 224), 'interpolation': 'bicubic', 'mean': (0.485, 0.456, 0.406), 'std': (0.229, 0.224, 0.225), 'crop_pct': 0.875, 'crop_mode': 'center'}
Found mismatch in round 0, sample 0: correct=686, wrong=752
Wrote one-image ImageFolder dataset to 562/_repro_tmp/synthetic_imagenet/validation/class0686/sample.png
Exporting ONNX from the same checkpoint...
$ 562/.venv/bin/python 562/codebase/onnx_export.py 562/_repro_tmp/vit_small_patch16_224_random.onnx --model vit_small_patch16_224.augreg_in21k_ft_in1k --num-classes 1000 --img-size 224 --checkpoint 562/_repro_tmp/vit_small_patch16_224_random.pth --batch-size 1
==> Creating PyTorch vit_small_patch16_224.augreg_in21k_ft_in1k model
Torch vs ONNX max abs diff on the same preprocessed sample: 0.000002
Running validate.py with model-aware preprocessing...
$ 562/.venv/bin/python 562/codebase/validate.py --data-dir 562/_repro_tmp/synthetic_imagenet --model vit_small_patch16_224.augreg_in21k_ft_in1k --checkpoint 562/_repro_tmp/vit_small_patch16_224_random.pth --batch-size 1 --workers 1 --device cpu --no-prefetcher --log-freq 1
--result
{
    "model": "vit_small_patch16_224.augreg_in21k_ft_in1k",
    "top1": 0.0,
    "top1_err": 100.0,
    "top5": 0.0,
    "top5_err": 100.0,
    "param_count": 22.05,
    "img_size": 224,
    "crop_pct": 0.9,
    "interpolation": "bicubic"
}
Running onnx_validate.py with its built-in defaults...
$ 562/.venv/bin/python 562/codebase/onnx_validate.py 562/_repro_tmp/synthetic_imagenet/validation --onnx-input 562/_repro_tmp/vit_small_patch16_224_random.onnx --batch-size 1 --workers 1 --print-freq 1
Test: [0/1]	Time 0.069 (0.069, 14.397/s, 6.946 ms/sample) 	Prec@1 0.000 (0.000)	Prec@5 0.000 (0.000)
 * Prec@1 0.000 (100.000) Prec@5 0.000 (100.000)
Wrote 562/reproduction.json
