Requirement already satisfied: pip in ./.venv/lib/python3.12/site-packages (26.1.2)
Requirement already satisfied: setuptools in ./.venv/lib/python3.12/site-packages (83.0.0)
Requirement already satisfied: wheel in ./.venv/lib/python3.12/site-packages (0.47.0)
Requirement already satisfied: packaging>=24.0 in ./.venv/lib/python3.12/site-packages (from wheel) (26.2)
Looking in indexes: https://pypi.org/simple, https://download.pytorch.org/whl/cpu
Requirement already satisfied: torch==2.13.0+cpu in ./.venv/lib/python3.12/site-packages (from -r 089/requirements.txt (line 2)) (2.13.0+cpu)
Requirement already satisfied: einops>=0.8.0 in ./.venv/lib/python3.12/site-packages (from -r 089/requirements.txt (line 3)) (0.8.2)
Requirement already satisfied: packaging>=24.0 in ./.venv/lib/python3.12/site-packages (from -r 089/requirements.txt (line 4)) (26.2)
Collecting numpy>=1.26 (from -r 089/requirements.txt (line 5))
  Downloading numpy-2.5.1-cp312-cp312-manylinux_2_27_x86_64.manylinux_2_28_x86_64.whl.metadata (6.6 kB)
Requirement already satisfied: filelock in ./.venv/lib/python3.12/site-packages (from torch==2.13.0+cpu->-r 089/requirements.txt (line 2)) (3.29.0)
Requirement already satisfied: typing-extensions>=4.10.0 in ./.venv/lib/python3.12/site-packages (from torch==2.13.0+cpu->-r 089/requirements.txt (line 2)) (4.15.0)
Requirement already satisfied: setuptools>=77.0.3 in ./.venv/lib/python3.12/site-packages (from torch==2.13.0+cpu->-r 089/requirements.txt (line 2)) (83.0.0)
Requirement already satisfied: sympy>=1.13.3 in ./.venv/lib/python3.12/site-packages (from torch==2.13.0+cpu->-r 089/requirements.txt (line 2)) (1.14.0)
Requirement already satisfied: networkx>=2.5.1 in ./.venv/lib/python3.12/site-packages (from torch==2.13.0+cpu->-r 089/requirements.txt (line 2)) (3.6.1)
Requirement already satisfied: jinja2 in ./.venv/lib/python3.12/site-packages (from torch==2.13.0+cpu->-r 089/requirements.txt (line 2)) (3.1.6)
Requirement already satisfied: fsspec>=0.8.5 in ./.venv/lib/python3.12/site-packages (from torch==2.13.0+cpu->-r 089/requirements.txt (line 2)) (2026.4.0)
Requirement already satisfied: mpmath<1.4,>=1.1.0 in ./.venv/lib/python3.12/site-packages (from sympy>=1.13.3->torch==2.13.0+cpu->-r 089/requirements.txt (line 2)) (1.3.0)
Requirement already satisfied: MarkupSafe>=2.0 in ./.venv/lib/python3.12/site-packages (from jinja2->torch==2.13.0+cpu->-r 089/requirements.txt (line 2)) (3.0.3)
Downloading numpy-2.5.1-cp312-cp312-manylinux_2_27_x86_64.manylinux_2_28_x86_64.whl (16.7 MB)
   ━━━━━━━━━━━━━━━━━━━━━━━━━━━━━━━━━━━━━━━━ 16.7/16.7 MB 38.1 MB/s  0:00:00
Installing collected packages: numpy
Successfully installed numpy-2.5.1
torch=2.13.0+cpu
REPRODUCED: RuntimeError raised during forward pass
