Traceback (most recent call last):
  File "/users/grad/mehil/MSR-MiningChallenge-2027/agentic_bugs/768/repro.py", line 41, in <module>
    main()
  File "/users/grad/mehil/MSR-MiningChallenge-2027/agentic_bugs/768/repro.py", line 30, in main
    asyncio.run(trigger())
  File "/usr/lib/python3.12/asyncio/runners.py", line 194, in run
    return runner.run(main)
           ^^^^^^^^^^^^^^^^
  File "/usr/lib/python3.12/asyncio/runners.py", line 118, in run
    return self._loop.run_until_complete(task)
           ^^^^^^^^^^^^^^^^^^^^^^^^^^^^^^^^^^^
  File "uvloop/loop.pyx", line 1518, in uvloop.loop.Loop.run_until_complete
  File "/users/grad/mehil/MSR-MiningChallenge-2027/agentic_bugs/768/repro.py", line 24, in trigger
    await ui._start_ui_bundler_process()
  File "/users/grad/mehil/MSR-MiningChallenge-2027/agentic_bugs/768/.venv/lib/python3.12/site-packages/langgraph_api/js/ui.py", line 62, in _start_ui_bundler_process
    process = await asyncio.create_subprocess_exec(
              ^^^^^^^^^^^^^^^^^^^^^^^^^^^^^^^^^^^^^
  File "/usr/lib/python3.12/asyncio/subprocess.py", line 224, in create_subprocess_exec
    transport, protocol = await loop.subprocess_exec(
                          ^^^^^^^^^^^^^^^^^^^^^^^^^^^
  File "uvloop/loop.pyx", line 2841, in subprocess_exec
  File "uvloop/loop.pyx", line 2799, in __subprocess_run
  File "uvloop/handles/process.pyx", line 611, in uvloop.loop.UVProcessTransport.new
TypeError: Expected dict, got _Environ
