Requirement already satisfied: pip in ./.venv/lib/python3.12/site-packages (24.0)
Collecting pip
  Downloading pip-26.1.2-py3-none-any.whl.metadata (4.6 kB)
Collecting setuptools
  Downloading setuptools-83.0.0-py3-none-any.whl.metadata (6.6 kB)
Collecting wheel
  Downloading wheel-0.47.0-py3-none-any.whl.metadata (2.3 kB)
Collecting packaging>=24.0 (from wheel)
  Downloading packaging-26.2-py3-none-any.whl.metadata (3.5 kB)
Downloading pip-26.1.2-py3-none-any.whl (1.8 MB)
   ━━━━━━━━━━━━━━━━━━━━━━━━━━━━━━━━━━━━━━━━ 1.8/1.8 MB 19.9 MB/s eta 0:00:00
Downloading setuptools-83.0.0-py3-none-any.whl (1.0 MB)
   ━━━━━━━━━━━━━━━━━━━━━━━━━━━━━━━━━━━━━━━━ 1.0/1.0 MB 39.6 MB/s eta 0:00:00
Downloading wheel-0.47.0-py3-none-any.whl (32 kB)
Downloading packaging-26.2-py3-none-any.whl (100 kB)
   ━━━━━━━━━━━━━━━━━━━━━━━━━━━━━━━━━━━━━━━ 100.2/100.2 kB 159.0 MB/s eta 0:00:00
Installing collected packages: setuptools, pip, packaging, wheel
  Attempting uninstall: pip
    Found existing installation: pip 24.0
    Uninstalling pip-24.0:
      Successfully uninstalled pip-24.0
Successfully installed packaging-26.2 pip-26.1.2 setuptools-83.0.0 wheel-0.47.0
Looking in indexes: https://pypi.org/simple, https://download.pytorch.org/whl/cpu
Collecting torch==2.4.1+cpu (from -r 489/requirements.txt (line 2))
  Downloading torch-2.4.1%2Bcpu-cp312-cp312-linux_x86_64.whl (194.8 MB)
     ━━━━━━━━━━━━━━━━━━━━━━━━━━━━━━━━━━━━━━━━ 194.8/194.8 MB 58.5 MB/s  0:00:03
Collecting torchvision==0.19.1+cpu (from -r 489/requirements.txt (line 3))
  Downloading torchvision-0.19.1%2Bcpu-cp312-cp312-linux_x86_64.whl (1.6 MB)
     ━━━━━━━━━━━━━━━━━━━━━━━━━━━━━━━━━━━━━━━━ 1.6/1.6 MB 39.8 MB/s  0:00:00
Collecting huggingface_hub==0.33.2 (from -r 489/requirements.txt (line 4))
  Downloading huggingface_hub-0.33.2-py3-none-any.whl.metadata (14 kB)
Collecting safetensors==0.4.3 (from -r 489/requirements.txt (line 5))
  Downloading safetensors-0.4.3-cp312-cp312-manylinux_2_17_x86_64.manylinux2014_x86_64.whl.metadata (3.8 kB)
Collecting numpy>=1.26 (from -r 489/requirements.txt (line 6))
  Downloading numpy-2.5.1-cp312-cp312-manylinux_2_27_x86_64.manylinux_2_28_x86_64.whl.metadata (6.6 kB)
Collecting pyyaml>=6.0 (from -r 489/requirements.txt (line 7))
  Downloading pyyaml-6.0.3-cp312-cp312-manylinux2014_x86_64.manylinux_2_17_x86_64.manylinux_2_28_x86_64.whl.metadata (2.4 kB)
Collecting filelock (from torch==2.4.1+cpu->-r 489/requirements.txt (line 2))
  Downloading filelock-3.30.2-py3-none-any.whl.metadata (2.0 kB)
Collecting typing-extensions>=4.8.0 (from torch==2.4.1+cpu->-r 489/requirements.txt (line 2))
  Downloading typing_extensions-4.16.0-py3-none-any.whl.metadata (3.3 kB)
Collecting sympy (from torch==2.4.1+cpu->-r 489/requirements.txt (line 2))
  Downloading sympy-1.14.0-py3-none-any.whl.metadata (12 kB)
Collecting networkx (from torch==2.4.1+cpu->-r 489/requirements.txt (line 2))
  Downloading networkx-3.6.1-py3-none-any.whl.metadata (6.8 kB)
Collecting jinja2 (from torch==2.4.1+cpu->-r 489/requirements.txt (line 2))
  Downloading jinja2-3.1.6-py3-none-any.whl.metadata (2.9 kB)
Collecting fsspec (from torch==2.4.1+cpu->-r 489/requirements.txt (line 2))
  Downloading fsspec-2026.6.0-py3-none-any.whl.metadata (10 kB)
Requirement already satisfied: setuptools in ./.venv/lib/python3.12/site-packages (from torch==2.4.1+cpu->-r 489/requirements.txt (line 2)) (83.0.0)
Collecting pillow!=8.3.*,>=5.3.0 (from torchvision==0.19.1+cpu->-r 489/requirements.txt (line 3))
  Downloading pillow-12.3.0-cp312-cp312-manylinux_2_27_x86_64.manylinux_2_28_x86_64.whl.metadata (9.1 kB)
Requirement already satisfied: packaging>=20.9 in ./.venv/lib/python3.12/site-packages (from huggingface_hub==0.33.2->-r 489/requirements.txt (line 4)) (26.2)
Collecting requests (from huggingface_hub==0.33.2->-r 489/requirements.txt (line 4))
  Downloading requests-2.34.2-py3-none-any.whl.metadata (4.8 kB)
Collecting tqdm>=4.42.1 (from huggingface_hub==0.33.2->-r 489/requirements.txt (line 4))
  Downloading tqdm-4.68.4-py3-none-any.whl.metadata (57 kB)
Collecting hf-xet<2.0.0,>=1.1.2 (from huggingface_hub==0.33.2->-r 489/requirements.txt (line 4))
  Downloading hf_xet-1.5.2-cp38-abi3-manylinux2014_x86_64.manylinux_2_17_x86_64.whl.metadata (4.9 kB)
Collecting MarkupSafe>=2.0 (from jinja2->torch==2.4.1+cpu->-r 489/requirements.txt (line 2))
  Downloading markupsafe-3.0.3-cp312-cp312-manylinux2014_x86_64.manylinux_2_17_x86_64.manylinux_2_28_x86_64.whl.metadata (2.7 kB)
Collecting charset_normalizer<4,>=2 (from requests->huggingface_hub==0.33.2->-r 489/requirements.txt (line 4))
  Downloading charset_normalizer-3.4.9-cp312-cp312-manylinux2014_x86_64.manylinux_2_17_x86_64.manylinux_2_28_x86_64.whl.metadata (41 kB)
Collecting idna<4,>=2.5 (from requests->huggingface_hub==0.33.2->-r 489/requirements.txt (line 4))
  Downloading idna-3.18-py3-none-any.whl.metadata (6.1 kB)
Collecting urllib3<3,>=1.26 (from requests->huggingface_hub==0.33.2->-r 489/requirements.txt (line 4))
  Downloading urllib3-2.7.0-py3-none-any.whl.metadata (6.9 kB)
Collecting certifi>=2023.5.7 (from requests->huggingface_hub==0.33.2->-r 489/requirements.txt (line 4))
  Downloading certifi-2026.6.17-py3-none-any.whl.metadata (2.5 kB)
Collecting mpmath<1.4,>=1.1.0 (from sympy->torch==2.4.1+cpu->-r 489/requirements.txt (line 2))
  Downloading mpmath-1.3.0-py3-none-any.whl.metadata (8.6 kB)
Downloading huggingface_hub-0.33.2-py3-none-any.whl (515 kB)
Downloading safetensors-0.4.3-cp312-cp312-manylinux_2_17_x86_64.manylinux2014_x86_64.whl (1.2 MB)
   ━━━━━━━━━━━━━━━━━━━━━━━━━━━━━━━━━━━━━━━━ 1.2/1.2 MB 2.3 MB/s  0:00:00
Downloading hf_xet-1.5.2-cp38-abi3-manylinux2014_x86_64.manylinux_2_17_x86_64.whl (4.4 MB)
   ━━━━━━━━━━━━━━━━━━━━━━━━━━━━━━━━━━━━━━━━ 4.4/4.4 MB 1.8 MB/s  0:00:02
Downloading numpy-2.5.1-cp312-cp312-manylinux_2_27_x86_64.manylinux_2_28_x86_64.whl (16.7 MB)
   ━━━━━━━━━━━━━━━━━━━━━━━━━━━━━━━━━━━━━━━━ 16.7/16.7 MB 1.3 MB/s  0:00:12
Downloading pyyaml-6.0.3-cp312-cp312-manylinux2014_x86_64.manylinux_2_17_x86_64.manylinux_2_28_x86_64.whl (807 kB)
   ━━━━━━━━━━━━━━━━━━━━━━━━━━━━━━━━━━━━━━━━ 807.9/807.9 kB 4.4 MB/s  0:00:00
Downloading fsspec-2026.6.0-py3-none-any.whl (203 kB)
Downloading pillow-12.3.0-cp312-cp312-manylinux_2_27_x86_64.manylinux_2_28_x86_64.whl (6.9 MB)
   ━━━━━━━━━━━━━━━━━━━━━━━━━━━━━━━━━━━━━━━━ 6.9/6.9 MB 8.3 MB/s  0:00:00
Downloading tqdm-4.68.4-py3-none-any.whl (676 kB)
   ━━━━━━━━━━━━━━━━━━━━━━━━━━━━━━━━━━━━━━━━ 676.6/676.6 kB 13.5 MB/s  0:00:00
Downloading typing_extensions-4.16.0-py3-none-any.whl (45 kB)
Downloading filelock-3.30.2-py3-none-any.whl (94 kB)
Downloading jinja2-3.1.6-py3-none-any.whl (134 kB)
Downloading markupsafe-3.0.3-cp312-cp312-manylinux2014_x86_64.manylinux_2_17_x86_64.manylinux_2_28_x86_64.whl (22 kB)
Downloading networkx-3.6.1-py3-none-any.whl (2.1 MB)
   ━━━━━━━━━━━━━━━━━━━━━━━━━━━━━━━━━━━━━━━━ 2.1/2.1 MB 13.3 MB/s  0:00:00
Downloading requests-2.34.2-py3-none-any.whl (73 kB)
Downloading charset_normalizer-3.4.9-cp312-cp312-manylinux2014_x86_64.manylinux_2_17_x86_64.manylinux_2_28_x86_64.whl (224 kB)
Downloading idna-3.18-py3-none-any.whl (65 kB)
Downloading urllib3-2.7.0-py3-none-any.whl (131 kB)
Downloading certifi-2026.6.17-py3-none-any.whl (133 kB)
Downloading sympy-1.14.0-py3-none-any.whl (6.3 MB)
   ━━━━━━━━━━━━━━━━━━━━━━━━━━━━━━━━━━━━━━━━ 6.3/6.3 MB 15.4 MB/s  0:00:00
Downloading mpmath-1.3.0-py3-none-any.whl (536 kB)
   ━━━━━━━━━━━━━━━━━━━━━━━━━━━━━━━━━━━━━━━━ 536.2/536.2 kB 17.0 MB/s  0:00:00
Installing collected packages: mpmath, urllib3, typing-extensions, tqdm, sympy, safetensors, pyyaml, pillow, numpy, networkx, MarkupSafe, idna, hf-xet, fsspec, filelock, charset_normalizer, certifi, requests, jinja2, torch, huggingface_hub, torchvision

Successfully installed MarkupSafe-3.0.3 certifi-2026.6.17 charset_normalizer-3.4.9 filelock-3.30.2 fsspec-2026.6.0 hf-xet-1.5.2 huggingface_hub-0.33.2 idna-3.18 jinja2-3.1.6 mpmath-1.3.0 networkx-3.6.1 numpy-2.5.1 pillow-12.3.0 pyyaml-6.0.3 requests-2.34.2 safetensors-0.4.3 sympy-1.14.0 torch-2.4.1+cpu torchvision-0.19.1+cpu tqdm-4.68.4 typing-extensions-4.16.0 urllib3-2.7.0
timm_version=1.0.18.dev0
registered_before_import=False
before_import_error=RuntimeError: Unknown model (lsnet_t)
registered_after_import=True
after_import_model=LSNetTiny
