Requirement already satisfied: pip in ./.venv/lib/python3.12/site-packages (26.1.2)
Obtaining file://231/codebase (from -r 231/requirements.txt (line 1))
  Installing build dependencies: started
  Installing build dependencies: finished with status 'done'
  Checking if build backend supports build_editable: started
  Checking if build backend supports build_editable: finished with status 'done'
  Getting requirements to build editable: started
  Getting requirements to build editable: finished with status 'done'
  Preparing editable metadata (pyproject.toml): started
  Preparing editable metadata (pyproject.toml): finished with status 'done'
Requirement already satisfied: alembic>=1.5.0 in ./.venv/lib/python3.12/site-packages (from -r 231/requirements.txt (line 2)) (1.18.5)
Requirement already satisfied: colorlog in ./.venv/lib/python3.12/site-packages (from -r 231/requirements.txt (line 3)) (6.10.1)
Requirement already satisfied: numpy in ./.venv/lib/python3.12/site-packages (from -r 231/requirements.txt (line 4)) (2.5.1)
Requirement already satisfied: packaging>=20.0 in ./.venv/lib/python3.12/site-packages (from -r 231/requirements.txt (line 5)) (26.2)
Requirement already satisfied: sqlalchemy>=1.4.2 in ./.venv/lib/python3.12/site-packages (from -r 231/requirements.txt (line 6)) (2.0.51)
Requirement already satisfied: tqdm in ./.venv/lib/python3.12/site-packages (from -r 231/requirements.txt (line 7)) (4.68.4)
Collecting PyYAML (from optuna==4.4.0.dev0->-r 231/requirements.txt (line 1))
  Downloading pyyaml-6.0.3-cp312-cp312-manylinux2014_x86_64.manylinux_2_17_x86_64.manylinux_2_28_x86_64.whl.metadata (2.4 kB)
Requirement already satisfied: Mako in ./.venv/lib/python3.12/site-packages (from alembic>=1.5.0->-r 231/requirements.txt (line 2)) (1.3.12)
Requirement already satisfied: typing-extensions>=4.12 in ./.venv/lib/python3.12/site-packages (from alembic>=1.5.0->-r 231/requirements.txt (line 2)) (4.16.0)
Requirement already satisfied: greenlet>=1 in ./.venv/lib/python3.12/site-packages (from sqlalchemy>=1.4.2->-r 231/requirements.txt (line 6)) (3.5.3)
Requirement already satisfied: MarkupSafe>=0.9.2 in ./.venv/lib/python3.12/site-packages (from Mako->alembic>=1.5.0->-r 231/requirements.txt (line 2)) (3.0.3)
Downloading pyyaml-6.0.3-cp312-cp312-manylinux2014_x86_64.manylinux_2_17_x86_64.manylinux_2_28_x86_64.whl (807 kB)
   ━━━━━━━━━━━━━━━━━━━━━━━━━━━━━━━━━━━━━━━━ 807.9/807.9 kB 10.0 MB/s  0:00:00
Building wheels for collected packages: optuna
  Building editable for optuna (pyproject.toml): started
  Building editable for optuna (pyproject.toml): finished with status 'done'
  Created wheel for optuna: filename=optuna-4.4.0.dev0-0.editable-py3-none-any.whl size=10681 sha256=9d5378f6682993664b44ca42a5d2285666d703de04a9e9a43afb3309f1b32f99
  Stored in directory: /tmp/pip-ephem-wheel-cache-f_8j4gwk/wheels/49/18/17/b5d1f3a1c1c25f39efccf0bcb18908bb56e5926b98ec850a19
Successfully built optuna
Installing collected packages: PyYAML, optuna

Successfully installed PyYAML-6.0.3 optuna-4.4.0.dev0
trial_count=5
trial_0={'c0': '0', 'c1': '0'} attrs={'fixed_params': {'c0': '0', 'c1': '0'}}
trial_1={'c0': '1', 'c1': '1'} attrs={'search_space': {'c0': ['0', '1'], 'c1': ['0', '1']}, 'grid_id': 1}
trial_2={'c0': '0', 'c1': '1'} attrs={'search_space': {'c0': ['0', '1'], 'c1': ['0', '1']}, 'grid_id': 2}
trial_3={'c0': '0', 'c1': '0'} attrs={'search_space': {'c0': ['0', '1'], 'c1': ['0', '1']}, 'grid_id': 3}
trial_4={'c0': '1', 'c1': '0'} attrs={'search_space': {'c0': ['0', '1'], 'c1': ['0', '1']}, 'grid_id': 0}
target_occurrences=2
BUG REPRODUCED: enqueued grid point was evaluated twice.
