WARNING: The candidate selected for download or install is a yanked version: 'beartype' candidate (version 0.18.0 at https://files.pythonhosted.org/packages/dd/1c/4695e81463d7a5e1ce75b676e85fd9ed8ecd8b8d68a7a2e28bee3354ca90/beartype-0.18.0-py3-none-any.whl (from https://pypi.org/simple/beartype/) (requires-python:>=3.8.0))
Reason for being yanked: Totally b0rked due to both testing and moral failings.
Warning: You are sending unauthenticated requests to the HF Hub. Please set a HF_TOKEN to enable higher rate limits and faster downloads.
Traceback (most recent call last):
  File "042/repro.py", line 22, in <module>
    main()
  File "042/repro.py", line 17, in main
    from imagen_pytorch import Unet, Imagen  # noqa: F401
    ^^^^^^^^^^^^^^^^^^^^^^^^^^^^^^^^^^^^^^^
  File "042/codebase/imagen_pytorch/__init__.py", line 1, in <module>
    from imagen_pytorch.imagen_pytorch import Imagen, Unet
  File "042/codebase/imagen_pytorch/imagen_pytorch.py", line 1782, in <module>
    class Imagen(nn.Module):
  File "042/codebase/imagen_pytorch/imagen_pytorch.py", line 2288, in Imagen
    @beartype
     ^^^^^^^^
  File "042/.venv/lib/python3.12/site-packages/beartype/_decor/decorcache.py", line 77, in beartype
    return beartype_object(obj, conf)
           ^^^^^^^^^^^^^^^^^^^^^^^^^^
  File "042/.venv/lib/python3.12/site-packages/beartype/_decor/decorcore.py", line 87, in beartype_object
    _beartype_object_fatal(obj, conf=conf, **kwargs)
  File "042/.venv/lib/python3.12/site-packages/beartype/_decor/decorcore.py", line 136, in _beartype_object_fatal
    beartype_nontype(obj, **kwargs)  # type: ignore[return-value]
    ^^^^^^^^^^^^^^^^^^^^^^^^^^^^^^^
  File "042/.venv/lib/python3.12/site-packages/beartype/_decor/_decornontype.py", line 174, in beartype_nontype
    return beartype_func(obj, **kwargs)  # type: ignore[return-value]
           ^^^^^^^^^^^^^^^^^^^^^^^^^^^^
  File "042/.venv/lib/python3.12/site-packages/beartype/_decor/_decornontype.py", line 239, in beartype_func
    func_wrapper_code = generate_code(bear_call)
                        ^^^^^^^^^^^^^^^^^^^^^^^^
  File "042/.venv/lib/python3.12/site-packages/beartype/_decor/wrap/wrapmain.py", line 118, in generate_code
    code_check_params = _code_check_args(bear_call)
                        ^^^^^^^^^^^^^^^^^^^^^^^^^^^
  File "042/.venv/lib/python3.12/site-packages/beartype/_decor/wrap/_wrapargs.py", line 309, in code_check_args
    reraise_exception_placeholder(
  File "042/.venv/lib/python3.12/site-packages/beartype/_util/error/utilerrraise.py", line 138, in reraise_exception_placeholder
    raise exception.with_traceback(exception.__traceback__)
  File "042/.venv/lib/python3.12/site-packages/beartype/_decor/wrap/_wrapargs.py", line 205, in code_check_args
    _die_if_arg_default_unbearable(
  File "042/.venv/lib/python3.12/site-packages/beartype/_decor/wrap/_wrapargs.py", line 473, in _die_if_arg_default_unbearable
    die_if_unbearable(
  File "042/.venv/lib/python3.12/site-packages/beartype/door/_doorcheck.py", line 106, in die_if_unbearable
    func_raiser(obj)  # pyright: ignore[reportUnboundVariable]
    ^^^^^^^^^^^^^^^^
  File "<@beartype(__beartype_checker_1) at 0xb3c5340>", line 30, in __beartype_checker_1
beartype.roar.BeartypeDecorHintParamDefaultViolation: Method imagen_pytorch.imagen_pytorch.Imagen.sample() parameter "texts" default value "None" violates type hint list[str], as <class "builtins.NoneType"> "None" not instance of list.
