Requirement already satisfied: pip in ./.venv/lib/python3.12/site-packages (24.0)
Collecting pip
  Downloading pip-26.1.2-py3-none-any.whl.metadata (4.6 kB)
Collecting setuptools
  Downloading setuptools-83.0.0-py3-none-any.whl.metadata (6.6 kB)
Collecting wheel
  Downloading wheel-0.47.0-py3-none-any.whl.metadata (2.3 kB)
Collecting packaging>=24.0 (from wheel)
  Downloading packaging-26.2-py3-none-any.whl.metadata (3.5 kB)
Downloading pip-26.1.2-py3-none-any.whl (1.8 MB)
   ━━━━━━━━━━━━━━━━━━━━━━━━━━━━━━━━━━━━━━━━ 1.8/1.8 MB 22.4 MB/s eta 0:00:00
Downloading setuptools-83.0.0-py3-none-any.whl (1.0 MB)
   ━━━━━━━━━━━━━━━━━━━━━━━━━━━━━━━━━━━━━━━━ 1.0/1.0 MB 56.0 MB/s eta 0:00:00
Downloading wheel-0.47.0-py3-none-any.whl (32 kB)
Downloading packaging-26.2-py3-none-any.whl (100 kB)
   ━━━━━━━━━━━━━━━━━━━━━━━━━━━━━━━━━━━━━━━ 100.2/100.2 kB 405.1 MB/s eta 0:00:00
Installing collected packages: setuptools, pip, packaging, wheel
  Attempting uninstall: pip
    Found existing installation: pip 24.0
    Uninstalling pip-24.0:
      Successfully uninstalled pip-24.0
Successfully installed packaging-26.2 pip-26.1.2 setuptools-83.0.0 wheel-0.47.0
Collecting beartype==0.18.0 (from -r requirements.txt (line 1))
  Downloading beartype-0.18.0-py3-none-any.whl.metadata (30 kB)
Collecting torch==2.13.0 (from -r requirements.txt (line 2))
  Downloading torch-2.13.0-cp312-cp312-manylinux_2_28_x86_64.whl.metadata (38 kB)
Collecting torchvision==0.28.0 (from -r requirements.txt (line 3))
  Downloading torchvision-0.28.0-cp312-cp312-manylinux_2_28_x86_64.whl.metadata (5.6 kB)
Collecting einops==0.8.2 (from -r requirements.txt (line 4))
  Downloading einops-0.8.2-py3-none-any.whl.metadata (13 kB)
Collecting kornia==0.8.3 (from -r requirements.txt (line 5))
  Downloading kornia-0.8.3-py3-none-any.whl.metadata (22 kB)
Collecting accelerate==1.14.0 (from -r requirements.txt (line 6))
  Downloading accelerate-1.14.0-py3-none-any.whl.metadata (19 kB)
Collecting ema-pytorch==0.7.9 (from -r requirements.txt (line 7))
  Downloading ema_pytorch-0.7.9-py3-none-any.whl.metadata (897 bytes)
Collecting pytorch-warmup==0.2.0 (from -r requirements.txt (line 8))
  Downloading pytorch_warmup-0.2.0-py3-none-any.whl.metadata (11 kB)
Collecting transformers==5.14.1 (from -r requirements.txt (line 9))
  Downloading transformers-5.14.1-py3-none-any.whl.metadata (32 kB)
Collecting sentencepiece==0.2.2 (from -r requirements.txt (line 10))
  Downloading sentencepiece-0.2.2-cp312-cp312-manylinux_2_27_x86_64.manylinux_2_28_x86_64.whl.metadata (33 kB)
Collecting pillow==12.3.0 (from -r requirements.txt (line 11))
  Downloading pillow-12.3.0-cp312-cp312-manylinux_2_27_x86_64.manylinux_2_28_x86_64.whl.metadata (9.1 kB)
Requirement already satisfied: packaging==26.2 in ./.venv/lib/python3.12/site-packages (from -r requirements.txt (line 12)) (26.2)
Collecting pydantic==2.13.4 (from -r requirements.txt (line 13))
  Downloading pydantic-2.13.4-py3-none-any.whl.metadata (109 kB)
Collecting fsspec==2026.4.0 (from -r requirements.txt (line 14))
  Downloading fsspec-2026.4.0-py3-none-any.whl.metadata (10 kB)
Collecting tqdm==4.68.4 (from -r requirements.txt (line 15))
  Downloading tqdm-4.68.4-py3-none-any.whl.metadata (57 kB)
Collecting numpy==2.5.1 (from -r requirements.txt (line 16))
  Downloading numpy-2.5.1-cp312-cp312-manylinux_2_27_x86_64.manylinux_2_28_x86_64.whl.metadata (6.6 kB)
Collecting filelock (from torch==2.13.0->-r requirements.txt (line 2))
  Downloading filelock-3.30.2-py3-none-any.whl.metadata (2.0 kB)
Collecting typing-extensions>=4.10.0 (from torch==2.13.0->-r requirements.txt (line 2))
  Downloading typing_extensions-4.16.0-py3-none-any.whl.metadata (3.3 kB)
Requirement already satisfied: setuptools>=77.0.3 in ./.venv/lib/python3.12/site-packages (from torch==2.13.0->-r requirements.txt (line 2)) (83.0.0)
Collecting sympy>=1.13.3 (from torch==2.13.0->-r requirements.txt (line 2))
  Downloading sympy-1.14.0-py3-none-any.whl.metadata (12 kB)
Collecting networkx>=2.5.1 (from torch==2.13.0->-r requirements.txt (line 2))
  Downloading networkx-3.6.1-py3-none-any.whl.metadata (6.8 kB)
Collecting jinja2 (from torch==2.13.0->-r requirements.txt (line 2))
  Downloading jinja2-3.1.6-py3-none-any.whl.metadata (2.9 kB)
Collecting cuda-toolkit==13.0.3 (from cuda-toolkit[cublas,cudart,cufft,cufile,cupti,curand,cusolver,cusparse,nvjitlink,nvrtc,nvtx]==13.0.3; platform_system == "Linux"->torch==2.13.0->-r requirements.txt (line 2))
  Downloading cuda_toolkit-13.0.3.0-py2.py3-none-any.whl.metadata (17 kB)
Collecting cuda-bindings<14,>=13.0.3 (from torch==2.13.0->-r requirements.txt (line 2))
  Downloading cuda_bindings-13.3.1-cp312-cp312-manylinux_2_24_x86_64.manylinux_2_28_x86_64.whl.metadata (2.5 kB)
Collecting nvidia-cudnn-cu13==9.20.0.48 (from torch==2.13.0->-r requirements.txt (line 2))
  Downloading nvidia_cudnn_cu13-9.20.0.48-py3-none-manylinux_2_27_x86_64.whl.metadata (1.9 kB)
Collecting nvidia-cusparselt-cu13==0.8.1 (from torch==2.13.0->-r requirements.txt (line 2))
  Downloading nvidia_cusparselt_cu13-0.8.1-py3-none-manylinux2014_x86_64.whl.metadata (12 kB)
Collecting nvidia-nccl-cu13==2.29.7 (from torch==2.13.0->-r requirements.txt (line 2))
  Downloading nvidia_nccl_cu13-2.29.7-py3-none-manylinux_2_18_x86_64.whl.metadata (2.1 kB)
Collecting nvidia-nvshmem-cu13==3.4.5 (from torch==2.13.0->-r requirements.txt (line 2))
  Downloading nvidia_nvshmem_cu13-3.4.5-py3-none-manylinux2014_x86_64.manylinux_2_17_x86_64.whl.metadata (2.1 kB)
Collecting triton==3.7.1 (from torch==2.13.0->-r requirements.txt (line 2))
  Downloading triton-3.7.1-cp312-cp312-manylinux_2_27_x86_64.manylinux_2_28_x86_64.whl.metadata (1.7 kB)
Collecting kornia-rs>=0.1.9 (from kornia==0.8.3->-r requirements.txt (line 5))
  Downloading kornia_rs-0.1.14-cp312-cp312-manylinux_2_17_x86_64.manylinux2014_x86_64.whl.metadata (15 kB)
Collecting psutil (from accelerate==1.14.0->-r requirements.txt (line 6))
  Downloading psutil-7.2.2-cp36-abi3-manylinux2010_x86_64.manylinux_2_12_x86_64.manylinux_2_28_x86_64.whl.metadata (22 kB)
Collecting pyyaml (from accelerate==1.14.0->-r requirements.txt (line 6))
  Downloading pyyaml-6.0.3-cp312-cp312-manylinux2014_x86_64.manylinux_2_17_x86_64.manylinux_2_28_x86_64.whl.metadata (2.4 kB)
Collecting huggingface_hub>=0.21.0 (from accelerate==1.14.0->-r requirements.txt (line 6))
  Downloading huggingface_hub-1.23.0-py3-none-any.whl.metadata (14 kB)
Collecting safetensors>=0.4.3 (from accelerate==1.14.0->-r requirements.txt (line 6))
  Downloading safetensors-0.8.0-cp310-abi3-manylinux_2_17_x86_64.manylinux2014_x86_64.whl.metadata (4.2 kB)
Collecting regex>=2025.10.22 (from transformers==5.14.1->-r requirements.txt (line 9))
  Downloading regex-2026.7.10-cp312-cp312-manylinux2014_x86_64.manylinux_2_17_x86_64.manylinux_2_28_x86_64.whl.metadata (40 kB)
Collecting tokenizers<=0.23.0,>=0.22.0 (from transformers==5.14.1->-r requirements.txt (line 9))
  Downloading tokenizers-0.22.2-cp39-abi3-manylinux_2_17_x86_64.manylinux2014_x86_64.whl.metadata (7.3 kB)
Collecting typer (from transformers==5.14.1->-r requirements.txt (line 9))
  Downloading typer-0.27.0-py3-none-any.whl.metadata (15 kB)
Collecting annotated-types>=0.6.0 (from pydantic==2.13.4->-r requirements.txt (line 13))
  Downloading annotated_types-0.7.0-py3-none-any.whl.metadata (15 kB)
Collecting pydantic-core==2.46.4 (from pydantic==2.13.4->-r requirements.txt (line 13))
  Downloading pydantic_core-2.46.4-cp312-cp312-manylinux_2_17_x86_64.manylinux2014_x86_64.whl.metadata (6.6 kB)
Collecting typing-inspection>=0.4.2 (from pydantic==2.13.4->-r requirements.txt (line 13))
  Downloading typing_inspection-0.4.2-py3-none-any.whl.metadata (2.6 kB)
Collecting nvidia-cublas==13.1.1.3.* (from cuda-toolkit[cublas,cudart,cufft,cufile,cupti,curand,cusolver,cusparse,nvjitlink,nvrtc,nvtx]==13.0.3; platform_system == "Linux"->torch==2.13.0->-r requirements.txt (line 2))
  Downloading nvidia_cublas-13.1.1.3-py3-none-manylinux_2_27_x86_64.whl.metadata (1.8 kB)
Collecting nvidia-cuda-nvrtc==13.0.88.* (from cuda-toolkit[cublas,cudart,cufft,cufile,cupti,curand,cusolver,cusparse,nvjitlink,nvrtc,nvtx]==13.0.3; platform_system == "Linux"->torch==2.13.0->-r requirements.txt (line 2))
  Downloading nvidia_cuda_nvrtc-13.0.88-py3-none-manylinux2010_x86_64.manylinux_2_12_x86_64.whl.metadata (1.7 kB)
Collecting nvidia-cuda-runtime==13.0.96.* (from cuda-toolkit[cublas,cudart,cufft,cufile,cupti,curand,cusolver,cusparse,nvjitlink,nvrtc,nvtx]==13.0.3; platform_system == "Linux"->torch==2.13.0->-r requirements.txt (line 2))
  Downloading nvidia_cuda_runtime-13.0.96-py3-none-manylinux2014_x86_64.manylinux_2_17_x86_64.whl.metadata (1.7 kB)
Collecting nvidia-cufft==12.0.0.61.* (from cuda-toolkit[cublas,cudart,cufft,cufile,cupti,curand,cusolver,cusparse,nvjitlink,nvrtc,nvtx]==13.0.3; platform_system == "Linux"->torch==2.13.0->-r requirements.txt (line 2))
  Downloading nvidia_cufft-12.0.0.61-py3-none-manylinux2014_x86_64.manylinux_2_17_x86_64.whl.metadata (1.8 kB)
Collecting nvidia-nvjitlink<14,>=13.0.88 (from cuda-toolkit[cublas,cudart,cufft,cufile,cupti,curand,cusolver,cusparse,nvjitlink,nvrtc,nvtx]==13.0.3; platform_system == "Linux"->torch==2.13.0->-r requirements.txt (line 2))
  Downloading nvidia_nvjitlink-13.3.33-py3-none-manylinux2010_x86_64.manylinux_2_12_x86_64.whl.metadata (1.8 kB)
Collecting nvidia-cufile==1.15.1.6.* (from cuda-toolkit[cublas,cudart,cufft,cufile,cupti,curand,cusolver,cusparse,nvjitlink,nvrtc,nvtx]==13.0.3; platform_system == "Linux"->torch==2.13.0->-r requirements.txt (line 2))
  Downloading nvidia_cufile-1.15.1.6-py3-none-manylinux2014_x86_64.manylinux_2_17_x86_64.whl.metadata (1.7 kB)
Collecting nvidia-cuda-cupti==13.0.85.* (from cuda-toolkit[cublas,cudart,cufft,cufile,cupti,curand,cusolver,cusparse,nvjitlink,nvrtc,nvtx]==13.0.3; platform_system == "Linux"->torch==2.13.0->-r requirements.txt (line 2))
  Downloading nvidia_cuda_cupti-13.0.85-py3-none-manylinux_2_25_x86_64.whl.metadata (1.7 kB)
Collecting nvidia-curand==10.4.0.35.* (from cuda-toolkit[cublas,cudart,cufft,cufile,cupti,curand,cusolver,cusparse,nvjitlink,nvrtc,nvtx]==13.0.3; platform_system == "Linux"->torch==2.13.0->-r requirements.txt (line 2))
  Downloading nvidia_curand-10.4.0.35-py3-none-manylinux_2_27_x86_64.whl.metadata (1.7 kB)
Collecting nvidia-cusolver==12.0.4.66.* (from cuda-toolkit[cublas,cudart,cufft,cufile,cupti,curand,cusolver,cusparse,nvjitlink,nvrtc,nvtx]==13.0.3; platform_system == "Linux"->torch==2.13.0->-r requirements.txt (line 2))
  Downloading nvidia_cusolver-12.0.4.66-py3-none-manylinux_2_27_x86_64.whl.metadata (1.8 kB)
Collecting nvidia-cusparse==12.6.3.3.* (from cuda-toolkit[cublas,cudart,cufft,cufile,cupti,curand,cusolver,cusparse,nvjitlink,nvrtc,nvtx]==13.0.3; platform_system == "Linux"->torch==2.13.0->-r requirements.txt (line 2))
  Downloading nvidia_cusparse-12.6.3.3-py3-none-manylinux2014_x86_64.manylinux_2_17_x86_64.whl.metadata (1.8 kB)
Collecting nvidia-nvtx==13.0.85.* (from cuda-toolkit[cublas,cudart,cufft,cufile,cupti,curand,cusolver,cusparse,nvjitlink,nvrtc,nvtx]==13.0.3; platform_system == "Linux"->torch==2.13.0->-r requirements.txt (line 2))
  Downloading nvidia_nvtx-13.0.85-py3-none-manylinux1_x86_64.manylinux_2_5_x86_64.whl.metadata (1.8 kB)
Collecting cuda-pathfinder>=1.4.2 (from cuda-bindings<14,>=13.0.3->torch==2.13.0->-r requirements.txt (line 2))
  Downloading cuda_pathfinder-1.5.6-py3-none-any.whl.metadata (1.9 kB)
Collecting click<9.0.0,>=8.4.2 (from huggingface_hub>=0.21.0->accelerate==1.14.0->-r requirements.txt (line 6))
  Downloading click-8.4.2-py3-none-any.whl.metadata (2.6 kB)
Collecting hf-xet<2.0.0,>=1.5.1 (from huggingface_hub>=0.21.0->accelerate==1.14.0->-r requirements.txt (line 6))
  Downloading hf_xet-1.5.2-cp38-abi3-manylinux2014_x86_64.manylinux_2_17_x86_64.whl.metadata (4.9 kB)
Collecting httpx<1,>=0.23.0 (from huggingface_hub>=0.21.0->accelerate==1.14.0->-r requirements.txt (line 6))
  Downloading httpx-0.28.1-py3-none-any.whl.metadata (7.1 kB)
Collecting anyio (from httpx<1,>=0.23.0->huggingface_hub>=0.21.0->accelerate==1.14.0->-r requirements.txt (line 6))
  Downloading anyio-4.14.2-py3-none-any.whl.metadata (4.6 kB)
Collecting certifi (from httpx<1,>=0.23.0->huggingface_hub>=0.21.0->accelerate==1.14.0->-r requirements.txt (line 6))
  Downloading certifi-2026.6.17-py3-none-any.whl.metadata (2.5 kB)
Collecting httpcore==1.* (from httpx<1,>=0.23.0->huggingface_hub>=0.21.0->accelerate==1.14.0->-r requirements.txt (line 6))
  Downloading httpcore-1.0.9-py3-none-any.whl.metadata (21 kB)
Collecting idna (from httpx<1,>=0.23.0->huggingface_hub>=0.21.0->accelerate==1.14.0->-r requirements.txt (line 6))
  Downloading idna-3.18-py3-none-any.whl.metadata (6.1 kB)
Collecting h11>=0.16 (from httpcore==1.*->httpx<1,>=0.23.0->huggingface_hub>=0.21.0->accelerate==1.14.0->-r requirements.txt (line 6))
  Downloading h11-0.16.0-py3-none-any.whl.metadata (8.3 kB)
Collecting mpmath<1.4,>=1.1.0 (from sympy>=1.13.3->torch==2.13.0->-r requirements.txt (line 2))
  Downloading mpmath-1.3.0-py3-none-any.whl.metadata (8.6 kB)
Collecting MarkupSafe>=2.0 (from jinja2->torch==2.13.0->-r requirements.txt (line 2))
  Downloading markupsafe-3.0.3-cp312-cp312-manylinux2014_x86_64.manylinux_2_17_x86_64.manylinux_2_28_x86_64.whl.metadata (2.7 kB)
Collecting shellingham>=1.3.0 (from typer->transformers==5.14.1->-r requirements.txt (line 9))
  Downloading shellingham-1.5.4-py2.py3-none-any.whl.metadata (3.5 kB)
Collecting rich>=13.8.0 (from typer->transformers==5.14.1->-r requirements.txt (line 9))
  Downloading rich-15.0.0-py3-none-any.whl.metadata (18 kB)
Collecting annotated-doc>=0.0.2 (from typer->transformers==5.14.1->-r requirements.txt (line 9))
  Downloading annotated_doc-0.0.4-py3-none-any.whl.metadata (6.6 kB)
Collecting markdown-it-py>=2.2.0 (from rich>=13.8.0->typer->transformers==5.14.1->-r requirements.txt (line 9))
  Downloading markdown_it_py-4.2.0-py3-none-any.whl.metadata (7.4 kB)
Collecting pygments<3.0.0,>=2.13.0 (from rich>=13.8.0->typer->transformers==5.14.1->-r requirements.txt (line 9))
  Downloading pygments-2.20.0-py3-none-any.whl.metadata (2.5 kB)
Collecting mdurl~=0.1 (from markdown-it-py>=2.2.0->rich>=13.8.0->typer->transformers==5.14.1->-r requirements.txt (line 9))
  Downloading mdurl-0.1.2-py3-none-any.whl.metadata (1.6 kB)
Downloading beartype-0.18.0-py3-none-any.whl (902 kB)
   ━━━━━━━━━━━━━━━━━━━━━━━━━━━━━━━━━━━━━━━━ 902.6/902.6 kB 33.4 MB/s  0:00:00
Downloading torch-2.13.0-cp312-cp312-manylinux_2_28_x86_64.whl (526.6 MB)
   ━━━━━━━━━━━━━━━━━━━━━━━━━━━━━━━━━━━━━━━━ 526.6/526.6 MB 81.9 MB/s  0:00:06
Downloading torchvision-0.28.0-cp312-cp312-manylinux_2_28_x86_64.whl (7.7 MB)
   ━━━━━━━━━━━━━━━━━━━━━━━━━━━━━━━━━━━━━━━━ 7.7/7.7 MB 88.6 MB/s  0:00:00
Downloading einops-0.8.2-py3-none-any.whl (65 kB)
Downloading kornia-0.8.3-py3-none-any.whl (1.2 MB)
   ━━━━━━━━━━━━━━━━━━━━━━━━━━━━━━━━━━━━━━━━ 1.2/1.2 MB 85.6 MB/s  0:00:00
Downloading accelerate-1.14.0-py3-none-any.whl (389 kB)
Downloading ema_pytorch-0.7.9-py3-none-any.whl (11 kB)
Downloading pytorch_warmup-0.2.0-py3-none-any.whl (11 kB)
Downloading transformers-5.14.1-py3-none-any.whl (11.6 MB)
   ━━━━━━━━━━━━━━━━━━━━━━━━━━━━━━━━━━━━━━━━ 11.6/11.6 MB 88.4 MB/s  0:00:00
Downloading sentencepiece-0.2.2-cp312-cp312-manylinux_2_27_x86_64.manylinux_2_28_x86_64.whl (1.4 MB)
   ━━━━━━━━━━━━━━━━━━━━━━━━━━━━━━━━━━━━━━━━ 1.4/1.4 MB 93.2 MB/s  0:00:00
Downloading pillow-12.3.0-cp312-cp312-manylinux_2_27_x86_64.manylinux_2_28_x86_64.whl (6.9 MB)
   ━━━━━━━━━━━━━━━━━━━━━━━━━━━━━━━━━━━━━━━━ 6.9/6.9 MB 88.5 MB/s  0:00:00
Downloading pydantic-2.13.4-py3-none-any.whl (472 kB)
Downloading fsspec-2026.4.0-py3-none-any.whl (203 kB)
Downloading tqdm-4.68.4-py3-none-any.whl (676 kB)
   ━━━━━━━━━━━━━━━━━━━━━━━━━━━━━━━━━━━━━━━━ 676.6/676.6 kB 123.3 MB/s  0:00:00
Downloading numpy-2.5.1-cp312-cp312-manylinux_2_27_x86_64.manylinux_2_28_x86_64.whl (16.7 MB)
   ━━━━━━━━━━━━━━━━━━━━━━━━━━━━━━━━━━━━━━━━ 16.7/16.7 MB 90.6 MB/s  0:00:00
Downloading cuda_toolkit-13.0.3.0-py2.py3-none-any.whl (2.5 kB)
Downloading nvidia_cudnn_cu13-9.20.0.48-py3-none-manylinux_2_27_x86_64.whl (366.2 MB)
   ━━━━━━━━━━━━━━━━━━━━━━━━━━━━━━━━━━━━━━━━ 366.2/366.2 MB 73.1 MB/s  0:00:04
Downloading nvidia_cusparselt_cu13-0.8.1-py3-none-manylinux2014_x86_64.whl (170.1 MB)
   ━━━━━━━━━━━━━━━━━━━━━━━━━━━━━━━━━━━━━━━━ 170.1/170.1 MB 15.5 MB/s  0:00:10
Downloading nvidia_nccl_cu13-2.29.7-py3-none-manylinux_2_18_x86_64.whl (206.0 MB)
   ━━━━━━━━━━━━━━━━━━━━━━━━━━━━━━━━━━━━━━━━ 206.0/206.0 MB 37.4 MB/s  0:00:05
Downloading nvidia_nvshmem_cu13-3.4.5-py3-none-manylinux2014_x86_64.manylinux_2_17_x86_64.whl (60.4 MB)
   ━━━━━━━━━━━━━━━━━━━━━━━━━━━━━━━━━━━━━━━━ 60.4/60.4 MB 61.2 MB/s  0:00:00
Downloading pydantic_core-2.46.4-cp312-cp312-manylinux_2_17_x86_64.manylinux2014_x86_64.whl (2.1 MB)
   ━━━━━━━━━━━━━━━━━━━━━━━━━━━━━━━━━━━━━━━━ 2.1/2.1 MB 65.9 MB/s  0:00:00
Downloading triton-3.7.1-cp312-cp312-manylinux_2_27_x86_64.manylinux_2_28_x86_64.whl (197.7 MB)
   ━━━━━━━━━━━━━━━━━━━━━━━━━━━━━━━━━━━━━━━━ 197.7/197.7 MB 25.5 MB/s  0:00:07
Downloading cuda_bindings-13.3.1-cp312-cp312-manylinux_2_24_x86_64.manylinux_2_28_x86_64.whl (6.7 MB)
   ━━━━━━━━━━━━━━━━━━━━━━━━━━━━━━━━━━━━━━━━ 6.7/6.7 MB 16.7 MB/s  0:00:00
Downloading huggingface_hub-1.23.0-py3-none-any.whl (770 kB)
   ━━━━━━━━━━━━━━━━━━━━━━━━━━━━━━━━━━━━━━━━ 770.3/770.3 kB 19.2 MB/s  0:00:00
Downloading click-8.4.2-py3-none-any.whl (119 kB)
Downloading hf_xet-1.5.2-cp38-abi3-manylinux2014_x86_64.manylinux_2_17_x86_64.whl (4.4 MB)
   ━━━━━━━━━━━━━━━━━━━━━━━━━━━━━━━━━━━━━━━━ 4.4/4.4 MB 19.5 MB/s  0:00:00
Downloading httpx-0.28.1-py3-none-any.whl (73 kB)
Downloading httpcore-1.0.9-py3-none-any.whl (78 kB)
Downloading nvidia_cublas-13.1.1.3-py3-none-manylinux_2_27_x86_64.whl (423.1 MB)
   ━━━━━━━━━━━━━━━━━━━━━━━━━━━━━━━━━━━━━━━━ 423.1/423.1 MB 40.6 MB/s  0:00:11
Downloading nvidia_cuda_cupti-13.0.85-py3-none-manylinux_2_25_x86_64.whl (10.7 MB)
   ━━━━━━━━━━━━━━━━━━━━━━━━━━━━━━━━━━━━━━━━ 10.7/10.7 MB 41.2 MB/s  0:00:00
Downloading nvidia_cuda_nvrtc-13.0.88-py3-none-manylinux2010_x86_64.manylinux_2_12_x86_64.whl (90.2 MB)
   ━━━━━━━━━━━━━━━━━━━━━━━━━━━━━━━━━━━━━━━━ 90.2/90.2 MB 44.4 MB/s  0:00:02
Downloading nvidia_cuda_runtime-13.0.96-py3-none-manylinux2014_x86_64.manylinux_2_17_x86_64.whl (2.2 MB)
   ━━━━━━━━━━━━━━━━━━━━━━━━━━━━━━━━━━━━━━━━ 2.2/2.2 MB 41.2 MB/s  0:00:00
Downloading nvidia_cufft-12.0.0.61-py3-none-manylinux2014_x86_64.manylinux_2_17_x86_64.whl (214.1 MB)
   ━━━━━━━━━━━━━━━━━━━━━━━━━━━━━━━━━━━━━━━━ 214.1/214.1 MB 41.5 MB/s  0:00:05
Downloading nvidia_cufile-1.15.1.6-py3-none-manylinux2014_x86_64.manylinux_2_17_x86_64.whl (1.2 MB)
   ━━━━━━━━━━━━━━━━━━━━━━━━━━━━━━━━━━━━━━━━ 1.2/1.2 MB 49.0 MB/s  0:00:00
Downloading nvidia_curand-10.4.0.35-py3-none-manylinux_2_27_x86_64.whl (59.5 MB)
   ━━━━━━━━━━━━━━━━━━━━━━━━━━━━━━━━━━━━━━━━ 59.5/59.5 MB 44.0 MB/s  0:00:01
Downloading nvidia_cusolver-12.0.4.66-py3-none-manylinux_2_27_x86_64.whl (200.9 MB)
   ━━━━━━━━━━━━━━━━━━━━━━━━━━━━━━━━━━━━━━━━ 200.9/200.9 MB 42.8 MB/s  0:00:04
Downloading nvidia_cusparse-12.6.3.3-py3-none-manylinux2014_x86_64.manylinux_2_17_x86_64.whl (145.9 MB)
   ━━━━━━━━━━━━━━━━━━━━━━━━━━━━━━━━━━━━━━━━ 145.9/145.9 MB 22.4 MB/s  0:00:06
Downloading nvidia_nvjitlink-13.3.33-py3-none-manylinux2010_x86_64.manylinux_2_12_x86_64.whl (40.7 MB)
   ━━━━━━━━━━━━━━━━━━━━━━━━━━━━━━━━━━━━━━━━ 40.7/40.7 MB 33.8 MB/s  0:00:01
Downloading nvidia_nvtx-13.0.85-py3-none-manylinux1_x86_64.manylinux_2_5_x86_64.whl (148 kB)
Downloading tokenizers-0.22.2-cp39-abi3-manylinux_2_17_x86_64.manylinux2014_x86_64.whl (3.3 MB)
   ━━━━━━━━━━━━━━━━━━━━━━━━━━━━━━━━━━━━━━━━ 3.3/3.3 MB 39.1 MB/s  0:00:00
Downloading annotated_types-0.7.0-py3-none-any.whl (13 kB)
Downloading cuda_pathfinder-1.5.6-py3-none-any.whl (52 kB)
Downloading filelock-3.30.2-py3-none-any.whl (94 kB)
Downloading h11-0.16.0-py3-none-any.whl (37 kB)
Downloading kornia_rs-0.1.14-cp312-cp312-manylinux_2_17_x86_64.manylinux2014_x86_64.whl (3.7 MB)
   ━━━━━━━━━━━━━━━━━━━━━━━━━━━━━━━━━━━━━━━━ 3.7/3.7 MB 39.2 MB/s  0:00:00
Downloading networkx-3.6.1-py3-none-any.whl (2.1 MB)
   ━━━━━━━━━━━━━━━━━━━━━━━━━━━━━━━━━━━━━━━━ 2.1/2.1 MB 23.2 MB/s  0:00:00
Downloading pyyaml-6.0.3-cp312-cp312-manylinux2014_x86_64.manylinux_2_17_x86_64.manylinux_2_28_x86_64.whl (807 kB)
   ━━━━━━━━━━━━━━━━━━━━━━━━━━━━━━━━━━━━━━━━ 807.9/807.9 kB 35.7 MB/s  0:00:00
Downloading regex-2026.7.10-cp312-cp312-manylinux2014_x86_64.manylinux_2_17_x86_64.manylinux_2_28_x86_64.whl (801 kB)
   ━━━━━━━━━━━━━━━━━━━━━━━━━━━━━━━━━━━━━━━━ 801.3/801.3 kB 36.8 MB/s  0:00:00
Downloading safetensors-0.8.0-cp310-abi3-manylinux_2_17_x86_64.manylinux2014_x86_64.whl (516 kB)
Downloading sympy-1.14.0-py3-none-any.whl (6.3 MB)
   ━━━━━━━━━━━━━━━━━━━━━━━━━━━━━━━━━━━━━━━━ 6.3/6.3 MB 40.6 MB/s  0:00:00
Downloading mpmath-1.3.0-py3-none-any.whl (536 kB)
   ━━━━━━━━━━━━━━━━━━━━━━━━━━━━━━━━━━━━━━━━ 536.2/536.2 kB 39.1 MB/s  0:00:00
Downloading typing_extensions-4.16.0-py3-none-any.whl (45 kB)
Downloading typing_inspection-0.4.2-py3-none-any.whl (14 kB)
Downloading anyio-4.14.2-py3-none-any.whl (125 kB)
Downloading idna-3.18-py3-none-any.whl (65 kB)
Downloading certifi-2026.6.17-py3-none-any.whl (133 kB)
Downloading jinja2-3.1.6-py3-none-any.whl (134 kB)
Downloading markupsafe-3.0.3-cp312-cp312-manylinux2014_x86_64.manylinux_2_17_x86_64.manylinux_2_28_x86_64.whl (22 kB)
Downloading psutil-7.2.2-cp36-abi3-manylinux2010_x86_64.manylinux_2_12_x86_64.manylinux_2_28_x86_64.whl (155 kB)
Downloading typer-0.27.0-py3-none-any.whl (122 kB)
Downloading annotated_doc-0.0.4-py3-none-any.whl (5.3 kB)
Downloading rich-15.0.0-py3-none-any.whl (310 kB)
Downloading pygments-2.20.0-py3-none-any.whl (1.2 MB)
   ━━━━━━━━━━━━━━━━━━━━━━━━━━━━━━━━━━━━━━━━ 1.2/1.2 MB 40.5 MB/s  0:00:00
Downloading markdown_it_py-4.2.0-py3-none-any.whl (91 kB)
Downloading mdurl-0.1.2-py3-none-any.whl (10.0 kB)
Downloading shellingham-1.5.4-py2.py3-none-any.whl (9.8 kB)
Installing collected packages: nvidia-cusparselt-cu13, mpmath, cuda-toolkit, typing-extensions, triton, tqdm, sympy, shellingham, sentencepiece, safetensors, regex, pyyaml, pygments, psutil, pillow, nvidia-nvtx, nvidia-nvshmem-cu13, nvidia-nvjitlink, nvidia-nccl-cu13, nvidia-curand, nvidia-cufile, nvidia-cuda-runtime, nvidia-cuda-nvrtc, nvidia-cuda-cupti, numpy, networkx, mdurl, MarkupSafe, kornia-rs, idna, hf-xet, h11, fsspec, filelock, einops, cuda-pathfinder, click, certifi, beartype, annotated-types, annotated-doc, typing-inspection, pydantic-core, nvidia-cusparse, nvidia-cufft, nvidia-cublas, markdown-it-py, jinja2, httpcore, cuda-bindings, anyio, rich, pydantic, nvidia-cusolver, nvidia-cudnn-cu13, httpx, typer, huggingface_hub, torch, tokenizers, transformers, torchvision, pytorch-warmup, kornia, ema-pytorch, accelerate

Successfully installed MarkupSafe-3.0.3 accelerate-1.14.0 annotated-doc-0.0.4 annotated-types-0.7.0 anyio-4.14.2 beartype-0.18.0 certifi-2026.6.17 click-8.4.2 cuda-bindings-13.3.1 cuda-pathfinder-1.5.6 cuda-toolkit-13.0.3.0 einops-0.8.2 ema-pytorch-0.7.9 filelock-3.30.2 fsspec-2026.4.0 h11-0.16.0 hf-xet-1.5.2 httpcore-1.0.9 httpx-0.28.1 huggingface_hub-1.23.0 idna-3.18 jinja2-3.1.6 kornia-0.8.3 kornia-rs-0.1.14 markdown-it-py-4.2.0 mdurl-0.1.2 mpmath-1.3.0 networkx-3.6.1 numpy-2.5.1 nvidia-cublas-13.1.1.3 nvidia-cuda-cupti-13.0.85 nvidia-cuda-nvrtc-13.0.88 nvidia-cuda-runtime-13.0.96 nvidia-cudnn-cu13-9.20.0.48 nvidia-cufft-12.0.0.61 nvidia-cufile-1.15.1.6 nvidia-curand-10.4.0.35 nvidia-cusolver-12.0.4.66 nvidia-cusparse-12.6.3.3 nvidia-cusparselt-cu13-0.8.1 nvidia-nccl-cu13-2.29.7 nvidia-nvjitlink-13.3.33 nvidia-nvshmem-cu13-3.4.5 nvidia-nvtx-13.0.85 pillow-12.3.0 psutil-7.2.2 pydantic-2.13.4 pydantic-core-2.46.4 pygments-2.20.0 pytorch-warmup-0.2.0 pyyaml-6.0.3 regex-2026.7.10 rich-15.0.0 safetensors-0.8.0 sentencepiece-0.2.2 shellingham-1.5.4 sympy-1.14.0 tokenizers-0.22.2 torch-2.13.0 torchvision-0.28.0 tqdm-4.68.4 transformers-5.14.1 triton-3.7.1 typer-0.27.0 typing-extensions-4.16.0 typing-inspection-0.4.2
python=3.12.3
beartype=0.18.0
importing imagen_pytorch ...
