Setting up environment
Requirement already satisfied: pip in ./.venv/lib/python3.12/site-packages (24.0)
Collecting pip
  Downloading pip-26.1.2-py3-none-any.whl.metadata (4.6 kB)
Downloading pip-26.1.2-py3-none-any.whl (1.8 MB)
   ━━━━━━━━━━━━━━━━━━━━━━━━━━━━━━━━━━━━━━━━ 1.8/1.8 MB 18.7 MB/s eta 0:00:00
Installing collected packages: pip
  Attempting uninstall: pip
    Found existing installation: pip 24.0
    Uninstalling pip-24.0:
      Successfully uninstalled pip-24.0
Successfully installed pip-26.1.2
Looking in indexes: https://pypi.org/simple, https://download.pytorch.org/whl/cpu
Collecting deprecated>=1.2 (from -r 221/requirements.txt (line 3))
  Downloading deprecated-1.3.1-py2.py3-none-any.whl.metadata (5.9 kB)
Collecting einops>=0.3 (from -r 221/requirements.txt (line 4))
  Downloading einops-0.8.2-py3-none-any.whl.metadata (13 kB)
Collecting humanize>=0.1 (from -r 221/requirements.txt (line 5))
  Downloading humanize-4.16.0-py3-none-any.whl.metadata (8.0 kB)
Collecting nibabel>=3 (from -r 221/requirements.txt (line 6))
  Downloading nibabel-5.4.2-py3-none-any.whl.metadata (8.9 kB)
Collecting numpy>=1.20 (from -r 221/requirements.txt (line 7))
  Downloading numpy-2.5.1-cp312-cp312-manylinux_2_27_x86_64.manylinux_2_28_x86_64.whl.metadata (6.6 kB)
Collecting packaging>=20 (from -r 221/requirements.txt (line 8))
  Downloading packaging-26.2-py3-none-any.whl.metadata (3.5 kB)
Collecting rich>=10 (from -r 221/requirements.txt (line 9))
  Downloading rich-15.0.0-py3-none-any.whl.metadata (18 kB)
Collecting scipy>=1.7 (from -r 221/requirements.txt (line 10))
  Downloading scipy-1.18.0-cp312-cp312-manylinux_2_27_x86_64.manylinux_2_28_x86_64.whl.metadata (62 kB)
Collecting simpleitk!=2.0.*,!=2.1.1.1,>=1.3 (from -r 221/requirements.txt (line 11))
  Downloading simpleitk-2.5.5-cp311-abi3-manylinux2014_x86_64.manylinux_2_17_x86_64.whl.metadata (7.4 kB)
Collecting torch==2.5.1+cpu (from -r 221/requirements.txt (line 12))
  Downloading torch-2.5.1%2Bcpu-cp312-cp312-linux_x86_64.whl (174.6 MB)
     ━━━━━━━━━━━━━━━━━━━━━━━━━━━━━━━━━━━━━━━━ 174.6/174.6 MB 109.4 MB/s  0:00:01
Collecting tqdm>=4.40 (from -r 221/requirements.txt (line 13))
  Downloading tqdm-4.68.4-py3-none-any.whl.metadata (57 kB)
Collecting typer>=0.1 (from -r 221/requirements.txt (line 14))
  Downloading typer-0.27.0-py3-none-any.whl.metadata (15 kB)
Collecting filelock (from torch==2.5.1+cpu->-r 221/requirements.txt (line 12))
  Downloading filelock-3.30.2-py3-none-any.whl.metadata (2.0 kB)
Collecting typing-extensions>=4.8.0 (from torch==2.5.1+cpu->-r 221/requirements.txt (line 12))
  Downloading typing_extensions-4.16.0-py3-none-any.whl.metadata (3.3 kB)
Collecting networkx (from torch==2.5.1+cpu->-r 221/requirements.txt (line 12))
  Downloading networkx-3.6.1-py3-none-any.whl.metadata (6.8 kB)
Collecting jinja2 (from torch==2.5.1+cpu->-r 221/requirements.txt (line 12))
  Downloading jinja2-3.1.6-py3-none-any.whl.metadata (2.9 kB)
Collecting fsspec (from torch==2.5.1+cpu->-r 221/requirements.txt (line 12))
  Downloading fsspec-2026.6.0-py3-none-any.whl.metadata (10 kB)
Collecting setuptools (from torch==2.5.1+cpu->-r 221/requirements.txt (line 12))
  Downloading setuptools-83.0.0-py3-none-any.whl.metadata (6.6 kB)
Collecting sympy==1.13.1 (from torch==2.5.1+cpu->-r 221/requirements.txt (line 12))
  Downloading sympy-1.13.1-py3-none-any.whl.metadata (12 kB)
Collecting mpmath<1.4,>=1.1.0 (from sympy==1.13.1->torch==2.5.1+cpu->-r 221/requirements.txt (line 12))
  Downloading mpmath-1.3.0-py3-none-any.whl.metadata (8.6 kB)
Collecting wrapt<3,>=1.10 (from deprecated>=1.2->-r 221/requirements.txt (line 3))
  Downloading wrapt-2.2.2-cp312-cp312-manylinux1_x86_64.manylinux_2_28_x86_64.manylinux_2_5_x86_64.whl.metadata (7.4 kB)
Collecting markdown-it-py>=2.2.0 (from rich>=10->-r 221/requirements.txt (line 9))
  Downloading markdown_it_py-4.2.0-py3-none-any.whl.metadata (7.4 kB)
Collecting pygments<3.0.0,>=2.13.0 (from rich>=10->-r 221/requirements.txt (line 9))
  Downloading pygments-2.20.0-py3-none-any.whl.metadata (2.5 kB)
Collecting shellingham>=1.3.0 (from typer>=0.1->-r 221/requirements.txt (line 14))
  Downloading shellingham-1.5.4-py2.py3-none-any.whl.metadata (3.5 kB)
Collecting annotated-doc>=0.0.2 (from typer>=0.1->-r 221/requirements.txt (line 14))
  Downloading annotated_doc-0.0.4-py3-none-any.whl.metadata (6.6 kB)
Collecting mdurl~=0.1 (from markdown-it-py>=2.2.0->rich>=10->-r 221/requirements.txt (line 9))
  Downloading mdurl-0.1.2-py3-none-any.whl.metadata (1.6 kB)
Collecting MarkupSafe>=2.0 (from jinja2->torch==2.5.1+cpu->-r 221/requirements.txt (line 12))
  Downloading markupsafe-3.0.3-cp312-cp312-manylinux2014_x86_64.manylinux_2_17_x86_64.manylinux_2_28_x86_64.whl.metadata (2.7 kB)
Downloading sympy-1.13.1-py3-none-any.whl (6.2 MB)
   ━━━━━━━━━━━━━━━━━━━━━━━━━━━━━━━━━━━━━━━━ 6.2/6.2 MB 58.9 MB/s  0:00:00
Downloading mpmath-1.3.0-py3-none-any.whl (536 kB)
   ━━━━━━━━━━━━━━━━━━━━━━━━━━━━━━━━━━━━━━━━ 536.2/536.2 kB 103.2 MB/s  0:00:00
Downloading deprecated-1.3.1-py2.py3-none-any.whl (11 kB)
Downloading wrapt-2.2.2-cp312-cp312-manylinux1_x86_64.manylinux_2_28_x86_64.manylinux_2_5_x86_64.whl (169 kB)
Downloading einops-0.8.2-py3-none-any.whl (65 kB)
Downloading humanize-4.16.0-py3-none-any.whl (137 kB)
Downloading nibabel-5.4.2-py3-none-any.whl (3.3 MB)
   ━━━━━━━━━━━━━━━━━━━━━━━━━━━━━━━━━━━━━━━━ 3.3/3.3 MB 77.4 MB/s  0:00:00
Downloading numpy-2.5.1-cp312-cp312-manylinux_2_27_x86_64.manylinux_2_28_x86_64.whl (16.7 MB)
   ━━━━━━━━━━━━━━━━━━━━━━━━━━━━━━━━━━━━━━━━ 16.7/16.7 MB 78.6 MB/s  0:00:00
Downloading packaging-26.2-py3-none-any.whl (100 kB)
Downloading rich-15.0.0-py3-none-any.whl (310 kB)
Downloading pygments-2.20.0-py3-none-any.whl (1.2 MB)
   ━━━━━━━━━━━━━━━━━━━━━━━━━━━━━━━━━━━━━━━━ 1.2/1.2 MB 77.7 MB/s  0:00:00
Downloading scipy-1.18.0-cp312-cp312-manylinux_2_27_x86_64.manylinux_2_28_x86_64.whl (35.3 MB)
   ━━━━━━━━━━━━━━━━━━━━━━━━━━━━━━━━━━━━━━━━ 35.3/35.3 MB 84.7 MB/s  0:00:00
Downloading simpleitk-2.5.5-cp311-abi3-manylinux2014_x86_64.manylinux_2_17_x86_64.whl (52.8 MB)
   ━━━━━━━━━━━━━━━━━━━━━━━━━━━━━━━━━━━━━━━━ 52.8/52.8 MB 92.8 MB/s  0:00:00
Downloading tqdm-4.68.4-py3-none-any.whl (676 kB)
   ━━━━━━━━━━━━━━━━━━━━━━━━━━━━━━━━━━━━━━━━ 676.6/676.6 kB 34.7 MB/s  0:00:00
Downloading typer-0.27.0-py3-none-any.whl (122 kB)
Downloading annotated_doc-0.0.4-py3-none-any.whl (5.3 kB)
Downloading markdown_it_py-4.2.0-py3-none-any.whl (91 kB)
Downloading mdurl-0.1.2-py3-none-any.whl (10.0 kB)
Downloading shellingham-1.5.4-py2.py3-none-any.whl (9.8 kB)
Downloading typing_extensions-4.16.0-py3-none-any.whl (45 kB)
Downloading filelock-3.30.2-py3-none-any.whl (94 kB)
Downloading fsspec-2026.6.0-py3-none-any.whl (203 kB)
Downloading jinja2-3.1.6-py3-none-any.whl (134 kB)
Downloading markupsafe-3.0.3-cp312-cp312-manylinux2014_x86_64.manylinux_2_17_x86_64.manylinux_2_28_x86_64.whl (22 kB)
Downloading networkx-3.6.1-py3-none-any.whl (2.1 MB)
   ━━━━━━━━━━━━━━━━━━━━━━━━━━━━━━━━━━━━━━━━ 2.1/2.1 MB 64.6 MB/s  0:00:00
Downloading setuptools-83.0.0-py3-none-any.whl (1.0 MB)
   ━━━━━━━━━━━━━━━━━━━━━━━━━━━━━━━━━━━━━━━━ 1.0/1.0 MB 71.9 MB/s  0:00:00
Installing collected packages: simpleitk, mpmath, wrapt, typing-extensions, tqdm, sympy, shellingham, setuptools, pygments, packaging, numpy, networkx, mdurl, MarkupSafe, humanize, fsspec, filelock, einops, annotated-doc, scipy, nibabel, markdown-it-py, jinja2, deprecated, torch, rich, typer

Successfully installed MarkupSafe-3.0.3 annotated-doc-0.0.4 deprecated-1.3.1 einops-0.8.2 filelock-3.30.2 fsspec-2026.6.0 humanize-4.16.0 jinja2-3.1.6 markdown-it-py-4.2.0 mdurl-0.1.2 mpmath-1.3.0 networkx-3.6.1 nibabel-5.4.2 numpy-2.5.1 packaging-26.2 pygments-2.20.0 rich-15.0.0 scipy-1.18.0 setuptools-83.0.0 shellingham-1.5.4 simpleitk-2.5.5 sympy-1.13.1 torch-2.5.1+cpu tqdm-4.68.4 typer-0.27.0 typing-extensions-4.16.0 wrapt-2.2.2
Obtaining file://221/codebase
  Installing build dependencies: started
  Installing build dependencies: finished with status 'done'
  Checking if build backend supports build_editable: started
  Checking if build backend supports build_editable: finished with status 'done'
  Getting requirements to build editable: started
  Getting requirements to build editable: finished with status 'done'
  Installing backend dependencies: started
  Installing backend dependencies: finished with status 'done'
  Preparing editable metadata (pyproject.toml): started
  Preparing editable metadata (pyproject.toml): finished with status 'done'
Building wheels for collected packages: torchio
  Building editable for torchio (pyproject.toml): started
  Building editable for torchio (pyproject.toml): finished with status 'done'
  Created wheel for torchio: filename=torchio-0.20.15-py3-none-any.whl size=13740 sha256=dbfaa88378e7fffb7fe2e024164876417c61f9a663eee591912064b3dd42f995
  Stored in directory: /tmp/pip-ephem-wheel-cache-0yuelqhh/wheels/35/8b/81/7444fe357318cba103af2e77a4d3116a1b3e56d9d4adc81691
Successfully built torchio
Installing collected packages: torchio
Successfully installed torchio-0.20.15
Running reproduction
Reproducible: True
global_min=-2.0, padded_shape=(4, 4, 5), z0_face=[[-2.0, -2.0, 1.0, 3.0, -2.0], [-2.0, -2.0, 1.0, 3.0, -2.0], [4.0, 4.0, 5.0, 6.0, 4.0], [-2.0, -2.0, 1.0, 3.0, -2.0]], y0_face=[[-2.0, -2.0, 1.0, 3.0, -2.0], [10.0, 10.0, 11.0, 12.0, 10.0], [-2.0, -2.0, 1.0, 3.0, -2.0], [-2.0, -2.0, 1.0, 3.0, -2.0]], x0_face=[[-2.0, -2.0, 4.0, -2.0], [10.0, 10.0, 13.0, 10.0], [-2.0, -2.0, 4.0, -2.0], [-2.0, -2.0, 4.0, -2.0]]
