Requirement already satisfied: pip in ./.venv/lib/python3.12/site-packages (24.0)
Collecting pip
  Downloading pip-26.1.2-py3-none-any.whl.metadata (4.6 kB)
Collecting wheel
  Downloading wheel-0.47.0-py3-none-any.whl.metadata (2.3 kB)
Collecting packaging>=24.0 (from wheel)
  Downloading packaging-26.2-py3-none-any.whl.metadata (3.5 kB)
Downloading pip-26.1.2-py3-none-any.whl (1.8 MB)
   ━━━━━━━━━━━━━━━━━━━━━━━━━━━━━━━━━━━━━━━━ 1.8/1.8 MB 23.2 MB/s eta 0:00:00
Downloading wheel-0.47.0-py3-none-any.whl (32 kB)
Downloading packaging-26.2-py3-none-any.whl (100 kB)
   ━━━━━━━━━━━━━━━━━━━━━━━━━━━━━━━━━━━━━━━ 100.2/100.2 kB 509.5 MB/s eta 0:00:00
Installing collected packages: pip, packaging, wheel
  Attempting uninstall: pip
    Found existing installation: pip 24.0
    Uninstalling pip-24.0:
      Successfully uninstalled pip-24.0
Successfully installed packaging-26.2 pip-26.1.2 wheel-0.47.0
Looking in indexes: https://pypi.org/simple, https://download.pytorch.org/whl/cpu
Collecting torch==2.13.0+cpu (from -r 611/requirements.txt (line 2))
  Downloading torch-2.13.0%2Bcpu-cp312-cp312-manylinux_2_28_x86_64.whl.metadata (37 kB)
Collecting setuptools<81 (from -r 611/requirements.txt (line 3))
  Downloading setuptools-80.10.2-py3-none-any.whl.metadata (6.6 kB)
Collecting numpy (from -r 611/requirements.txt (line 4))
  Downloading numpy-2.5.1-cp312-cp312-manylinux_2_27_x86_64.manylinux_2_28_x86_64.whl.metadata (6.6 kB)
Requirement already satisfied: packaging in ./.venv/lib/python3.12/site-packages (from -r 611/requirements.txt (line 5)) (26.2)
Collecting psutil (from -r 611/requirements.txt (line 6))
  Downloading psutil-7.2.2-cp36-abi3-manylinux2010_x86_64.manylinux_2_12_x86_64.manylinux_2_28_x86_64.whl.metadata (22 kB)
Collecting pyyaml (from -r 611/requirements.txt (line 7))
  Downloading pyyaml-6.0.3-cp312-cp312-manylinux2014_x86_64.manylinux_2_17_x86_64.manylinux_2_28_x86_64.whl.metadata (2.4 kB)
Collecting filelock (from torch==2.13.0+cpu->-r 611/requirements.txt (line 2))
  Downloading filelock-3.30.2-py3-none-any.whl.metadata (2.0 kB)
Collecting typing-extensions>=4.10.0 (from torch==2.13.0+cpu->-r 611/requirements.txt (line 2))
  Downloading typing_extensions-4.16.0-py3-none-any.whl.metadata (3.3 kB)
Collecting sympy>=1.13.3 (from torch==2.13.0+cpu->-r 611/requirements.txt (line 2))
  Downloading sympy-1.14.0-py3-none-any.whl.metadata (12 kB)
Collecting networkx>=2.5.1 (from torch==2.13.0+cpu->-r 611/requirements.txt (line 2))
  Downloading networkx-3.6.1-py3-none-any.whl.metadata (6.8 kB)
Collecting jinja2 (from torch==2.13.0+cpu->-r 611/requirements.txt (line 2))
  Downloading jinja2-3.1.6-py3-none-any.whl.metadata (2.9 kB)
Collecting fsspec>=0.8.5 (from torch==2.13.0+cpu->-r 611/requirements.txt (line 2))
  Downloading fsspec-2026.6.0-py3-none-any.whl.metadata (10 kB)
Collecting mpmath<1.4,>=1.1.0 (from sympy>=1.13.3->torch==2.13.0+cpu->-r 611/requirements.txt (line 2))
  Downloading mpmath-1.3.0-py3-none-any.whl.metadata (8.6 kB)
Collecting MarkupSafe>=2.0 (from jinja2->torch==2.13.0+cpu->-r 611/requirements.txt (line 2))
  Downloading markupsafe-3.0.3-cp312-cp312-manylinux2014_x86_64.manylinux_2_17_x86_64.manylinux_2_28_x86_64.whl.metadata (2.7 kB)
Downloading torch-2.13.0%2Bcpu-cp312-cp312-manylinux_2_28_x86_64.whl (191.8 MB)
   ━━━━━━━━━━━━━━━━━━━━━━━━━━━━━━━━━━━━━━━━ 191.8/191.8 MB 107.0 MB/s  0:00:01
Downloading setuptools-80.10.2-py3-none-any.whl (1.1 MB)
   ━━━━━━━━━━━━━━━━━━━━━━━━━━━━━━━━━━━━━━━━ 1.1/1.1 MB 27.3 MB/s  0:00:00
Downloading numpy-2.5.1-cp312-cp312-manylinux_2_27_x86_64.manylinux_2_28_x86_64.whl (16.7 MB)
   ━━━━━━━━━━━━━━━━━━━━━━━━━━━━━━━━━━━━━━━━ 16.7/16.7 MB 70.9 MB/s  0:00:00
Downloading psutil-7.2.2-cp36-abi3-manylinux2010_x86_64.manylinux_2_12_x86_64.manylinux_2_28_x86_64.whl (155 kB)
Downloading pyyaml-6.0.3-cp312-cp312-manylinux2014_x86_64.manylinux_2_17_x86_64.manylinux_2_28_x86_64.whl (807 kB)
   ━━━━━━━━━━━━━━━━━━━━━━━━━━━━━━━━━━━━━━━━ 807.9/807.9 kB 67.1 MB/s  0:00:00
Downloading fsspec-2026.6.0-py3-none-any.whl (203 kB)
Downloading networkx-3.6.1-py3-none-any.whl (2.1 MB)
   ━━━━━━━━━━━━━━━━━━━━━━━━━━━━━━━━━━━━━━━━ 2.1/2.1 MB 83.5 MB/s  0:00:00
Downloading sympy-1.14.0-py3-none-any.whl (6.3 MB)
   ━━━━━━━━━━━━━━━━━━━━━━━━━━━━━━━━━━━━━━━━ 6.3/6.3 MB 80.8 MB/s  0:00:00
Downloading mpmath-1.3.0-py3-none-any.whl (536 kB)
   ━━━━━━━━━━━━━━━━━━━━━━━━━━━━━━━━━━━━━━━━ 536.2/536.2 kB 104.0 MB/s  0:00:00
Downloading typing_extensions-4.16.0-py3-none-any.whl (45 kB)
Downloading filelock-3.30.2-py3-none-any.whl (94 kB)
Downloading jinja2-3.1.6-py3-none-any.whl (134 kB)
Downloading markupsafe-3.0.3-cp312-cp312-manylinux2014_x86_64.manylinux_2_17_x86_64.manylinux_2_28_x86_64.whl (22 kB)
Installing collected packages: mpmath, typing-extensions, sympy, setuptools, pyyaml, psutil, numpy, networkx, MarkupSafe, fsspec, filelock, jinja2, torch

Successfully installed MarkupSafe-3.0.3 filelock-3.30.2 fsspec-2026.6.0 jinja2-3.1.6 mpmath-1.3.0 networkx-3.6.1 numpy-2.5.1 psutil-7.2.2 pyyaml-6.0.3 setuptools-80.10.2 sympy-1.14.0 torch-2.13.0+cpu typing-extensions-4.16.0
Obtaining file://611/codebase
  Installing build dependencies: started
  Installing build dependencies: finished with status 'done'
  Checking if build backend supports build_editable: started
  Checking if build backend supports build_editable: finished with status 'done'
  Getting requirements to build editable: started
  Getting requirements to build editable: finished with status 'done'
  Preparing editable metadata (pyproject.toml): started
  Preparing editable metadata (pyproject.toml): finished with status 'done'
Requirement already satisfied: numpy>=1.17 in ./.venv/lib/python3.12/site-packages (from accelerate==0.15.0.dev0) (2.5.1)
Requirement already satisfied: packaging>=20.0 in ./.venv/lib/python3.12/site-packages (from accelerate==0.15.0.dev0) (26.2)
Requirement already satisfied: psutil in ./.venv/lib/python3.12/site-packages (from accelerate==0.15.0.dev0) (7.2.2)
Requirement already satisfied: pyyaml in ./.venv/lib/python3.12/site-packages (from accelerate==0.15.0.dev0) (6.0.3)
Requirement already satisfied: torch>=1.4.0 in ./.venv/lib/python3.12/site-packages (from accelerate==0.15.0.dev0) (2.13.0+cpu)
Requirement already satisfied: filelock in ./.venv/lib/python3.12/site-packages (from torch>=1.4.0->accelerate==0.15.0.dev0) (3.30.2)
Requirement already satisfied: typing-extensions>=4.10.0 in ./.venv/lib/python3.12/site-packages (from torch>=1.4.0->accelerate==0.15.0.dev0) (4.16.0)
Requirement already satisfied: setuptools>=77.0.3 in ./.venv/lib/python3.12/site-packages (from torch>=1.4.0->accelerate==0.15.0.dev0) (80.10.2)
Requirement already satisfied: sympy>=1.13.3 in ./.venv/lib/python3.12/site-packages (from torch>=1.4.0->accelerate==0.15.0.dev0) (1.14.0)
Requirement already satisfied: networkx>=2.5.1 in ./.venv/lib/python3.12/site-packages (from torch>=1.4.0->accelerate==0.15.0.dev0) (3.6.1)
Requirement already satisfied: jinja2 in ./.venv/lib/python3.12/site-packages (from torch>=1.4.0->accelerate==0.15.0.dev0) (3.1.6)
Requirement already satisfied: fsspec>=0.8.5 in ./.venv/lib/python3.12/site-packages (from torch>=1.4.0->accelerate==0.15.0.dev0) (2026.6.0)
Requirement already satisfied: mpmath<1.4,>=1.1.0 in ./.venv/lib/python3.12/site-packages (from sympy>=1.13.3->torch>=1.4.0->accelerate==0.15.0.dev0) (1.3.0)
Requirement already satisfied: MarkupSafe>=2.0 in ./.venv/lib/python3.12/site-packages (from jinja2->torch>=1.4.0->accelerate==0.15.0.dev0) (3.0.3)
Building wheels for collected packages: accelerate
  Building editable for accelerate (pyproject.toml): started
  Building editable for accelerate (pyproject.toml): finished with status 'done'
  Created wheel for accelerate: filename=accelerate-0.15.0.dev0-0.editable-py3-none-any.whl size=11217 sha256=95cc4dff59d7e5b9920543cac5db537120e111591c5a147b13ed3c04da701ae9
  Stored in directory: /tmp/pip-ephem-wheel-cache-jwrqzm5b/wheels/58/84/7d/17c3b452a781fed648be8ec2eb9c98e81bc86c7e9b582e4f8e
Successfully built accelerate
Installing collected packages: accelerate
Successfully installed accelerate-0.15.0.dev0
first_train_batch [0, 1]
state_before_eval Sync Gradients: True
At end of current dataloader: False
Extra samples added: 0
eval_gathered_shape (4,) values [0, 1, 2, 3]
eval_gathered_shape (2,) values [4, 5]
state_after_eval Sync Gradients: True
At end of current dataloader: True
Extra samples added: 2
train_after_eval_shape (2,) values [4, 5]
expected_train_after_eval_shape 4
