Requirement already satisfied: pip in ./.venv/lib/python3.12/site-packages (24.0)
Collecting pip
  Downloading pip-26.1.2-py3-none-any.whl.metadata (4.6 kB)
Collecting setuptools
  Downloading setuptools-83.0.0-py3-none-any.whl.metadata (6.6 kB)
Collecting wheel
  Downloading wheel-0.47.0-py3-none-any.whl.metadata (2.3 kB)
Collecting packaging>=24.0 (from wheel)
  Downloading packaging-26.2-py3-none-any.whl.metadata (3.5 kB)
Downloading pip-26.1.2-py3-none-any.whl (1.8 MB)
   ━━━━━━━━━━━━━━━━━━━━━━━━━━━━━━━━━━━━━━━━ 1.8/1.8 MB 22.4 MB/s eta 0:00:00

Downloading setuptools-83.0.0-py3-none-any.whl (1.0 MB)
   ━━━━━━━━━━━━━━━━━━━━━━━━━━━━━━━━━━━━━━━━ 1.0/1.0 MB 71.4 MB/s eta 0:00:00

Downloading wheel-0.47.0-py3-none-any.whl (32 kB)
Downloading packaging-26.2-py3-none-any.whl (100 kB)
   ━━━━━━━━━━━━━━━━━━━━━━━━━━━━━━━━━━━━━━━ 100.2/100.2 kB 479.3 MB/s eta 0:00:00

Installing collected packages: setuptools, pip, packaging, wheel
  Attempting uninstall: pip
    Found existing installation: pip 24.0
    Uninstalling pip-24.0:
      Successfully uninstalled pip-24.0
Successfully installed packaging-26.2 pip-26.1.2 setuptools-83.0.0 wheel-0.47.0
Requirement already satisfied: pip>=25.0 in ./.venv/lib/python3.12/site-packages (from -r 299/requirements.txt (line 1)) (26.1.2)
Requirement already satisfied: setuptools>=70.0 in ./.venv/lib/python3.12/site-packages (from -r 299/requirements.txt (line 2)) (83.0.0)
Requirement already satisfied: wheel>=0.45 in ./.venv/lib/python3.12/site-packages (from -r 299/requirements.txt (line 3)) (0.47.0)
Requirement already satisfied: packaging>=24.0 in ./.venv/lib/python3.12/site-packages (from wheel>=0.45->-r 299/requirements.txt (line 3)) (26.2)
Environment
  python: 3.12.3
  platform: Linux-6.17.0-1024-oem-x86_64-with-glibc2.39
  machine: x86_64
  processor: x86_64
  executable: 299/.venv/bin/python
$ 299/.venv/bin/python -m pip install --no-cache-dir --no-build-isolation --no-deps --ignore-installed 299/codebase
Processing ./codebase
  Preparing metadata (pyproject.toml): started
  Preparing metadata (pyproject.toml): finished with status 'done'
Building wheels for collected packages: transformers
  Building wheel for transformers (pyproject.toml): started
  Building wheel for transformers (pyproject.toml): finished with status 'done'
  Created wheel for transformers: filename=transformers-5.14.0.dev0-py3-none-any.whl size=12782399 sha256=8ad1fb015c7f0ed2a4fad0c3f2bd1c8ffa87df70c92544cc7796bdf0a4ae635e
  Stored in directory: /tmp/pip-ephem-wheel-cache-oh_5d4b6/wheels/96/cb/61/0191633bfa7529f946d9972b478cb8fdb94f0c34d2055b36fa
Successfully built transformers
Installing collected packages: transformers
Successfully installed transformers-5.14.0.dev0
$ 299/.venv/bin/python -m pip install --no-cache-dir --ignore-installed tokenizers==0.23.0
$ 299/.venv/bin/python -m pip install --no-cache-dir --ignore-installed tokenizers==0.23.1
Collecting tokenizers==0.23.1
  Downloading tokenizers-0.23.1-cp310-abi3-manylinux_2_17_x86_64.manylinux2014_x86_64.whl.metadata (9.8 kB)
Collecting huggingface-hub<2.0,>=0.16.4 (from tokenizers==0.23.1)
  Downloading huggingface_hub-1.23.0-py3-none-any.whl.metadata (14 kB)
Collecting click<9.0.0,>=8.4.2 (from huggingface-hub<2.0,>=0.16.4->tokenizers==0.23.1)
  Downloading click-8.4.2-py3-none-any.whl.metadata (2.6 kB)
Collecting filelock>=3.10.0 (from huggingface-hub<2.0,>=0.16.4->tokenizers==0.23.1)
  Downloading filelock-3.30.2-py3-none-any.whl.metadata (2.0 kB)
Collecting fsspec>=2023.5.0 (from huggingface-hub<2.0,>=0.16.4->tokenizers==0.23.1)
  Downloading fsspec-2026.6.0-py3-none-any.whl.metadata (10 kB)
Collecting hf-xet<2.0.0,>=1.5.1 (from huggingface-hub<2.0,>=0.16.4->tokenizers==0.23.1)
  Downloading hf_xet-1.5.2-cp38-abi3-manylinux2014_x86_64.manylinux_2_17_x86_64.whl.metadata (4.9 kB)
Collecting httpx<1,>=0.23.0 (from huggingface-hub<2.0,>=0.16.4->tokenizers==0.23.1)
  Downloading httpx-0.28.1-py3-none-any.whl.metadata (7.1 kB)
Collecting packaging>=20.9 (from huggingface-hub<2.0,>=0.16.4->tokenizers==0.23.1)
  Downloading packaging-26.2-py3-none-any.whl.metadata (3.5 kB)
Collecting pyyaml>=5.1 (from huggingface-hub<2.0,>=0.16.4->tokenizers==0.23.1)
  Downloading pyyaml-6.0.3-cp312-cp312-manylinux2014_x86_64.manylinux_2_17_x86_64.manylinux_2_28_x86_64.whl.metadata (2.4 kB)
Collecting tqdm>=4.42.1 (from huggingface-hub<2.0,>=0.16.4->tokenizers==0.23.1)
  Downloading tqdm-4.68.4-py3-none-any.whl.metadata (57 kB)
Collecting typing-extensions>=4.1.0 (from huggingface-hub<2.0,>=0.16.4->tokenizers==0.23.1)
  Downloading typing_extensions-4.16.0-py3-none-any.whl.metadata (3.3 kB)
Collecting anyio (from httpx<1,>=0.23.0->huggingface-hub<2.0,>=0.16.4->tokenizers==0.23.1)
  Downloading anyio-4.14.2-py3-none-any.whl.metadata (4.6 kB)
Collecting certifi (from httpx<1,>=0.23.0->huggingface-hub<2.0,>=0.16.4->tokenizers==0.23.1)
  Downloading certifi-2026.6.17-py3-none-any.whl.metadata (2.5 kB)
Collecting httpcore==1.* (from httpx<1,>=0.23.0->huggingface-hub<2.0,>=0.16.4->tokenizers==0.23.1)
  Downloading httpcore-1.0.9-py3-none-any.whl.metadata (21 kB)
Collecting idna (from httpx<1,>=0.23.0->huggingface-hub<2.0,>=0.16.4->tokenizers==0.23.1)
  Downloading idna-3.18-py3-none-any.whl.metadata (6.1 kB)
Collecting h11>=0.16 (from httpcore==1.*->httpx<1,>=0.23.0->huggingface-hub<2.0,>=0.16.4->tokenizers==0.23.1)
  Downloading h11-0.16.0-py3-none-any.whl.metadata (8.3 kB)
Downloading tokenizers-0.23.1-cp310-abi3-manylinux_2_17_x86_64.manylinux2014_x86_64.whl (3.3 MB)
   ━━━━━━━━━━━━━━━━━━━━━━━━━━━━━━━━━━━━━━━━ 3.3/3.3 MB 37.1 MB/s  0:00:00

Downloading huggingface_hub-1.23.0-py3-none-any.whl (770 kB)
   ━━━━━━━━━━━━━━━━━━━━━━━━━━━━━━━━━━━━━━━━ 770.3/770.3 kB 49.0 MB/s  0:00:00

Downloading click-8.4.2-py3-none-any.whl (119 kB)
Downloading hf_xet-1.5.2-cp38-abi3-manylinux2014_x86_64.manylinux_2_17_x86_64.whl (4.4 MB)
   ━━━━━━━━━━━━━━━━━━━━━━━━━━━━━━━━━━━━━━━━ 4.4/4.4 MB 47.6 MB/s  0:00:00

Downloading httpx-0.28.1-py3-none-any.whl (73 kB)
Downloading httpcore-1.0.9-py3-none-any.whl (78 kB)
Downloading filelock-3.30.2-py3-none-any.whl (94 kB)
Downloading fsspec-2026.6.0-py3-none-any.whl (203 kB)
Downloading h11-0.16.0-py3-none-any.whl (37 kB)
Downloading packaging-26.2-py3-none-any.whl (100 kB)
Downloading pyyaml-6.0.3-cp312-cp312-manylinux2014_x86_64.manylinux_2_17_x86_64.manylinux_2_28_x86_64.whl (807 kB)
   ━━━━━━━━━━━━━━━━━━━━━━━━━━━━━━━━━━━━━━━━ 807.9/807.9 kB 123.4 MB/s  0:00:00

Downloading tqdm-4.68.4-py3-none-any.whl (676 kB)
   ━━━━━━━━━━━━━━━━━━━━━━━━━━━━━━━━━━━━━━━━ 676.6/676.6 kB 38.5 MB/s  0:00:00

Downloading typing_extensions-4.16.0-py3-none-any.whl (45 kB)
Downloading anyio-4.14.2-py3-none-any.whl (125 kB)
Downloading idna-3.18-py3-none-any.whl (65 kB)
Downloading certifi-2026.6.17-py3-none-any.whl (133 kB)
Installing collected packages: typing-extensions, tqdm, pyyaml, packaging, idna, hf-xet, h11, fsspec, filelock, click, certifi, httpcore, anyio, httpx, huggingface-hub, tokenizers


Successfully installed anyio-4.14.2 certifi-2026.6.17 click-8.4.2 filelock-3.30.2 fsspec-2026.6.0 h11-0.16.0 hf-xet-1.5.2 httpcore-1.0.9 httpx-0.28.1 huggingface-hub-1.23.0 idna-3.18 packaging-26.2 pyyaml-6.0.3 tokenizers-0.23.1 tqdm-4.68.4 typing-extensions-4.16.0
$ 299/.venv/bin/python -c from importlib import metadata; print(metadata.version('transformers')); print(metadata.version('tokenizers'))
5.14.0.dev0
0.23.1
Result: not reproducible in this environment.
Reason: this host is Linux x86_64 and does not have the Android/Termux clang++ toolchain used in the report.
