2026-07-17 01:44:44.160794: E tensorflow/compiler/xla/stream_executor/cuda/cuda_dnn.cc:9342] Unable to register cuDNN factory: Attempting to register factory for plugin cuDNN when one has already been registered
2026-07-17 01:44:44.160841: E tensorflow/compiler/xla/stream_executor/cuda/cuda_fft.cc:609] Unable to register cuFFT factory: Attempting to register factory for plugin cuFFT when one has already been registered
2026-07-17 01:44:44.160857: E tensorflow/compiler/xla/stream_executor/cuda/cuda_blas.cc:1518] Unable to register cuBLAS factory: Attempting to register factory for plugin cuBLAS when one has already been registered
Traceback (most recent call last):
  File "058/repro.py", line 51, in <module>
    main()
  File "058/repro.py", line 47, in main
    model.fit(dataset, epochs=1, steps_per_epoch=1)
  File "058/.venv/lib/python3.11/site-packages/keras/src/utils/traceback_utils.py", line 70, in error_handler
    raise e.with_traceback(filtered_tb) from None
  File "058/.venv/lib/python3.11/site-packages/tensorflow/python/eager/execute.py", line 60, in quick_execute
    tensors = pywrap_tfe.TFE_Py_Execute(ctx._handle, device_name, op_name,
  ^^^^^^^^^^^^^^^^^^^^^^^^^^^^^^^^^^^^^^^^^^^^^^^^^^^^^^^^^^^^^^^^^^^^^^^^
tensorflow.python.framework.errors_impl.InvalidArgumentError: Graph execution error:

Detected at node retina_net_label_encoder/GatherV2_1 defined at (most recent call last):
  File "058/repro.py", line 51, in <module>

  File "058/repro.py", line 47, in main

  File "058/.venv/lib/python3.11/site-packages/keras/src/utils/traceback_utils.py", line 65, in error_handler

  File "058/.venv/lib/python3.11/site-packages/keras/src/engine/training.py", line 1783, in fit

  File "058/.venv/lib/python3.11/site-packages/keras/src/engine/training.py", line 1377, in train_function

  File "058/.venv/lib/python3.11/site-packages/keras/src/engine/training.py", line 1360, in step_function

  File "058/.venv/lib/python3.11/site-packages/keras/src/engine/training.py", line 1349, in run_step

  File "058/.venv/lib/python3.11/site-packages/keras_cv/src/models/object_detection/retinanet/retinanet.py", line 466, in train_step

  File "058/.venv/lib/python3.11/site-packages/keras/src/engine/training.py", line 1127, in train_step

  File "058/.venv/lib/python3.11/site-packages/keras_cv/src/models/object_detection/retinanet/retinanet.py", line 406, in compute_loss

  File "058/.venv/lib/python3.11/site-packages/keras/src/utils/traceback_utils.py", line 65, in error_handler

  File "058/.venv/lib/python3.11/site-packages/keras/src/engine/base_layer.py", line 1149, in __call__

  File "058/.venv/lib/python3.11/site-packages/keras/src/utils/traceback_utils.py", line 96, in error_handler

  File "058/.venv/lib/python3.11/site-packages/keras_cv/src/models/object_detection/retinanet/retinanet_label_encoder.py", line 215, in call

  File "058/.venv/lib/python3.11/site-packages/keras_cv/src/models/object_detection/retinanet/retinanet_label_encoder.py", line 138, in _encode_sample

  File "058/.venv/lib/python3.11/site-packages/keras_cv/src/utils/target_gather.py", line 116, in _target_gather

  File "058/.venv/lib/python3.11/site-packages/keras_cv/src/utils/target_gather.py", line 118, in _target_gather

  File "058/.venv/lib/python3.11/site-packages/keras_cv/src/utils/target_gather.py", line 119, in _target_gather

  File "058/.venv/lib/python3.11/site-packages/keras_cv/src/utils/target_gather.py", line 87, in _gather_batched

  File "058/.venv/lib/python3.11/site-packages/keras_cv/src/utils/target_gather.py", line 104, in _gather_batched

  File "058/.venv/lib/python3.11/site-packages/keras_core/src/backend/tensorflow/numpy.py", line 673, in take_along_axis

indices[0,10000] = 0 is not in [0, 0)
	 [[{{node retina_net_label_encoder/GatherV2_1}}]] [Op:__inference_train_function_18906]
