Requirement already satisfied: pip in ./.venv/lib/python3.12/site-packages (26.1.2)
Requirement already satisfied: setuptools in ./.venv/lib/python3.12/site-packages (83.0.0)
Requirement already satisfied: wheel in ./.venv/lib/python3.12/site-packages (0.47.0)
Requirement already satisfied: packaging>=24.0 in ./.venv/lib/python3.12/site-packages (from wheel) (26.2)
Looking in indexes: https://pypi.org/simple, https://download.pytorch.org/whl/cpu
Requirement already satisfied: torch==2.7.1 in ./.venv/lib/python3.12/site-packages (from -r 324/requirements.txt (line 1)) (2.7.1+cpu)
Requirement already satisfied: numpy==2.5.1 in ./.venv/lib/python3.12/site-packages (from -r 324/requirements.txt (line 2)) (2.5.1)
Requirement already satisfied: gymnasium==1.1.1 in ./.venv/lib/python3.12/site-packages (from -r 324/requirements.txt (line 3)) (1.1.1)
Requirement already satisfied: tensordict==0.13.0 in ./.venv/lib/python3.12/site-packages (from -r 324/requirements.txt (line 4)) (0.13.0)
Requirement already satisfied: pyvers==0.2.3 in ./.venv/lib/python3.12/site-packages (from -r 324/requirements.txt (line 5)) (0.2.3)
Requirement already satisfied: cloudpickle==3.1.2 in ./.venv/lib/python3.12/site-packages (from -r 324/requirements.txt (line 6)) (3.1.2)
Requirement already satisfied: filelock in ./.venv/lib/python3.12/site-packages (from torch==2.7.1->-r 324/requirements.txt (line 1)) (3.29.0)
Requirement already satisfied: typing-extensions>=4.10.0 in ./.venv/lib/python3.12/site-packages (from torch==2.7.1->-r 324/requirements.txt (line 1)) (4.15.0)
Requirement already satisfied: setuptools in ./.venv/lib/python3.12/site-packages (from torch==2.7.1->-r 324/requirements.txt (line 1)) (83.0.0)
Requirement already satisfied: sympy>=1.13.3 in ./.venv/lib/python3.12/site-packages (from torch==2.7.1->-r 324/requirements.txt (line 1)) (1.14.0)
Requirement already satisfied: networkx in ./.venv/lib/python3.12/site-packages (from torch==2.7.1->-r 324/requirements.txt (line 1)) (3.6.1)
Requirement already satisfied: jinja2 in ./.venv/lib/python3.12/site-packages (from torch==2.7.1->-r 324/requirements.txt (line 1)) (3.1.6)
Requirement already satisfied: fsspec in ./.venv/lib/python3.12/site-packages (from torch==2.7.1->-r 324/requirements.txt (line 1)) (2026.4.0)
Requirement already satisfied: farama-notifications>=0.0.1 in ./.venv/lib/python3.12/site-packages (from gymnasium==1.1.1->-r 324/requirements.txt (line 3)) (0.0.6)
Requirement already satisfied: packaging in ./.venv/lib/python3.12/site-packages (from tensordict==0.13.0->-r 324/requirements.txt (line 4)) (26.2)
Requirement already satisfied: importlib_metadata in ./.venv/lib/python3.12/site-packages (from tensordict==0.13.0->-r 324/requirements.txt (line 4)) (9.0.0)
Requirement already satisfied: orjson in ./.venv/lib/python3.12/site-packages (from tensordict==0.13.0->-r 324/requirements.txt (line 4)) (3.11.9)
Requirement already satisfied: mpmath<1.4,>=1.1.0 in ./.venv/lib/python3.12/site-packages (from sympy>=1.13.3->torch==2.7.1->-r 324/requirements.txt (line 1)) (1.3.0)
Requirement already satisfied: zipp>=3.20 in ./.venv/lib/python3.12/site-packages (from importlib_metadata->tensordict==0.13.0->-r 324/requirements.txt (line 4)) (4.1.0)
Requirement already satisfied: MarkupSafe>=2.0 in ./.venv/lib/python3.12/site-packages (from jinja2->torch==2.7.1->-r 324/requirements.txt (line 1)) (3.0.3)
preemptive_threshold=1.0, elapsed=17.070s
preemptive_threshold=0.99, elapsed=1.973s
elapsed_ratio=8.65x
bug_reproduced=yes
