Traceback (most recent call last):
  File "045/repro.py", line 41, in <module>
    main()
  File "045/repro.py", line 36, in main
    cfg.model.input_feat_per_channel = 80
    ^^^^^^^^^^^^^^^^^^^^^^^^^^^^^^^^
  File "045/.venv/lib/python3.12/site-packages/omegaconf/dictconfig.py", line 337, in __setattr__
    raise e
  File "045/.venv/lib/python3.12/site-packages/omegaconf/dictconfig.py", line 334, in __setattr__
    self.__set_impl(key, value)
  File "045/.venv/lib/python3.12/site-packages/omegaconf/dictconfig.py", line 318, in __set_impl
    self._set_item_impl(key, value)
  File "045/.venv/lib/python3.12/site-packages/omegaconf/basecontainer.py", line 549, in _set_item_impl
    self._validate_set(key, value)
  File "045/.venv/lib/python3.12/site-packages/omegaconf/dictconfig.py", line 180, in _validate_set
    target = self._get_node(key) if key is not None else self
             ^^^^^^^^^^^^^^^^^^^
  File "045/.venv/lib/python3.12/site-packages/omegaconf/dictconfig.py", line 475, in _get_node
    self._validate_get(key)
  File "045/.venv/lib/python3.12/site-packages/omegaconf/dictconfig.py", line 164, in _validate_get
    self._format_and_raise(
  File "045/.venv/lib/python3.12/site-packages/omegaconf/base.py", line 231, in _format_and_raise
    format_and_raise(
  File "045/.venv/lib/python3.12/site-packages/omegaconf/_utils.py", line 899, in format_and_raise
    _raise(ex, cause)
  File "045/.venv/lib/python3.12/site-packages/omegaconf/_utils.py", line 797, in _raise
    raise ex.with_traceback(sys.exc_info()[2])  # set env var OC_CAUSE=1 for full trace
    ^^^^^^^^^^^^^^^^^^^^^^^^^^^^^^^^^^^^^^^^^^
omegaconf.errors.ConfigAttributeError: Key 'input_feat_per_channel' is not in struct
    full_key: model.input_feat_per_channel
    object_type=dict
