{
  "reproducible": true,
  "output_max_abs_diff": 0.7282570600509644,
  "base_weight_max_abs_diff": 0.333167165517807,
  "before_output": [
    [
      0.0591956228017807,
      -0.13289874792099,
      0.33784347772598267,
      0.266335129737854,
      0.3473842144012451,
      -0.6629772782325745,
      0.515256404876709,
      -0.533979594707489
    ],
    [
      0.6475487947463989,
      0.21606558561325073,
      0.2613096237182617,
      0.485767126083374,
      1.421769380569458,
      0.41060978174209595,
      -0.31918519735336304,
      0.35555216670036316
    ]
  ],
  "after_output": [
    [
      0.12636074423789978,
      -0.025143228471279144,
      0.29742854833602905,
      0.4518301486968994,
      0.4223252534866333,
      -0.4868161678314209,
      0.4184643626213074,
      -0.5641880631446838
    ],
    [
      -0.0560230016708374,
      -0.03624609112739563,
      -0.2351115196943283,
      -0.005304604768753052,
      0.6935123205184937,
      -0.08881215751171112,
      0.3938053250312805,
      -0.031135685741901398
    ]
  ],
  "notes": "Loading the PiSSA adapter mutates the shared base linear weight. When the earlier non-PiSSA adapter is re-activated, its output changes."
}
