273/.venv_test/lib/python3.12/site-packages/torch/cuda/__init__.py:287: UserWarning: 
NVIDIA RTX PRO 6000 Blackwell Max-Q Workstation Edition with CUDA capability sm_120 is not compatible with the current PyTorch installation.
The current PyTorch install supports CUDA capabilities sm_50 sm_60 sm_70 sm_75 sm_80 sm_86 sm_90.
If you want to use the NVIDIA RTX PRO 6000 Blackwell Max-Q Workstation Edition GPU with PyTorch, please check the instructions at https://pytorch.org/get-started/locally/

  warnings.warn(
Traceback (most recent call last):
  File "273/repro.py", line 46, in main
    model.generate(
  File "273/codebase/src/peft/peft_model.py", line 1934, in generate
    outputs = self.base_model.generate(*args, **kwargs)
              ^^^^^^^^^^^^^^^^^^^^^^^^^^^^^^^^^^^^^^^^^
  File "273/.venv_test/lib/python3.12/site-packages/torch/utils/_contextlib.py", line 116, in decorate_context
    return func(*args, **kwargs)
           ^^^^^^^^^^^^^^^^^^^^^
  File "273/.venv_test/lib/python3.12/site-packages/transformers/generation/utils.py", line 2633, in generate
    result = self._sample(
             ^^^^^^^^^^^^^
  File "273/.venv_test/lib/python3.12/site-packages/transformers/generation/utils.py", line 3617, in _sample
    outputs = model_forward(**model_inputs, return_dict=True)
              ^^^^^^^^^^^^^^^^^^^^^^^^^^^^^^^^^^^^^^^^^^^^^^^
  File "273/.venv_test/lib/python3.12/site-packages/torch/_dynamo/eval_frame.py", line 659, in _fn
    raise e.with_traceback(None) from None
torch._dynamo.exc.Unsupported: Data-dependent branching
  Explanation: Detected data-dependent branching (e.g. `if my_tensor.sum() > 0:`). Dynamo does not support tracing dynamic control flow.
  Hint: This graph break is fundamental - it is unlikely that Dynamo will ever be able to trace through your code. Consider finding a workaround.
  Hint: Use `torch.cond` to express dynamic control flow.

  Developer debug context: attempted to jump with TensorVariable()


from user code:
   File "273/.venv_test/lib/python3.12/site-packages/transformers/utils/generic.py", line 961, in wrapper
    output = func(self, *args, **kwargs)
  File "273/.venv_test/lib/python3.12/site-packages/transformers/models/gemma3/modeling_gemma3.py", line 658, in forward
    outputs: BaseModelOutputWithPast = self.model(
  File "273/.venv_test/lib/python3.12/site-packages/transformers/utils/generic.py", line 1069, in wrapper
    outputs = func(self, *args, **kwargs)
  File "273/.venv_test/lib/python3.12/site-packages/transformers/models/gemma3/modeling_gemma3.py", line 559, in forward
    layer_outputs = decoder_layer(
  File "273/.venv_test/lib/python3.12/site-packages/transformers/modeling_layers.py", line 94, in __call__
    return super().__call__(*args, **kwargs)
  File "273/.venv_test/lib/python3.12/site-packages/torch/nn/modules/module.py", line 1751, in _wrapped_call_impl
    return self._call_impl(*args, **kwargs)
  File "273/.venv_test/lib/python3.12/site-packages/torch/nn/modules/module.py", line 1762, in _call_impl
    return forward_call(*args, **kwargs)
  File "273/.venv_test/lib/python3.12/site-packages/transformers/utils/deprecation.py", line 172, in wrapped_func
    return func(*args, **kwargs)
  File "273/.venv_test/lib/python3.12/site-packages/transformers/models/gemma3/modeling_gemma3.py", line 393, in forward
    hidden_states, self_attn_weights = self.self_attn(
  File "273/.venv_test/lib/python3.12/site-packages/transformers/models/gemma3/modeling_gemma3.py", line 319, in forward
    query_states = self.q_proj(hidden_states).view(hidden_shape).transpose(1, 2)
  File "273/codebase/src/peft/tuners/vblora/layer.py", line 244, in forward
    A, B = self._get_lora_matrices(active_adapter)
  File "273/codebase/src/peft/tuners/vblora/layer.py", line 191, in _get_lora_matrices
    if self.training and vblora_logits_A[0, 0].isinf().any():

Set TORCHDYNAMO_VERBOSE=1 for the internal stack trace (please do this especially if you're reporting a bug to PyTorch). For even more developer context, set TORCH_LOGS="+dynamo"

