{
  "actual_batch_ids": [
    [
      [
        10,
        0,
        0,
        0
      ],
      [
        10,
        0,
        1,
        0
      ],
      [
        10,
        1,
        0,
        0
      ],
      [
        10,
        1,
        1,
        0
      ]
    ],
    [
      [
        20,
        0,
        0,
        0
      ],
      [
        20,
        0,
        1,
        0
      ],
      [
        20,
        1,
        0,
        0
      ],
      [
        20,
        1,
        1,
        0
      ]
    ]
  ],
  "expected_batch_ids": [
    [
      [
        10,
        0,
        0,
        0
      ],
      [
        10,
        0,
        1,
        0
      ],
      [
        10,
        1,
        0,
        0
      ],
      [
        10,
        1,
        1,
        0
      ]
    ],
    [
      [
        10,
        0,
        0,
        0
      ],
      [
        10,
        0,
        1,
        0
      ],
      [
        10,
        1,
        0,
        0
      ],
      [
        10,
        1,
        1,
        0
      ]
    ]
  ],
  "batch0_equals_reference": true,
  "batch1_equals_reference": false,
  "batch0_equals_batch1": false
}
