Requirement already satisfied: pip in ./.venv/lib/python3.12/site-packages (24.0)
Collecting pip
  Downloading pip-26.1.2-py3-none-any.whl.metadata (4.6 kB)
Downloading pip-26.1.2-py3-none-any.whl (1.8 MB)
   ━━━━━━━━━━━━━━━━━━━━━━━━━━━━━━━━━━━━━━━━ 1.8/1.8 MB 15.4 MB/s eta 0:00:00
Installing collected packages: pip
  Attempting uninstall: pip
    Found existing installation: pip 24.0
    Uninstalling pip-24.0:
      Successfully uninstalled pip-24.0
Successfully installed pip-26.1.2
Collecting tensorflow==2.16.2 (from -r 012/requirements.txt (line 1))
  Downloading tensorflow-2.16.2-cp312-cp312-manylinux_2_17_x86_64.manylinux2014_x86_64.whl.metadata (4.2 kB)
Collecting tf-keras==2.16.0 (from -r 012/requirements.txt (line 2))
  Downloading tf_keras-2.16.0-py3-none-any.whl.metadata (1.6 kB)
Collecting absl-py>=1.0.0 (from tensorflow==2.16.2->-r 012/requirements.txt (line 1))
  Downloading absl_py-2.5.0-py3-none-any.whl.metadata (3.3 kB)
Collecting astunparse>=1.6.0 (from tensorflow==2.16.2->-r 012/requirements.txt (line 1))
  Downloading astunparse-1.6.3-py2.py3-none-any.whl.metadata (4.4 kB)
Collecting flatbuffers>=23.5.26 (from tensorflow==2.16.2->-r 012/requirements.txt (line 1))
  Downloading flatbuffers-25.12.19-py2.py3-none-any.whl.metadata (1.0 kB)
Collecting gast!=0.5.0,!=0.5.1,!=0.5.2,>=0.2.1 (from tensorflow==2.16.2->-r 012/requirements.txt (line 1))
  Downloading gast-0.7.0-py3-none-any.whl.metadata (1.5 kB)
Collecting google-pasta>=0.1.1 (from tensorflow==2.16.2->-r 012/requirements.txt (line 1))
  Downloading google_pasta-0.2.0-py3-none-any.whl.metadata (814 bytes)
Collecting h5py>=3.10.0 (from tensorflow==2.16.2->-r 012/requirements.txt (line 1))
  Downloading h5py-3.16.0-cp312-cp312-manylinux_2_28_x86_64.whl.metadata (3.0 kB)
Collecting libclang>=13.0.0 (from tensorflow==2.16.2->-r 012/requirements.txt (line 1))
  Downloading libclang-18.1.1-py2.py3-none-manylinux2010_x86_64.whl.metadata (5.2 kB)
Collecting ml-dtypes~=0.3.1 (from tensorflow==2.16.2->-r 012/requirements.txt (line 1))
  Downloading ml_dtypes-0.3.2-cp312-cp312-manylinux_2_17_x86_64.manylinux2014_x86_64.whl.metadata (20 kB)
Collecting opt-einsum>=2.3.2 (from tensorflow==2.16.2->-r 012/requirements.txt (line 1))
  Downloading opt_einsum-3.4.0-py3-none-any.whl.metadata (6.3 kB)
Collecting packaging (from tensorflow==2.16.2->-r 012/requirements.txt (line 1))
  Downloading packaging-26.2-py3-none-any.whl.metadata (3.5 kB)
Collecting protobuf!=4.21.0,!=4.21.1,!=4.21.2,!=4.21.3,!=4.21.4,!=4.21.5,<5.0.0dev,>=3.20.3 (from tensorflow==2.16.2->-r 012/requirements.txt (line 1))
  Downloading protobuf-4.25.9-cp37-abi3-manylinux2014_x86_64.whl.metadata (541 bytes)
Collecting requests<3,>=2.21.0 (from tensorflow==2.16.2->-r 012/requirements.txt (line 1))
  Downloading requests-2.34.2-py3-none-any.whl.metadata (4.8 kB)
Collecting setuptools (from tensorflow==2.16.2->-r 012/requirements.txt (line 1))
  Downloading setuptools-83.0.0-py3-none-any.whl.metadata (6.6 kB)
Collecting six>=1.12.0 (from tensorflow==2.16.2->-r 012/requirements.txt (line 1))
  Downloading six-1.17.0-py2.py3-none-any.whl.metadata (1.7 kB)
Collecting termcolor>=1.1.0 (from tensorflow==2.16.2->-r 012/requirements.txt (line 1))
  Downloading termcolor-3.3.0-py3-none-any.whl.metadata (6.5 kB)
Collecting typing-extensions>=3.6.6 (from tensorflow==2.16.2->-r 012/requirements.txt (line 1))
  Downloading typing_extensions-4.16.0-py3-none-any.whl.metadata (3.3 kB)
Collecting wrapt>=1.11.0 (from tensorflow==2.16.2->-r 012/requirements.txt (line 1))
  Downloading wrapt-2.2.2-cp312-cp312-manylinux1_x86_64.manylinux_2_28_x86_64.manylinux_2_5_x86_64.whl.metadata (7.4 kB)
Collecting grpcio<2.0,>=1.24.3 (from tensorflow==2.16.2->-r 012/requirements.txt (line 1))
  Downloading grpcio-1.82.1-cp312-cp312-manylinux2014_x86_64.manylinux_2_17_x86_64.whl.metadata (3.7 kB)
Collecting tensorboard<2.17,>=2.16 (from tensorflow==2.16.2->-r 012/requirements.txt (line 1))
  Downloading tensorboard-2.16.2-py3-none-any.whl.metadata (1.6 kB)
Collecting keras>=3.0.0 (from tensorflow==2.16.2->-r 012/requirements.txt (line 1))
  Downloading keras-3.15.0-py3-none-any.whl.metadata (6.3 kB)
Collecting numpy<2.0.0,>=1.26.0 (from tensorflow==2.16.2->-r 012/requirements.txt (line 1))
  Downloading numpy-1.26.4-cp312-cp312-manylinux_2_17_x86_64.manylinux2014_x86_64.whl.metadata (61 kB)
Collecting charset_normalizer<4,>=2 (from requests<3,>=2.21.0->tensorflow==2.16.2->-r 012/requirements.txt (line 1))
  Downloading charset_normalizer-3.4.9-cp312-cp312-manylinux2014_x86_64.manylinux_2_17_x86_64.manylinux_2_28_x86_64.whl.metadata (41 kB)
Collecting idna<4,>=2.5 (from requests<3,>=2.21.0->tensorflow==2.16.2->-r 012/requirements.txt (line 1))
  Downloading idna-3.18-py3-none-any.whl.metadata (6.1 kB)
Collecting urllib3<3,>=1.26 (from requests<3,>=2.21.0->tensorflow==2.16.2->-r 012/requirements.txt (line 1))
  Downloading urllib3-2.7.0-py3-none-any.whl.metadata (6.9 kB)
Collecting certifi>=2023.5.7 (from requests<3,>=2.21.0->tensorflow==2.16.2->-r 012/requirements.txt (line 1))
  Downloading certifi-2026.6.17-py3-none-any.whl.metadata (2.5 kB)
Collecting markdown>=2.6.8 (from tensorboard<2.17,>=2.16->tensorflow==2.16.2->-r 012/requirements.txt (line 1))
  Downloading markdown-3.10.2-py3-none-any.whl.metadata (5.1 kB)
Collecting tensorboard-data-server<0.8.0,>=0.7.0 (from tensorboard<2.17,>=2.16->tensorflow==2.16.2->-r 012/requirements.txt (line 1))
  Downloading tensorboard_data_server-0.7.2-py3-none-manylinux_2_31_x86_64.whl.metadata (1.1 kB)
Collecting werkzeug>=1.0.1 (from tensorboard<2.17,>=2.16->tensorflow==2.16.2->-r 012/requirements.txt (line 1))
  Downloading werkzeug-3.1.8-py3-none-any.whl.metadata (4.0 kB)
Collecting wheel<1.0,>=0.23.0 (from astunparse>=1.6.0->tensorflow==2.16.2->-r 012/requirements.txt (line 1))
  Downloading wheel-0.47.0-py3-none-any.whl.metadata (2.3 kB)
Collecting rich (from keras>=3.0.0->tensorflow==2.16.2->-r 012/requirements.txt (line 1))
  Downloading rich-15.0.0-py3-none-any.whl.metadata (18 kB)
Collecting namex (from keras>=3.0.0->tensorflow==2.16.2->-r 012/requirements.txt (line 1))
  Downloading namex-0.1.0-py3-none-any.whl.metadata (322 bytes)
Collecting optree (from keras>=3.0.0->tensorflow==2.16.2->-r 012/requirements.txt (line 1))
  Downloading optree-0.19.1-cp312-cp312-manylinux_2_27_x86_64.manylinux_2_28_x86_64.whl.metadata (32 kB)
Collecting markupsafe>=2.1.1 (from werkzeug>=1.0.1->tensorboard<2.17,>=2.16->tensorflow==2.16.2->-r 012/requirements.txt (line 1))
  Downloading markupsafe-3.0.3-cp312-cp312-manylinux2014_x86_64.manylinux_2_17_x86_64.manylinux_2_28_x86_64.whl.metadata (2.7 kB)
Collecting markdown-it-py>=2.2.0 (from rich->keras>=3.0.0->tensorflow==2.16.2->-r 012/requirements.txt (line 1))
  Downloading markdown_it_py-4.2.0-py3-none-any.whl.metadata (7.4 kB)
Collecting pygments<3.0.0,>=2.13.0 (from rich->keras>=3.0.0->tensorflow==2.16.2->-r 012/requirements.txt (line 1))
  Downloading pygments-2.20.0-py3-none-any.whl.metadata (2.5 kB)
Collecting mdurl~=0.1 (from markdown-it-py>=2.2.0->rich->keras>=3.0.0->tensorflow==2.16.2->-r 012/requirements.txt (line 1))
  Downloading mdurl-0.1.2-py3-none-any.whl.metadata (1.6 kB)
Downloading tensorflow-2.16.2-cp312-cp312-manylinux_2_17_x86_64.manylinux2014_x86_64.whl (590.8 MB)
   ━━━━━━━━━━━━━━━━━━━━━━━━━━━━━━━━━━━━━━━━ 590.8/590.8 MB 44.5 MB/s  0:00:15
Downloading tf_keras-2.16.0-py3-none-any.whl (1.7 MB)
   ━━━━━━━━━━━━━━━━━━━━━━━━━━━━━━━━━━━━━━━━ 1.7/1.7 MB 58.8 MB/s  0:00:00
Downloading grpcio-1.82.1-cp312-cp312-manylinux2014_x86_64.manylinux_2_17_x86_64.whl (6.9 MB)
   ━━━━━━━━━━━━━━━━━━━━━━━━━━━━━━━━━━━━━━━━ 6.9/6.9 MB 59.0 MB/s  0:00:00
Downloading ml_dtypes-0.3.2-cp312-cp312-manylinux_2_17_x86_64.manylinux2014_x86_64.whl (2.2 MB)
   ━━━━━━━━━━━━━━━━━━━━━━━━━━━━━━━━━━━━━━━━ 2.2/2.2 MB 62.1 MB/s  0:00:00
Downloading numpy-1.26.4-cp312-cp312-manylinux_2_17_x86_64.manylinux2014_x86_64.whl (18.0 MB)
   ━━━━━━━━━━━━━━━━━━━━━━━━━━━━━━━━━━━━━━━━ 18.0/18.0 MB 59.9 MB/s  0:00:00
Downloading protobuf-4.25.9-cp37-abi3-manylinux2014_x86_64.whl (295 kB)
Downloading requests-2.34.2-py3-none-any.whl (73 kB)
Downloading charset_normalizer-3.4.9-cp312-cp312-manylinux2014_x86_64.manylinux_2_17_x86_64.manylinux_2_28_x86_64.whl (224 kB)
Downloading idna-3.18-py3-none-any.whl (65 kB)
Downloading tensorboard-2.16.2-py3-none-any.whl (5.5 MB)
   ━━━━━━━━━━━━━━━━━━━━━━━━━━━━━━━━━━━━━━━━ 5.5/5.5 MB 61.6 MB/s  0:00:00
Downloading tensorboard_data_server-0.7.2-py3-none-manylinux_2_31_x86_64.whl (6.6 MB)
   ━━━━━━━━━━━━━━━━━━━━━━━━━━━━━━━━━━━━━━━━ 6.6/6.6 MB 62.1 MB/s  0:00:00
Downloading typing_extensions-4.16.0-py3-none-any.whl (45 kB)
Downloading urllib3-2.7.0-py3-none-any.whl (131 kB)
Downloading absl_py-2.5.0-py3-none-any.whl (137 kB)
Downloading astunparse-1.6.3-py2.py3-none-any.whl (12 kB)
Downloading six-1.17.0-py2.py3-none-any.whl (11 kB)
Downloading wheel-0.47.0-py3-none-any.whl (32 kB)
Downloading certifi-2026.6.17-py3-none-any.whl (133 kB)
Downloading flatbuffers-25.12.19-py2.py3-none-any.whl (26 kB)
Downloading gast-0.7.0-py3-none-any.whl (22 kB)
Downloading google_pasta-0.2.0-py3-none-any.whl (57 kB)
Downloading h5py-3.16.0-cp312-cp312-manylinux_2_28_x86_64.whl (5.4 MB)
   ━━━━━━━━━━━━━━━━━━━━━━━━━━━━━━━━━━━━━━━━ 5.4/5.4 MB 62.7 MB/s  0:00:00
Downloading keras-3.15.0-py3-none-any.whl (1.7 MB)
   ━━━━━━━━━━━━━━━━━━━━━━━━━━━━━━━━━━━━━━━━ 1.7/1.7 MB 67.4 MB/s  0:00:00
Downloading libclang-18.1.1-py2.py3-none-manylinux2010_x86_64.whl (24.5 MB)
   ━━━━━━━━━━━━━━━━━━━━━━━━━━━━━━━━━━━━━━━━ 24.5/24.5 MB 66.2 MB/s  0:00:00
Downloading markdown-3.10.2-py3-none-any.whl (108 kB)
Downloading opt_einsum-3.4.0-py3-none-any.whl (71 kB)
Downloading packaging-26.2-py3-none-any.whl (100 kB)
Downloading setuptools-83.0.0-py3-none-any.whl (1.0 MB)
   ━━━━━━━━━━━━━━━━━━━━━━━━━━━━━━━━━━━━━━━━ 1.0/1.0 MB 72.4 MB/s  0:00:00
Downloading termcolor-3.3.0-py3-none-any.whl (7.7 kB)
Downloading werkzeug-3.1.8-py3-none-any.whl (226 kB)
Downloading markupsafe-3.0.3-cp312-cp312-manylinux2014_x86_64.manylinux_2_17_x86_64.manylinux_2_28_x86_64.whl (22 kB)
Downloading wrapt-2.2.2-cp312-cp312-manylinux1_x86_64.manylinux_2_28_x86_64.manylinux_2_5_x86_64.whl (169 kB)
Downloading namex-0.1.0-py3-none-any.whl (5.9 kB)
Downloading optree-0.19.1-cp312-cp312-manylinux_2_27_x86_64.manylinux_2_28_x86_64.whl (457 kB)
Downloading rich-15.0.0-py3-none-any.whl (310 kB)
Downloading pygments-2.20.0-py3-none-any.whl (1.2 MB)
   ━━━━━━━━━━━━━━━━━━━━━━━━━━━━━━━━━━━━━━━━ 1.2/1.2 MB 73.3 MB/s  0:00:00
Downloading markdown_it_py-4.2.0-py3-none-any.whl (91 kB)
Downloading mdurl-0.1.2-py3-none-any.whl (10.0 kB)
Installing collected packages: namex, libclang, flatbuffers, wrapt, urllib3, typing-extensions, termcolor, tensorboard-data-server, six, setuptools, pygments, protobuf, packaging, opt-einsum, numpy, mdurl, markupsafe, markdown, idna, gast, charset_normalizer, certifi, absl-py, wheel, werkzeug, requests, optree, ml-dtypes, markdown-it-py, h5py, grpcio, google-pasta, tensorboard, rich, astunparse, keras, tensorflow, tf-keras

Successfully installed absl-py-2.5.0 astunparse-1.6.3 certifi-2026.6.17 charset_normalizer-3.4.9 flatbuffers-25.12.19 gast-0.7.0 google-pasta-0.2.0 grpcio-1.82.1 h5py-3.16.0 idna-3.18 keras-3.15.0 libclang-18.1.1 markdown-3.10.2 markdown-it-py-4.2.0 markupsafe-3.0.3 mdurl-0.1.2 ml-dtypes-0.3.2 namex-0.1.0 numpy-1.26.4 opt-einsum-3.4.0 optree-0.19.1 packaging-26.2 protobuf-4.25.9 pygments-2.20.0 requests-2.34.2 rich-15.0.0 setuptools-83.0.0 six-1.17.0 tensorboard-2.16.2 tensorboard-data-server-0.7.2 tensorflow-2.16.2 termcolor-3.3.0 tf-keras-2.16.0 typing-extensions-4.16.0 urllib3-2.7.0 werkzeug-3.1.8 wheel-0.47.0 wrapt-2.2.2
tensorflow=2.16.2
tf_keras=2.16.0
tf_keras.optimizers.legacy.Optimizer present: True
loading=012/codebase/official/modeling/optimization/ema_optimizer.py
ema_optimizer_imported_successfully
