{
  "different_seed_equal": false,
  "runs": [
    {
      "losses": [
        2.3710200786590576,
        1.329553872346878
      ],
      "predictions": [
        0,
        1,
        0,
        1,
        0,
        1,
        0,
        0,
        0,
        1,
        0,
        1,
        0,
        1,
        1,
        1
      ],
      "seed": 42,
      "state_hash": "63f604cc197ae2272a727805f7c22ea69f7156718198f9f9083910d974eca830"
    },
    {
      "losses": [
        2.3710200786590576,
        1.329553872346878
      ],
      "predictions": [
        0,
        1,
        0,
        1,
        0,
        1,
        0,
        0,
        0,
        1,
        0,
        1,
        0,
        1,
        1,
        1
      ],
      "seed": 42,
      "state_hash": "63f604cc197ae2272a727805f7c22ea69f7156718198f9f9083910d974eca830"
    },
    {
      "losses": [
        2.3515602946281433,
        1.395664095878601
      ],
      "predictions": [
        0,
        0,
        1,
        1,
        1,
        0,
        0,
        1,
        1,
        0,
        1,
        0,
        0,
        0,
        1,
        1
      ],
      "seed": 43,
      "state_hash": "b357f6a9f8c59e5c0eadaf1ecf12f9aa42f1fb4b0a1f69bab74329a73066d5ad"
    }
  ],
  "same_seed_equal": true
}
