Traceback (most recent call last):
  File "187/repro.py", line 42, in <module>
    asyncio.run(main())
  File "/usr/lib/python3.12/asyncio/runners.py", line 194, in run
    return runner.run(main)
           ^^^^^^^^^^^^^^^^
  File "/usr/lib/python3.12/asyncio/runners.py", line 118, in run
    return self._loop.run_until_complete(task)
           ^^^^^^^^^^^^^^^^^^^^^^^^^^^^^^^^^^^
  File "/usr/lib/python3.12/asyncio/base_events.py", line 687, in run_until_complete
    return future.result()
           ^^^^^^^^^^^^^^^
  File "187/repro.py", line 34, in main
    second = await app.embed(defs={"arr": np.zeros(2)})
             ^^^^^^^^^^^^^^^^^^^^^^^^^^^^^^^^^^^^^^^^^^
  File "187/codebase/marimo/_ast/app.py", line 894, in embed
    if not app_kernel_runner.are_outputs_cached(defs):
           ^^^^^^^^^^^^^^^^^^^^^^^^^^^^^^^^^^^^^^^^^^
  File "187/codebase/marimo/_runtime/app/kernel_runner.py", line 119, in are_outputs_cached
    return (defs == self._previously_seen_defs) and len(self.outputs) > 0
            ^^^^^^^^^^^^^^^^^^^^^^^^^^^^^^^^^^
ValueError: The truth value of an array with more than one element is ambiguous. Use a.any() or a.all()
