Requirement already satisfied: pip in ./.venv/lib/python3.12/site-packages (24.0)
Collecting pip
  Downloading pip-26.1.2-py3-none-any.whl.metadata (4.6 kB)
Downloading pip-26.1.2-py3-none-any.whl (1.8 MB)
   ━━━━━━━━━━━━━━━━━━━━━━━━━━━━━━━━━━━━━━━━ 1.8/1.8 MB 25.4 MB/s eta 0:00:00
Installing collected packages: pip
  Attempting uninstall: pip
    Found existing installation: pip 24.0
    Uninstalling pip-24.0:
      Successfully uninstalled pip-24.0
Successfully installed pip-26.1.2
Collecting fastapi>=0.115.12 (from -r requirements.txt (line 1))
  Downloading fastapi-0.139.2-py3-none-any.whl.metadata (26 kB)
Collecting httpx>=0.27.2 (from -r requirements.txt (line 2))
  Downloading httpx-0.28.1-py3-none-any.whl.metadata (7.1 kB)
Collecting pydantic>=2.11 (from -r requirements.txt (line 3))
  Downloading pydantic-2.13.4-py3-none-any.whl.metadata (109 kB)
Collecting email-validator==2.2.0 (from -r requirements.txt (line 4))
  Downloading email_validator-2.2.0-py3-none-any.whl.metadata (25 kB)
Collecting jwt>=1.3.1 (from -r requirements.txt (line 5))
  Downloading jwt-1.4.0-py3-none-any.whl.metadata (3.9 kB)
Collecting dnspython>=2.0.0 (from email-validator==2.2.0->-r requirements.txt (line 4))
  Downloading dnspython-2.8.0-py3-none-any.whl.metadata (5.7 kB)
Collecting idna>=2.0.0 (from email-validator==2.2.0->-r requirements.txt (line 4))
  Downloading idna-3.18-py3-none-any.whl.metadata (6.1 kB)
Collecting starlette>=0.46.0 (from fastapi>=0.115.12->-r requirements.txt (line 1))
  Downloading starlette-1.3.1-py3-none-any.whl.metadata (6.4 kB)
Collecting typing-extensions>=4.8.0 (from fastapi>=0.115.12->-r requirements.txt (line 1))
  Downloading typing_extensions-4.16.0-py3-none-any.whl.metadata (3.3 kB)
Collecting typing-inspection>=0.4.2 (from fastapi>=0.115.12->-r requirements.txt (line 1))
  Downloading typing_inspection-0.4.2-py3-none-any.whl.metadata (2.6 kB)
Collecting annotated-doc>=0.0.2 (from fastapi>=0.115.12->-r requirements.txt (line 1))
  Downloading annotated_doc-0.0.4-py3-none-any.whl.metadata (6.6 kB)
Collecting anyio (from httpx>=0.27.2->-r requirements.txt (line 2))
  Downloading anyio-4.14.2-py3-none-any.whl.metadata (4.6 kB)
Collecting certifi (from httpx>=0.27.2->-r requirements.txt (line 2))
  Downloading certifi-2026.6.17-py3-none-any.whl.metadata (2.5 kB)
Collecting httpcore==1.* (from httpx>=0.27.2->-r requirements.txt (line 2))
  Downloading httpcore-1.0.9-py3-none-any.whl.metadata (21 kB)
Collecting h11>=0.16 (from httpcore==1.*->httpx>=0.27.2->-r requirements.txt (line 2))
  Downloading h11-0.16.0-py3-none-any.whl.metadata (8.3 kB)
Collecting annotated-types>=0.6.0 (from pydantic>=2.11->-r requirements.txt (line 3))
  Downloading annotated_types-0.7.0-py3-none-any.whl.metadata (15 kB)
Collecting pydantic-core==2.46.4 (from pydantic>=2.11->-r requirements.txt (line 3))
  Downloading pydantic_core-2.46.4-cp312-cp312-manylinux_2_17_x86_64.manylinux2014_x86_64.whl.metadata (6.6 kB)
Collecting cryptography!=3.4.0,>=3.1 (from jwt>=1.3.1->-r requirements.txt (line 5))
  Downloading cryptography-49.0.0-cp311-abi3-manylinux_2_34_x86_64.whl.metadata (4.3 kB)
Collecting cffi>=2.0.0 (from cryptography!=3.4.0,>=3.1->jwt>=1.3.1->-r requirements.txt (line 5))
  Downloading cffi-2.1.0-cp312-cp312-manylinux2014_x86_64.manylinux_2_17_x86_64.whl.metadata (2.5 kB)
Collecting pycparser (from cffi>=2.0.0->cryptography!=3.4.0,>=3.1->jwt>=1.3.1->-r requirements.txt (line 5))
  Downloading pycparser-3.0-py3-none-any.whl.metadata (8.2 kB)
Downloading email_validator-2.2.0-py3-none-any.whl (33 kB)
Downloading fastapi-0.139.2-py3-none-any.whl (130 kB)
Downloading httpx-0.28.1-py3-none-any.whl (73 kB)
Downloading httpcore-1.0.9-py3-none-any.whl (78 kB)
Downloading pydantic-2.13.4-py3-none-any.whl (472 kB)
Downloading pydantic_core-2.46.4-cp312-cp312-manylinux_2_17_x86_64.manylinux2014_x86_64.whl (2.1 MB)
   ━━━━━━━━━━━━━━━━━━━━━━━━━━━━━━━━━━━━━━━━ 2.1/2.1 MB 54.3 MB/s  0:00:00
Downloading jwt-1.4.0-py3-none-any.whl (18 kB)
Downloading annotated_doc-0.0.4-py3-none-any.whl (5.3 kB)
Downloading annotated_types-0.7.0-py3-none-any.whl (13 kB)
Downloading cryptography-49.0.0-cp311-abi3-manylinux_2_34_x86_64.whl (4.7 MB)
   ━━━━━━━━━━━━━━━━━━━━━━━━━━━━━━━━━━━━━━━━ 4.7/4.7 MB 75.3 MB/s  0:00:00
Downloading cffi-2.1.0-cp312-cp312-manylinux2014_x86_64.manylinux_2_17_x86_64.whl (221 kB)
Downloading dnspython-2.8.0-py3-none-any.whl (331 kB)
Downloading h11-0.16.0-py3-none-any.whl (37 kB)
Downloading idna-3.18-py3-none-any.whl (65 kB)
Downloading starlette-1.3.1-py3-none-any.whl (73 kB)
Downloading anyio-4.14.2-py3-none-any.whl (125 kB)
Downloading typing_extensions-4.16.0-py3-none-any.whl (45 kB)
Downloading typing_inspection-0.4.2-py3-none-any.whl (14 kB)
Downloading certifi-2026.6.17-py3-none-any.whl (133 kB)
Downloading pycparser-3.0-py3-none-any.whl (48 kB)
Installing collected packages: typing-extensions, pycparser, idna, h11, dnspython, certifi, annotated-types, annotated-doc, typing-inspection, pydantic-core, httpcore, email-validator, cffi, anyio, starlette, pydantic, httpx, cryptography, jwt, fastapi

Successfully installed annotated-doc-0.0.4 annotated-types-0.7.0 anyio-4.14.2 certifi-2026.6.17 cffi-2.1.0 cryptography-49.0.0 dnspython-2.8.0 email-validator-2.2.0 fastapi-0.139.2 h11-0.16.0 httpcore-1.0.9 httpx-0.28.1 idna-3.18 jwt-1.4.0 pycparser-3.0 pydantic-2.13.4 pydantic-core-2.46.4 starlette-1.3.1 typing-extensions-4.16.0 typing-inspection-0.4.2
{
  "invalid_token": {
    "body": {
      "detail": "Invalid or expired token"
    },
    "status_code": 401
  },
  "no_token": {
    "body": {
      "dependency_value": null,
      "success": true
    },
    "status_code": 200
  },
  "valid_token": {
    "body": {
      "dependency_value": {
        "exp": 1784272493,
        "sub": "test@example.com"
      },
      "success": true
    },
    "status_code": 200
  }
}

EXIT=0
