Cloning into 'codebase'...
Note: switching to 'b1059b73aab9043b118ff19b0cf96263ea86248a'.

You are in 'detached HEAD' state. You can look around, make experimental
changes and commit them, and you can discard any commits you make in this
state without impacting any branches by switching back to a branch.

If you want to create a new branch to retain commits you create, you may
do so (now or later) by using -c with the switch command. Example:

  git switch -c <new-branch-name>

Or undo this operation with:

  git switch -

Turn off this advice by setting config variable advice.detachedHead to false

HEAD is now at b1059b73 Release: v0.4.0.dev0 (#391)
Traceback (most recent call last):
  File "440/repro.py", line 63, in <module>
    raise SystemExit(main())
                     ^^^^^^
  File "440/repro.py", line 58, in main
    assert copied_r == original_r, f"deepcopy lost LoraConfig.r: expected {original_r}, got {copied_r}"
           ^^^^^^^^^^^^^^^^^^^^^^
AssertionError: deepcopy lost LoraConfig.r: expected 87, got 8
