Requirement already satisfied: pip in ./.venv/lib/python3.12/site-packages (24.0)
Collecting pip
  Downloading pip-26.1.2-py3-none-any.whl.metadata (4.6 kB)
Downloading pip-26.1.2-py3-none-any.whl (1.8 MB)
   ━━━━━━━━━━━━━━━━━━━━━━━━━━━━━━━━━━━━━━━━ 1.8/1.8 MB 20.0 MB/s eta 0:00:00
Installing collected packages: pip
  Attempting uninstall: pip
    Found existing installation: pip 24.0
    Uninstalling pip-24.0:
      Successfully uninstalled pip-24.0
Successfully installed pip-26.1.2
Collecting jaxlib==0.10.1 (from -r 594/requirements.txt (line 1))
  Downloading jaxlib-0.10.1-cp312-cp312-manylinux_2_27_x86_64.whl.metadata (1.3 kB)
Collecting numpy>=1.26 (from -r 594/requirements.txt (line 2))
  Downloading numpy-2.5.1-cp312-cp312-manylinux_2_27_x86_64.manylinux_2_28_x86_64.whl.metadata (6.6 kB)
Collecting ml-dtypes>=0.5 (from -r 594/requirements.txt (line 3))
  Downloading ml_dtypes-0.5.4-cp312-cp312-manylinux_2_27_x86_64.manylinux_2_28_x86_64.whl.metadata (8.9 kB)
Collecting scipy>=1.14 (from -r 594/requirements.txt (line 4))
  Downloading scipy-1.18.0-cp312-cp312-manylinux_2_27_x86_64.manylinux_2_28_x86_64.whl.metadata (62 kB)
Collecting opt-einsum>=3.3 (from -r 594/requirements.txt (line 5))
  Downloading opt_einsum-3.4.0-py3-none-any.whl.metadata (6.3 kB)
Collecting absl-py>=2.1 (from -r 594/requirements.txt (line 6))
  Downloading absl_py-2.5.0-py3-none-any.whl.metadata (3.3 kB)
Downloading jaxlib-0.10.1-cp312-cp312-manylinux_2_27_x86_64.whl (85.8 MB)
   ━━━━━━━━━━━━━━━━━━━━━━━━━━━━━━━━━━━━━━━━ 85.8/85.8 MB 11.2 MB/s  0:00:07
Downloading numpy-2.5.1-cp312-cp312-manylinux_2_27_x86_64.manylinux_2_28_x86_64.whl (16.7 MB)
   ━━━━━━━━━━━━━━━━━━━━━━━━━━━━━━━━━━━━━━━━ 16.7/16.7 MB 25.9 MB/s  0:00:00
Downloading ml_dtypes-0.5.4-cp312-cp312-manylinux_2_27_x86_64.manylinux_2_28_x86_64.whl (5.0 MB)
   ━━━━━━━━━━━━━━━━━━━━━━━━━━━━━━━━━━━━━━━━ 5.0/5.0 MB 30.6 MB/s  0:00:00
Downloading scipy-1.18.0-cp312-cp312-manylinux_2_27_x86_64.manylinux_2_28_x86_64.whl (35.3 MB)
   ━━━━━━━━━━━━━━━━━━━━━━━━━━━━━━━━━━━━━━━━ 35.3/35.3 MB 33.4 MB/s  0:00:01
Downloading opt_einsum-3.4.0-py3-none-any.whl (71 kB)
Downloading absl_py-2.5.0-py3-none-any.whl (137 kB)
Installing collected packages: opt-einsum, numpy, absl-py, scipy, ml-dtypes, jaxlib

Successfully installed absl-py-2.5.0 jaxlib-0.10.1 ml-dtypes-0.5.4 numpy-2.5.1 opt-einsum-3.4.0 scipy-1.18.0
doc_contains_misleading_line True
dot_shape (3, 4, 26, 1)
expected_shape_from_report (3, 4, 26, 1)
shape_matches_report True
