Requirement already satisfied: pip in ./.venv_repro/lib/python3.12/site-packages (26.1.2)
Requirement already satisfied: setuptools in ./.venv_repro/lib/python3.12/site-packages (83.0.0)
Requirement already satisfied: wheel in ./.venv_repro/lib/python3.12/site-packages (0.47.0)
Requirement already satisfied: packaging>=24.0 in ./.venv_repro/lib/python3.12/site-packages (from wheel) (26.2)
Looking in indexes: https://pypi.org/simple, https://download.pytorch.org/whl/cpu
Requirement already satisfied: torch==2.7.1 in ./.venv_repro/lib/python3.12/site-packages (from -r 388/requirements.txt (line 3)) (2.7.1+cpu)
Requirement already satisfied: torch_geometric==2.6.1 in ./.venv_repro/lib/python3.12/site-packages (from -r 388/requirements.txt (line 4)) (2.6.1)
Requirement already satisfied: psutil>=5.8.0 in ./.venv_repro/lib/python3.12/site-packages (from -r 388/requirements.txt (line 5)) (7.2.2)
Requirement already satisfied: numpy in ./.venv_repro/lib/python3.12/site-packages (from -r 388/requirements.txt (line 6)) (2.5.1)
Requirement already satisfied: filelock in ./.venv_repro/lib/python3.12/site-packages (from torch==2.7.1->-r 388/requirements.txt (line 3)) (3.29.0)
Requirement already satisfied: typing-extensions>=4.10.0 in ./.venv_repro/lib/python3.12/site-packages (from torch==2.7.1->-r 388/requirements.txt (line 3)) (4.15.0)
Requirement already satisfied: setuptools in ./.venv_repro/lib/python3.12/site-packages (from torch==2.7.1->-r 388/requirements.txt (line 3)) (83.0.0)
Requirement already satisfied: sympy>=1.13.3 in ./.venv_repro/lib/python3.12/site-packages (from torch==2.7.1->-r 388/requirements.txt (line 3)) (1.14.0)
Requirement already satisfied: networkx in ./.venv_repro/lib/python3.12/site-packages (from torch==2.7.1->-r 388/requirements.txt (line 3)) (3.6.1)
Requirement already satisfied: jinja2 in ./.venv_repro/lib/python3.12/site-packages (from torch==2.7.1->-r 388/requirements.txt (line 3)) (3.1.6)
Requirement already satisfied: fsspec in ./.venv_repro/lib/python3.12/site-packages (from torch==2.7.1->-r 388/requirements.txt (line 3)) (2026.4.0)
Requirement already satisfied: aiohttp in ./.venv_repro/lib/python3.12/site-packages (from torch_geometric==2.6.1->-r 388/requirements.txt (line 4)) (3.14.1)
Requirement already satisfied: pyparsing in ./.venv_repro/lib/python3.12/site-packages (from torch_geometric==2.6.1->-r 388/requirements.txt (line 4)) (3.3.2)
Requirement already satisfied: requests in ./.venv_repro/lib/python3.12/site-packages (from torch_geometric==2.6.1->-r 388/requirements.txt (line 4)) (2.34.2)
Requirement already satisfied: tqdm in ./.venv_repro/lib/python3.12/site-packages (from torch_geometric==2.6.1->-r 388/requirements.txt (line 4)) (4.68.4)
Requirement already satisfied: mpmath<1.4,>=1.1.0 in ./.venv_repro/lib/python3.12/site-packages (from sympy>=1.13.3->torch==2.7.1->-r 388/requirements.txt (line 3)) (1.3.0)
Requirement already satisfied: aiohappyeyeballs>=2.5.0 in ./.venv_repro/lib/python3.12/site-packages (from aiohttp->torch_geometric==2.6.1->-r 388/requirements.txt (line 4)) (2.7.1)
Requirement already satisfied: aiosignal>=1.4.0 in ./.venv_repro/lib/python3.12/site-packages (from aiohttp->torch_geometric==2.6.1->-r 388/requirements.txt (line 4)) (1.4.0)
Requirement already satisfied: attrs>=17.3.0 in ./.venv_repro/lib/python3.12/site-packages (from aiohttp->torch_geometric==2.6.1->-r 388/requirements.txt (line 4)) (26.1.0)
Requirement already satisfied: frozenlist>=1.1.1 in ./.venv_repro/lib/python3.12/site-packages (from aiohttp->torch_geometric==2.6.1->-r 388/requirements.txt (line 4)) (1.8.0)
Requirement already satisfied: multidict<7.0,>=4.5 in ./.venv_repro/lib/python3.12/site-packages (from aiohttp->torch_geometric==2.6.1->-r 388/requirements.txt (line 4)) (6.7.1)
Requirement already satisfied: propcache>=0.2.0 in ./.venv_repro/lib/python3.12/site-packages (from aiohttp->torch_geometric==2.6.1->-r 388/requirements.txt (line 4)) (0.5.2)
Requirement already satisfied: yarl<2.0,>=1.17.0 in ./.venv_repro/lib/python3.12/site-packages (from aiohttp->torch_geometric==2.6.1->-r 388/requirements.txt (line 4)) (1.24.2)
Requirement already satisfied: idna>=2.0 in ./.venv_repro/lib/python3.12/site-packages (from yarl<2.0,>=1.17.0->aiohttp->torch_geometric==2.6.1->-r 388/requirements.txt (line 4)) (3.18)
Requirement already satisfied: MarkupSafe>=2.0 in ./.venv_repro/lib/python3.12/site-packages (from jinja2->torch==2.7.1->-r 388/requirements.txt (line 3)) (3.0.3)
Requirement already satisfied: charset_normalizer<4,>=2 in ./.venv_repro/lib/python3.12/site-packages (from requests->torch_geometric==2.6.1->-r 388/requirements.txt (line 4)) (3.4.9)
Requirement already satisfied: urllib3<3,>=1.26 in ./.venv_repro/lib/python3.12/site-packages (from requests->torch_geometric==2.6.1->-r 388/requirements.txt (line 4)) (2.7.0)
Requirement already satisfied: certifi>=2023.5.7 in ./.venv_repro/lib/python3.12/site-packages (from requests->torch_geometric==2.6.1->-r 388/requirements.txt (line 4)) (2026.6.17)
PyTorch: 2.7.1+cpu
PyG: 2.6.1
before 298.22 MB
epoch 0 379.79 MB
epoch 1 377.31 MB
epoch 2 377.32 MB
epoch 3 408.44 MB
epoch 4 359.74 MB
epoch 5 346.07 MB
epoch 6 346.07 MB
epoch 7 346.07 MB
epoch 8 346.07 MB
epoch 9 346.07 MB
epoch 10 398.68 MB
epoch 11 346.07 MB
epoch 12 346.07 MB
epoch 13 359.74 MB
epoch 14 346.07 MB
epoch 15 346.07 MB
epoch 16 408.44 MB
epoch 17 420.16 MB
epoch 18 346.07 MB
epoch 19 398.68 MB
epoch 20 363.52 MB
epoch 21 426.02 MB
epoch 22 402.58 MB
epoch 23 402.58 MB
epoch 24 408.44 MB
epoch 25 348.02 MB
epoch 26 361.69 MB
epoch 27 346.07 MB
epoch 28 346.07 MB
epoch 29 346.07 MB
