Requirement already satisfied: pip in ./.venv/lib/python3.12/site-packages (26.1.2)
Requirement already satisfied: setuptools in ./.venv/lib/python3.12/site-packages (83.0.0)
Requirement already satisfied: wheel in ./.venv/lib/python3.12/site-packages (0.47.0)
Requirement already satisfied: packaging>=24.0 in ./.venv/lib/python3.12/site-packages (from wheel) (26.2)
Looking in indexes: https://pypi.org/simple, https://download.pytorch.org/whl/cpu
Requirement already satisfied: torch==2.13.0+cpu in ./.venv/lib/python3.12/site-packages (from -r 470/requirements.txt (line 1)) (2.13.0+cpu)
Requirement already satisfied: torchvision==0.28.0+cpu in ./.venv/lib/python3.12/site-packages (from -r 470/requirements.txt (line 2)) (0.28.0+cpu)
Requirement already satisfied: pyyaml in ./.venv/lib/python3.12/site-packages (from -r 470/requirements.txt (line 3)) (6.0.3)
Requirement already satisfied: huggingface_hub in ./.venv/lib/python3.12/site-packages (from -r 470/requirements.txt (line 4)) (1.23.0)
Requirement already satisfied: safetensors in ./.venv/lib/python3.12/site-packages (from -r 470/requirements.txt (line 5)) (0.8.0)
Requirement already satisfied: filelock in ./.venv/lib/python3.12/site-packages (from torch==2.13.0+cpu->-r 470/requirements.txt (line 1)) (3.29.0)
Requirement already satisfied: typing-extensions>=4.10.0 in ./.venv/lib/python3.12/site-packages (from torch==2.13.0+cpu->-r 470/requirements.txt (line 1)) (4.15.0)
Requirement already satisfied: setuptools>=77.0.3 in ./.venv/lib/python3.12/site-packages (from torch==2.13.0+cpu->-r 470/requirements.txt (line 1)) (83.0.0)
Requirement already satisfied: sympy>=1.13.3 in ./.venv/lib/python3.12/site-packages (from torch==2.13.0+cpu->-r 470/requirements.txt (line 1)) (1.14.0)
Requirement already satisfied: networkx>=2.5.1 in ./.venv/lib/python3.12/site-packages (from torch==2.13.0+cpu->-r 470/requirements.txt (line 1)) (3.6.1)
Requirement already satisfied: jinja2 in ./.venv/lib/python3.12/site-packages (from torch==2.13.0+cpu->-r 470/requirements.txt (line 1)) (3.1.6)
Requirement already satisfied: fsspec>=0.8.5 in ./.venv/lib/python3.12/site-packages (from torch==2.13.0+cpu->-r 470/requirements.txt (line 1)) (2026.4.0)
Requirement already satisfied: numpy in ./.venv/lib/python3.12/site-packages (from torchvision==0.28.0+cpu->-r 470/requirements.txt (line 2)) (2.4.4)
Requirement already satisfied: pillow!=8.3.*,>=5.3.0 in ./.venv/lib/python3.12/site-packages (from torchvision==0.28.0+cpu->-r 470/requirements.txt (line 2)) (12.2.0)
Requirement already satisfied: click<9.0.0,>=8.4.2 in ./.venv/lib/python3.12/site-packages (from huggingface_hub->-r 470/requirements.txt (line 4)) (8.4.2)
Requirement already satisfied: hf-xet<2.0.0,>=1.5.1 in ./.venv/lib/python3.12/site-packages (from huggingface_hub->-r 470/requirements.txt (line 4)) (1.5.2)
Requirement already satisfied: httpx<1,>=0.23.0 in ./.venv/lib/python3.12/site-packages (from huggingface_hub->-r 470/requirements.txt (line 4)) (0.28.1)
Requirement already satisfied: packaging>=20.9 in ./.venv/lib/python3.12/site-packages (from huggingface_hub->-r 470/requirements.txt (line 4)) (26.2)
Requirement already satisfied: tqdm>=4.42.1 in ./.venv/lib/python3.12/site-packages (from huggingface_hub->-r 470/requirements.txt (line 4)) (4.68.4)
Requirement already satisfied: anyio in ./.venv/lib/python3.12/site-packages (from httpx<1,>=0.23.0->huggingface_hub->-r 470/requirements.txt (line 4)) (4.14.2)
Requirement already satisfied: certifi in ./.venv/lib/python3.12/site-packages (from httpx<1,>=0.23.0->huggingface_hub->-r 470/requirements.txt (line 4)) (2026.6.17)
Requirement already satisfied: httpcore==1.* in ./.venv/lib/python3.12/site-packages (from httpx<1,>=0.23.0->huggingface_hub->-r 470/requirements.txt (line 4)) (1.0.9)
Requirement already satisfied: idna in ./.venv/lib/python3.12/site-packages (from httpx<1,>=0.23.0->huggingface_hub->-r 470/requirements.txt (line 4)) (3.18)
Requirement already satisfied: h11>=0.16 in ./.venv/lib/python3.12/site-packages (from httpcore==1.*->httpx<1,>=0.23.0->huggingface_hub->-r 470/requirements.txt (line 4)) (0.16.0)
Requirement already satisfied: mpmath<1.4,>=1.1.0 in ./.venv/lib/python3.12/site-packages (from sympy>=1.13.3->torch==2.13.0+cpu->-r 470/requirements.txt (line 1)) (1.3.0)
Requirement already satisfied: MarkupSafe>=2.0 in ./.venv/lib/python3.12/site-packages (from jinja2->torch==2.13.0+cpu->-r 470/requirements.txt (line 1)) (3.0.3)
Obtaining file://470/codebase
  Installing build dependencies: started
  Installing build dependencies: finished with status 'done'
  Checking if build backend supports build_editable: started
  Checking if build backend supports build_editable: finished with status 'done'
  Getting requirements to build editable: started
  Getting requirements to build editable: finished with status 'done'
  Preparing editable metadata (pyproject.toml): started
  Preparing editable metadata (pyproject.toml): finished with status 'done'
Requirement already satisfied: torch in ./.venv/lib/python3.12/site-packages (from timm==1.0.18.dev0) (2.13.0+cpu)
Requirement already satisfied: torchvision in ./.venv/lib/python3.12/site-packages (from timm==1.0.18.dev0) (0.28.0+cpu)
Requirement already satisfied: pyyaml in ./.venv/lib/python3.12/site-packages (from timm==1.0.18.dev0) (6.0.3)
Requirement already satisfied: huggingface_hub in ./.venv/lib/python3.12/site-packages (from timm==1.0.18.dev0) (1.23.0)
Requirement already satisfied: safetensors in ./.venv/lib/python3.12/site-packages (from timm==1.0.18.dev0) (0.8.0)
Requirement already satisfied: click<9.0.0,>=8.4.2 in ./.venv/lib/python3.12/site-packages (from huggingface_hub->timm==1.0.18.dev0) (8.4.2)
Requirement already satisfied: filelock>=3.10.0 in ./.venv/lib/python3.12/site-packages (from huggingface_hub->timm==1.0.18.dev0) (3.29.0)
Requirement already satisfied: fsspec>=2023.5.0 in ./.venv/lib/python3.12/site-packages (from huggingface_hub->timm==1.0.18.dev0) (2026.4.0)
Requirement already satisfied: hf-xet<2.0.0,>=1.5.1 in ./.venv/lib/python3.12/site-packages (from huggingface_hub->timm==1.0.18.dev0) (1.5.2)
Requirement already satisfied: httpx<1,>=0.23.0 in ./.venv/lib/python3.12/site-packages (from huggingface_hub->timm==1.0.18.dev0) (0.28.1)
Requirement already satisfied: packaging>=20.9 in ./.venv/lib/python3.12/site-packages (from huggingface_hub->timm==1.0.18.dev0) (26.2)
Requirement already satisfied: tqdm>=4.42.1 in ./.venv/lib/python3.12/site-packages (from huggingface_hub->timm==1.0.18.dev0) (4.68.4)
Requirement already satisfied: typing-extensions>=4.1.0 in ./.venv/lib/python3.12/site-packages (from huggingface_hub->timm==1.0.18.dev0) (4.15.0)
Requirement already satisfied: anyio in ./.venv/lib/python3.12/site-packages (from httpx<1,>=0.23.0->huggingface_hub->timm==1.0.18.dev0) (4.14.2)
Requirement already satisfied: certifi in ./.venv/lib/python3.12/site-packages (from httpx<1,>=0.23.0->huggingface_hub->timm==1.0.18.dev0) (2026.6.17)
Requirement already satisfied: httpcore==1.* in ./.venv/lib/python3.12/site-packages (from httpx<1,>=0.23.0->huggingface_hub->timm==1.0.18.dev0) (1.0.9)
Requirement already satisfied: idna in ./.venv/lib/python3.12/site-packages (from httpx<1,>=0.23.0->huggingface_hub->timm==1.0.18.dev0) (3.18)
Requirement already satisfied: h11>=0.16 in ./.venv/lib/python3.12/site-packages (from httpcore==1.*->httpx<1,>=0.23.0->huggingface_hub->timm==1.0.18.dev0) (0.16.0)
Requirement already satisfied: setuptools>=77.0.3 in ./.venv/lib/python3.12/site-packages (from torch->timm==1.0.18.dev0) (83.0.0)
Requirement already satisfied: sympy>=1.13.3 in ./.venv/lib/python3.12/site-packages (from torch->timm==1.0.18.dev0) (1.14.0)
Requirement already satisfied: networkx>=2.5.1 in ./.venv/lib/python3.12/site-packages (from torch->timm==1.0.18.dev0) (3.6.1)
Requirement already satisfied: jinja2 in ./.venv/lib/python3.12/site-packages (from torch->timm==1.0.18.dev0) (3.1.6)
Requirement already satisfied: mpmath<1.4,>=1.1.0 in ./.venv/lib/python3.12/site-packages (from sympy>=1.13.3->torch->timm==1.0.18.dev0) (1.3.0)
Requirement already satisfied: MarkupSafe>=2.0 in ./.venv/lib/python3.12/site-packages (from jinja2->torch->timm==1.0.18.dev0) (3.0.3)
Requirement already satisfied: numpy in ./.venv/lib/python3.12/site-packages (from torchvision->timm==1.0.18.dev0) (2.4.4)
Requirement already satisfied: pillow!=8.3.*,>=5.3.0 in ./.venv/lib/python3.12/site-packages (from torchvision->timm==1.0.18.dev0) (12.2.0)
Building wheels for collected packages: timm
  Building editable for timm (pyproject.toml): started
  Building editable for timm (pyproject.toml): finished with status 'done'
  Created wheel for timm: filename=timm-1.0.18.dev0-py3-none-any.whl size=23549 sha256=386902332f467fff85f43665e9029a7a428467fabdd78ac868cd74d2c8860cf3
  Stored in directory: /tmp/pip-ephem-wheel-cache-d90if8cc/wheels/4e/51/0f/3d67350b010e845eeb5db138eeaac360497134205364fbf64e
Successfully built timm
Installing collected packages: timm
  Attempting uninstall: timm
    Found existing installation: timm 1.0.18.dev0
    Uninstalling timm-1.0.18.dev0:
      Successfully uninstalled timm-1.0.18.dev0
Successfully installed timm-1.0.18.dev0
torch 2.13.0+cpu
Running Eva(batch_size=1, patch_drop_rate=0.75, use_rot_pos_emb=True)
Output shape: (1, 1000)
Running Eva(batch_size=8, patch_drop_rate=0.75, use_rot_pos_emb=True)
