[transformers] We strongly recommend passing in an `attention_mask` since your input_ids may be padded. See https://huggingface.co/docs/transformers/troubleshooting#incorrect-output-when-padding-tokens-arent-masked.
Traceback (most recent call last):
  File "267/codebase/src/transformers/models/layoutlm/modeling_layoutlm.py", line 99, in forward
    right_position_embeddings = self.x_position_embeddings(bbox[:, :, 2])
                                ^^^^^^^^^^^^^^^^^^^^^^^^^^^^^^^^^^^^^^^^^
  File "267/.venv/lib/python3.12/site-packages/torch/nn/modules/module.py", line 1553, in _wrapped_call_impl
    return self._call_impl(*args, **kwargs)
           ^^^^^^^^^^^^^^^^^^^^^^^^^^^^^^^^
  File "267/.venv/lib/python3.12/site-packages/torch/nn/modules/module.py", line 1562, in _call_impl
    return forward_call(*args, **kwargs)
           ^^^^^^^^^^^^^^^^^^^^^^^^^^^^^
  File "267/.venv/lib/python3.12/site-packages/torch/nn/modules/sparse.py", line 164, in forward
    return F.embedding(
           ^^^^^^^^^^^^
  File "267/.venv/lib/python3.12/site-packages/torch/nn/functional.py", line 2267, in embedding
    return torch.embedding(weight, input, padding_idx, scale_grad_by_freq, sparse)
           ^^^^^^^^^^^^^^^^^^^^^^^^^^^^^^^^^^^^^^^^^^^^^^^^^^^^^^^^^^^^^^^^^^^^^^^
IndexError: index out of range in self

The above exception was the direct cause of the following exception:

Traceback (most recent call last):
  File "267/repro.py", line 85, in <module>
    main()
  File "267/repro.py", line 81, in main
    model(input_ids=input_ids, bbox=bbox)
  File "267/.venv/lib/python3.12/site-packages/torch/nn/modules/module.py", line 1553, in _wrapped_call_impl
    return self._call_impl(*args, **kwargs)
           ^^^^^^^^^^^^^^^^^^^^^^^^^^^^^^^^
  File "267/.venv/lib/python3.12/site-packages/torch/nn/modules/module.py", line 1562, in _call_impl
    return forward_call(*args, **kwargs)
           ^^^^^^^^^^^^^^^^^^^^^^^^^^^^^
  File "267/codebase/src/transformers/utils/generic.py", line 1040, in wrapper
    output = func(self, *args, **kwargs)
             ^^^^^^^^^^^^^^^^^^^^^^^^^^^
  File "267/codebase/src/transformers/utils/output_capturing.py", line 262, in wrapper
    outputs = func(self, *args, **kwargs)
              ^^^^^^^^^^^^^^^^^^^^^^^^^^^
  File "267/codebase/src/transformers/models/layoutlm/modeling_layoutlm.py", line 508, in forward
    embedding_output = self.embeddings(
                       ^^^^^^^^^^^^^^^^
  File "267/.venv/lib/python3.12/site-packages/torch/nn/modules/module.py", line 1553, in _wrapped_call_impl
    return self._call_impl(*args, **kwargs)
           ^^^^^^^^^^^^^^^^^^^^^^^^^^^^^^^^
  File "267/.venv/lib/python3.12/site-packages/torch/nn/modules/module.py", line 1562, in _call_impl
    return forward_call(*args, **kwargs)
           ^^^^^^^^^^^^^^^^^^^^^^^^^^^^^
  File "267/codebase/src/transformers/models/layoutlm/modeling_layoutlm.py", line 102, in forward
    raise IndexError("The `bbox`coordinate values should be within 0-1000 range.") from e
IndexError: The `bbox`coordinate values should be within 0-1000 range.
