Requirement already satisfied: pip in ./.venv/lib/python3.12/site-packages (24.0)
Collecting pip
  Downloading pip-26.1.2-py3-none-any.whl.metadata (4.6 kB)
Downloading pip-26.1.2-py3-none-any.whl (1.8 MB)
   ━━━━━━━━━━━━━━━━━━━━━━━━━━━━━━━━━━━━━━━━ 1.8/1.8 MB 21.2 MB/s eta 0:00:00

Installing collected packages: pip
  Attempting uninstall: pip
    Found existing installation: pip 24.0
    Uninstalling pip-24.0:
      Successfully uninstalled pip-24.0
Successfully installed pip-26.1.2
Collecting cloudpickle==3.1.2 (from -r requirements.txt (line 1))
  Downloading cloudpickle-3.1.2-py3-none-any.whl.metadata (7.1 kB)
Collecting boto3==1.43.50 (from -r requirements.txt (line 2))
  Downloading boto3-1.43.50-py3-none-any.whl.metadata (6.6 kB)
Collecting botocore==1.43.50 (from -r requirements.txt (line 3))
  Downloading botocore-1.43.50-py3-none-any.whl.metadata (5.6 kB)
Collecting copulas==0.14.1 (from -r requirements.txt (line 4))
  Downloading copulas-0.14.1-py3-none-any.whl.metadata (9.7 kB)
Collecting graphviz==0.21 (from -r requirements.txt (line 5))
  Downloading graphviz-0.21-py3-none-any.whl.metadata (12 kB)
Collecting numpy==2.5.1 (from -r requirements.txt (line 6))
  Downloading numpy-2.5.1-cp312-cp312-manylinux_2_27_x86_64.manylinux_2_28_x86_64.whl.metadata (6.6 kB)
Collecting pandas==2.3.3 (from -r requirements.txt (line 7))
  Downloading pandas-2.3.3-cp312-cp312-manylinux_2_24_x86_64.manylinux_2_28_x86_64.whl.metadata (91 kB)
Collecting plotly==6.9.0 (from -r requirements.txt (line 8))
  Downloading plotly-6.9.0-py3-none-any.whl.metadata (9.0 kB)
Collecting platformdirs==4.10.0 (from -r requirements.txt (line 9))
  Downloading platformdirs-4.10.0-py3-none-any.whl.metadata (5.5 kB)
Collecting pyyaml==6.0.3 (from -r requirements.txt (line 10))
  Downloading pyyaml-6.0.3-cp312-cp312-manylinux2014_x86_64.manylinux_2_17_x86_64.manylinux_2_28_x86_64.whl.metadata (2.4 kB)
Collecting rdt==1.21.1 (from -r requirements.txt (line 11))
  Downloading rdt-1.21.1-py3-none-any.whl.metadata (11 kB)
Collecting sdmetrics==0.28.1 (from -r requirements.txt (line 12))
  Downloading sdmetrics-0.28.1-py3-none-any.whl.metadata (9.9 kB)
Collecting scipy==1.18.0 (from -r requirements.txt (line 13))
  Downloading scipy-1.18.0-cp312-cp312-manylinux_2_27_x86_64.manylinux_2_28_x86_64.whl.metadata (62 kB)
Collecting tqdm==4.68.4 (from -r requirements.txt (line 14))
  Downloading tqdm-4.68.4-py3-none-any.whl.metadata (57 kB)
Collecting jmespath<2.0.0,>=0.7.1 (from boto3==1.43.50->-r requirements.txt (line 2))
  Downloading jmespath-1.1.0-py3-none-any.whl.metadata (7.6 kB)
Collecting s3transfer<0.20.0,>=0.19.0 (from boto3==1.43.50->-r requirements.txt (line 2))
  Downloading s3transfer-0.19.1-py3-none-any.whl.metadata (1.7 kB)
Collecting python-dateutil<3.0.0,>=2.1 (from botocore==1.43.50->-r requirements.txt (line 3))
  Downloading python_dateutil-2.9.0.post0-py2.py3-none-any.whl.metadata (8.4 kB)
Collecting urllib3!=2.2.0,<3,>=1.25.4 (from botocore==1.43.50->-r requirements.txt (line 3))
  Downloading urllib3-2.7.0-py3-none-any.whl.metadata (6.9 kB)
Collecting pytz>=2020.1 (from pandas==2.3.3->-r requirements.txt (line 7))
  Downloading pytz-2026.2-py2.py3-none-any.whl.metadata (22 kB)
Collecting tzdata>=2022.7 (from pandas==2.3.3->-r requirements.txt (line 7))
  Downloading tzdata-2026.3-py2.py3-none-any.whl.metadata (1.4 kB)
Collecting narwhals>=1.15.1 (from plotly==6.9.0->-r requirements.txt (line 8))
  Downloading narwhals-2.24.0-py3-none-any.whl.metadata (15 kB)
Collecting packaging (from plotly==6.9.0->-r requirements.txt (line 8))
  Downloading packaging-26.2-py3-none-any.whl.metadata (3.5 kB)
Collecting scikit-learn>=1.3.1 (from rdt==1.21.1->-r requirements.txt (line 11))
  Downloading scikit_learn-1.9.0-cp312-cp312-manylinux_2_27_x86_64.manylinux_2_28_x86_64.whl.metadata (11 kB)
Collecting Faker!=37.11.0,>=17 (from rdt==1.21.1->-r requirements.txt (line 11))
  Downloading faker-40.31.0-py3-none-any.whl.metadata (16 kB)
Collecting six>=1.5 (from python-dateutil<3.0.0,>=2.1->botocore==1.43.50->-r requirements.txt (line 3))
  Downloading six-1.17.0-py2.py3-none-any.whl.metadata (1.7 kB)
Collecting joblib>=1.4.0 (from scikit-learn>=1.3.1->rdt==1.21.1->-r requirements.txt (line 11))
  Downloading joblib-1.5.3-py3-none-any.whl.metadata (5.5 kB)
Collecting threadpoolctl>=3.5.0 (from scikit-learn>=1.3.1->rdt==1.21.1->-r requirements.txt (line 11))
  Downloading threadpoolctl-3.6.0-py3-none-any.whl.metadata (13 kB)
Downloading cloudpickle-3.1.2-py3-none-any.whl (22 kB)
Downloading boto3-1.43.50-py3-none-any.whl (140 kB)
Downloading botocore-1.43.50-py3-none-any.whl (15.4 MB)
   ━━━━━━━━━━━━━━━━━━━━━━━━━━━━━━━━━━━━━━━━ 15.4/15.4 MB 28.0 MB/s  0:00:00

Downloading copulas-0.14.1-py3-none-any.whl (52 kB)
Downloading pandas-2.3.3-cp312-cp312-manylinux_2_24_x86_64.manylinux_2_28_x86_64.whl (12.4 MB)
   ━━━━━━━━━━━━━━━━━━━━━━━━━━━━━━━━━━━━━━━━ 12.4/12.4 MB 29.1 MB/s  0:00:00

Downloading graphviz-0.21-py3-none-any.whl (47 kB)
Downloading numpy-2.5.1-cp312-cp312-manylinux_2_27_x86_64.manylinux_2_28_x86_64.whl (16.7 MB)
   ━━━━━━━━━━━━━━━━━━━━━━━━━━━━━━━━━━━━━━━━ 16.7/16.7 MB 21.2 MB/s  0:00:00

Downloading plotly-6.9.0-py3-none-any.whl (9.9 MB)
   ━━━━━━━━━━━━━━━━━━━━━━━━━━━━━━━━━━━━━━━━ 9.9/9.9 MB 22.6 MB/s  0:00:00

Downloading platformdirs-4.10.0-py3-none-any.whl (22 kB)
Downloading pyyaml-6.0.3-cp312-cp312-manylinux2014_x86_64.manylinux_2_17_x86_64.manylinux_2_28_x86_64.whl (807 kB)
   ━━━━━━━━━━━━━━━━━━━━━━━━━━━━━━━━━━━━━━━━ 807.9/807.9 kB 25.8 MB/s  0:00:00

Downloading rdt-1.21.1-py3-none-any.whl (75 kB)
Downloading sdmetrics-0.28.1-py3-none-any.whl (206 kB)
Downloading scipy-1.18.0-cp312-cp312-manylinux_2_27_x86_64.manylinux_2_28_x86_64.whl (35.3 MB)
   ━━━━━━━━━━━━━━━━━━━━━━━━━━━━━━━━━━━━━━━━ 35.3/35.3 MB 19.4 MB/s  0:00:01

Downloading tqdm-4.68.4-py3-none-any.whl (676 kB)
   ━━━━━━━━━━━━━━━━━━━━━━━━━━━━━━━━━━━━━━━━ 676.6/676.6 kB 16.5 MB/s  0:00:00

Downloading jmespath-1.1.0-py3-none-any.whl (20 kB)
Downloading python_dateutil-2.9.0.post0-py2.py3-none-any.whl (229 kB)
Downloading s3transfer-0.19.1-py3-none-any.whl (90 kB)
Downloading urllib3-2.7.0-py3-none-any.whl (131 kB)
Downloading faker-40.31.0-py3-none-any.whl (2.1 MB)
   ━━━━━━━━━━━━━━━━━━━━━━━━━━━━━━━━━━━━━━━━ 2.1/2.1 MB 17.1 MB/s  0:00:00

Downloading narwhals-2.24.0-py3-none-any.whl (461 kB)
Downloading pytz-2026.2-py2.py3-none-any.whl (510 kB)
Downloading scikit_learn-1.9.0-cp312-cp312-manylinux_2_27_x86_64.manylinux_2_28_x86_64.whl (9.1 MB)
   ━━━━━━━━━━━━━━━━━━━━━━━━━━━━━━━━━━━━━━━━ 9.1/9.1 MB 19.7 MB/s  0:00:00

Downloading joblib-1.5.3-py3-none-any.whl (309 kB)
Downloading six-1.17.0-py2.py3-none-any.whl (11 kB)
Downloading threadpoolctl-3.6.0-py3-none-any.whl (18 kB)
Downloading tzdata-2026.3-py2.py3-none-any.whl (348 kB)
Downloading packaging-26.2-py3-none-any.whl (100 kB)
Installing collected packages: pytz, urllib3, tzdata, tqdm, threadpoolctl, six, pyyaml, platformdirs, packaging, numpy, narwhals, joblib, jmespath, graphviz, Faker, cloudpickle, scipy, python-dateutil, plotly, scikit-learn, pandas, botocore, s3transfer, rdt, copulas, sdmetrics, boto3


