stderr: Traceback (most recent call last):
stderr:   File "637/.venv/bin/accelerate-launch", line 6, in <module>
stderr:     sys.exit(main())
stderr:   File "637/.venv/lib/python3.10/site-packages/accelerate/commands/launch.py", line 1075, in main
stderr:     launch_command(args)
stderr:   File "637/.venv/lib/python3.10/site-packages/accelerate/commands/launch.py", line 1036, in launch_command
stderr:     if args.use_cpu and args.num_processes > 1:
stderr: AttributeError: 'Namespace' object has no attribute 'use_cpu'
Traceback (most recent call last):
  File "637/.venv/bin/accelerate", line 6, in <module>
    sys.exit(main())
  File "637/.venv/lib/python3.10/site-packages/accelerate/commands/accelerate_cli.py", line 45, in main
    args.func(args)
  File "637/.venv/lib/python3.10/site-packages/accelerate/commands/test.py", line 52, in test_command
    result = execute_subprocess_async(cmd, env=os.environ.copy())
  File "637/.venv/lib/python3.10/site-packages/accelerate/test_utils/testing.py", line 328, in execute_subprocess_async
    raise RuntimeError(
RuntimeError: 'accelerate-launch --config_file=637/sagemaker_default_config.yaml 637/.venv/lib/python3.10/site-packages/accelerate/test_utils/scripts/test_script.py' failed with returncode 1

The combined stderr from workers follows:
Traceback (most recent call last):
  File "637/.venv/bin/accelerate-launch", line 6, in <module>
    sys.exit(main())
  File "637/.venv/lib/python3.10/site-packages/accelerate/commands/launch.py", line 1075, in main
    launch_command(args)
  File "637/.venv/lib/python3.10/site-packages/accelerate/commands/launch.py", line 1036, in launch_command
    if args.use_cpu and args.num_processes > 1:
AttributeError: 'Namespace' object has no attribute 'use_cpu'
