Requirement already satisfied: pip in ./.venv/lib/python3.12/site-packages (24.0)
Collecting pip
  Downloading pip-26.1.2-py3-none-any.whl.metadata (4.6 kB)
Collecting setuptools
  Downloading setuptools-83.0.0-py3-none-any.whl.metadata (6.6 kB)
Collecting wheel
  Downloading wheel-0.47.0-py3-none-any.whl.metadata (2.3 kB)
Collecting packaging>=24.0 (from wheel)
  Downloading packaging-26.2-py3-none-any.whl.metadata (3.5 kB)
Downloading pip-26.1.2-py3-none-any.whl (1.8 MB)
   ━━━━━━━━━━━━━━━━━━━━━━━━━━━━━━━━━━━━━━━━ 1.8/1.8 MB 14.1 MB/s eta 0:00:00

Downloading setuptools-83.0.0-py3-none-any.whl (1.0 MB)
   ━━━━━━━━━━━━━━━━━━━━━━━━━━━━━━━━━━━━━━━━ 1.0/1.0 MB 17.5 MB/s eta 0:00:00

Downloading wheel-0.47.0-py3-none-any.whl (32 kB)
Downloading packaging-26.2-py3-none-any.whl (100 kB)
   ━━━━━━━━━━━━━━━━━━━━━━━━━━━━━━━━━━━━━━━━ 100.2/100.2 kB 28.0 MB/s eta 0:00:00

Installing collected packages: setuptools, pip, packaging, wheel
  Attempting uninstall: pip
    Found existing installation: pip 24.0
    Uninstalling pip-24.0:
      Successfully uninstalled pip-24.0
Successfully installed packaging-26.2 pip-26.1.2 setuptools-83.0.0 wheel-0.47.0
Looking in indexes: https://pypi.org/simple, https://download.pytorch.org/whl/cpu
Collecting torch==2.8.0 (from -r 359/requirements.txt (line 2))
  Downloading torch-2.8.0%2Bcpu-cp312-cp312-manylinux_2_28_x86_64.whl.metadata (29 kB)
Collecting numpy==2.5.1 (from -r 359/requirements.txt (line 3))
  Downloading numpy-2.5.1-cp312-cp312-manylinux_2_27_x86_64.manylinux_2_28_x86_64.whl.metadata (6.6 kB)
Collecting aiohttp==3.14.1 (from -r 359/requirements.txt (line 4))
  Downloading aiohttp-3.14.1-cp312-cp312-manylinux2014_x86_64.manylinux_2_17_x86_64.manylinux_2_28_x86_64.whl.metadata (8.3 kB)
Collecting fsspec==2026.4.0 (from -r 359/requirements.txt (line 5))
  Downloading fsspec-2026.4.0-py3-none-any.whl.metadata (10 kB)
Collecting Jinja2==3.1.6 (from -r 359/requirements.txt (line 6))
  Downloading jinja2-3.1.6-py3-none-any.whl.metadata (2.9 kB)
Collecting psutil==7.2.2 (from -r 359/requirements.txt (line 7))
  Downloading psutil-7.2.2-cp36-abi3-manylinux2010_x86_64.manylinux_2_12_x86_64.manylinux_2_28_x86_64.whl.metadata (22 kB)
Collecting pyparsing==3.3.2 (from -r 359/requirements.txt (line 8))
  Downloading pyparsing-3.3.2-py3-none-any.whl.metadata (5.8 kB)
Collecting requests==2.34.2 (from -r 359/requirements.txt (line 9))
  Downloading requests-2.34.2-py3-none-any.whl.metadata (4.8 kB)
Collecting tqdm==4.68.4 (from -r 359/requirements.txt (line 10))
  Downloading tqdm-4.68.4-py3-none-any.whl.metadata (57 kB)
Collecting xxhash==3.8.1 (from -r 359/requirements.txt (line 11))
  Downloading xxhash-3.8.1-cp312-cp312-manylinux2014_x86_64.manylinux_2_17_x86_64.manylinux_2_28_x86_64.whl.metadata (15 kB)
Collecting filelock (from torch==2.8.0->-r 359/requirements.txt (line 2))
  Downloading filelock-3.30.2-py3-none-any.whl.metadata (2.0 kB)
Collecting typing-extensions>=4.10.0 (from torch==2.8.0->-r 359/requirements.txt (line 2))
  Downloading typing_extensions-4.16.0-py3-none-any.whl.metadata (3.3 kB)
Requirement already satisfied: setuptools in ./.venv/lib/python3.12/site-packages (from torch==2.8.0->-r 359/requirements.txt (line 2)) (83.0.0)
Collecting sympy>=1.13.3 (from torch==2.8.0->-r 359/requirements.txt (line 2))
  Downloading sympy-1.14.0-py3-none-any.whl.metadata (12 kB)
Collecting networkx (from torch==2.8.0->-r 359/requirements.txt (line 2))
  Downloading networkx-3.6.1-py3-none-any.whl.metadata (6.8 kB)
Collecting aiohappyeyeballs>=2.5.0 (from aiohttp==3.14.1->-r 359/requirements.txt (line 4))
  Downloading aiohappyeyeballs-2.7.1-py3-none-any.whl.metadata (5.9 kB)
Collecting aiosignal>=1.4.0 (from aiohttp==3.14.1->-r 359/requirements.txt (line 4))
  Downloading aiosignal-1.4.0-py3-none-any.whl.metadata (3.7 kB)
Collecting attrs>=17.3.0 (from aiohttp==3.14.1->-r 359/requirements.txt (line 4))
  Downloading attrs-26.1.0-py3-none-any.whl.metadata (8.8 kB)
Collecting frozenlist>=1.1.1 (from aiohttp==3.14.1->-r 359/requirements.txt (line 4))
  Downloading frozenlist-1.8.0-cp312-cp312-manylinux1_x86_64.manylinux_2_28_x86_64.manylinux_2_5_x86_64.whl.metadata (20 kB)
Collecting multidict<7.0,>=4.5 (from aiohttp==3.14.1->-r 359/requirements.txt (line 4))
  Downloading multidict-6.7.1-cp312-cp312-manylinux2014_x86_64.manylinux_2_17_x86_64.manylinux_2_28_x86_64.whl.metadata (5.3 kB)
Collecting propcache>=0.2.0 (from aiohttp==3.14.1->-r 359/requirements.txt (line 4))
  Downloading propcache-0.5.2-cp312-cp312-manylinux2014_x86_64.manylinux_2_17_x86_64.manylinux_2_28_x86_64.whl.metadata (16 kB)
Collecting yarl<2.0,>=1.17.0 (from aiohttp==3.14.1->-r 359/requirements.txt (line 4))
  Downloading yarl-1.24.2-cp312-cp312-manylinux2014_x86_64.manylinux_2_17_x86_64.manylinux_2_28_x86_64.whl.metadata (94 kB)
Collecting MarkupSafe>=2.0 (from Jinja2==3.1.6->-r 359/requirements.txt (line 6))
  Downloading markupsafe-3.0.3-cp312-cp312-manylinux2014_x86_64.manylinux_2_17_x86_64.manylinux_2_28_x86_64.whl.metadata (2.7 kB)
Collecting charset_normalizer<4,>=2 (from requests==2.34.2->-r 359/requirements.txt (line 9))
  Downloading charset_normalizer-3.4.9-cp312-cp312-manylinux2014_x86_64.manylinux_2_17_x86_64.manylinux_2_28_x86_64.whl.metadata (41 kB)
Collecting idna<4,>=2.5 (from requests==2.34.2->-r 359/requirements.txt (line 9))
  Downloading idna-3.18-py3-none-any.whl.metadata (6.1 kB)
Collecting urllib3<3,>=1.26 (from requests==2.34.2->-r 359/requirements.txt (line 9))
  Downloading urllib3-2.7.0-py3-none-any.whl.metadata (6.9 kB)
Collecting certifi>=2023.5.7 (from requests==2.34.2->-r 359/requirements.txt (line 9))
  Downloading certifi-2026.6.17-py3-none-any.whl.metadata (2.5 kB)
Collecting mpmath<1.4,>=1.1.0 (from sympy>=1.13.3->torch==2.8.0->-r 359/requirements.txt (line 2))
  Downloading mpmath-1.3.0-py3-none-any.whl.metadata (8.6 kB)
Downloading torch-2.8.0%2Bcpu-cp312-cp312-manylinux_2_28_x86_64.whl (183.9 MB)
   ━━━━━━━━━━━━━━━━━━━━━━━━━━━━━━━━━━━━━━━━ 183.9/183.9 MB 81.6 MB/s  0:00:02

Downloading numpy-2.5.1-cp312-cp312-manylinux_2_27_x86_64.manylinux_2_28_x86_64.whl (16.7 MB)
   ━━━━━━━━━━━━━━━━━━━━━━━━━━━━━━━━━━━━━━━━ 16.7/16.7 MB 58.8 MB/s  0:00:00

Downloading aiohttp-3.14.1-cp312-cp312-manylinux2014_x86_64.manylinux_2_17_x86_64.manylinux_2_28_x86_64.whl (1.8 MB)
   ━━━━━━━━━━━━━━━━━━━━━━━━━━━━━━━━━━━━━━━━ 1.8/1.8 MB 76.2 MB/s  0:00:00

Downloading fsspec-2026.4.0-py3-none-any.whl (203 kB)
Downloading jinja2-3.1.6-py3-none-any.whl (134 kB)
Downloading psutil-7.2.2-cp36-abi3-manylinux2010_x86_64.manylinux_2_12_x86_64.manylinux_2_28_x86_64.whl (155 kB)
Downloading pyparsing-3.3.2-py3-none-any.whl (122 kB)
Downloading requests-2.34.2-py3-none-any.whl (73 kB)
Downloading tqdm-4.68.4-py3-none-any.whl (676 kB)
   ━━━━━━━━━━━━━━━━━━━━━━━━━━━━━━━━━━━━━━━━ 676.6/676.6 kB 98.9 MB/s  0:00:00

Downloading xxhash-3.8.1-cp312-cp312-manylinux2014_x86_64.manylinux_2_17_x86_64.manylinux_2_28_x86_64.whl (220 kB)
Downloading charset_normalizer-3.4.9-cp312-cp312-manylinux2014_x86_64.manylinux_2_17_x86_64.manylinux_2_28_x86_64.whl (224 kB)
Downloading idna-3.18-py3-none-any.whl (65 kB)
Downloading multidict-6.7.1-cp312-cp312-manylinux2014_x86_64.manylinux_2_17_x86_64.manylinux_2_28_x86_64.whl (256 kB)
Downloading urllib3-2.7.0-py3-none-any.whl (131 kB)
Downloading yarl-1.24.2-cp312-cp312-manylinux2014_x86_64.manylinux_2_17_x86_64.manylinux_2_28_x86_64.whl (105 kB)
Downloading aiohappyeyeballs-2.7.1-py3-none-any.whl (15 kB)
Downloading aiosignal-1.4.0-py3-none-any.whl (7.5 kB)
Downloading attrs-26.1.0-py3-none-any.whl (67 kB)
Downloading certifi-2026.6.17-py3-none-any.whl (133 kB)
Downloading frozenlist-1.8.0-cp312-cp312-manylinux1_x86_64.manylinux_2_28_x86_64.manylinux_2_5_x86_64.whl (242 kB)
Downloading markupsafe-3.0.3-cp312-cp312-manylinux2014_x86_64.manylinux_2_17_x86_64.manylinux_2_28_x86_64.whl (22 kB)
Downloading propcache-0.5.2-cp312-cp312-manylinux2014_x86_64.manylinux_2_17_x86_64.manylinux_2_28_x86_64.whl (61 kB)
Downloading sympy-1.14.0-py3-none-any.whl (6.3 MB)
   ━━━━━━━━━━━━━━━━━━━━━━━━━━━━━━━━━━━━━━━━ 6.3/6.3 MB 55.3 MB/s  0:00:00

Downloading mpmath-1.3.0-py3-none-any.whl (536 kB)
   ━━━━━━━━━━━━━━━━━━━━━━━━━━━━━━━━━━━━━━━━ 536.2/536.2 kB 44.5 MB/s  0:00:00

Downloading typing_extensions-4.16.0-py3-none-any.whl (45 kB)
Downloading filelock-3.30.2-py3-none-any.whl (94 kB)
Downloading networkx-3.6.1-py3-none-any.whl (2.1 MB)
   ━━━━━━━━━━━━━━━━━━━━━━━━━━━━━━━━━━━━━━━━ 2.1/2.1 MB 54.9 MB/s  0:00:00

Installing collected packages: mpmath, xxhash, urllib3, typing-extensions, tqdm, sympy, pyparsing, psutil, propcache, numpy, networkx, multidict, MarkupSafe, idna, fsspec, frozenlist, filelock, charset_normalizer, certifi, attrs, aiohappyeyeballs, yarl, requests, Jinja2, aiosignal, torch, aiohttp


Successfully installed Jinja2-3.1.6 MarkupSafe-3.0.3 aiohappyeyeballs-2.7.1 aiohttp-3.14.1 aiosignal-1.4.0 attrs-26.1.0 certifi-2026.6.17 charset_normalizer-3.4.9 filelock-3.30.2 frozenlist-1.8.0 fsspec-2026.4.0 idna-3.18 mpmath-1.3.0 multidict-6.7.1 networkx-3.6.1 numpy-2.5.1 propcache-0.5.2 psutil-7.2.2 pyparsing-3.3.2 requests-2.34.2 sympy-1.14.0 torch-2.8.0+cpu tqdm-4.68.4 typing-extensions-4.16.0 urllib3-2.7.0 xxhash-3.8.1 yarl-1.24.2
torch=2.8.0+cpu
use_attention=False: RuntimeError

Module 'HypergraphConv' has no attribute 'att' :
  File "359/codebase/torch_geometric/experimental.py", line 174
            x_i = x[hyperedge_index[0]]
            x_j = hyperedge_attr[hyperedge_index[1]]
            alpha = (torch.cat([x_i, x_j], dim=-1) * self.att).sum(dim=-1)
                                                     ~~~~~~~~ <--- HERE
            alpha = F.leaky_relu(alpha, self.negative_slope)
            if self.attention_mode == 'node':

use_attention=True: RuntimeError

Variable 'alpha' previously had type NoneType but is now being assigned to a value of type Tensor
:
  File "359/codebase/torch_geometric/experimental.py", line 174
            x_i = x[hyperedge_index[0]]
            x_j = hyperedge_attr[hyperedge_index[1]]
            alpha = (torch.cat([x_i, x_j], dim=-1) * self.att).sum(dim=-1)
            ~~~~~ <--- HERE
            alpha = F.leaky_relu(alpha, self.negative_slope)
            if self.attention_mode == 'node':

reproduced: HypergraphConv is not TorchScript-compatible
