Obtaining file://266/codebase (from -r 266/requirements.txt (line 1))
  Installing build dependencies: started
  Installing build dependencies: finished with status 'done'
  Checking if build backend supports build_editable: started
  Checking if build backend supports build_editable: finished with status 'done'
  Getting requirements to build editable: started
  Getting requirements to build editable: finished with status 'done'
  Preparing editable metadata (pyproject.toml): started
  Preparing editable metadata (pyproject.toml): finished with status 'done'
Collecting tensorflow==2.21.0 (from -r 266/requirements.txt (line 2))
  Downloading tensorflow-2.21.0-cp312-cp312-manylinux_2_27_x86_64.whl.metadata (4.4 kB)
Collecting absl-py>=1.0.0 (from tensorflow==2.21.0->-r 266/requirements.txt (line 2))
  Downloading absl_py-2.5.0-py3-none-any.whl.metadata (3.3 kB)
Collecting astunparse>=1.6.0 (from tensorflow==2.21.0->-r 266/requirements.txt (line 2))
  Downloading astunparse-1.6.3-py2.py3-none-any.whl.metadata (4.4 kB)
Collecting flatbuffers>=25.9.23 (from tensorflow==2.21.0->-r 266/requirements.txt (line 2))
  Downloading flatbuffers-25.12.19-py2.py3-none-any.whl.metadata (1.0 kB)
Collecting gast!=0.5.0,!=0.5.1,!=0.5.2,>=0.2.1 (from tensorflow==2.21.0->-r 266/requirements.txt (line 2))
  Downloading gast-0.7.0-py3-none-any.whl.metadata (1.5 kB)
Collecting google_pasta>=0.1.1 (from tensorflow==2.21.0->-r 266/requirements.txt (line 2))
  Downloading google_pasta-0.2.0-py3-none-any.whl.metadata (814 bytes)
Collecting libclang>=13.0.0 (from tensorflow==2.21.0->-r 266/requirements.txt (line 2))
  Downloading libclang-18.1.1-py2.py3-none-manylinux2010_x86_64.whl.metadata (5.2 kB)
Collecting opt_einsum>=2.3.2 (from tensorflow==2.21.0->-r 266/requirements.txt (line 2))
  Downloading opt_einsum-3.4.0-py3-none-any.whl.metadata (6.3 kB)
Collecting packaging (from tensorflow==2.21.0->-r 266/requirements.txt (line 2))
  Downloading packaging-26.2-py3-none-any.whl.metadata (3.5 kB)
Collecting protobuf<8.0.0,>=6.31.1 (from tensorflow==2.21.0->-r 266/requirements.txt (line 2))
  Downloading protobuf-7.35.1-cp310-abi3-manylinux2014_x86_64.whl.metadata (595 bytes)
Collecting requests<3,>=2.21.0 (from tensorflow==2.21.0->-r 266/requirements.txt (line 2))
  Downloading requests-2.34.2-py3-none-any.whl.metadata (4.8 kB)
Collecting setuptools (from tensorflow==2.21.0->-r 266/requirements.txt (line 2))
  Downloading setuptools-83.0.0-py3-none-any.whl.metadata (6.6 kB)
Collecting six>=1.12.0 (from tensorflow==2.21.0->-r 266/requirements.txt (line 2))
  Downloading six-1.17.0-py2.py3-none-any.whl.metadata (1.7 kB)
Collecting termcolor>=1.1.0 (from tensorflow==2.21.0->-r 266/requirements.txt (line 2))
  Downloading termcolor-3.3.0-py3-none-any.whl.metadata (6.5 kB)
Collecting typing_extensions>=3.6.6 (from tensorflow==2.21.0->-r 266/requirements.txt (line 2))
  Downloading typing_extensions-4.16.0-py3-none-any.whl.metadata (3.3 kB)
Collecting wrapt>=1.11.0 (from tensorflow==2.21.0->-r 266/requirements.txt (line 2))
  Downloading wrapt-2.2.2-cp312-cp312-manylinux1_x86_64.manylinux_2_28_x86_64.manylinux_2_5_x86_64.whl.metadata (7.4 kB)
Collecting grpcio<2.0,>=1.24.3 (from tensorflow==2.21.0->-r 266/requirements.txt (line 2))
  Downloading grpcio-1.82.1-cp312-cp312-manylinux2014_x86_64.manylinux_2_17_x86_64.whl.metadata (3.7 kB)
Collecting keras>=3.12.0 (from tensorflow==2.21.0->-r 266/requirements.txt (line 2))
  Downloading keras-3.15.0-py3-none-any.whl.metadata (6.3 kB)
Collecting numpy>=1.26.0 (from tensorflow==2.21.0->-r 266/requirements.txt (line 2))
  Downloading numpy-2.5.1-cp312-cp312-manylinux_2_27_x86_64.manylinux_2_28_x86_64.whl.metadata (6.6 kB)
Collecting h5py<3.15.0,>=3.11.0 (from tensorflow==2.21.0->-r 266/requirements.txt (line 2))
  Downloading h5py-3.14.0-cp312-cp312-manylinux_2_17_x86_64.manylinux2014_x86_64.whl.metadata (2.7 kB)
Collecting ml_dtypes<1.0.0,>=0.5.1 (from tensorflow==2.21.0->-r 266/requirements.txt (line 2))
  Downloading ml_dtypes-0.5.4-cp312-cp312-manylinux_2_27_x86_64.manylinux_2_28_x86_64.whl.metadata (8.9 kB)
Collecting jaxlib<=0.11.0,>=0.10.2 (from jax==0.11.0.dev20260717->-r 266/requirements.txt (line 1))
  Downloading jaxlib-0.11.0-cp312-cp312-manylinux_2_27_x86_64.whl.metadata (1.3 kB)
Collecting scipy>=1.15 (from jax==0.11.0.dev20260717->-r 266/requirements.txt (line 1))
  Downloading scipy-1.18.0-cp312-cp312-manylinux_2_27_x86_64.manylinux_2_28_x86_64.whl.metadata (62 kB)
     ━━━━━━━━━━━━━━━━━━━━━━━━━━━━━━━━━━━━━━━━ 62.3/62.3 kB 5.5 MB/s eta 0:00:00

Collecting wheel<1.0,>=0.23.0 (from astunparse>=1.6.0->tensorflow==2.21.0->-r 266/requirements.txt (line 2))
  Downloading wheel-0.47.0-py3-none-any.whl.metadata (2.3 kB)
Collecting rich (from keras>=3.12.0->tensorflow==2.21.0->-r 266/requirements.txt (line 2))
  Downloading rich-15.0.0-py3-none-any.whl.metadata (18 kB)
Collecting namex (from keras>=3.12.0->tensorflow==2.21.0->-r 266/requirements.txt (line 2))
  Downloading namex-0.1.0-py3-none-any.whl.metadata (322 bytes)
Collecting optree (from keras>=3.12.0->tensorflow==2.21.0->-r 266/requirements.txt (line 2))
  Downloading optree-0.19.1-cp312-cp312-manylinux_2_27_x86_64.manylinux_2_28_x86_64.whl.metadata (32 kB)
Collecting charset_normalizer<4,>=2 (from requests<3,>=2.21.0->tensorflow==2.21.0->-r 266/requirements.txt (line 2))
  Downloading charset_normalizer-3.4.9-cp312-cp312-manylinux2014_x86_64.manylinux_2_17_x86_64.manylinux_2_28_x86_64.whl.metadata (41 kB)
     ━━━━━━━━━━━━━━━━━━━━━━━━━━━━━━━━━━━━━━━ 41.7/41.7 kB 114.4 MB/s eta 0:00:00

Collecting idna<4,>=2.5 (from requests<3,>=2.21.0->tensorflow==2.21.0->-r 266/requirements.txt (line 2))
  Downloading idna-3.18-py3-none-any.whl.metadata (6.1 kB)
Collecting urllib3<3,>=1.26 (from requests<3,>=2.21.0->tensorflow==2.21.0->-r 266/requirements.txt (line 2))
  Downloading urllib3-2.7.0-py3-none-any.whl.metadata (6.9 kB)
Collecting certifi>=2023.5.7 (from requests<3,>=2.21.0->tensorflow==2.21.0->-r 266/requirements.txt (line 2))
  Downloading certifi-2026.6.17-py3-none-any.whl.metadata (2.5 kB)
Collecting markdown-it-py>=2.2.0 (from rich->keras>=3.12.0->tensorflow==2.21.0->-r 266/requirements.txt (line 2))
  Downloading markdown_it_py-4.2.0-py3-none-any.whl.metadata (7.4 kB)
Collecting pygments<3.0.0,>=2.13.0 (from rich->keras>=3.12.0->tensorflow==2.21.0->-r 266/requirements.txt (line 2))
  Downloading pygments-2.20.0-py3-none-any.whl.metadata (2.5 kB)
Collecting mdurl~=0.1 (from markdown-it-py>=2.2.0->rich->keras>=3.12.0->tensorflow==2.21.0->-r 266/requirements.txt (line 2))
  Downloading mdurl-0.1.2-py3-none-any.whl.metadata (1.6 kB)
Downloading tensorflow-2.21.0-cp312-cp312-manylinux_2_27_x86_64.whl (572.6 MB)
   ━━━━━━━━━━━━━━━━━━━━━━━━━━━━━━━━━━━━━━━━ 572.6/572.6 MB 10.6 MB/s eta 0:00:00

Downloading absl_py-2.5.0-py3-none-any.whl (137 kB)
   ━━━━━━━━━━━━━━━━━━━━━━━━━━━━━━━━━━━━━━━━ 137.4/137.4 kB 13.9 MB/s eta 0:00:00

Downloading astunparse-1.6.3-py2.py3-none-any.whl (12 kB)
Downloading flatbuffers-25.12.19-py2.py3-none-any.whl (26 kB)
Downloading gast-0.7.0-py3-none-any.whl (22 kB)
Downloading google_pasta-0.2.0-py3-none-any.whl (57 kB)
   ━━━━━━━━━━━━━━━━━━━━━━━━━━━━━━━━━━━━━━━━ 57.5/57.5 kB 19.9 MB/s eta 0:00:00

Downloading grpcio-1.82.1-cp312-cp312-manylinux2014_x86_64.manylinux_2_17_x86_64.whl (6.9 MB)
   ━━━━━━━━━━━━━━━━━━━━━━━━━━━━━━━━━━━━━━━━ 6.9/6.9 MB 12.4 MB/s eta 0:00:00

Downloading h5py-3.14.0-cp312-cp312-manylinux_2_17_x86_64.manylinux2014_x86_64.whl (4.9 MB)
   ━━━━━━━━━━━━━━━━━━━━━━━━━━━━━━━━━━━━━━━━ 4.9/4.9 MB 18.2 MB/s eta 0:00:00

Downloading jaxlib-0.11.0-cp312-cp312-manylinux_2_27_x86_64.whl (87.3 MB)
   ━━━━━━━━━━━━━━━━━━━━━━━━━━━━━━━━━━━━━━━━ 87.3/87.3 MB 3.2 MB/s eta 0:00:00

Downloading keras-3.15.0-py3-none-any.whl (1.7 MB)
   ━━━━━━━━━━━━━━━━━━━━━━━━━━━━━━━━━━━━━━━━ 1.7/1.7 MB 10.9 MB/s eta 0:00:00

Downloading libclang-18.1.1-py2.py3-none-manylinux2010_x86_64.whl (24.5 MB)
   ━━━━━━━━━━━━━━━━━━━━━━━━━━━━━━━━━━━━━━━━ 24.5/24.5 MB 13.1 MB/s eta 0:00:00

Downloading ml_dtypes-0.5.4-cp312-cp312-manylinux_2_27_x86_64.manylinux_2_28_x86_64.whl (5.0 MB)
   ━━━━━━━━━━━━━━━━━━━━━━━━━━━━━━━━━━━━━━━━ 5.0/5.0 MB 14.0 MB/s eta 0:00:00

Downloading numpy-2.5.1-cp312-cp312-manylinux_2_27_x86_64.manylinux_2_28_x86_64.whl (16.7 MB)
   ━━━━━━━━━━━━━━━━━━━━━━━━━━━━━━━━━━━━━━━━ 16.7/16.7 MB 12.7 MB/s eta 0:00:00

Downloading opt_einsum-3.4.0-py3-none-any.whl (71 kB)
   ━━━━━━━━━━━━━━━━━━━━━━━━━━━━━━━━━━━━━━━━ 71.9/71.9 kB 24.1 MB/s eta 0:00:00

Downloading protobuf-7.35.1-cp310-abi3-manylinux2014_x86_64.whl (327 kB)
   ━━━━━━━━━━━━━━━━━━━━━━━━━━━━━━━━━━━━━━━━ 327.1/327.1 kB 14.6 MB/s eta 0:00:00

Downloading requests-2.34.2-py3-none-any.whl (73 kB)
   ━━━━━━━━━━━━━━━━━━━━━━━━━━━━━━━━━━━━━━━━ 73.1/73.1 kB 27.7 MB/s eta 0:00:00

Downloading scipy-1.18.0-cp312-cp312-manylinux_2_27_x86_64.manylinux_2_28_x86_64.whl (35.3 MB)
   ━━━━━━━━━━━━━━━━━━━━━━━━━━━━━━━━━━━━━━━━ 35.3/35.3 MB 10.7 MB/s eta 0:00:00

Downloading six-1.17.0-py2.py3-none-any.whl (11 kB)
Downloading termcolor-3.3.0-py3-none-any.whl (7.7 kB)
Downloading typing_extensions-4.16.0-py3-none-any.whl (45 kB)
   ━━━━━━━━━━━━━━━━━━━━━━━━━━━━━━━━━━━━━━━━ 45.6/45.6 kB 19.5 MB/s eta 0:00:00

Downloading wrapt-2.2.2-cp312-cp312-manylinux1_x86_64.manylinux_2_28_x86_64.manylinux_2_5_x86_64.whl (169 kB)
   ━━━━━━━━━━━━━━━━━━━━━━━━━━━━━━━━━━━━━━━━ 169.8/169.8 kB 13.6 MB/s eta 0:00:00

Downloading packaging-26.2-py3-none-any.whl (100 kB)
   ━━━━━━━━━━━━━━━━━━━━━━━━━━━━━━━━━━━━━━━━ 100.2/100.2 kB 18.2 MB/s eta 0:00:00

Downloading setuptools-83.0.0-py3-none-any.whl (1.0 MB)
   ━━━━━━━━━━━━━━━━━━━━━━━━━━━━━━━━━━━━━━━━ 1.0/1.0 MB 12.3 MB/s eta 0:00:00

Downloading certifi-2026.6.17-py3-none-any.whl (133 kB)
   ━━━━━━━━━━━━━━━━━━━━━━━━━━━━━━━━━━━━━━━━ 133.3/133.3 kB 14.7 MB/s eta 0:00:00

Downloading charset_normalizer-3.4.9-cp312-cp312-manylinux2014_x86_64.manylinux_2_17_x86_64.manylinux_2_28_x86_64.whl (224 kB)
   ━━━━━━━━━━━━━━━━━━━━━━━━━━━━━━━━━━━━━━━ 224.3/224.3 kB 174.1 MB/s eta 0:00:00

Downloading idna-3.18-py3-none-any.whl (65 kB)
   ━━━━━━━━━━━━━━━━━━━━━━━━━━━━━━━━━━━━━━━━ 65.5/65.5 kB 9.7 MB/s eta 0:00:00

Downloading urllib3-2.7.0-py3-none-any.whl (131 kB)
   ━━━━━━━━━━━━━━━━━━━━━━━━━━━━━━━━━━━━━━━━ 131.1/131.1 kB 13.0 MB/s eta 0:00:00

Downloading wheel-0.47.0-py3-none-any.whl (32 kB)
Downloading namex-0.1.0-py3-none-any.whl (5.9 kB)
Downloading optree-0.19.1-cp312-cp312-manylinux_2_27_x86_64.manylinux_2_28_x86_64.whl (457 kB)
   ━━━━━━━━━━━━━━━━━━━━━━━━━━━━━━━━━━━━━━━━ 457.6/457.6 kB 13.7 MB/s eta 0:00:00

Downloading rich-15.0.0-py3-none-any.whl (310 kB)
   ━━━━━━━━━━━━━━━━━━━━━━━━━━━━━━━━━━━━━━━━ 310.7/310.7 kB 14.0 MB/s eta 0:00:00

Downloading markdown_it_py-4.2.0-py3-none-any.whl (91 kB)
   ━━━━━━━━━━━━━━━━━━━━━━━━━━━━━━━━━━━━━━━━ 91.7/91.7 kB 19.2 MB/s eta 0:00:00

Downloading pygments-2.20.0-py3-none-any.whl (1.2 MB)
   ━━━━━━━━━━━━━━━━━━━━━━━━━━━━━━━━━━━━━━━━ 1.2/1.2 MB 10.3 MB/s eta 0:00:00

Downloading mdurl-0.1.2-py3-none-any.whl (10.0 kB)
Building wheels for collected packages: jax
  Building editable for jax (pyproject.toml): started
  Building editable for jax (pyproject.toml): finished with status 'done'
  Created wheel for jax: filename=jax-0.11.0.dev20260717-0.editable-py3-none-any.whl size=11980 sha256=9f27ee91549791816b4fc4c54aa0477517efeaa3a9a0d7d80e3d8a96f2435eba
  Stored in directory: /tmp/pip-ephem-wheel-cache-rf3ywzuj/wheels/af/65/66/286898be5572a944d189403597d30e1436d5174fbd2f2d7a12
Successfully built jax
Installing collected packages: namex, libclang, flatbuffers, wrapt, urllib3, typing_extensions, termcolor, six, setuptools, pygments, protobuf, packaging, opt_einsum, numpy, mdurl, idna, gast, charset_normalizer, certifi, absl-py, wheel, scipy, requests, optree, ml_dtypes, markdown-it-py, h5py, grpcio, google_pasta, rich, jaxlib, astunparse, keras, jax, tensorflow
Successfully installed absl-py-2.5.0 astunparse-1.6.3 certifi-2026.6.17 charset_normalizer-3.4.9 flatbuffers-25.12.19 gast-0.7.0 google_pasta-0.2.0 grpcio-1.82.1 h5py-3.14.0 idna-3.18 jax-0.11.0.dev20260717 jaxlib-0.11.0 keras-3.15.0 libclang-18.1.1 markdown-it-py-4.2.0 mdurl-0.1.2 ml_dtypes-0.5.4 namex-0.1.0 numpy-2.5.1 opt_einsum-3.4.0 optree-0.19.1 packaging-26.2 protobuf-7.35.1 pygments-2.20.0 requests-2.34.2 rich-15.0.0 scipy-1.18.0 setuptools-83.0.0 six-1.17.0 tensorflow-2.21.0 termcolor-3.3.0 typing_extensions-4.16.0 urllib3-2.7.0 wheel-0.47.0 wrapt-2.2.2
=== baseline case: no TensorFlow import ===
=== repro context ===
python: 3.12.3
platform: Linux-6.17.0-1024-oem-x86_64-with-glibc2.39
cwd: 266
import_tensorflow: False
jax: 0.11.0.dev20260717
jax.devices(): [CpuDevice(id=0)]
gpu devices: []
baseline exit code: 2
=== bug case: TensorFlow imported first ===
=== repro context ===
python: 3.12.3
platform: Linux-6.17.0-1024-oem-x86_64-with-glibc2.39
cwd: 266
import_tensorflow: True
tensorflow: 2.21.0
jax: 0.11.0.dev20260717
jax.devices(): [CpuDevice(id=0)]
gpu devices: []
bug case exit code: 2
