Requirement already satisfied: pip in ./.venv/lib/python3.12/site-packages (24.0)
Collecting pip
  Downloading pip-26.1.2-py3-none-any.whl.metadata (4.6 kB)
Downloading pip-26.1.2-py3-none-any.whl (1.8 MB)
   ━━━━━━━━━━━━━━━━━━━━━━━━━━━━━━━━━━━━━━━━ 1.8/1.8 MB 24.1 MB/s eta 0:00:00

Installing collected packages: pip
  Attempting uninstall: pip
    Found existing installation: pip 24.0
    Uninstalling pip-24.0:
      Successfully uninstalled pip-24.0
Successfully installed pip-26.1.2
Collecting jax==0.10.1 (from -r 448/requirements.txt (line 1))
  Downloading jax-0.10.1-py3-none-any.whl.metadata (13 kB)
Collecting jaxlib==0.10.1 (from -r 448/requirements.txt (line 2))
  Downloading jaxlib-0.10.1-cp312-cp312-manylinux_2_27_x86_64.whl.metadata (1.3 kB)
Collecting numpy==2.4.6 (from -r 448/requirements.txt (line 3))
  Downloading numpy-2.4.6-cp312-cp312-manylinux_2_27_x86_64.manylinux_2_28_x86_64.whl.metadata (6.6 kB)
Collecting ml_dtypes>=0.5.0 (from jax==0.10.1->-r 448/requirements.txt (line 1))
  Downloading ml_dtypes-0.5.4-cp312-cp312-manylinux_2_27_x86_64.manylinux_2_28_x86_64.whl.metadata (8.9 kB)
Collecting opt_einsum (from jax==0.10.1->-r 448/requirements.txt (line 1))
  Downloading opt_einsum-3.4.0-py3-none-any.whl.metadata (6.3 kB)
Collecting scipy>=1.14 (from jax==0.10.1->-r 448/requirements.txt (line 1))
  Downloading scipy-1.18.0-cp312-cp312-manylinux_2_27_x86_64.manylinux_2_28_x86_64.whl.metadata (62 kB)
Downloading jax-0.10.1-py3-none-any.whl (3.2 MB)
   ━━━━━━━━━━━━━━━━━━━━━━━━━━━━━━━━━━━━━━━━ 3.2/3.2 MB 38.4 MB/s  0:00:00

Downloading jaxlib-0.10.1-cp312-cp312-manylinux_2_27_x86_64.whl (85.8 MB)
   ━━━━━━━━━━━━━━━━━━━━━━━━━━━━━━━━━━━━━━━━ 85.8/85.8 MB 65.8 MB/s  0:00:01

Downloading numpy-2.4.6-cp312-cp312-manylinux_2_27_x86_64.manylinux_2_28_x86_64.whl (16.6 MB)
   ━━━━━━━━━━━━━━━━━━━━━━━━━━━━━━━━━━━━━━━━ 16.6/16.6 MB 71.4 MB/s  0:00:00

Downloading ml_dtypes-0.5.4-cp312-cp312-manylinux_2_27_x86_64.manylinux_2_28_x86_64.whl (5.0 MB)
   ━━━━━━━━━━━━━━━━━━━━━━━━━━━━━━━━━━━━━━━━ 5.0/5.0 MB 75.6 MB/s  0:00:00

Downloading scipy-1.18.0-cp312-cp312-manylinux_2_27_x86_64.manylinux_2_28_x86_64.whl (35.3 MB)
   ━━━━━━━━━━━━━━━━━━━━━━━━━━━━━━━━━━━━━━━━ 35.3/35.3 MB 73.2 MB/s  0:00:00

Downloading opt_einsum-3.4.0-py3-none-any.whl (71 kB)
Installing collected packages: opt_einsum, numpy, scipy, ml_dtypes, jaxlib, jax


Successfully installed jax-0.10.1 jaxlib-0.10.1 ml_dtypes-0.5.4 numpy-2.4.6 opt_einsum-3.4.0 scipy-1.18.0
jax=0.10.1
jaxlib=0.10.1
backend=cpu
nan_count=256
block_0=ok
block_1=nan
block_2=nan
block_3=ok
reproducible=True
