Requirement already satisfied: pip in ./.venv/lib/python3.10/site-packages (23.0.1)
Collecting pip
  Downloading pip-26.1.2-py3-none-any.whl (1.8 MB)
     ━━━━━━━━━━━━━━━━━━━━━━━━━━━━━━━━━━━━━━━━ 1.8/1.8 MB 22.6 MB/s eta 0:00:00
Requirement already satisfied: setuptools in ./.venv/lib/python3.10/site-packages (65.5.0)
Collecting setuptools
  Downloading setuptools-83.0.0-py3-none-any.whl (1.0 MB)
     ━━━━━━━━━━━━━━━━━━━━━━━━━━━━━━━━━━━━━━━━ 1.0/1.0 MB 87.4 MB/s eta 0:00:00
Collecting wheel
  Downloading wheel-0.47.0-py3-none-any.whl (32 kB)
Collecting packaging>=24.0
  Downloading packaging-26.2-py3-none-any.whl (100 kB)
     ━━━━━━━━━━━━━━━━━━━━━━━━━━━━━━━━━━━━━ 100.2/100.2 kB 586.0 MB/s eta 0:00:00
Installing collected packages: setuptools, pip, packaging, wheel
  Attempting uninstall: setuptools
    Found existing installation: setuptools 65.5.0
    Uninstalling setuptools-65.5.0:
      Successfully uninstalled setuptools-65.5.0
  Attempting uninstall: pip
    Found existing installation: pip 23.0.1
    Uninstalling pip-23.0.1:
      Successfully uninstalled pip-23.0.1
Successfully installed packaging-26.2 pip-26.1.2 setuptools-83.0.0 wheel-0.47.0
Looking in indexes: https://pypi.org/simple, https://download.pytorch.org/whl/cpu
Collecting numpy<2 (from -r 578/requirements.txt (line 3))
  Downloading numpy-1.26.4-cp310-cp310-manylinux_2_17_x86_64.manylinux2014_x86_64.whl.metadata (61 kB)
Collecting opt_einsum>=2.3.2 (from -r 578/requirements.txt (line 4))
  Downloading opt_einsum-3.4.0-py3-none-any.whl.metadata (6.3 kB)
Collecting pyro-api>=0.1.1 (from -r 578/requirements.txt (line 5))
  Downloading pyro_api-0.1.2-py3-none-any.whl.metadata (2.5 kB)
Collecting torch==1.13.1+cpu (from -r 578/requirements.txt (line 6))
  Downloading torch-1.13.1%2Bcpu-cp310-cp310-linux_x86_64.whl (199.1 MB)
     ━━━━━━━━━━━━━━━━━━━━━━━━━━━━━━━━━━━━━━━━ 199.1/199.1 MB 105.2 MB/s  0:00:01
Collecting tqdm>=4.36 (from -r 578/requirements.txt (line 7))
  Downloading tqdm-4.68.4-py3-none-any.whl.metadata (57 kB)
Collecting typing-extensions (from torch==1.13.1+cpu->-r 578/requirements.txt (line 6))
  Downloading typing_extensions-4.16.0-py3-none-any.whl.metadata (3.3 kB)
Downloading numpy-1.26.4-cp310-cp310-manylinux_2_17_x86_64.manylinux2014_x86_64.whl (18.2 MB)
   ━━━━━━━━━━━━━━━━━━━━━━━━━━━━━━━━━━━━━━━━ 18.2/18.2 MB 57.1 MB/s  0:00:00
Downloading opt_einsum-3.4.0-py3-none-any.whl (71 kB)
Downloading pyro_api-0.1.2-py3-none-any.whl (11 kB)
Downloading tqdm-4.68.4-py3-none-any.whl (676 kB)
   ━━━━━━━━━━━━━━━━━━━━━━━━━━━━━━━━━━━━━━━━ 676.6/676.6 kB 44.3 MB/s  0:00:00
Downloading typing_extensions-4.16.0-py3-none-any.whl (45 kB)
Installing collected packages: pyro-api, typing-extensions, tqdm, opt_einsum, numpy, torch

Successfully installed numpy-1.26.4 opt_einsum-3.4.0 pyro-api-0.1.2 torch-1.13.1+cpu tqdm-4.68.4 typing-extensions-4.16.0
Obtaining file://578/codebase
  Installing build dependencies: started
  Installing build dependencies: finished with status 'done'
  Checking if build backend supports build_editable: started
  Checking if build backend supports build_editable: finished with status 'done'
  Getting requirements to build editable: started
  Getting requirements to build editable: finished with status 'done'
  Preparing editable metadata (pyproject.toml): started
  Preparing editable metadata (pyproject.toml): finished with status 'done'
Requirement already satisfied: numpy>=1.7 in ./.venv/lib/python3.10/site-packages (from pyro-ppl==1.7.0) (1.26.4)
Requirement already satisfied: opt_einsum>=2.3.2 in ./.venv/lib/python3.10/site-packages (from pyro-ppl==1.7.0) (3.4.0)
Requirement already satisfied: pyro-api>=0.1.1 in ./.venv/lib/python3.10/site-packages (from pyro-ppl==1.7.0) (0.1.2)
Requirement already satisfied: torch>=1.9.0 in ./.venv/lib/python3.10/site-packages (from pyro-ppl==1.7.0) (1.13.1+cpu)
Requirement already satisfied: tqdm>=4.36 in ./.venv/lib/python3.10/site-packages (from pyro-ppl==1.7.0) (4.68.4)
Requirement already satisfied: typing-extensions in ./.venv/lib/python3.10/site-packages (from torch>=1.9.0->pyro-ppl==1.7.0) (4.16.0)
Building wheels for collected packages: pyro-ppl
  Building editable for pyro-ppl (pyproject.toml): started
  Building editable for pyro-ppl (pyproject.toml): finished with status 'done'
  Created wheel for pyro-ppl: filename=pyro_ppl-1.7.0-0.editable-py3-none-any.whl size=9429 sha256=63ed2ce6af5686f43ccd7fce2a48bed769382a6543b5b30824080692868f7f9d
  Stored in directory: /tmp/pip-ephem-wheel-cache-p6gt27rm/wheels/04/1c/5f/227f9ec80a8a02f03277e7d86426132333346e9b5ab878f5a2
Successfully built pyro-ppl
Installing collected packages: pyro-ppl
Successfully installed pyro-ppl-1.7.0
{
  "blocking_reason": "This machine has no CUDA device, so the reported torch.rand(3).cuda() input cannot be created here.",
  "evidence": "pyro=1.7.0; torch=1.13.1+cpu; cuda_available=False",
  "reproducible": false,
  "reproduction_command": "bash run_repro.sh",
  "steps": [
    "Imported the standardized Pyro 1.7.0 codebase under Torch 1.13.1+cpu.",
    "Checked whether CUDA is available before running the reported snippet."
  ]
}
