Requirement already satisfied: pip in ./.venv/lib/python3.12/site-packages (26.1.2)
Requirement already satisfied: numpy==2.5.1 in ./.venv/lib/python3.12/site-packages (from -r 111/requirements.txt (line 1)) (2.5.1)
Requirement already satisfied: cloudpickle==3.1.2 in ./.venv/lib/python3.12/site-packages (from -r 111/requirements.txt (line 2)) (3.1.2)
Requirement already satisfied: matplotlib==3.11.0 in ./.venv/lib/python3.12/site-packages (from -r 111/requirements.txt (line 3)) (3.11.0)
Requirement already satisfied: contourpy>=1.0.1 in ./.venv/lib/python3.12/site-packages (from matplotlib==3.11.0->-r 111/requirements.txt (line 3)) (1.3.3)
Requirement already satisfied: cycler>=0.10 in ./.venv/lib/python3.12/site-packages (from matplotlib==3.11.0->-r 111/requirements.txt (line 3)) (0.12.1)
Requirement already satisfied: fonttools>=4.22.0 in ./.venv/lib/python3.12/site-packages (from matplotlib==3.11.0->-r 111/requirements.txt (line 3)) (4.63.0)
Requirement already satisfied: kiwisolver>=1.3.1 in ./.venv/lib/python3.12/site-packages (from matplotlib==3.11.0->-r 111/requirements.txt (line 3)) (1.5.0)
Requirement already satisfied: packaging>=20.0 in ./.venv/lib/python3.12/site-packages (from matplotlib==3.11.0->-r 111/requirements.txt (line 3)) (26.2)
Requirement already satisfied: pillow>=9 in ./.venv/lib/python3.12/site-packages (from matplotlib==3.11.0->-r 111/requirements.txt (line 3)) (12.3.0)
Requirement already satisfied: pyparsing>=3 in ./.venv/lib/python3.12/site-packages (from matplotlib==3.11.0->-r 111/requirements.txt (line 3)) (3.3.2)
Requirement already satisfied: python-dateutil>=2.7 in ./.venv/lib/python3.12/site-packages (from matplotlib==3.11.0->-r 111/requirements.txt (line 3)) (2.9.0.post0)
Requirement already satisfied: six>=1.5 in ./.venv/lib/python3.12/site-packages (from python-dateutil>=2.7->matplotlib==3.11.0->-r 111/requirements.txt (line 3)) (1.17.0)
pygad_version=3.5.0
init_range_low=0 init_range_high=2
best_solution_index=3
best_solution=[  1 -10   1 -12   1 -12   1 -11   1 -10   1  -7   0 -10   1 -14   1 -13
   1 -13]
best_solution_fitness=121
solution_min=-14 solution_max=1
BUG_REPRODUCED: gene values fell below init_range_low=0
