Requirement already satisfied: pip in ./.venv/lib/python3.12/site-packages (24.0)
Collecting pip
  Downloading pip-26.1.2-py3-none-any.whl.metadata (4.6 kB)
Collecting setuptools
  Downloading setuptools-83.0.0-py3-none-any.whl.metadata (6.6 kB)
Collecting wheel
  Downloading wheel-0.47.0-py3-none-any.whl.metadata (2.3 kB)
Collecting packaging>=24.0 (from wheel)
  Downloading packaging-26.2-py3-none-any.whl.metadata (3.5 kB)
Downloading pip-26.1.2-py3-none-any.whl (1.8 MB)
   ━━━━━━━━━━━━━━━━━━━━━━━━━━━━━━━━━━━━━━━━ 1.8/1.8 MB 21.2 MB/s eta 0:00:00

Downloading setuptools-83.0.0-py3-none-any.whl (1.0 MB)
   ━━━━━━━━━━━━━━━━━━━━━━━━━━━━━━━━━━━━━━━━ 1.0/1.0 MB 96.4 MB/s eta 0:00:00

Downloading wheel-0.47.0-py3-none-any.whl (32 kB)
Downloading packaging-26.2-py3-none-any.whl (100 kB)
   ━━━━━━━━━━━━━━━━━━━━━━━━━━━━━━━━━━━━━━━ 100.2/100.2 kB 221.9 MB/s eta 0:00:00

Installing collected packages: setuptools, pip, packaging, wheel
  Attempting uninstall: pip
    Found existing installation: pip 24.0
    Uninstalling pip-24.0:
      Successfully uninstalled pip-24.0
Successfully installed packaging-26.2 pip-26.1.2 setuptools-83.0.0 wheel-0.47.0
Collecting whisperx==3.4.3
  Downloading whisperx-3.4.3-py3-none-any.whl.metadata (16 kB)
Collecting ctranslate2<4.5.0 (from whisperx==3.4.3)
  Downloading ctranslate2-4.4.0-cp312-cp312-manylinux_2_17_x86_64.manylinux2014_x86_64.whl.metadata (10 kB)
Collecting faster-whisper>=1.1.1 (from whisperx==3.4.3)
  Downloading faster_whisper-1.2.1-py3-none-any.whl.metadata (16 kB)
Collecting nltk>=3.9.1 (from whisperx==3.4.3)
  Downloading nltk-3.10.0-py3-none-any.whl.metadata (3.2 kB)
Collecting numpy>=2.0.2 (from whisperx==3.4.3)
  Downloading numpy-2.5.1-cp312-cp312-manylinux_2_27_x86_64.manylinux_2_28_x86_64.whl.metadata (6.6 kB)
Collecting onnxruntime>=1.19 (from whisperx==3.4.3)
  Downloading onnxruntime-1.27.0-cp312-cp312-manylinux_2_27_x86_64.manylinux_2_28_x86_64.whl.metadata (5.4 kB)
Collecting pandas>=2.2.3 (from whisperx==3.4.3)
  Downloading pandas-3.0.3-cp312-cp312-manylinux_2_24_x86_64.manylinux_2_28_x86_64.whl.metadata (79 kB)
Collecting pyannote-audio<4.0.0,>=3.3.2 (from whisperx==3.4.3)
  Downloading pyannote_audio-3.4.0-py2.py3-none-any.whl.metadata (11 kB)
Collecting torch>=2.5.1 (from whisperx==3.4.3)
  Downloading torch-2.13.0-cp312-cp312-manylinux_2_28_x86_64.whl.metadata (38 kB)
Collecting torchaudio>=2.5.1 (from whisperx==3.4.3)
  Downloading torchaudio-2.11.0-cp312-cp312-manylinux_2_28_x86_64.whl.metadata (6.9 kB)
Collecting transformers>=4.48.0 (from whisperx==3.4.3)
  Downloading transformers-5.14.1-py3-none-any.whl.metadata (32 kB)
Requirement already satisfied: setuptools in ./.venv/lib/python3.12/site-packages (from ctranslate2<4.5.0->whisperx==3.4.3) (83.0.0)
Collecting pyyaml<7,>=5.3 (from ctranslate2<4.5.0->whisperx==3.4.3)
  Downloading pyyaml-6.0.3-cp312-cp312-manylinux2014_x86_64.manylinux_2_17_x86_64.manylinux_2_28_x86_64.whl.metadata (2.4 kB)
Collecting asteroid-filterbanks>=0.4 (from pyannote-audio<4.0.0,>=3.3.2->whisperx==3.4.3)
  Downloading asteroid_filterbanks-0.4.0-py3-none-any.whl.metadata (3.3 kB)
Collecting einops>=0.6.0 (from pyannote-audio<4.0.0,>=3.3.2->whisperx==3.4.3)
  Downloading einops-0.8.2-py3-none-any.whl.metadata (13 kB)
Collecting huggingface_hub>=0.13.0 (from pyannote-audio<4.0.0,>=3.3.2->whisperx==3.4.3)
  Downloading huggingface_hub-1.23.0-py3-none-any.whl.metadata (14 kB)
Collecting lightning>=2.0.1 (from pyannote-audio<4.0.0,>=3.3.2->whisperx==3.4.3)
  Downloading lightning-2.6.5-py3-none-any.whl.metadata (44 kB)
Collecting omegaconf<3.0,>=2.1 (from pyannote-audio<4.0.0,>=3.3.2->whisperx==3.4.3)
  Downloading omegaconf-2.3.1-py3-none-any.whl.metadata (4.5 kB)
Collecting pyannote.core<6.0,>=5.0.0 (from pyannote-audio<4.0.0,>=3.3.2->whisperx==3.4.3)
  Downloading pyannote.core-5.0.0-py3-none-any.whl.metadata (1.4 kB)
Collecting pyannote.database<6.0,>=5.0.1 (from pyannote-audio<4.0.0,>=3.3.2->whisperx==3.4.3)
  Downloading pyannote.database-5.1.3-py3-none-any.whl.metadata (1.1 kB)
Collecting pyannote.metrics<4.0,>=3.2 (from pyannote-audio<4.0.0,>=3.3.2->whisperx==3.4.3)
  Downloading pyannote.metrics-3.2.1-py3-none-any.whl.metadata (1.3 kB)
Collecting pyannote.pipeline<4.0,>=3.0.1 (from pyannote-audio<4.0.0,>=3.3.2->whisperx==3.4.3)
  Downloading pyannote.pipeline-3.0.1-py3-none-any.whl.metadata (897 bytes)
Collecting pytorch_metric_learning>=2.1.0 (from pyannote-audio<4.0.0,>=3.3.2->whisperx==3.4.3)
  Downloading pytorch_metric_learning-2.9.0-py3-none-any.whl.metadata (18 kB)
Collecting rich>=12.0.0 (from pyannote-audio<4.0.0,>=3.3.2->whisperx==3.4.3)
  Downloading rich-15.0.0-py3-none-any.whl.metadata (18 kB)
Collecting semver>=3.0.0 (from pyannote-audio<4.0.0,>=3.3.2->whisperx==3.4.3)
  Downloading semver-3.0.4-py3-none-any.whl.metadata (6.8 kB)
Collecting soundfile>=0.12.1 (from pyannote-audio<4.0.0,>=3.3.2->whisperx==3.4.3)
  Downloading soundfile-0.14.0-py2.py3-none-manylinux_2_28_x86_64.whl.metadata (18 kB)
Collecting speechbrain>=1.0.0 (from pyannote-audio<4.0.0,>=3.3.2->whisperx==3.4.3)
  Downloading speechbrain-1.1.0-py3-none-any.whl.metadata (24 kB)
Collecting tensorboardX>=2.6 (from pyannote-audio<4.0.0,>=3.3.2->whisperx==3.4.3)
  Downloading tensorboardx-2.6.5-py3-none-any.whl.metadata (6.6 kB)
Collecting torch_audiomentations>=0.11.0 (from pyannote-audio<4.0.0,>=3.3.2->whisperx==3.4.3)
  Downloading torch_audiomentations-0.12.0-py3-none-any.whl.metadata (15 kB)
Collecting torchmetrics>=0.11.0 (from pyannote-audio<4.0.0,>=3.3.2->whisperx==3.4.3)
  Downloading torchmetrics-1.9.0-py3-none-any.whl.metadata (23 kB)
Collecting antlr4-python3-runtime==4.9.* (from omegaconf<3.0,>=2.1->pyannote-audio<4.0.0,>=3.3.2->whisperx==3.4.3)
  Downloading antlr4-python3-runtime-4.9.3.tar.gz (117 kB)
  Installing build dependencies: started
  Installing build dependencies: finished with status 'done'
  Getting requirements to build wheel: started
  Getting requirements to build wheel: finished with status 'done'
  Preparing metadata (pyproject.toml): started
  Preparing metadata (pyproject.toml): finished with status 'done'
Collecting sortedcontainers>=2.0.4 (from pyannote.core<6.0,>=5.0.0->pyannote-audio<4.0.0,>=3.3.2->whisperx==3.4.3)
  Downloading sortedcontainers-2.4.0-py2.py3-none-any.whl.metadata (10 kB)
Collecting scipy>=1.1 (from pyannote.core<6.0,>=5.0.0->pyannote-audio<4.0.0,>=3.3.2->whisperx==3.4.3)
  Downloading scipy-1.18.0-cp312-cp312-manylinux_2_27_x86_64.manylinux_2_28_x86_64.whl.metadata (62 kB)
Collecting typing-extensions>=3.7.4.1 (from pyannote.core<6.0,>=5.0.0->pyannote-audio<4.0.0,>=3.3.2->whisperx==3.4.3)
  Downloading typing_extensions-4.16.0-py3-none-any.whl.metadata (3.3 kB)
Collecting typer>=0.12.1 (from pyannote.database<6.0,>=5.0.1->pyannote-audio<4.0.0,>=3.3.2->whisperx==3.4.3)
  Downloading typer-0.27.0-py3-none-any.whl.metadata (15 kB)
Collecting scikit-learn>=0.17.1 (from pyannote.metrics<4.0,>=3.2->pyannote-audio<4.0.0,>=3.3.2->whisperx==3.4.3)
  Downloading scikit_learn-1.9.0-cp312-cp312-manylinux_2_27_x86_64.manylinux_2_28_x86_64.whl.metadata (11 kB)
Collecting docopt>=0.6.2 (from pyannote.metrics<4.0,>=3.2->pyannote-audio<4.0.0,>=3.3.2->whisperx==3.4.3)
  Downloading docopt-0.6.2.tar.gz (25 kB)
  Installing build dependencies: started
  Installing build dependencies: finished with status 'done'
  Getting requirements to build wheel: started
  Getting requirements to build wheel: finished with status 'done'
  Preparing metadata (pyproject.toml): started
  Preparing metadata (pyproject.toml): finished with status 'done'
Collecting tabulate>=0.7.7 (from pyannote.metrics<4.0,>=3.2->pyannote-audio<4.0.0,>=3.3.2->whisperx==3.4.3)
  Downloading tabulate-0.10.0-py3-none-any.whl.metadata (40 kB)
Collecting matplotlib>=2.0.0 (from pyannote.metrics<4.0,>=3.2->pyannote-audio<4.0.0,>=3.3.2->whisperx==3.4.3)
  Downloading matplotlib-3.11.0-cp312-cp312-manylinux2014_x86_64.manylinux_2_17_x86_64.whl.metadata (80 kB)
Collecting sympy>=1.1 (from pyannote.metrics<4.0,>=3.2->pyannote-audio<4.0.0,>=3.3.2->whisperx==3.4.3)
  Downloading sympy-1.14.0-py3-none-any.whl.metadata (12 kB)
Collecting optuna>=3.1 (from pyannote.pipeline<4.0,>=3.0.1->pyannote-audio<4.0.0,>=3.3.2->whisperx==3.4.3)
  Downloading optuna-4.9.0-py3-none-any.whl.metadata (15 kB)
Collecting tqdm>=4.29.1 (from pyannote.pipeline<4.0,>=3.0.1->pyannote-audio<4.0.0,>=3.3.2->whisperx==3.4.3)
  Downloading tqdm-4.68.4-py3-none-any.whl.metadata (57 kB)
Collecting filelock>=3.0.10 (from pyannote.pipeline<4.0,>=3.0.1->pyannote-audio<4.0.0,>=3.3.2->whisperx==3.4.3)
  Downloading filelock-3.30.2-py3-none-any.whl.metadata (2.0 kB)
Collecting tokenizers<1,>=0.13 (from faster-whisper>=1.1.1->whisperx==3.4.3)
  Downloading tokenizers-0.23.1-cp310-abi3-manylinux_2_17_x86_64.manylinux2014_x86_64.whl.metadata (9.8 kB)
Collecting av>=11 (from faster-whisper>=1.1.1->whisperx==3.4.3)
  Downloading av-18.0.0-cp311-abi3-manylinux_2_28_x86_64.whl.metadata (4.5 kB)
Collecting flatbuffers (from onnxruntime>=1.19->whisperx==3.4.3)
  Downloading flatbuffers-25.12.19-py2.py3-none-any.whl.metadata (1.0 kB)
Requirement already satisfied: packaging in ./.venv/lib/python3.12/site-packages (from onnxruntime>=1.19->whisperx==3.4.3) (26.2)
Collecting protobuf>=4.25.8 (from onnxruntime>=1.19->whisperx==3.4.3)
  Downloading protobuf-7.35.1-cp310-abi3-manylinux2014_x86_64.whl.metadata (595 bytes)
Collecting click<9.0.0,>=8.4.2 (from huggingface_hub>=0.13.0->pyannote-audio<4.0.0,>=3.3.2->whisperx==3.4.3)
  Downloading click-8.4.2-py3-none-any.whl.metadata (2.6 kB)
Collecting fsspec>=2023.5.0 (from huggingface_hub>=0.13.0->pyannote-audio<4.0.0,>=3.3.2->whisperx==3.4.3)
  Downloading fsspec-2026.6.0-py3-none-any.whl.metadata (10 kB)
Collecting hf-xet<2.0.0,>=1.5.1 (from huggingface_hub>=0.13.0->pyannote-audio<4.0.0,>=3.3.2->whisperx==3.4.3)
  Downloading hf_xet-1.5.2-cp38-abi3-manylinux2014_x86_64.manylinux_2_17_x86_64.whl.metadata (4.9 kB)
Collecting httpx<1,>=0.23.0 (from huggingface_hub>=0.13.0->pyannote-audio<4.0.0,>=3.3.2->whisperx==3.4.3)
  Downloading httpx-0.28.1-py3-none-any.whl.metadata (7.1 kB)
Collecting anyio (from httpx<1,>=0.23.0->huggingface_hub>=0.13.0->pyannote-audio<4.0.0,>=3.3.2->whisperx==3.4.3)
  Downloading anyio-4.14.2-py3-none-any.whl.metadata (4.6 kB)
Collecting certifi (from httpx<1,>=0.23.0->huggingface_hub>=0.13.0->pyannote-audio<4.0.0,>=3.3.2->whisperx==3.4.3)
  Downloading certifi-2026.6.17-py3-none-any.whl.metadata (2.5 kB)
Collecting httpcore==1.* (from httpx<1,>=0.23.0->huggingface_hub>=0.13.0->pyannote-audio<4.0.0,>=3.3.2->whisperx==3.4.3)
  Downloading httpcore-1.0.9-py3-none-any.whl.metadata (21 kB)
Collecting idna (from httpx<1,>=0.23.0->huggingface_hub>=0.13.0->pyannote-audio<4.0.0,>=3.3.2->whisperx==3.4.3)
  Downloading idna-3.18-py3-none-any.whl.metadata (6.1 kB)
Collecting h11>=0.16 (from httpcore==1.*->httpx<1,>=0.23.0->huggingface_hub>=0.13.0->pyannote-audio<4.0.0,>=3.3.2->whisperx==3.4.3)
  Downloading h11-0.16.0-py3-none-any.whl.metadata (8.3 kB)
Collecting lightning-utilities<2.0,>=0.10.0 (from lightning>=2.0.1->pyannote-audio<4.0.0,>=3.3.2->whisperx==3.4.3)
  Downloading lightning_utilities-0.15.3-py3-none-any.whl.metadata (5.5 kB)
Collecting pytorch-lightning (from lightning>=2.0.1->pyannote-audio<4.0.0,>=3.3.2->whisperx==3.4.3)
  Downloading pytorch_lightning-2.6.5-py3-none-any.whl.metadata (21 kB)
Collecting aiohttp!=4.0.0a0,!=4.0.0a1 (from fsspec[http]<2028.0,>=2022.5.0->lightning>=2.0.1->pyannote-audio<4.0.0,>=3.3.2->whisperx==3.4.3)
  Downloading aiohttp-3.14.1-cp312-cp312-manylinux2014_x86_64.manylinux_2_17_x86_64.manylinux_2_28_x86_64.whl.metadata (8.3 kB)
Collecting networkx>=2.5.1 (from torch>=2.5.1->whisperx==3.4.3)
  Downloading networkx-3.6.1-py3-none-any.whl.metadata (6.8 kB)
Collecting jinja2 (from torch>=2.5.1->whisperx==3.4.3)
  Downloading jinja2-3.1.6-py3-none-any.whl.metadata (2.9 kB)
Collecting cuda-toolkit==13.0.3 (from cuda-toolkit[cublas,cudart,cufft,cufile,cupti,curand,cusolver,cusparse,nvjitlink,nvrtc,nvtx]==13.0.3; platform_system == "Linux"->torch>=2.5.1->whisperx==3.4.3)
  Downloading cuda_toolkit-13.0.3.0-py2.py3-none-any.whl.metadata (17 kB)
Collecting cuda-bindings<14,>=13.0.3 (from torch>=2.5.1->whisperx==3.4.3)
  Downloading cuda_bindings-13.3.1-cp312-cp312-manylinux_2_24_x86_64.manylinux_2_28_x86_64.whl.metadata (2.5 kB)
Collecting nvidia-cudnn-cu13==9.20.0.48 (from torch>=2.5.1->whisperx==3.4.3)
  Downloading nvidia_cudnn_cu13-9.20.0.48-py3-none-manylinux_2_27_x86_64.whl.metadata (1.9 kB)
Collecting nvidia-cusparselt-cu13==0.8.1 (from torch>=2.5.1->whisperx==3.4.3)
  Downloading nvidia_cusparselt_cu13-0.8.1-py3-none-manylinux2014_x86_64.whl.metadata (12 kB)
Collecting nvidia-nccl-cu13==2.29.7 (from torch>=2.5.1->whisperx==3.4.3)
  Downloading nvidia_nccl_cu13-2.29.7-py3-none-manylinux_2_18_x86_64.whl.metadata (2.1 kB)
Collecting nvidia-nvshmem-cu13==3.4.5 (from torch>=2.5.1->whisperx==3.4.3)
  Downloading nvidia_nvshmem_cu13-3.4.5-py3-none-manylinux2014_x86_64.manylinux_2_17_x86_64.whl.metadata (2.1 kB)
Collecting triton==3.7.1 (from torch>=2.5.1->whisperx==3.4.3)
  Downloading triton-3.7.1-cp312-cp312-manylinux_2_27_x86_64.manylinux_2_28_x86_64.whl.metadata (1.7 kB)
Collecting nvidia-cublas==13.1.1.3.* (from cuda-toolkit[cublas,cudart,cufft,cufile,cupti,curand,cusolver,cusparse,nvjitlink,nvrtc,nvtx]==13.0.3; platform_system == "Linux"->torch>=2.5.1->whisperx==3.4.3)
  Downloading nvidia_cublas-13.1.1.3-py3-none-manylinux_2_27_x86_64.whl.metadata (1.8 kB)
Collecting nvidia-cuda-nvrtc==13.0.88.* (from cuda-toolkit[cublas,cudart,cufft,cufile,cupti,curand,cusolver,cusparse,nvjitlink,nvrtc,nvtx]==13.0.3; platform_system == "Linux"->torch>=2.5.1->whisperx==3.4.3)
  Downloading nvidia_cuda_nvrtc-13.0.88-py3-none-manylinux2010_x86_64.manylinux_2_12_x86_64.whl.metadata (1.7 kB)
Collecting nvidia-cuda-runtime==13.0.96.* (from cuda-toolkit[cublas,cudart,cufft,cufile,cupti,curand,cusolver,cusparse,nvjitlink,nvrtc,nvtx]==13.0.3; platform_system == "Linux"->torch>=2.5.1->whisperx==3.4.3)
  Downloading nvidia_cuda_runtime-13.0.96-py3-none-manylinux2014_x86_64.manylinux_2_17_x86_64.whl.metadata (1.7 kB)
Collecting nvidia-cufft==12.0.0.61.* (from cuda-toolkit[cublas,cudart,cufft,cufile,cupti,curand,cusolver,cusparse,nvjitlink,nvrtc,nvtx]==13.0.3; platform_system == "Linux"->torch>=2.5.1->whisperx==3.4.3)
  Downloading nvidia_cufft-12.0.0.61-py3-none-manylinux2014_x86_64.manylinux_2_17_x86_64.whl.metadata (1.8 kB)
Collecting nvidia-nvjitlink<14,>=13.0.88 (from cuda-toolkit[cublas,cudart,cufft,cufile,cupti,curand,cusolver,cusparse,nvjitlink,nvrtc,nvtx]==13.0.3; platform_system == "Linux"->torch>=2.5.1->whisperx==3.4.3)
  Downloading nvidia_nvjitlink-13.3.33-py3-none-manylinux2010_x86_64.manylinux_2_12_x86_64.whl.metadata (1.8 kB)
Collecting nvidia-cufile==1.15.1.6.* (from cuda-toolkit[cublas,cudart,cufft,cufile,cupti,curand,cusolver,cusparse,nvjitlink,nvrtc,nvtx]==13.0.3; platform_system == "Linux"->torch>=2.5.1->whisperx==3.4.3)
  Downloading nvidia_cufile-1.15.1.6-py3-none-manylinux2014_x86_64.manylinux_2_17_x86_64.whl.metadata (1.7 kB)
Collecting nvidia-cuda-cupti==13.0.85.* (from cuda-toolkit[cublas,cudart,cufft,cufile,cupti,curand,cusolver,cusparse,nvjitlink,nvrtc,nvtx]==13.0.3; platform_system == "Linux"->torch>=2.5.1->whisperx==3.4.3)
  Downloading nvidia_cuda_cupti-13.0.85-py3-none-manylinux_2_25_x86_64.whl.metadata (1.7 kB)
Collecting nvidia-curand==10.4.0.35.* (from cuda-toolkit[cublas,cudart,cufft,cufile,cupti,curand,cusolver,cusparse,nvjitlink,nvrtc,nvtx]==13.0.3; platform_system == "Linux"->torch>=2.5.1->whisperx==3.4.3)
  Downloading nvidia_curand-10.4.0.35-py3-none-manylinux_2_27_x86_64.whl.metadata (1.7 kB)
Collecting nvidia-cusolver==12.0.4.66.* (from cuda-toolkit[cublas,cudart,cufft,cufile,cupti,curand,cusolver,cusparse,nvjitlink,nvrtc,nvtx]==13.0.3; platform_system == "Linux"->torch>=2.5.1->whisperx==3.4.3)
  Downloading nvidia_cusolver-12.0.4.66-py3-none-manylinux_2_27_x86_64.whl.metadata (1.8 kB)
Collecting nvidia-cusparse==12.6.3.3.* (from cuda-toolkit[cublas,cudart,cufft,cufile,cupti,curand,cusolver,cusparse,nvjitlink,nvrtc,nvtx]==13.0.3; platform_system == "Linux"->torch>=2.5.1->whisperx==3.4.3)
  Downloading nvidia_cusparse-12.6.3.3-py3-none-manylinux2014_x86_64.manylinux_2_17_x86_64.whl.metadata (1.8 kB)
Collecting nvidia-nvtx==13.0.85.* (from cuda-toolkit[cublas,cudart,cufft,cufile,cupti,curand,cusolver,cusparse,nvjitlink,nvrtc,nvtx]==13.0.3; platform_system == "Linux"->torch>=2.5.1->whisperx==3.4.3)
  Downloading nvidia_nvtx-13.0.85-py3-none-manylinux1_x86_64.manylinux_2_5_x86_64.whl.metadata (1.8 kB)
Collecting cuda-pathfinder>=1.4.2 (from cuda-bindings<14,>=13.0.3->torch>=2.5.1->whisperx==3.4.3)
  Downloading cuda_pathfinder-1.5.6-py3-none-any.whl.metadata (1.9 kB)
Collecting aiohappyeyeballs>=2.5.0 (from aiohttp!=4.0.0a0,!=4.0.0a1->fsspec[http]<2028.0,>=2022.5.0->lightning>=2.0.1->pyannote-audio<4.0.0,>=3.3.2->whisperx==3.4.3)
  Downloading aiohappyeyeballs-2.7.1-py3-none-any.whl.metadata (5.9 kB)
Collecting aiosignal>=1.4.0 (from aiohttp!=4.0.0a0,!=4.0.0a1->fsspec[http]<2028.0,>=2022.5.0->lightning>=2.0.1->pyannote-audio<4.0.0,>=3.3.2->whisperx==3.4.3)
  Downloading aiosignal-1.4.0-py3-none-any.whl.metadata (3.7 kB)
Collecting attrs>=17.3.0 (from aiohttp!=4.0.0a0,!=4.0.0a1->fsspec[http]<2028.0,>=2022.5.0->lightning>=2.0.1->pyannote-audio<4.0.0,>=3.3.2->whisperx==3.4.3)
  Downloading attrs-26.1.0-py3-none-any.whl.metadata (8.8 kB)
Collecting frozenlist>=1.1.1 (from aiohttp!=4.0.0a0,!=4.0.0a1->fsspec[http]<2028.0,>=2022.5.0->lightning>=2.0.1->pyannote-audio<4.0.0,>=3.3.2->whisperx==3.4.3)
  Downloading frozenlist-1.8.0-cp312-cp312-manylinux1_x86_64.manylinux_2_28_x86_64.manylinux_2_5_x86_64.whl.metadata (20 kB)
Collecting multidict<7.0,>=4.5 (from aiohttp!=4.0.0a0,!=4.0.0a1->fsspec[http]<2028.0,>=2022.5.0->lightning>=2.0.1->pyannote-audio<4.0.0,>=3.3.2->whisperx==3.4.3)
  Downloading multidict-6.7.1-cp312-cp312-manylinux2014_x86_64.manylinux_2_17_x86_64.manylinux_2_28_x86_64.whl.metadata (5.3 kB)
Collecting propcache>=0.2.0 (from aiohttp!=4.0.0a0,!=4.0.0a1->fsspec[http]<2028.0,>=2022.5.0->lightning>=2.0.1->pyannote-audio<4.0.0,>=3.3.2->whisperx==3.4.3)
  Downloading propcache-0.5.2-cp312-cp312-manylinux2014_x86_64.manylinux_2_17_x86_64.manylinux_2_28_x86_64.whl.metadata (16 kB)
Collecting yarl<2.0,>=1.17.0 (from aiohttp!=4.0.0a0,!=4.0.0a1->fsspec[http]<2028.0,>=2022.5.0->lightning>=2.0.1->pyannote-audio<4.0.0,>=3.3.2->whisperx==3.4.3)
  Downloading yarl-1.24.2-cp312-cp312-manylinux2014_x86_64.manylinux_2_17_x86_64.manylinux_2_28_x86_64.whl.metadata (94 kB)
Collecting contourpy>=1.0.1 (from matplotlib>=2.0.0->pyannote.metrics<4.0,>=3.2->pyannote-audio<4.0.0,>=3.3.2->whisperx==3.4.3)
  Downloading contourpy-1.3.3-cp312-cp312-manylinux_2_27_x86_64.manylinux_2_28_x86_64.whl.metadata (5.5 kB)
Collecting cycler>=0.10 (from matplotlib>=2.0.0->pyannote.metrics<4.0,>=3.2->pyannote-audio<4.0.0,>=3.3.2->whisperx==3.4.3)
  Downloading cycler-0.12.1-py3-none-any.whl.metadata (3.8 kB)
Collecting fonttools>=4.22.0 (from matplotlib>=2.0.0->pyannote.metrics<4.0,>=3.2->pyannote-audio<4.0.0,>=3.3.2->whisperx==3.4.3)
  Downloading fonttools-4.63.0-cp312-cp312-manylinux2014_x86_64.manylinux_2_17_x86_64.whl.metadata (118 kB)
Collecting kiwisolver>=1.3.1 (from matplotlib>=2.0.0->pyannote.metrics<4.0,>=3.2->pyannote-audio<4.0.0,>=3.3.2->whisperx==3.4.3)
  Downloading kiwisolver-1.5.0-cp312-cp312-manylinux2014_x86_64.manylinux_2_17_x86_64.whl.metadata (5.1 kB)
Collecting pillow>=9 (from matplotlib>=2.0.0->pyannote.metrics<4.0,>=3.2->pyannote-audio<4.0.0,>=3.3.2->whisperx==3.4.3)
  Downloading pillow-12.3.0-cp312-cp312-manylinux_2_27_x86_64.manylinux_2_28_x86_64.whl.metadata (9.1 kB)
Collecting pyparsing>=3 (from matplotlib>=2.0.0->pyannote.metrics<4.0,>=3.2->pyannote-audio<4.0.0,>=3.3.2->whisperx==3.4.3)
  Downloading pyparsing-3.3.2-py3-none-any.whl.metadata (5.8 kB)
Collecting python-dateutil>=2.7 (from matplotlib>=2.0.0->pyannote.metrics<4.0,>=3.2->pyannote-audio<4.0.0,>=3.3.2->whisperx==3.4.3)
  Downloading python_dateutil-2.9.0.post0-py2.py3-none-any.whl.metadata (8.4 kB)
Collecting defusedxml (from nltk>=3.9.1->whisperx==3.4.3)
  Downloading defusedxml-0.7.1-py2.py3-none-any.whl.metadata (32 kB)
Collecting joblib (from nltk>=3.9.1->whisperx==3.4.3)
  Downloading joblib-1.5.3-py3-none-any.whl.metadata (5.5 kB)
Collecting regex>=2021.8.3 (from nltk>=3.9.1->whisperx==3.4.3)
  Downloading regex-2026.7.10-cp312-cp312-manylinux2014_x86_64.manylinux_2_17_x86_64.manylinux_2_28_x86_64.whl.metadata (40 kB)
Collecting alembic>=1.5.0 (from optuna>=3.1->pyannote.pipeline<4.0,>=3.0.1->pyannote-audio<4.0.0,>=3.3.2->whisperx==3.4.3)
  Downloading alembic-1.18.5-py3-none-any.whl.metadata (7.2 kB)
Collecting colorlog (from optuna>=3.1->pyannote.pipeline<4.0,>=3.0.1->pyannote-audio<4.0.0,>=3.3.2->whisperx==3.4.3)
  Downloading colorlog-6.10.1-py3-none-any.whl.metadata (11 kB)
Collecting sqlalchemy>=1.4.2 (from optuna>=3.1->pyannote.pipeline<4.0,>=3.0.1->pyannote-audio<4.0.0,>=3.3.2->whisperx==3.4.3)
  Downloading sqlalchemy-2.0.51-cp312-cp312-manylinux2014_x86_64.manylinux_2_17_x86_64.manylinux_2_28_x86_64.whl.metadata (9.5 kB)
Collecting Mako (from alembic>=1.5.0->optuna>=3.1->pyannote.pipeline<4.0,>=3.0.1->pyannote-audio<4.0.0,>=3.3.2->whisperx==3.4.3)
  Downloading mako-1.3.12-py3-none-any.whl.metadata (2.9 kB)
Collecting six>=1.5 (from python-dateutil>=2.7->matplotlib>=2.0.0->pyannote.metrics<4.0,>=3.2->pyannote-audio<4.0.0,>=3.3.2->whisperx==3.4.3)
  Downloading six-1.17.0-py2.py3-none-any.whl.metadata (1.7 kB)
Collecting markdown-it-py>=2.2.0 (from rich>=12.0.0->pyannote-audio<4.0.0,>=3.3.2->whisperx==3.4.3)
  Downloading markdown_it_py-4.2.0-py3-none-any.whl.metadata (7.4 kB)
Collecting pygments<3.0.0,>=2.13.0 (from rich>=12.0.0->pyannote-audio<4.0.0,>=3.3.2->whisperx==3.4.3)
  Downloading pygments-2.20.0-py3-none-any.whl.metadata (2.5 kB)
Collecting mdurl~=0.1 (from markdown-it-py>=2.2.0->rich>=12.0.0->pyannote-audio<4.0.0,>=3.3.2->whisperx==3.4.3)
  Downloading mdurl-0.1.2-py3-none-any.whl.metadata (1.6 kB)
Collecting narwhals>=2.0.1 (from scikit-learn>=0.17.1->pyannote.metrics<4.0,>=3.2->pyannote-audio<4.0.0,>=3.3.2->whisperx==3.4.3)
  Downloading narwhals-2.24.0-py3-none-any.whl.metadata (15 kB)
Collecting threadpoolctl>=3.5.0 (from scikit-learn>=0.17.1->pyannote.metrics<4.0,>=3.2->pyannote-audio<4.0.0,>=3.3.2->whisperx==3.4.3)
  Downloading threadpoolctl-3.6.0-py3-none-any.whl.metadata (13 kB)
Collecting cffi>=1.0 (from soundfile>=0.12.1->pyannote-audio<4.0.0,>=3.3.2->whisperx==3.4.3)
  Downloading cffi-2.1.0-cp312-cp312-manylinux2014_x86_64.manylinux_2_17_x86_64.whl.metadata (2.5 kB)
Collecting pycparser (from cffi>=1.0->soundfile>=0.12.1->pyannote-audio<4.0.0,>=3.3.2->whisperx==3.4.3)
  Downloading pycparser-3.0-py3-none-any.whl.metadata (8.2 kB)
Collecting hyperpyyaml>=0.0.1 (from speechbrain>=1.0.0->pyannote-audio<4.0.0,>=3.3.2->whisperx==3.4.3)
  Downloading hyperpyyaml-1.2.3-py3-none-any.whl.metadata (8.1 kB)
Collecting requests>=2.20.0 (from speechbrain>=1.0.0->pyannote-audio<4.0.0,>=3.3.2->whisperx==3.4.3)
  Downloading requests-2.34.2-py3-none-any.whl.metadata (4.8 kB)
Collecting sentencepiece>=0.1.91 (from speechbrain>=1.0.0->pyannote-audio<4.0.0,>=3.3.2->whisperx==3.4.3)
  Downloading sentencepiece-0.2.2-cp312-cp312-manylinux_2_27_x86_64.manylinux_2_28_x86_64.whl.metadata (33 kB)
Collecting ruamel.yaml<0.19.0,>=0.17.28 (from hyperpyyaml>=0.0.1->speechbrain>=1.0.0->pyannote-audio<4.0.0,>=3.3.2->whisperx==3.4.3)
  Downloading ruamel_yaml-0.18.17-py3-none-any.whl.metadata (27 kB)
Collecting ruamel.yaml.clib>=0.2.15 (from ruamel.yaml<0.19.0,>=0.17.28->hyperpyyaml>=0.0.1->speechbrain>=1.0.0->pyannote-audio<4.0.0,>=3.3.2->whisperx==3.4.3)
  Downloading ruamel_yaml_clib-0.2.15-cp312-cp312-manylinux2014_x86_64.manylinux_2_17_x86_64.manylinux_2_28_x86_64.whl.metadata (3.5 kB)
Collecting charset_normalizer<4,>=2 (from requests>=2.20.0->speechbrain>=1.0.0->pyannote-audio<4.0.0,>=3.3.2->whisperx==3.4.3)
  Downloading charset_normalizer-3.4.9-cp312-cp312-manylinux2014_x86_64.manylinux_2_17_x86_64.manylinux_2_28_x86_64.whl.metadata (41 kB)
Collecting urllib3<3,>=1.26 (from requests>=2.20.0->speechbrain>=1.0.0->pyannote-audio<4.0.0,>=3.3.2->whisperx==3.4.3)
  Downloading urllib3-2.7.0-py3-none-any.whl.metadata (6.9 kB)
Collecting greenlet>=1 (from sqlalchemy>=1.4.2->optuna>=3.1->pyannote.pipeline<4.0,>=3.0.1->pyannote-audio<4.0.0,>=3.3.2->whisperx==3.4.3)
  Downloading greenlet-3.5.3-cp312-cp312-manylinux_2_24_x86_64.manylinux_2_28_x86_64.whl.metadata (3.8 kB)
Collecting mpmath<1.4,>=1.1.0 (from sympy>=1.1->pyannote.metrics<4.0,>=3.2->pyannote-audio<4.0.0,>=3.3.2->whisperx==3.4.3)
  Downloading mpmath-1.3.0-py3-none-any.whl.metadata (8.6 kB)
Collecting julius<0.3,>=0.2.3 (from torch_audiomentations>=0.11.0->pyannote-audio<4.0.0,>=3.3.2->whisperx==3.4.3)
  Downloading julius-0.2.8-py3-none-any.whl.metadata (7.6 kB)
Collecting torch-pitch-shift>=1.2.2 (from torch_audiomentations>=0.11.0->pyannote-audio<4.0.0,>=3.3.2->whisperx==3.4.3)
  Downloading torch_pitch_shift-1.2.5-py3-none-any.whl.metadata (2.5 kB)
Collecting primePy>=1.3 (from torch-pitch-shift>=1.2.2->torch_audiomentations>=0.11.0->pyannote-audio<4.0.0,>=3.3.2->whisperx==3.4.3)
  Downloading primePy-1.3-py3-none-any.whl.metadata (4.8 kB)
Collecting tokenizers<1,>=0.13 (from faster-whisper>=1.1.1->whisperx==3.4.3)
  Downloading tokenizers-0.22.2-cp39-abi3-manylinux_2_17_x86_64.manylinux2014_x86_64.whl.metadata (7.3 kB)
Collecting safetensors>=0.8.0 (from transformers>=4.48.0->whisperx==3.4.3)
  Downloading safetensors-0.8.0-cp310-abi3-manylinux_2_17_x86_64.manylinux2014_x86_64.whl.metadata (4.2 kB)
Collecting shellingham>=1.3.0 (from typer>=0.12.1->pyannote.database<6.0,>=5.0.1->pyannote-audio<4.0.0,>=3.3.2->whisperx==3.4.3)
  Downloading shellingham-1.5.4-py2.py3-none-any.whl.metadata (3.5 kB)
Collecting annotated-doc>=0.0.2 (from typer>=0.12.1->pyannote.database<6.0,>=5.0.1->pyannote-audio<4.0.0,>=3.3.2->whisperx==3.4.3)
  Downloading annotated_doc-0.0.4-py3-none-any.whl.metadata (6.6 kB)
Collecting MarkupSafe>=2.0 (from jinja2->torch>=2.5.1->whisperx==3.4.3)
  Downloading markupsafe-3.0.3-cp312-cp312-manylinux2014_x86_64.manylinux_2_17_x86_64.manylinux_2_28_x86_64.whl.metadata (2.7 kB)
Would install HyperPyYAML-1.2.3 Jinja2-3.1.6 Mako-1.3.12 MarkupSafe-3.0.3 PyYAML-6.0.3 Pygments-2.20.0 SQLAlchemy-2.0.51 aiohappyeyeballs-2.7.1 aiohttp-3.14.1 aiosignal-1.4.0 alembic-1.18.5 annotated-doc-0.0.4 antlr4-python3-runtime-4.9.3 anyio-4.14.2 asteroid-filterbanks-0.4.0 attrs-26.1.0 av-18.0.0 certifi-2026.6.17 cffi-2.1.0 charset-normalizer-3.4.9 click-8.4.2 colorlog-6.10.1 contourpy-1.3.3 ctranslate2-4.4.0 cuda-bindings-13.3.1 cuda-pathfinder-1.5.6 cuda-toolkit-13.0.3.0 cycler-0.12.1 defusedxml-0.7.1 docopt-0.6.2 einops-0.8.2 faster-whisper-1.2.1 filelock-3.30.2 flatbuffers-25.12.19 fonttools-4.63.0 frozenlist-1.8.0 fsspec-2026.6.0 greenlet-3.5.3 h11-0.16.0 hf-xet-1.5.2 httpcore-1.0.9 httpx-0.28.1 huggingface_hub-1.23.0 idna-3.18 joblib-1.5.3 julius-0.2.8 kiwisolver-1.5.0 lightning-2.6.5 lightning-utilities-0.15.3 markdown-it-py-4.2.0 matplotlib-3.11.0 mdurl-0.1.2 mpmath-1.3.0 multidict-6.7.1 narwhals-2.24.0 networkx-3.6.1 nltk-3.10.0 numpy-2.5.1 nvidia-cublas-13.1.1.3 nvidia-cuda-cupti-13.0.85 nvidia-cuda-nvrtc-13.0.88 nvidia-cuda-runtime-13.0.96 nvidia-cudnn-cu13-9.20.0.48 nvidia-cufft-12.0.0.61 nvidia-cufile-1.15.1.6 nvidia-curand-10.4.0.35 nvidia-cusolver-12.0.4.66 nvidia-cusparse-12.6.3.3 nvidia-cusparselt-cu13-0.8.1 nvidia-nccl-cu13-2.29.7 nvidia-nvjitlink-13.3.33 nvidia-nvshmem-cu13-3.4.5 nvidia-nvtx-13.0.85 omegaconf-2.3.1 onnxruntime-1.27.0 optuna-4.9.0 pandas-3.0.3 pillow-12.3.0 primePy-1.3 propcache-0.5.2 protobuf-7.35.1 pyannote.audio-3.4.0 pyannote.core-5.0.0 pyannote.database-5.1.3 pyannote.metrics-3.2.1 pyannote.pipeline-3.0.1 pycparser-3.0 pyparsing-3.3.2 python-dateutil-2.9.0.post0 pytorch-lightning-2.6.5 pytorch-metric-learning-2.9.0 regex-2026.7.10 requests-2.34.2 rich-15.0.0 ruamel.yaml-0.18.17 ruamel.yaml.clib-0.2.15 safetensors-0.8.0 scikit-learn-1.9.0 scipy-1.18.0 semver-3.0.4 sentencepiece-0.2.2 shellingham-1.5.4 six-1.17.0 sortedcontainers-2.4.0 soundfile-0.14.0 speechbrain-1.1.0 sympy-1.14.0 tabulate-0.10.0 tensorboardX-2.6.5 threadpoolctl-3.6.0 tokenizers-0.22.2 torch-2.13.0 torch-audiomentations-0.12.0 torch_pitch_shift-1.2.5 torchaudio-2.11.0 torchmetrics-1.9.0 tqdm-4.68.4 transformers-5.14.1 triton-3.7.1 typer-0.27.0 typing_extensions-4.16.0 urllib3-2.7.0 whisperx-3.4.3 yarl-1.24.2
running: 363/.venv/bin/python -m pip install --dry-run --isolated whisperx==3.4.3
exit_code=0
resolver_status=success
