Collecting torch>=2.0 (from -r 105/requirements.txt (line 1))
  Downloading torch-2.13.0-cp312-cp312-manylinux_2_28_x86_64.whl.metadata (38 kB)
Collecting einops>=0.8.0 (from -r 105/requirements.txt (line 2))
  Downloading einops-0.8.2-py3-none-any.whl.metadata (13 kB)
Collecting einx>=0.2.2 (from -r 105/requirements.txt (line 3))
  Downloading einx-0.4.3-py3-none-any.whl.metadata (6.9 kB)
Requirement already satisfied: filelock in /usr/lib/python3/dist-packages (from torch>=2.0->-r 105/requirements.txt (line 1)) (3.13.1)
Requirement already satisfied: typing-extensions>=4.10.0 in /usr/lib/python3/dist-packages (from torch>=2.0->-r 105/requirements.txt (line 1)) (4.10.0)
Collecting setuptools>=77.0.3 (from torch>=2.0->-r 105/requirements.txt (line 1))
  Downloading setuptools-83.0.0-py3-none-any.whl.metadata (6.6 kB)
Collecting sympy>=1.13.3 (from torch>=2.0->-r 105/requirements.txt (line 1))
  Downloading sympy-1.14.0-py3-none-any.whl.metadata (12 kB)
Collecting networkx>=2.5.1 (from torch>=2.0->-r 105/requirements.txt (line 1))
  Downloading networkx-3.6.1-py3-none-any.whl.metadata (6.8 kB)
Requirement already satisfied: jinja2 in /usr/lib/python3/dist-packages (from torch>=2.0->-r 105/requirements.txt (line 1)) (3.1.2)
Collecting fsspec>=0.8.5 (from torch>=2.0->-r 105/requirements.txt (line 1))
  Downloading fsspec-2026.6.0-py3-none-any.whl.metadata (10 kB)
Collecting cuda-toolkit==13.0.3 (from cuda-toolkit[cublas,cudart,cufft,cufile,cupti,curand,cusolver,cusparse,nvjitlink,nvrtc,nvtx]==13.0.3; platform_system == "Linux"->torch>=2.0->-r 105/requirements.txt (line 1))
  Downloading cuda_toolkit-13.0.3.0-py2.py3-none-any.whl.metadata (17 kB)
Collecting cuda-bindings<14,>=13.0.3 (from torch>=2.0->-r 105/requirements.txt (line 1))
  Downloading cuda_bindings-13.3.1-cp312-cp312-manylinux_2_24_x86_64.manylinux_2_28_x86_64.whl.metadata (2.5 kB)
Collecting nvidia-cudnn-cu13==9.20.0.48 (from torch>=2.0->-r 105/requirements.txt (line 1))
  Downloading nvidia_cudnn_cu13-9.20.0.48-py3-none-manylinux_2_27_x86_64.whl.metadata (1.9 kB)
Collecting nvidia-cusparselt-cu13==0.8.1 (from torch>=2.0->-r 105/requirements.txt (line 1))
  Downloading nvidia_cusparselt_cu13-0.8.1-py3-none-manylinux2014_x86_64.whl.metadata (12 kB)
Collecting nvidia-nccl-cu13==2.29.7 (from torch>=2.0->-r 105/requirements.txt (line 1))
  Downloading nvidia_nccl_cu13-2.29.7-py3-none-manylinux_2_18_x86_64.whl.metadata (2.1 kB)
Collecting nvidia-nvshmem-cu13==3.4.5 (from torch>=2.0->-r 105/requirements.txt (line 1))
  Downloading nvidia_nvshmem_cu13-3.4.5-py3-none-manylinux2014_x86_64.manylinux_2_17_x86_64.whl.metadata (2.1 kB)
Collecting triton==3.7.1 (from torch>=2.0->-r 105/requirements.txt (line 1))
  Downloading triton-3.7.1-cp312-cp312-manylinux_2_27_x86_64.manylinux_2_28_x86_64.whl.metadata (1.7 kB)
Collecting nvidia-cublas==13.1.1.3.* (from cuda-toolkit[cublas,cudart,cufft,cufile,cupti,curand,cusolver,cusparse,nvjitlink,nvrtc,nvtx]==13.0.3; platform_system == "Linux"->torch>=2.0->-r 105/requirements.txt (line 1))
  Downloading nvidia_cublas-13.1.1.3-py3-none-manylinux_2_27_x86_64.whl.metadata (1.8 kB)
Collecting nvidia-cuda-nvrtc==13.0.88.* (from cuda-toolkit[cublas,cudart,cufft,cufile,cupti,curand,cusolver,cusparse,nvjitlink,nvrtc,nvtx]==13.0.3; platform_system == "Linux"->torch>=2.0->-r 105/requirements.txt (line 1))
  Downloading nvidia_cuda_nvrtc-13.0.88-py3-none-manylinux2010_x86_64.manylinux_2_12_x86_64.whl.metadata (1.7 kB)
Collecting nvidia-cuda-runtime==13.0.96.* (from cuda-toolkit[cublas,cudart,cufft,cufile,cupti,curand,cusolver,cusparse,nvjitlink,nvrtc,nvtx]==13.0.3; platform_system == "Linux"->torch>=2.0->-r 105/requirements.txt (line 1))
  Downloading nvidia_cuda_runtime-13.0.96-py3-none-manylinux2014_x86_64.manylinux_2_17_x86_64.whl.metadata (1.7 kB)
Collecting nvidia-cufft==12.0.0.61.* (from cuda-toolkit[cublas,cudart,cufft,cufile,cupti,curand,cusolver,cusparse,nvjitlink,nvrtc,nvtx]==13.0.3; platform_system == "Linux"->torch>=2.0->-r 105/requirements.txt (line 1))
  Downloading nvidia_cufft-12.0.0.61-py3-none-manylinux2014_x86_64.manylinux_2_17_x86_64.whl.metadata (1.8 kB)
Collecting nvidia-nvjitlink<14,>=13.0.88 (from cuda-toolkit[cublas,cudart,cufft,cufile,cupti,curand,cusolver,cusparse,nvjitlink,nvrtc,nvtx]==13.0.3; platform_system == "Linux"->torch>=2.0->-r 105/requirements.txt (line 1))
  Downloading nvidia_nvjitlink-13.3.33-py3-none-manylinux2010_x86_64.manylinux_2_12_x86_64.whl.metadata (1.8 kB)
Collecting nvidia-cufile==1.15.1.6.* (from cuda-toolkit[cublas,cudart,cufft,cufile,cupti,curand,cusolver,cusparse,nvjitlink,nvrtc,nvtx]==13.0.3; platform_system == "Linux"->torch>=2.0->-r 105/requirements.txt (line 1))
  Downloading nvidia_cufile-1.15.1.6-py3-none-manylinux2014_x86_64.manylinux_2_17_x86_64.whl.metadata (1.7 kB)
Collecting nvidia-cuda-cupti==13.0.85.* (from cuda-toolkit[cublas,cudart,cufft,cufile,cupti,curand,cusolver,cusparse,nvjitlink,nvrtc,nvtx]==13.0.3; platform_system == "Linux"->torch>=2.0->-r 105/requirements.txt (line 1))
  Downloading nvidia_cuda_cupti-13.0.85-py3-none-manylinux_2_25_x86_64.whl.metadata (1.7 kB)
Collecting nvidia-curand==10.4.0.35.* (from cuda-toolkit[cublas,cudart,cufft,cufile,cupti,curand,cusolver,cusparse,nvjitlink,nvrtc,nvtx]==13.0.3; platform_system == "Linux"->torch>=2.0->-r 105/requirements.txt (line 1))
  Downloading nvidia_curand-10.4.0.35-py3-none-manylinux_2_27_x86_64.whl.metadata (1.7 kB)
Collecting nvidia-cusolver==12.0.4.66.* (from cuda-toolkit[cublas,cudart,cufft,cufile,cupti,curand,cusolver,cusparse,nvjitlink,nvrtc,nvtx]==13.0.3; platform_system == "Linux"->torch>=2.0->-r 105/requirements.txt (line 1))
  Downloading nvidia_cusolver-12.0.4.66-py3-none-manylinux_2_27_x86_64.whl.metadata (1.8 kB)
Collecting nvidia-cusparse==12.6.3.3.* (from cuda-toolkit[cublas,cudart,cufft,cufile,cupti,curand,cusolver,cusparse,nvjitlink,nvrtc,nvtx]==13.0.3; platform_system == "Linux"->torch>=2.0->-r 105/requirements.txt (line 1))
  Downloading nvidia_cusparse-12.6.3.3-py3-none-manylinux2014_x86_64.manylinux_2_17_x86_64.whl.metadata (1.8 kB)
Collecting nvidia-nvtx==13.0.85.* (from cuda-toolkit[cublas,cudart,cufft,cufile,cupti,curand,cusolver,cusparse,nvjitlink,nvrtc,nvtx]==13.0.3; platform_system == "Linux"->torch>=2.0->-r 105/requirements.txt (line 1))
  Downloading nvidia_nvtx-13.0.85-py3-none-manylinux1_x86_64.manylinux_2_5_x86_64.whl.metadata (1.8 kB)
Collecting numpy (from einx>=0.2.2->-r 105/requirements.txt (line 3))
  Downloading numpy-2.5.1-cp312-cp312-manylinux_2_27_x86_64.manylinux_2_28_x86_64.whl.metadata (6.6 kB)
Collecting frozendict (from einx>=0.2.2->-r 105/requirements.txt (line 3))
  Downloading frozendict-2.4.7-py3-none-any.whl.metadata (23 kB)
Collecting cuda-pathfinder>=1.4.2 (from cuda-bindings<14,>=13.0.3->torch>=2.0->-r 105/requirements.txt (line 1))
  Downloading cuda_pathfinder-1.5.6-py3-none-any.whl.metadata (1.9 kB)
Collecting mpmath<1.4,>=1.1.0 (from sympy>=1.13.3->torch>=2.0->-r 105/requirements.txt (line 1))
  Downloading mpmath-1.3.0-py3-none-any.whl.metadata (8.6 kB)
Downloading torch-2.13.0-cp312-cp312-manylinux_2_28_x86_64.whl (526.6 MB)
   ━━━━━━━━━━━━━━━━━━━━━━━━━━━━━━━━━━━━━━━━ 526.6/526.6 MB 27.4 MB/s eta 0:00:00
Downloading cuda_toolkit-13.0.3.0-py2.py3-none-any.whl (2.5 kB)
Downloading nvidia_cudnn_cu13-9.20.0.48-py3-none-manylinux_2_27_x86_64.whl (366.2 MB)
   ━━━━━━━━━━━━━━━━━━━━━━━━━━━━━━━━━━━━━━━━ 366.2/366.2 MB 27.7 MB/s eta 0:00:00
Downloading nvidia_cusparselt_cu13-0.8.1-py3-none-manylinux2014_x86_64.whl (170.1 MB)
   ━━━━━━━━━━━━━━━━━━━━━━━━━━━━━━━━━━━━━━━━ 170.1/170.1 MB 11.8 MB/s eta 0:00:00
Downloading nvidia_nccl_cu13-2.29.7-py3-none-manylinux_2_18_x86_64.whl (206.0 MB)
   ━━━━━━━━━━━━━━━━━━━━━━━━━━━━━━━━━━━━━━━━ 206.0/206.0 MB 14.3 MB/s eta 0:00:00
Downloading nvidia_nvshmem_cu13-3.4.5-py3-none-manylinux2014_x86_64.manylinux_2_17_x86_64.whl (60.4 MB)
   ━━━━━━━━━━━━━━━━━━━━━━━━━━━━━━━━━━━━━━━━ 60.4/60.4 MB 27.6 MB/s eta 0:00:00
Downloading triton-3.7.1-cp312-cp312-manylinux_2_27_x86_64.manylinux_2_28_x86_64.whl (197.7 MB)
   ━━━━━━━━━━━━━━━━━━━━━━━━━━━━━━━━━━━━━━━━ 197.7/197.7 MB 33.3 MB/s eta 0:00:00
Downloading nvidia_cublas-13.1.1.3-py3-none-manylinux_2_27_x86_64.whl (423.1 MB)
   ━━━━━━━━━━━━━━━━━━━━━━━━━━━━━━━━━━━━━━━━ 423.1/423.1 MB 24.4 MB/s eta 0:00:00
Downloading nvidia_cuda_cupti-13.0.85-py3-none-manylinux_2_25_x86_64.whl (10.7 MB)
   ━━━━━━━━━━━━━━━━━━━━━━━━━━━━━━━━━━━━━━━━ 10.7/10.7 MB 22.6 MB/s eta 0:00:00
Downloading nvidia_cuda_nvrtc-13.0.88-py3-none-manylinux2010_x86_64.manylinux_2_12_x86_64.whl (90.2 MB)
   ━━━━━━━━━━━━━━━━━━━━━━━━━━━━━━━━━━━━━━━━ 90.2/90.2 MB 2.5 MB/s eta 0:00:00
Downloading nvidia_cuda_runtime-13.0.96-py3-none-manylinux2014_x86_64.manylinux_2_17_x86_64.whl (2.2 MB)
   ━━━━━━━━━━━━━━━━━━━━━━━━━━━━━━━━━━━━━━━━ 2.2/2.2 MB 8.7 MB/s eta 0:00:00
Downloading nvidia_cufft-12.0.0.61-py3-none-manylinux2014_x86_64.manylinux_2_17_x86_64.whl (214.1 MB)
   ━━━━━━━━━━━━━━━━━━━━━━━━━━━━━━━━━━━━━━━━ 214.1/214.1 MB 16.7 MB/s eta 0:00:00
Downloading nvidia_cufile-1.15.1.6-py3-none-manylinux2014_x86_64.manylinux_2_17_x86_64.whl (1.2 MB)
   ━━━━━━━━━━━━━━━━━━━━━━━━━━━━━━━━━━━━━━━━ 1.2/1.2 MB 16.9 MB/s eta 0:00:00
Downloading nvidia_curand-10.4.0.35-py3-none-manylinux_2_27_x86_64.whl (59.5 MB)
   ━━━━━━━━━━━━━━━━━━━━━━━━━━━━━━━━━━━━━━━━ 59.5/59.5 MB 15.9 MB/s eta 0:00:00
Downloading nvidia_cusolver-12.0.4.66-py3-none-manylinux_2_27_x86_64.whl (200.9 MB)
   ━━━━━━━━━━━━━━━━━━━━━━━━━━━━━━━━━━━━━━━━ 200.9/200.9 MB 15.6 MB/s eta 0:00:00
Downloading nvidia_cusparse-12.6.3.3-py3-none-manylinux2014_x86_64.manylinux_2_17_x86_64.whl (145.9 MB)
   ━━━━━━━━━━━━━━━━━━━━━━━━━━━━━━━━━━━━━━━━ 145.9/145.9 MB 17.5 MB/s eta 0:00:00
Downloading nvidia_nvtx-13.0.85-py3-none-manylinux1_x86_64.manylinux_2_5_x86_64.whl (148 kB)
   ━━━━━━━━━━━━━━━━━━━━━━━━━━━━━━━━━━━━━━━━ 148.0/148.0 kB 28.2 MB/s eta 0:00:00
Downloading einops-0.8.2-py3-none-any.whl (65 kB)
   ━━━━━━━━━━━━━━━━━━━━━━━━━━━━━━━━━━━━━━━━ 65.6/65.6 kB 34.3 MB/s eta 0:00:00
Downloading einx-0.4.3-py3-none-any.whl (163 kB)
   ━━━━━━━━━━━━━━━━━━━━━━━━━━━━━━━━━━━━━━━━ 163.8/163.8 kB 10.1 MB/s eta 0:00:00
Downloading cuda_bindings-13.3.1-cp312-cp312-manylinux_2_24_x86_64.manylinux_2_28_x86_64.whl (6.7 MB)
   ━━━━━━━━━━━━━━━━━━━━━━━━━━━━━━━━━━━━━━━━ 6.7/6.7 MB 1.9 MB/s eta 0:00:00
Downloading fsspec-2026.6.0-py3-none-any.whl (203 kB)
   ━━━━━━━━━━━━━━━━━━━━━━━━━━━━━━━━━━━━━━━━ 203.9/203.9 kB 1.1 MB/s eta 0:00:00
Downloading networkx-3.6.1-py3-none-any.whl (2.1 MB)
   ━━━━━━━━━━━━━━━━━━━━━━━━━━━━━━━━━━━━━━━━ 2.1/2.1 MB 837.4 kB/s eta 0:00:00
Downloading setuptools-83.0.0-py3-none-any.whl (1.0 MB)
   ━━━━━━━━━━━━━━━━━━━━━━━━━━━━━━━━━━━━━━━━ 1.0/1.0 MB 920.1 kB/s eta 0:00:00
Downloading sympy-1.14.0-py3-none-any.whl (6.3 MB)
   ━━━━━━━━━━━━━━━━━━━━━━━━━━━━━━━━━━━━━━━━ 6.3/6.3 MB 1.4 MB/s eta 0:00:00
Downloading frozendict-2.4.7-py3-none-any.whl (16 kB)
Downloading numpy-2.5.1-cp312-cp312-manylinux_2_27_x86_64.manylinux_2_28_x86_64.whl (16.7 MB)
   ━━━━━━━━━━━━━━━━━━━━━━━━━━━━━━━━━━━━━━━━ 16.7/16.7 MB 1.8 MB/s eta 0:00:00
Downloading cuda_pathfinder-1.5.6-py3-none-any.whl (52 kB)
   ━━━━━━━━━━━━━━━━━━━━━━━━━━━━━━━━━━━━━━━━ 53.0/53.0 kB 2.3 MB/s eta 0:00:00
Downloading mpmath-1.3.0-py3-none-any.whl (536 kB)
   ━━━━━━━━━━━━━━━━━━━━━━━━━━━━━━━━━━━━━━━━ 536.2/536.2 kB 2.1 MB/s eta 0:00:00
Downloading nvidia_nvjitlink-13.3.33-py3-none-manylinux2010_x86_64.manylinux_2_12_x86_64.whl (40.7 MB)
   ━━━━━━━━━━━━━━━━━━━━━━━━━━━━━━━━━━━━━━━━ 40.7/40.7 MB 2.5 MB/s eta 0:00:00
Installing collected packages: nvidia-cusparselt-cu13, mpmath, cuda-toolkit, triton, sympy, setuptools, nvidia-nvtx, nvidia-nvshmem-cu13, nvidia-nvjitlink, nvidia-nccl-cu13, nvidia-curand, nvidia-cufile, nvidia-cuda-runtime, nvidia-cuda-nvrtc, nvidia-cuda-cupti, numpy, networkx, fsspec, frozendict, einops, cuda-pathfinder, nvidia-cusparse, nvidia-cufft, nvidia-cublas, einx, cuda-bindings, nvidia-cusolver, nvidia-cudnn-cu13, torch
Successfully installed cuda-bindings-13.3.1 cuda-pathfinder-1.5.6 cuda-toolkit-13.0.3.0 einops-0.8.2 einx-0.4.3 frozendict-2.4.7 fsspec-2026.6.0 mpmath-1.3.0 networkx-3.6.1 numpy-2.5.1 nvidia-cublas-13.1.1.3 nvidia-cuda-cupti-13.0.85 nvidia-cuda-nvrtc-13.0.88 nvidia-cuda-runtime-13.0.96 nvidia-cudnn-cu13-9.20.0.48 nvidia-cufft-12.0.0.61 nvidia-cufile-1.15.1.6 nvidia-curand-10.4.0.35 nvidia-cusolver-12.0.4.66 nvidia-cusparse-12.6.3.3 nvidia-cusparselt-cu13-0.8.1 nvidia-nccl-cu13-2.29.7 nvidia-nvjitlink-13.3.33 nvidia-nvshmem-cu13-3.4.5 nvidia-nvtx-13.0.85 setuptools-83.0.0 sympy-1.14.0 torch-2.13.0 triton-3.7.1
torch 2.13.0+cu130
mode single
issue_config {'dim': 512, 'num_quantizers': 2, 'codebook_size': 16384, 'stochastic_sample_codes': True, 'shared_codebook': True, 'kmeans_init': True, 'threshold_ema_dead_code': 2, 'quantize_dropout': True}
single_process_start
rank=0 step=0 ok quantized=(2, 1024, 512) indices=(2, 1024, 2) losses=(1, 2)
rank=0 step=1 ok quantized=(2, 1025, 512) indices=(2, 1025, 2) losses=(1, 2)
rank=0 step=2 ok quantized=(2, 1026, 512) indices=(2, 1026, 2) losses=(1, 2)
rank=0 step=3 ok quantized=(2, 1024, 512) indices=(2, 1024, 2) losses=(1, 2)
rank=0 step=4 ok quantized=(2, 1025, 512) indices=(2, 1025, 2) losses=(1, 2)
rank=0 step=5 ok quantized=(2, 1026, 512) indices=(2, 1026, 2) losses=(1, 2)
rank=0 step=6 ok quantized=(2, 1024, 512) indices=(2, 1024, 2) losses=(1, 2)
rank=0 step=7 ok quantized=(2, 1025, 512) indices=(2, 1025, 2) losses=(1, 2)
rank=0 step=8 ok quantized=(2, 1026, 512) indices=(2, 1026, 2) losses=(1, 2)
rank=0 step=9 ok quantized=(2, 1024, 512) indices=(2, 1024, 2) losses=(1, 2)
rank=0 step=10 ok quantized=(2, 1025, 512) indices=(2, 1025, 2) losses=(1, 2)
rank=0 step=11 ok quantized=(2, 1026, 512) indices=(2, 1026, 2) losses=(1, 2)
rank=0 step=12 ok quantized=(2, 1024, 512) indices=(2, 1024, 2) losses=(1, 2)
rank=0 step=13 ok quantized=(2, 1025, 512) indices=(2, 1025, 2) losses=(1, 2)
rank=0 step=14 ok quantized=(2, 1026, 512) indices=(2, 1026, 2) losses=(1, 2)
rank=0 step=15 ok quantized=(2, 1024, 512) indices=(2, 1024, 2) losses=(1, 2)
rank=0 step=16 ok quantized=(2, 1025, 512) indices=(2, 1025, 2) losses=(1, 2)
rank=0 step=17 ok quantized=(2, 1026, 512) indices=(2, 1026, 2) losses=(1, 2)
rank=0 step=18 ok quantized=(2, 1024, 512) indices=(2, 1024, 2) losses=(1, 2)
rank=0 step=19 ok quantized=(2, 1025, 512) indices=(2, 1025, 2) losses=(1, 2)
single_process_done
repro_not_triggered
