usage: repro.py [--trainer CONFIG] [--trainer.accelerator ACCELERATOR]
                [--trainer.strategy STRATEGY] [--trainer.devices DEVICES]
                [--trainer.num_nodes NUM_NODES]
                [--trainer.precision PRECISION] [--trainer.logger LOGGER]
                [--trainer.callbacks CALLBACKS]
                [--trainer.fast_dev_run FAST_DEV_RUN]
                [--trainer.max_epochs MAX_EPOCHS]
                [--trainer.min_epochs MIN_EPOCHS]
                [--trainer.max_steps MAX_STEPS]
                [--trainer.min_steps MIN_STEPS] [--trainer.max_time MAX_TIME]
                [--trainer.limit_train_batches LIMIT_TRAIN_BATCHES]
                [--trainer.limit_val_batches LIMIT_VAL_BATCHES]
                [--trainer.limit_test_batches LIMIT_TEST_BATCHES]
                [--trainer.limit_predict_batches LIMIT_PREDICT_BATCHES]
                [--trainer.overfit_batches OVERFIT_BATCHES]
                [--trainer.val_check_interval VAL_CHECK_INTERVAL]
                [--trainer.check_val_every_n_epoch CHECK_VAL_EVERY_N_EPOCH]
                [--trainer.num_sanity_val_steps NUM_SANITY_VAL_STEPS]
                [--trainer.log_every_n_steps LOG_EVERY_N_STEPS]
                [--trainer.enable_checkpointing {true,false,null}]
                [--trainer.enable_progress_bar {true,false,null}]
                [--trainer.enable_model_summary {true,false,null}]
                [--trainer.accumulate_grad_batches ACCUMULATE_GRAD_BATCHES]
                [--trainer.gradient_clip_val GRADIENT_CLIP_VAL]
                [--trainer.gradient_clip_algorithm GRADIENT_CLIP_ALGORITHM]
                [--trainer.deterministic DETERMINISTIC]
                [--trainer.benchmark {true,false,null}]
                [--trainer.inference_mode {true,false}]
                [--trainer.use_distributed_sampler {true,false}]
                [--trainer.profiler PROFILER]
                [--trainer.detect_anomaly {true,false}]
                [--trainer.barebones {true,false}] [--trainer.plugins PLUGINS]
                [--trainer.sync_batchnorm {true,false}]
                [--trainer.reload_dataloaders_every_n_epochs RELOAD_DATALOADERS_EVERY_N_EPOCHS]
                [--trainer.default_root_dir DEFAULT_ROOT_DIR]
                [--trainer.enable_autolog_hparams {true,false}]
                [--trainer.model_registry MODEL_REGISTRY]
tip: For details of accepted options run: repro.py --help
error: Parser key "trainer.strategy":
  Does not validate against any of the Union subtypes
  Subtypes: [<class 'str'>, <class 'lightning.pytorch.strategies.strategy.Strategy'>]
  Errors:
    - Expected a <class 'str'>
    - Problem with given class_path 'lightning.pytorch.strategies.FSDPStrategy':
        Parser key "device_mesh":
          Does not validate against any of the Union subtypes
          Subtypes: [<class 'NoneType'>, tuple[int], <class 'torch.distributed.device_mesh.DeviceMesh'>]
          Errors:
            - Expected a <class 'NoneType'>
            - Expected a tuple with 1 elements
            - Not a valid subclass of DeviceMesh
              Subclass types expect one of:
              - a class path (str)
              - a dict with class_path entry
              - a dict without class_path but with init_args entry (class path given previously)
              - a dict with parameters accepted by the base class (implicit class_path)
          Given value type: <class 'list'>
          Given value: [1, 4]
  Given value type: <class 'dict'>
  Given value: {'class_path': 'lightning.pytorch.strategies.FSDPStrategy', 'init_args': {'sharding_strategy': 'HYBRID_SHARD', 'device_mesh': [1, 4]}}
