  Running command installing build dependencies
  Using pip 26.1.2 from 239/.venv/lib/python3.12/site-packages/pip (python 3.12)
  Collecting setuptools>=42
    Obtaining dependency information for setuptools>=42 from https://files.pythonhosted.org/packages/5d/40/e1e72872c6354b306daef1703549e8e83b4d43cfea356311bf722a043752/setuptools-83.0.0-py3-none-any.whl.metadata
    Downloading setuptools-83.0.0-py3-none-any.whl.metadata (6.6 kB)
  Collecting wheel
    Obtaining dependency information for wheel from https://files.pythonhosted.org/packages/87/1b/9e33c09813d65e248f7f773119148a612516a4bea93e9c6f545f78455b7c/wheel-0.47.0-py3-none-any.whl.metadata
    Downloading wheel-0.47.0-py3-none-any.whl.metadata (2.3 kB)
  Collecting pybind11>=2.9.2
    Obtaining dependency information for pybind11>=2.9.2 from https://files.pythonhosted.org/packages/b3/06/c3a23c9a0263b136c519f033a58d4641e73065fefc7754e9667ec206d992/pybind11-3.0.4-py3-none-any.whl.metadata
    Downloading pybind11-3.0.4-py3-none-any.whl.metadata (10 kB)
  Collecting cmake>=3.22
    Obtaining dependency information for cmake>=3.22 from https://files.pythonhosted.org/packages/f8/8d/6f62747b52bf1b48f05f1bf187ea95bfbc6338d21692223f67db2576b944/cmake-4.4.0-py3-none-manylinux2014_x86_64.manylinux_2_17_x86_64.whl.metadata
    Downloading cmake-4.4.0-py3-none-manylinux2014_x86_64.manylinux_2_17_x86_64.whl.metadata (7.0 kB)
  Collecting scikit-build>=0.14.1
    Obtaining dependency information for scikit-build>=0.14.1 from https://files.pythonhosted.org/packages/47/ef/53c5d9293d1d11ed4e682fdd7f32c776b79ee30f83757395db0d4d0f0276/scikit_build-0.19.1-py3-none-any.whl.metadata
    Downloading scikit_build-0.19.1-py3-none-any.whl.metadata (21 kB)
  Collecting ninja
    Obtaining dependency information for ninja from https://files.pythonhosted.org/packages/ed/de/0e6edf44d6a04dabd0318a519125ed0415ce437ad5a1ec9b9be03d9048cf/ninja-1.13.0-py3-none-manylinux2014_x86_64.manylinux_2_17_x86_64.whl.metadata
    Downloading ninja-1.13.0-py3-none-manylinux2014_x86_64.manylinux_2_17_x86_64.whl.metadata (5.1 kB)
  Collecting packaging>=24.0 (from wheel)
    Obtaining dependency information for packaging>=24.0 from https://files.pythonhosted.org/packages/df/b2/87e62e8c3e2f4b32e5fe99e0b86d576da1312593b39f47d8ceef365e95ed/packaging-26.2-py3-none-any.whl.metadata
    Downloading packaging-26.2-py3-none-any.whl.metadata (3.5 kB)
  Collecting distro (from scikit-build>=0.14.1)
    Obtaining dependency information for distro from https://files.pythonhosted.org/packages/12/b3/231ffd4ab1fc9d679809f356cebee130ac7daa00d6d6f3206dd4fd137e9e/distro-1.9.0-py3-none-any.whl.metadata
    Downloading distro-1.9.0-py3-none-any.whl.metadata (6.8 kB)
  Downloading setuptools-83.0.0-py3-none-any.whl (1.0 MB)
     ━━━━━━━━━━━━━━━━━━━━━━━━━━━━━━━━━━━━━━━━ 1.0/1.0 MB 18.9 MB/s  0:00:00
  Downloading wheel-0.47.0-py3-none-any.whl (32 kB)
  Downloading pybind11-3.0.4-py3-none-any.whl (314 kB)
  Downloading cmake-4.4.0-py3-none-manylinux2014_x86_64.manylinux_2_17_x86_64.whl (30.2 MB)
     ━━━━━━━━━━━━━━━━━━━━━━━━━━━━━━━━━━━━━━━━ 30.2/30.2 MB 32.9 MB/s  0:00:00
  Downloading scikit_build-0.19.1-py3-none-any.whl (86 kB)
  Downloading ninja-1.13.0-py3-none-manylinux2014_x86_64.manylinux_2_17_x86_64.whl (180 kB)
  Downloading packaging-26.2-py3-none-any.whl (100 kB)
  Downloading distro-1.9.0-py3-none-any.whl (20 kB)
  Installing collected packages: setuptools, pybind11, packaging, ninja, distro, cmake, wheel, scikit-build
    Creating /tmp/pip-build-env-682bf49y/overlay/bin
    changing mode of /tmp/pip-build-env-682bf49y/overlay/bin/pybind11-config to 755
    changing mode of /tmp/pip-build-env-682bf49y/overlay/bin/distro to 755
    changing mode of /tmp/pip-build-env-682bf49y/overlay/bin/ccmake to 755
    changing mode of /tmp/pip-build-env-682bf49y/overlay/bin/cmake to 755
    changing mode of /tmp/pip-build-env-682bf49y/overlay/bin/cpack to 755
    changing mode of /tmp/pip-build-env-682bf49y/overlay/bin/ctest to 755
    changing mode of /tmp/pip-build-env-682bf49y/overlay/bin/wheel to 755

  Successfully installed cmake-4.4.0 distro-1.9.0 ninja-1.13.0 packaging-26.2 pybind11-3.0.4 scikit-build-0.19.1 setuptools-83.0.0 wheel-0.47.0
  Running command Getting requirements to build wheel
  running egg_info
  creating bindings/mylib.egg-info
  writing bindings/mylib.egg-info/PKG-INFO
  writing dependency_links to bindings/mylib.egg-info/dependency_links.txt
  writing requirements to bindings/mylib.egg-info/requires.txt
  writing top-level names to bindings/mylib.egg-info/top_level.txt
  writing manifest file 'bindings/mylib.egg-info/SOURCES.txt'
  reading manifest file 'bindings/mylib.egg-info/SOURCES.txt'
  writing manifest file 'bindings/mylib.egg-info/SOURCES.txt'
  Running command Preparing metadata (pyproject.toml)
  running dist_info
  creating /tmp/pip-modern-metadata-10pnexkh/mylib.egg-info
  writing /tmp/pip-modern-metadata-10pnexkh/mylib.egg-info/PKG-INFO
  writing dependency_links to /tmp/pip-modern-metadata-10pnexkh/mylib.egg-info/dependency_links.txt
  writing requirements to /tmp/pip-modern-metadata-10pnexkh/mylib.egg-info/requires.txt
  writing top-level names to /tmp/pip-modern-metadata-10pnexkh/mylib.egg-info/top_level.txt
  writing manifest file '/tmp/pip-modern-metadata-10pnexkh/mylib.egg-info/SOURCES.txt'
  reading manifest file '/tmp/pip-modern-metadata-10pnexkh/mylib.egg-info/SOURCES.txt'
  writing manifest file '/tmp/pip-modern-metadata-10pnexkh/mylib.egg-info/SOURCES.txt'
  creating '/tmp/pip-modern-metadata-10pnexkh/mylib-0.0.1.dist-info'
  Running command Building wheel for mylib (pyproject.toml)


  --------------------------------------------------------------------------------
  -- Trying 'Ninja' generator
  --------------------------------
  ---------------------------
  ----------------------
  -----------------
  ------------
  -------
  --
  The --no-warn-unused-cli option is deprecated.  Use -Wno-unused-cli instead.
  -- The C compiler identification is GNU 13.3.0
  -- Detecting C compiler ABI info
  -- Detecting C compiler ABI info - done
  -- Check for working C compiler: /usr/bin/cc - skipped
  -- Detecting C compile features
  -- Detecting C compile features - done
  -- The CXX compiler identification is GNU 13.3.0
  -- Detecting CXX compiler ABI info
  -- Detecting CXX compiler ABI info - done
  -- Check for working CXX compiler: /usr/bin/c++ - skipped
  -- Detecting CXX compile features
  -- Detecting CXX compile features - done
  -- Configuring done (0.3s)
  -- Generating done (0.0s)
  -- Build files have been written to: 239/_repro_work/project/_cmake_test_compile/build
  --
  -------
  ------------
  -----------------
  ----------------------
  ---------------------------
  --------------------------------
  -- Trying 'Ninja' generator - success
  --------------------------------------------------------------------------------

  Configuring Project
    Working directory:
      239/_repro_work/project/_skbuild/linux-x86_64-3.12/cmake-build
    Command:
      /tmp/pip-build-env-682bf49y/overlay/lib/python3.12/site-packages/cmake/data/bin/cmake 239/_repro_work/project -G Ninja -DCMAKE_MAKE_PROGRAM:FILEPATH=239/.venv/bin/ninja --no-warn-unused-cli -DCMAKE_INSTALL_PREFIX:PATH=239/_repro_work/project/_skbuild/linux-x86_64-3.12/cmake-install/bindings/mylib -DPYTHON_VERSION_STRING:STRING=3.12.3 -DSKBUILD:INTERNAL=TRUE -DCMAKE_MODULE_PATH:PATH=/tmp/pip-build-env-682bf49y/overlay/lib/python3.12/site-packages/skbuild/resources/cmake -DPYTHON_EXECUTABLE:PATH=239/.venv/bin/python -DPYTHON_INCLUDE_DIR:PATH=/usr/include/python3.12 -DPYTHON_LIBRARY:PATH=/usr/lib/x86_64-linux-gnu/libpython3.12.so -DPython_EXECUTABLE:PATH=239/.venv/bin/python -DPython_ROOT_DIR:PATH=239/.venv -DPython_FIND_REGISTRY:STRING=NEVER -DPython_INCLUDE_DIR:PATH=/usr/include/python3.12 -DPython3_EXECUTABLE:PATH=239/.venv/bin/python -DPython3_ROOT_DIR:PATH=239/.venv -DPython3_FIND_REGISTRY:STRING=NEVER -DPython3_INCLUDE_DIR:PATH=/usr/include/python3.12 -DCMAKE_MAKE_PROGRAM:FILEPATH=239/.venv/bin/ninja -DCMAKE_BUILD_TYPE:STRING=Release

  The --no-warn-unused-cli option is deprecated.  Use -Wno-unused-cli instead.
  -- The C compiler identification is GNU 13.3.0
  -- The CXX compiler identification is GNU 13.3.0
  -- Detecting C compiler ABI info
  -- Detecting C compiler ABI info - done
  -- Check for working C compiler: /usr/bin/cc - skipped
  -- Detecting C compile features
  -- Detecting C compile features - done
  -- Detecting CXX compiler ABI info
  -- Detecting CXX compiler ABI info - done
  -- Check for working CXX compiler: /usr/bin/c++ - skipped
  -- Detecting CXX compile features
  -- Detecting CXX compile features - done
  '239/.venv/bin/python' '-c' 'import pybind11; print(pybind11.get_cmake_dir())'
  CMake Warning (author) at /tmp/pip-build-env-682bf49y/overlay/lib/python3.12/site-packages/pybind11/share/cmake/pybind11/FindPythonLibsNew.cmake:101 (message):
    Policy CMP0148 is not set: The FindPythonInterp and FindPythonLibs modules
    are removed.  Run "cmake --help-policy CMP0148" for policy details.  Use
    the cmake_policy command to set the policy and suppress this warning, or
    preferably upgrade to using FindPython, either by calling it explicitly
    before pybind11, or by setting PYBIND11_FINDPYTHON ON before pybind11.
  Call Stack (most recent call first):
    /tmp/pip-build-env-682bf49y/overlay/lib/python3.12/site-packages/pybind11/share/cmake/pybind11/pybind11Tools.cmake:44 (find_package)
    /tmp/pip-build-env-682bf49y/overlay/lib/python3.12/site-packages/pybind11/share/cmake/pybind11/pybind11Common.cmake:237 (include)
    /tmp/pip-build-env-682bf49y/overlay/lib/python3.12/site-packages/pybind11/share/cmake/pybind11/pybind11Config.cmake:257 (include)
    CMakeLists.txt:36 (find_package)
  This warning is for project developers.  Use -Wno-author to suppress it.

  CMake Warning (deprecated) at /tmp/pip-build-env-682bf49y/overlay/lib/python3.12/site-packages/pybind11/share/cmake/pybind11/FindPythonLibsNew.cmake:110 (cmake_policy):
    The OLD behavior for policy CMP0148 will be removed from a future version
    of CMake.

    The cmake-policies(7) manual explains that the OLD behaviors of all
    policies are deprecated and that a policy should be set to OLD only under
    specific short-term circumstances.  Projects should be ported to the NEW
    behavior and not rely on setting a policy to OLD.
  Call Stack (most recent call first):
    /tmp/pip-build-env-682bf49y/overlay/lib/python3.12/site-packages/pybind11/share/cmake/pybind11/pybind11Tools.cmake:44 (find_package)
    /tmp/pip-build-env-682bf49y/overlay/lib/python3.12/site-packages/pybind11/share/cmake/pybind11/pybind11Common.cmake:237 (include)
    /tmp/pip-build-env-682bf49y/overlay/lib/python3.12/site-packages/pybind11/share/cmake/pybind11/pybind11Config.cmake:257 (include)
    CMakeLists.txt:36 (find_package)
  This warning is for project developers.  Use -Wno-author or -Wno-deprecated
  to suppress it.

  -- Found PythonInterp: 239/.venv/bin/python (found suitable version "3.12.3", minimum required is "3.8")
  -- Found PythonLibs: /usr/lib/x86_64-linux-gnu/libpython3.12.so
  -- Performing Test HAS_FLTO_AUTO
  -- Performing Test HAS_FLTO_AUTO - Success
  -- Found pybind11: /tmp/pip-build-env-682bf49y/overlay/lib/python3.12/site-packages/pybind11/include (found version "3.0.4")
  -- Configuring done (0.5s)
  -- Generating done (0.0s)
  -- Build files have been written to: 239/_repro_work/project/_skbuild/linux-x86_64-3.12/cmake-build
  [1/7] Building CXX object CMakeFiles/mylib.dir/mylib.cpp.o
  [2/7] Linking CXX static library libmylib.a
  [3/7] Building CXX object CMakeFiles/_mylib.dir/bindings/module.cpp.o
  [4/7] Building CXX object CMakeFiles/_mylib.dir/bindings/pybind_mylib.cpp.o
  [5/7] Linking CXX shared module _mylib.cpython-312-x86_64-linux-gnu.so
  [6/7] cd 239/_repro_work/project/_skbuild/linux-x86_64-3.12/cmake-build && /tmp/pip-build-env-682bf49y/overlay/lib/python3.12/site-packages/cmake/data/bin/cmake -E copy 239/_repro_work/project/_skbuild/linux-x86_64-3.12/cmake-build/_mylib.cpython-312-x86_64-linux-gnu.so 239/_repro_work/project/bindings/mylib/_mylib.cpython-312-x86_64-linux-gnu.so
  [6/7] Install the project...
  -- Install configuration: "Release"
  -- Installing: 239/_repro_work/project/_skbuild/linux-x86_64-3.12/cmake-install/bindings/mylib/_mylib.cpython-312-x86_64-linux-gnu.so

  copying bindings/mylib/__init__.py -> _skbuild/linux-x86_64-3.12/cmake-install/bindings/mylib/__init__.py
  copying 239/_repro_work/project/bindings/mylib/py.typed -> _skbuild/linux-x86_64-3.12/cmake-install/bindings/mylib/py.typed

  running bdist_wheel
  running build
  running build_py
  creating _skbuild/linux-x86_64-3.12/setuptools/lib.linux-x86_64-cpython-312/mylib
  copying _skbuild/linux-x86_64-3.12/cmake-install/bindings/mylib/__init__.py -> _skbuild/linux-x86_64-3.12/setuptools/lib.linux-x86_64-cpython-312/mylib
  copying _skbuild/linux-x86_64-3.12/cmake-install/bindings/mylib/py.typed -> _skbuild/linux-x86_64-3.12/setuptools/lib.linux-x86_64-cpython-312/mylib
  copying _skbuild/linux-x86_64-3.12/cmake-install/bindings/mylib/_mylib.cpython-312-x86_64-linux-gnu.so -> _skbuild/linux-x86_64-3.12/setuptools/lib.linux-x86_64-cpython-312/mylib
  copied 1 files
  running build_ext
  installing to _skbuild/linux-x86_64-3.12/setuptools/bdist.linux-x86_64/wheel
  running install
  running install_lib
  creating _skbuild/linux-x86_64-3.12/setuptools/bdist.linux-x86_64/wheel
  creating _skbuild/linux-x86_64-3.12/setuptools/bdist.linux-x86_64/wheel/mylib
  copying _skbuild/linux-x86_64-3.12/setuptools/lib.linux-x86_64-cpython-312/mylib/_mylib.cpython-312-x86_64-linux-gnu.so -> _skbuild/linux-x86_64-3.12/setuptools/bdist.linux-x86_64/wheel/./mylib
  copying _skbuild/linux-x86_64-3.12/setuptools/lib.linux-x86_64-cpython-312/mylib/py.typed -> _skbuild/linux-x86_64-3.12/setuptools/bdist.linux-x86_64/wheel/./mylib
  copying _skbuild/linux-x86_64-3.12/setuptools/lib.linux-x86_64-cpython-312/mylib/__init__.py -> _skbuild/linux-x86_64-3.12/setuptools/bdist.linux-x86_64/wheel/./mylib
  copied 3 files
  running install_egg_info
  running egg_info
  writing bindings/mylib.egg-info/PKG-INFO
  writing dependency_links to bindings/mylib.egg-info/dependency_links.txt
  writing requirements to bindings/mylib.egg-info/requires.txt
  writing top-level names to bindings/mylib.egg-info/top_level.txt
  reading manifest file 'bindings/mylib.egg-info/SOURCES.txt'
  writing manifest file 'bindings/mylib.egg-info/SOURCES.txt'
  Copying bindings/mylib.egg-info to _skbuild/linux-x86_64-3.12/setuptools/bdist.linux-x86_64/wheel/./mylib-0.0.1-py3.12.egg-info
  running install_scripts
  copied 0 files
  creating _skbuild/linux-x86_64-3.12/setuptools/bdist.linux-x86_64/wheel/mylib-0.0.1.dist-info/WHEEL
  creating '/tmp/pip-ephem-wheel-cache-v61g5ycs/wheels/37/67/0f/15c0b6853c83531dbf31c861ae2b4bc58ae8b5ee1c0c6a0719/tmp0ooi7_vh/.tmp-la3fjqe_/mylib-0.0.1-cp312-cp312-linux_x86_64.whl' and adding '_skbuild/linux-x86_64-3.12/setuptools/bdist.linux-x86_64/wheel' to it
  adding 'mylib/__init__.py'
  adding 'mylib/_mylib.cpython-312-x86_64-linux-gnu.so'
  adding 'mylib/py.typed'
  adding 'mylib-0.0.1.dist-info/METADATA'
  adding 'mylib-0.0.1.dist-info/WHEEL'
  adding 'mylib-0.0.1.dist-info/top_level.txt'
  adding 'mylib-0.0.1.dist-info/RECORD'
  removing _skbuild/linux-x86_64-3.12/setuptools/bdist.linux-x86_64/wheel
  Running command pip subprocess to install build dependencies
  Collecting setuptools>=42
    Downloading setuptools-83.0.0-py3-none-any.whl.metadata (6.6 kB)
  Collecting wheel
    Downloading wheel-0.47.0-py3-none-any.whl.metadata (2.3 kB)
  Collecting pybind11>=2.9.2
    Downloading pybind11-3.0.4-py3-none-any.whl.metadata (10 kB)
  Collecting cmake>=3.22
    Downloading cmake-4.4.0-py3-none-manylinux2014_x86_64.manylinux_2_17_x86_64.whl.metadata (7.0 kB)
  Collecting scikit-build>=0.14.1
    Downloading scikit_build-0.19.1-py3-none-any.whl.metadata (21 kB)
  Collecting ninja
    Downloading ninja-1.13.0-py3-none-manylinux2014_x86_64.manylinux_2_17_x86_64.whl.metadata (5.1 kB)
  Collecting packaging>=24.0 (from wheel)
    Downloading packaging-26.2-py3-none-any.whl.metadata (3.5 kB)
  Collecting distro (from scikit-build>=0.14.1)
    Downloading distro-1.9.0-py3-none-any.whl.metadata (6.8 kB)
  Collecting tomli (from scikit-build>=0.14.1)
    Downloading tomli-2.4.1-py3-none-any.whl.metadata (10 kB)
  Downloading setuptools-83.0.0-py3-none-any.whl (1.0 MB)
     ━━━━━━━━━━━━━━━━━━━━━━━━━━━━━━━━━━━━━━━━ 1.0/1.0 MB 9.2 MB/s eta 0:00:00
  Downloading wheel-0.47.0-py3-none-any.whl (32 kB)
  Downloading pybind11-3.0.4-py3-none-any.whl (314 kB)
     ━━━━━━━━━━━━━━━━━━━━━━━━━━━━━━━━━━━━━━━━ 314.2/314.2 kB 3.8 MB/s eta 0:00:00
  Downloading cmake-4.4.0-py3-none-manylinux2014_x86_64.manylinux_2_17_x86_64.whl (30.2 MB)
     ━━━━━━━━━━━━━━━━━━━━━━━━━━━━━━━━━━━━━━━━ 30.2/30.2 MB 19.2 MB/s eta 0:00:00
  Downloading scikit_build-0.19.1-py3-none-any.whl (86 kB)
     ━━━━━━━━━━━━━━━━━━━━━━━━━━━━━━━━━━━━━━━━ 86.4/86.4 kB 1.1 MB/s eta 0:00:00
  Downloading ninja-1.13.0-py3-none-manylinux2014_x86_64.manylinux_2_17_x86_64.whl (180 kB)
     ━━━━━━━━━━━━━━━━━━━━━━━━━━━━━━━━━━━━━━━━ 180.7/180.7 kB 4.4 MB/s eta 0:00:00
  Downloading packaging-26.2-py3-none-any.whl (100 kB)
     ━━━━━━━━━━━━━━━━━━━━━━━━━━━━━━━━━━━━━━━━ 100.2/100.2 kB 4.4 MB/s eta 0:00:00
  Downloading distro-1.9.0-py3-none-any.whl (20 kB)
  Downloading tomli-2.4.1-py3-none-any.whl (14 kB)
  Installing collected packages: tomli, setuptools, pybind11, packaging, ninja, distro, cmake, wheel, scikit-build
  Successfully installed cmake-4.4.0 distro-1.9.0 ninja-1.13.0 packaging-26.2 pybind11-3.0.4 scikit-build-0.19.1 setuptools-83.0.0 tomli-2.4.1 wheel-0.47.0
  Running command Getting requirements to build wheel
  running egg_info
  writing bindings/mylib.egg-info/PKG-INFO
  writing dependency_links to bindings/mylib.egg-info/dependency_links.txt
  writing requirements to bindings/mylib.egg-info/requires.txt
  writing top-level names to bindings/mylib.egg-info/top_level.txt
  reading manifest file 'bindings/mylib.egg-info/SOURCES.txt'
  writing manifest file 'bindings/mylib.egg-info/SOURCES.txt'
  Running command Preparing metadata (pyproject.toml)
  running dist_info
  creating /tmp/pip-modern-metadata-izyf2239/mylib.egg-info
  writing /tmp/pip-modern-metadata-izyf2239/mylib.egg-info/PKG-INFO
  writing dependency_links to /tmp/pip-modern-metadata-izyf2239/mylib.egg-info/dependency_links.txt
  writing requirements to /tmp/pip-modern-metadata-izyf2239/mylib.egg-info/requires.txt
  writing top-level names to /tmp/pip-modern-metadata-izyf2239/mylib.egg-info/top_level.txt
  writing manifest file '/tmp/pip-modern-metadata-izyf2239/mylib.egg-info/SOURCES.txt'
  reading manifest file '/tmp/pip-modern-metadata-izyf2239/mylib.egg-info/SOURCES.txt'
  writing manifest file '/tmp/pip-modern-metadata-izyf2239/mylib.egg-info/SOURCES.txt'
  creating '/tmp/pip-modern-metadata-izyf2239/mylib-0.0.1.dist-info'
  Running command Building wheel for mylib (pyproject.toml)


  --------------------------------------------------------------------------------
  -- Trying 'Ninja' generator
  --------------------------------
  ---------------------------
  ----------------------
  -----------------
  ------------
  -------
  --
  The --no-warn-unused-cli option is deprecated.  Use -Wno-unused-cli instead.
  -- The C compiler identification is GNU 10.2.1
  -- Detecting C compiler ABI info
  -- Detecting C compiler ABI info - done
  -- Check for working C compiler: /opt/rh/devtoolset-10/root/usr/bin/cc - skipped
  -- Detecting C compile features
  -- Detecting C compile features - done
  -- The CXX compiler identification is GNU 10.2.1
  -- Detecting CXX compiler ABI info
  -- Detecting CXX compiler ABI info - done
  -- Check for working CXX compiler: /opt/rh/devtoolset-10/root/usr/bin/c++ - skipped
  -- Detecting CXX compile features
  -- Detecting CXX compile features - done
  -- Configuring done (0.3s)
  -- Generating done (0.0s)
  -- Build files have been written to: /project/project/_cmake_test_compile/build
  --
  -------
  ------------
  -----------------
  ----------------------
  ---------------------------
  --------------------------------
  -- Trying 'Ninja' generator - success
  --------------------------------------------------------------------------------

  Configuring Project
    Working directory:
      /project/project/_skbuild/linux-x86_64-3.10/cmake-build
    Command:
      /tmp/pip-build-env-_s2q73fe/overlay/lib/python3.10/site-packages/cmake/data/bin/cmake /project/project -G Ninja -DCMAKE_MAKE_PROGRAM:FILEPATH=ninja --no-warn-unused-cli -DCMAKE_INSTALL_PREFIX:PATH=/project/project/_skbuild/linux-x86_64-3.10/cmake-install/bindings/mylib -DPYTHON_VERSION_STRING:STRING=3.10.13 -DSKBUILD:INTERNAL=TRUE -DCMAKE_MODULE_PATH:PATH=/tmp/pip-build-env-_s2q73fe/overlay/lib/python3.10/site-packages/skbuild/resources/cmake -DPYTHON_EXECUTABLE:PATH=/opt/python/cp310-cp310/bin/python -DPYTHON_INCLUDE_DIR:PATH=/opt/_internal/cpython-3.10.13/include/python3.10 -DPython_EXECUTABLE:PATH=/opt/python/cp310-cp310/bin/python -DPython_ROOT_DIR:PATH=/opt/python/cp310-cp310 -DPython_FIND_REGISTRY:STRING=NEVER -DPython_INCLUDE_DIR:PATH=/opt/_internal/cpython-3.10.13/include/python3.10 -DPython3_EXECUTABLE:PATH=/opt/python/cp310-cp310/bin/python -DPython3_ROOT_DIR:PATH=/opt/python/cp310-cp310 -DPython3_FIND_REGISTRY:STRING=NEVER -DPython3_INCLUDE_DIR:PATH=/opt/_internal/cpython-3.10.13/include/python3.10 -DCMAKE_MAKE_PROGRAM:FILEPATH=ninja -DCMAKE_BUILD_TYPE:STRING=Release

  The --no-warn-unused-cli option is deprecated.  Use -Wno-unused-cli instead.
  -- The C compiler identification is GNU 10.2.1
  -- The CXX compiler identification is GNU 10.2.1
  -- Detecting C compiler ABI info
  -- Detecting C compiler ABI info - done
  -- Check for working C compiler: /opt/rh/devtoolset-10/root/usr/bin/cc - skipped
  -- Detecting C compile features
  -- Detecting C compile features - done
  -- Detecting CXX compiler ABI info
  -- Detecting CXX compiler ABI info - done
  -- Check for working CXX compiler: /opt/rh/devtoolset-10/root/usr/bin/c++ - skipped
  -- Detecting CXX compile features
  -- Detecting CXX compile features - done
  '/opt/python/cp310-cp310/bin/python' '-c' 'import pybind11; print(pybind11.get_cmake_dir())'
  CMake Warning (author) at /tmp/pip-build-env-_s2q73fe/overlay/lib/python3.10/site-packages/pybind11/share/cmake/pybind11/FindPythonLibsNew.cmake:101 (message):
    Policy CMP0148 is not set: The FindPythonInterp and FindPythonLibs modules
    are removed.  Run "cmake --help-policy CMP0148" for policy details.  Use
    the cmake_policy command to set the policy and suppress this warning, or
    preferably upgrade to using FindPython, either by calling it explicitly
    before pybind11, or by setting PYBIND11_FINDPYTHON ON before pybind11.
  Call Stack (most recent call first):
    /tmp/pip-build-env-_s2q73fe/overlay/lib/python3.10/site-packages/pybind11/share/cmake/pybind11/pybind11Tools.cmake:44 (find_package)
    /tmp/pip-build-env-_s2q73fe/overlay/lib/python3.10/site-packages/pybind11/share/cmake/pybind11/pybind11Common.cmake:237 (include)
    /tmp/pip-build-env-_s2q73fe/overlay/lib/python3.10/site-packages/pybind11/share/cmake/pybind11/pybind11Config.cmake:257 (include)
    CMakeLists.txt:36 (find_package)
  This warning is for project developers.  Use -Wno-author to suppress it.

  CMake Warning (deprecated) at /tmp/pip-build-env-_s2q73fe/overlay/lib/python3.10/site-packages/pybind11/share/cmake/pybind11/FindPythonLibsNew.cmake:110 (cmake_policy):
    The OLD behavior for policy CMP0148 will be removed from a future version
    of CMake.

    The cmake-policies(7) manual explains that the OLD behaviors of all
    policies are deprecated and that a policy should be set to OLD only under
    specific short-term circumstances.  Projects should be ported to the NEW
    behavior and not rely on setting a policy to OLD.
  Call Stack (most recent call first):
    /tmp/pip-build-env-_s2q73fe/overlay/lib/python3.10/site-packages/pybind11/share/cmake/pybind11/pybind11Tools.cmake:44 (find_package)
    /tmp/pip-build-env-_s2q73fe/overlay/lib/python3.10/site-packages/pybind11/share/cmake/pybind11/pybind11Common.cmake:237 (include)
    /tmp/pip-build-env-_s2q73fe/overlay/lib/python3.10/site-packages/pybind11/share/cmake/pybind11/pybind11Config.cmake:257 (include)
    CMakeLists.txt:36 (find_package)
  This warning is for project developers.  Use -Wno-author or -Wno-deprecated
  to suppress it.

  -- Found PythonInterp: /opt/python/cp310-cp310/bin/python (found suitable version "3.10.13", minimum required is "3.8")
  -- Found PythonLibs: python3.10
  -- Performing Test HAS_FLTO_AUTO
  -- Performing Test HAS_FLTO_AUTO - Success
  -- Found pybind11: /tmp/pip-build-env-_s2q73fe/overlay/lib/python3.10/site-packages/pybind11/include (found version "3.0.4")
  -- Configuring done (0.5s)
  -- Generating done (0.0s)
  -- Build files have been written to: /project/project/_skbuild/linux-x86_64-3.10/cmake-build
  [1/7] Building CXX object CMakeFiles/mylib.dir/mylib.cpp.o
  [2/7] Linking CXX static library libmylib.a
  [3/7] Building CXX object CMakeFiles/_mylib.dir/bindings/module.cpp.o
  [4/7] Building CXX object CMakeFiles/_mylib.dir/bindings/pybind_mylib.cpp.o
  [5/7] Linking CXX shared module _mylib.cpython-310-x86_64-linux-gnu.so
  [6/7] cd /project/project/_skbuild/linux-x86_64-3.10/cmake-build && /tmp/pip-build-env-_s2q73fe/overlay/lib/python3.10/site-packages/cmake/data/bin/cmake -E copy /project/project/_skbuild/linux-x86_64-3.10/cmake-build/_mylib.cpython-310-x86_64-linux-gnu.so /project/project/bindings/mylib/_mylib.cpython-310-x86_64-linux-gnu.so
  [6/7] Install the project...
  -- Install configuration: "Release"
  -- Installing: /project/project/_skbuild/linux-x86_64-3.10/cmake-install/bindings/mylib/_mylib.cpython-310-x86_64-linux-gnu.so

  copying bindings/mylib/__init__.py -> _skbuild/linux-x86_64-3.10/cmake-install/bindings/mylib/__init__.py
  copying /project/project/bindings/mylib/py.typed -> _skbuild/linux-x86_64-3.10/cmake-install/bindings/mylib/py.typed

  running bdist_wheel
  running build
  running build_py
  creating _skbuild/linux-x86_64-3.10/setuptools/lib.linux-x86_64-cpython-310/mylib
  copying _skbuild/linux-x86_64-3.10/cmake-install/bindings/mylib/__init__.py -> _skbuild/linux-x86_64-3.10/setuptools/lib.linux-x86_64-cpython-310/mylib
  copying _skbuild/linux-x86_64-3.10/cmake-install/bindings/mylib/py.typed -> _skbuild/linux-x86_64-3.10/setuptools/lib.linux-x86_64-cpython-310/mylib
  copying _skbuild/linux-x86_64-3.10/cmake-install/bindings/mylib/_mylib.cpython-310-x86_64-linux-gnu.so -> _skbuild/linux-x86_64-3.10/setuptools/lib.linux-x86_64-cpython-310/mylib
  copied 1 files
  running build_ext
  installing to _skbuild/linux-x86_64-3.10/setuptools/bdist.linux-x86_64/wheel
  running install
  running install_lib
  creating _skbuild/linux-x86_64-3.10/setuptools/bdist.linux-x86_64/wheel
  creating _skbuild/linux-x86_64-3.10/setuptools/bdist.linux-x86_64/wheel/mylib
  copying _skbuild/linux-x86_64-3.10/setuptools/lib.linux-x86_64-cpython-310/mylib/_mylib.cpython-310-x86_64-linux-gnu.so -> _skbuild/linux-x86_64-3.10/setuptools/bdist.linux-x86_64/wheel/./mylib
  copying _skbuild/linux-x86_64-3.10/setuptools/lib.linux-x86_64-cpython-310/mylib/py.typed -> _skbuild/linux-x86_64-3.10/setuptools/bdist.linux-x86_64/wheel/./mylib
  copying _skbuild/linux-x86_64-3.10/setuptools/lib.linux-x86_64-cpython-310/mylib/__init__.py -> _skbuild/linux-x86_64-3.10/setuptools/bdist.linux-x86_64/wheel/./mylib
  copied 3 files
  running install_egg_info
  running egg_info
  writing bindings/mylib.egg-info/PKG-INFO
  writing dependency_links to bindings/mylib.egg-info/dependency_links.txt
  writing requirements to bindings/mylib.egg-info/requires.txt
  writing top-level names to bindings/mylib.egg-info/top_level.txt
  reading manifest file 'bindings/mylib.egg-info/SOURCES.txt'
  writing manifest file 'bindings/mylib.egg-info/SOURCES.txt'
  Copying bindings/mylib.egg-info to _skbuild/linux-x86_64-3.10/setuptools/bdist.linux-x86_64/wheel/./mylib-0.0.1-py3.10.egg-info
  running install_scripts
  copied 0 files
  creating _skbuild/linux-x86_64-3.10/setuptools/bdist.linux-x86_64/wheel/mylib-0.0.1.dist-info/WHEEL
  creating '/tmp/pip-wheel-da1pli5w/.tmp-l57qspmh/mylib-0.0.1-cp310-cp310-linux_x86_64.whl' and adding '_skbuild/linux-x86_64-3.10/setuptools/bdist.linux-x86_64/wheel' to it
  adding 'mylib/__init__.py'
  adding 'mylib/_mylib.cpython-310-x86_64-linux-gnu.so'
  adding 'mylib/py.typed'
  adding 'mylib-0.0.1.dist-info/METADATA'
  adding 'mylib-0.0.1.dist-info/WHEEL'
  adding 'mylib-0.0.1.dist-info/top_level.txt'
  adding 'mylib-0.0.1.dist-info/RECORD'
  removing _skbuild/linux-x86_64-3.10/setuptools/bdist.linux-x86_64/wheel
INFO:auditwheel.main_repair:Repairing mylib-0.0.1-cp310-cp310-linux_x86_64.whl
INFO:auditwheel.wheeltools:Previous filename tags: linux_x86_64
INFO:auditwheel.wheeltools:New filename tags: manylinux_2_17_x86_64, manylinux2014_x86_64
INFO:auditwheel.wheeltools:Previous WHEEL info tags: cp310-cp310-linux_x86_64
INFO:auditwheel.wheeltools:New WHEEL info tags: cp310-cp310-manylinux_2_17_x86_64, cp310-cp310-manylinux2014_x86_64
INFO:auditwheel.main_repair:
Fixed-up wheel written to /tmp/cibuildwheel/repaired_wheel/mylib-0.0.1-cp310-cp310-manylinux_2_17_x86_64.manylinux2014_x86_64.whl
bash: line 3:    16 Segmentation fault      (core dumped) /opt/python/cp310-cp310/bin/python -  <<'PY'
import mylib
mylib.create_context()
PY

