Requirement already satisfied: pip in ./.venv/lib/python3.12/site-packages (26.1.2)
Requirement already satisfied: setuptools in ./.venv/lib/python3.12/site-packages (83.0.0)
Requirement already satisfied: wheel in ./.venv/lib/python3.12/site-packages (0.47.0)
Requirement already satisfied: packaging>=24.0 in ./.venv/lib/python3.12/site-packages (from wheel) (26.2)
Requirement already satisfied: pandas==2.2.3 in ./.venv/lib/python3.12/site-packages (from -r requirements.txt (line 1)) (2.2.3)
Requirement already satisfied: numpy==2.0.2 in ./.venv/lib/python3.12/site-packages (from -r requirements.txt (line 2)) (2.0.2)
Requirement already satisfied: copulas==0.12.1 in ./.venv/lib/python3.12/site-packages (from -r requirements.txt (line 3)) (0.12.1)
Requirement already satisfied: rdt==1.15.0 in ./.venv/lib/python3.12/site-packages (from -r requirements.txt (line 4)) (1.15.0)
Requirement already satisfied: sdmetrics==0.19.0 in ./.venv/lib/python3.12/site-packages (from -r requirements.txt (line 5)) (0.19.0)
Requirement already satisfied: cloudpickle==3.1.1 in ./.venv/lib/python3.12/site-packages (from -r requirements.txt (line 6)) (3.1.1)
Requirement already satisfied: platformdirs==4.3.7 in ./.venv/lib/python3.12/site-packages (from -r requirements.txt (line 7)) (4.3.7)
Requirement already satisfied: tqdm==4.67.1 in ./.venv/lib/python3.12/site-packages (from -r requirements.txt (line 8)) (4.67.1)
Requirement already satisfied: graphviz==0.20.3 in ./.venv/lib/python3.12/site-packages (from -r requirements.txt (line 9)) (0.20.3)
Collecting PyYAML==6.0.2 (from -r requirements.txt (line 10))
  Downloading PyYAML-6.0.2-cp312-cp312-manylinux_2_17_x86_64.manylinux2014_x86_64.whl.metadata (2.1 kB)
Requirement already satisfied: python-dateutil>=2.8.2 in ./.venv/lib/python3.12/site-packages (from pandas==2.2.3->-r requirements.txt (line 1)) (2.9.0.post0)
Requirement already satisfied: pytz>=2020.1 in ./.venv/lib/python3.12/site-packages (from pandas==2.2.3->-r requirements.txt (line 1)) (2026.2)
Requirement already satisfied: tzdata>=2022.7 in ./.venv/lib/python3.12/site-packages (from pandas==2.2.3->-r requirements.txt (line 1)) (2026.3)
Requirement already satisfied: plotly>=5.10.0 in ./.venv/lib/python3.12/site-packages (from copulas==0.12.1->-r requirements.txt (line 3)) (6.9.0)
Requirement already satisfied: scipy>=1.12.0 in ./.venv/lib/python3.12/site-packages (from copulas==0.12.1->-r requirements.txt (line 3)) (1.18.0)
Requirement already satisfied: scikit-learn>=1.3.1 in ./.venv/lib/python3.12/site-packages (from rdt==1.15.0->-r requirements.txt (line 4)) (1.9.0)
Requirement already satisfied: Faker>=17 in ./.venv/lib/python3.12/site-packages (from rdt==1.15.0->-r requirements.txt (line 4)) (40.31.0)
Requirement already satisfied: narwhals>=1.15.1 in ./.venv/lib/python3.12/site-packages (from plotly>=5.10.0->copulas==0.12.1->-r requirements.txt (line 3)) (2.24.0)
Requirement already satisfied: packaging in ./.venv/lib/python3.12/site-packages (from plotly>=5.10.0->copulas==0.12.1->-r requirements.txt (line 3)) (26.2)
Requirement already satisfied: six>=1.5 in ./.venv/lib/python3.12/site-packages (from python-dateutil>=2.8.2->pandas==2.2.3->-r requirements.txt (line 1)) (1.17.0)
Requirement already satisfied: joblib>=1.4.0 in ./.venv/lib/python3.12/site-packages (from scikit-learn>=1.3.1->rdt==1.15.0->-r requirements.txt (line 4)) (1.5.3)
Requirement already satisfied: threadpoolctl>=3.5.0 in ./.venv/lib/python3.12/site-packages (from scikit-learn>=1.3.1->rdt==1.15.0->-r requirements.txt (line 4)) (3.6.0)
Downloading PyYAML-6.0.2-cp312-cp312-manylinux_2_17_x86_64.manylinux2014_x86_64.whl (767 kB)
   ━━━━━━━━━━━━━━━━━━━━━━━━━━━━━━━━━━━━━━━━ 767.5/767.5 kB 9.8 MB/s  0:00:00
Installing collected packages: PyYAML
Successfully installed PyYAML-6.0.2
Metadata loaded.
Synthesizer instantiated.
