Traceback (most recent call last):
  File "509/repro.py", line 41, in <module>
    main()
  File "509/repro.py", line 37, in main
    print(holder.fit(data))
  File "509/repro.py", line 25, in fit
    self.mcmc.run(data)
  File "509/codebase/pyro/poutine/messenger.py", line 12, in _context_wrap
    return fn(*args, **kwargs)
  File "509/codebase/pyro/infer/mcmc/api.py", line 563, in run
    for x, chain_id in self.sampler.run(*args, **kwargs):
  File "509/codebase/pyro/infer/mcmc/api.py", line 333, in run
    w.start()
  File "/users/grad/mehil/.local/share/uv/python/cpython-3.10.13-linux-x86_64-gnu/lib/python3.10/multiprocessing/process.py", line 121, in start
    self._popen = self._Popen(self)
  File "/users/grad/mehil/.local/share/uv/python/cpython-3.10.13-linux-x86_64-gnu/lib/python3.10/multiprocessing/context.py", line 288, in _Popen
    return Popen(process_obj)
  File "/users/grad/mehil/.local/share/uv/python/cpython-3.10.13-linux-x86_64-gnu/lib/python3.10/multiprocessing/popen_spawn_posix.py", line 32, in __init__
    super().__init__(process_obj)
  File "/users/grad/mehil/.local/share/uv/python/cpython-3.10.13-linux-x86_64-gnu/lib/python3.10/multiprocessing/popen_fork.py", line 19, in __init__
    self._launch(process_obj)
  File "/users/grad/mehil/.local/share/uv/python/cpython-3.10.13-linux-x86_64-gnu/lib/python3.10/multiprocessing/popen_spawn_posix.py", line 58, in _launch
    self.pid = util.spawnv_passfds(spawn.get_executable(),
  File "/users/grad/mehil/.local/share/uv/python/cpython-3.10.13-linux-x86_64-gnu/lib/python3.10/multiprocessing/util.py", line 452, in spawnv_passfds
    return _posixsubprocess.fork_exec(
ValueError: bad value(s) in fds_to_keep
