2026-07-17 01:07:23.475426: I tensorflow/core/util/port.cc:113] oneDNN custom operations are on. You may see slightly different numerical results due to floating-point round-off errors from different computation orders. To turn them off, set the environment variable `TF_ENABLE_ONEDNN_OPTS=0`.
2026-07-17 01:07:23.484361: E external/local_xla/xla/stream_executor/cuda/cuda_fft.cc:479] Unable to register cuFFT factory: Attempting to register factory for plugin cuFFT when one has already been registered
2026-07-17 01:07:23.500441: E external/local_xla/xla/stream_executor/cuda/cuda_dnn.cc:10575] Unable to register cuDNN factory: Attempting to register factory for plugin cuDNN when one has already been registered
2026-07-17 01:07:23.500476: E external/local_xla/xla/stream_executor/cuda/cuda_blas.cc:1442] Unable to register cuBLAS factory: Attempting to register factory for plugin cuBLAS when one has already been registered
2026-07-17 01:07:23.508945: I tensorflow/core/platform/cpu_feature_guard.cc:210] This TensorFlow binary is optimized to use available CPU instructions in performance-critical operations.
To enable the following instructions: AVX2 AVX512F AVX512_VNNI AVX512_BF16 AVX512_FP16 AVX_VNNI AMX_TILE AMX_INT8 AMX_BF16 FMA, in other operations, rebuild TensorFlow with the appropriate compiler flags.
2026-07-17 01:07:24.109298: W tensorflow/compiler/tf2tensorrt/utils/py_utils.cc:38] TF-TRT Warning: Could not find TensorRT
INFO:absl:round_filter input=32 output=32
2026-07-17 01:07:24.695087: W tensorflow/core/common_runtime/gpu/gpu_device.cc:2251] Cannot dlopen some GPU libraries. Please make sure the missing libraries mentioned above are installed properly if you would like to use GPU. Follow the guide at https://www.tensorflow.org/install/gpu for how to download and setup the required libraries for your platform.
Skipping registering GPU devices...
INFO:absl:round_filter input=32 output=32
INFO:absl:round_filter input=16 output=16
INFO:absl:round_filter input=16 output=16
INFO:absl:round_filter input=24 output=24
INFO:absl:round_filter input=24 output=24
INFO:absl:round_filter input=40 output=40
INFO:absl:round_filter input=40 output=40
INFO:absl:round_filter input=80 output=80
INFO:absl:round_filter input=80 output=80
INFO:absl:round_filter input=112 output=112
INFO:absl:round_filter input=112 output=112
INFO:absl:round_filter input=192 output=192
INFO:absl:round_filter input=192 output=192
INFO:absl:round_filter input=320 output=320
INFO:absl:round_filter input=1280 output=1280
INFO:absl:Building model efficientnet with params ModelConfig(width_coefficient=1.0, depth_coefficient=1.1, resolution=240, dropout_rate=0.2, blocks=(BlockConfig(input_filters=32, output_filters=16, kernel_size=3, num_repeat=1, expand_ratio=1, strides=(1, 1), se_ratio=0.25, id_skip=True, fused_conv=False, conv_type='depthwise'), BlockConfig(input_filters=16, output_filters=24, kernel_size=3, num_repeat=2, expand_ratio=6, strides=(2, 2), se_ratio=0.25, id_skip=True, fused_conv=False, conv_type='depthwise'), BlockConfig(input_filters=24, output_filters=40, kernel_size=5, num_repeat=2, expand_ratio=6, strides=(2, 2), se_ratio=0.25, id_skip=True, fused_conv=False, conv_type='depthwise'), BlockConfig(input_filters=40, output_filters=80, kernel_size=3, num_repeat=3, expand_ratio=6, strides=(2, 2), se_ratio=0.25, id_skip=True, fused_conv=False, conv_type='depthwise'), BlockConfig(input_filters=80, output_filters=112, kernel_size=5, num_repeat=3, expand_ratio=6, strides=(1, 1), se_ratio=0.25, id_skip=True, fused_conv=False, conv_type='depthwise'), BlockConfig(input_filters=112, output_filters=192, kernel_size=5, num_repeat=4, expand_ratio=6, strides=(2, 2), se_ratio=0.25, id_skip=True, fused_conv=False, conv_type='depthwise'), BlockConfig(input_filters=192, output_filters=320, kernel_size=3, num_repeat=1, expand_ratio=6, strides=(1, 1), se_ratio=0.25, id_skip=True, fused_conv=False, conv_type='depthwise')), stem_base_filters=32, top_base_filters=1280, activation='simple_swish', batch_norm='default', bn_momentum=0.99, bn_epsilon=0.001, weight_decay=5e-06, drop_connect_rate=0.2, depth_divisor=8, min_depth=None, use_se=True, input_channels=3, num_classes=1000, model_name='efficientnet', rescale_input=False, data_format='channels_last', dtype='float32')
WARNING:absl:Gradients do not exist for variables ['stack_6/block_1/expand_conv2d/kernel:0', 'stack_6/block_1/expand_bn/gamma:0', 'stack_6/block_1/expand_bn/beta:0', 'stack_6/block_1/depthwise_conv2d/depthwise_kernel:0', 'stack_6/block_1/depthwise_bn/gamma:0', 'stack_6/block_1/depthwise_bn/beta:0', 'stack_6/block_1/se_reduce_conv2d/kernel:0', 'stack_6/block_1/se_reduce_conv2d/bias:0', 'stack_6/block_1/se_expand_conv2d/kernel:0', 'stack_6/block_1/se_expand_conv2d/bias:0', 'stack_6/block_1/project_conv2d/kernel:0', 'stack_6/block_1/project_bn/gamma:0', 'stack_6/block_1/project_bn/beta:0', 'top_conv2d/kernel:0', 'top_bn/gamma:0', 'top_bn/beta:0'] when minimizing the loss.
