GPU available: False, used: False
TPU available: False, using: 0 TPU cores
💡 Tip: For seamless cloud logging and experiment tracking, try installing [litlogger](https://pypi.org/project/litlogger/) to enable LitLogger, which logs metrics and artifacts automatically to the Lightning Experiments platform.
`Trainer(limit_predict_batches=1)` was configured so 1 batch will be used.
💡 Tip: For seamless cloud uploads and versioning, try installing [litmodels](https://pypi.org/project/litmodels/) to enable LitModelCheckpoint, which syncs automatically with the Lightning model registry.
terminate called without an active exception
terminate called without an active exception
Traceback (most recent call last):
  File "348/codebase/src/lightning/pytorch/trainer/call.py", line 49, in _call_and_handle_interrupt
    return trainer_fn(*args, **kwargs)
           ^^^^^^^^^^^^^^^^^^^^^^^^^^^
  File "348/codebase/src/lightning/pytorch/trainer/trainer.py", line 996, in _predict_impl
    results = self._run(model, ckpt_path=ckpt_path, weights_only=weights_only)
              ^^^^^^^^^^^^^^^^^^^^^^^^^^^^^^^^^^^^^^^^^^^^^^^^^^^^^^^^^^^^^^^^
  File "348/codebase/src/lightning/pytorch/trainer/trainer.py", line 1091, in _run
    self._teardown()
  File "348/codebase/src/lightning/pytorch/trainer/trainer.py", line 1112, in _teardown
    loop.teardown()
  File "348/codebase/src/lightning/pytorch/loops/prediction_loop.py", line 210, in teardown
    self._data_fetcher.teardown()
  File "348/codebase/src/lightning/pytorch/loops/fetchers.py", line 82, in teardown
    self._combined_loader.reset()
  File "348/codebase/src/lightning/pytorch/utilities/combined_loader.py", line 367, in reset
    _shutdown_workers_and_reset_iterator(iterable)
  File "348/codebase/src/lightning/pytorch/utilities/combined_loader.py", line 400, in _shutdown_workers_and_reset_iterator
    dataloader._iterator._shutdown_workers()
  File "348/.venv/lib/python3.12/site-packages/torch/utils/data/dataloader.py", line 1618, in _shutdown_workers
    w.join(timeout=_utils.MP_STATUS_CHECK_INTERVAL)
  File "/usr/lib/python3.12/multiprocessing/process.py", line 149, in join
    res = self._popen.wait(timeout)
          ^^^^^^^^^^^^^^^^^^^^^^^^^
  File "/usr/lib/python3.12/multiprocessing/popen_fork.py", line 40, in wait
    if not wait([self.sentinel], timeout):
           ^^^^^^^^^^^^^^^^^^^^^^^^^^^^^^
  File "/usr/lib/python3.12/multiprocessing/connection.py", line 1136, in wait
    ready = selector.select(timeout)
            ^^^^^^^^^^^^^^^^^^^^^^^^
  File "/usr/lib/python3.12/selectors.py", line 415, in select
    fd_event_list = self._selector.poll(timeout)
                    ^^^^^^^^^^^^^^^^^^^^^^^^^^^^
  File "348/.venv/lib/python3.12/site-packages/torch/utils/data/_utils/signal_handling.py", line 73, in handler
    _error_if_any_worker_fails()
RuntimeError: DataLoader worker (pid 2232843) is killed by signal: Aborted. 

During handling of the above exception, another exception occurred:

Traceback (most recent call last):
  File "348/repro.py", line 45, in <module>
    main()
  File "348/repro.py", line 40, in main
    trainer.predict(model=TestModel(), dataloaders=dataloader)
  File "348/codebase/src/lightning/pytorch/trainer/trainer.py", line 947, in predict
    return call._call_and_handle_interrupt(
           ^^^^^^^^^^^^^^^^^^^^^^^^^^^^^^^^
  File "348/codebase/src/lightning/pytorch/trainer/call.py", line 70, in _call_and_handle_interrupt
    trainer._teardown()
  File "348/codebase/src/lightning/pytorch/trainer/trainer.py", line 1112, in _teardown
    loop.teardown()
  File "348/codebase/src/lightning/pytorch/loops/prediction_loop.py", line 210, in teardown
    self._data_fetcher.teardown()
  File "348/codebase/src/lightning/pytorch/loops/fetchers.py", line 80, in teardown
    self.reset()
  File "348/codebase/src/lightning/pytorch/loops/fetchers.py", line 142, in reset
    super().reset()
  File "348/codebase/src/lightning/pytorch/loops/fetchers.py", line 76, in reset
    self.length = sized_len(self.combined_loader)
                  ^^^^^^^^^^^^^^^^^^^^^^^^^^^^^^^
  File "348/codebase/src/lightning/fabric/utilities/data.py", line 52, in sized_len
    length = len(dataloader)  # type: ignore [arg-type]
             ^^^^^^^^^^^^^^^
  File "348/codebase/src/lightning/pytorch/utilities/combined_loader.py", line 358, in __len__
    raise RuntimeError("Please call `iter(combined_loader)` first.")
RuntimeError: Please call `iter(combined_loader)` first.
