Traceback (most recent call last):
  File "069/repro.py", line 40, in <module>
    main()
  File "069/repro.py", line 36, in main
    show_heatmap(df)
  File "069/repro.py", line 20, in show_heatmap
    plt.matshow(data.corr())
                ^^^^^^^^^^^
  File "069/.venv/lib/python3.12/site-packages/pandas/core/frame.py", line 13133, in corr
    mat = data.to_numpy(dtype=float, na_value=np.nan, copy=False)
          ^^^^^^^^^^^^^^^^^^^^^^^^^^^^^^^^^^^^^^^^^^^^^^^^^^^^^^^
  File "069/.venv/lib/python3.12/site-packages/pandas/core/frame.py", line 2081, in to_numpy
    result = self._mgr.as_array(dtype=dtype, copy=copy, na_value=na_value)
             ^^^^^^^^^^^^^^^^^^^^^^^^^^^^^^^^^^^^^^^^^^^^^^^^^^^^^^^^^^^^^
  File "069/.venv/lib/python3.12/site-packages/pandas/core/internals/managers.py", line 1872, in as_array
    arr = self._interleave(dtype=dtype, na_value=na_value)
          ^^^^^^^^^^^^^^^^^^^^^^^^^^^^^^^^^^^^^^^^^^^^^^^^
  File "069/.venv/lib/python3.12/site-packages/pandas/core/internals/managers.py", line 1925, in _interleave
    arr = blk.values.to_numpy(  # type: ignore[union-attr]
          ^^^^^^^^^^^^^^^^^^^^^^^^^^^^^^^^^^^^^^^^^^^^^^^^
  File "069/.venv/lib/python3.12/site-packages/pandas/core/arrays/numpy_.py", line 589, in to_numpy
    result = np.asarray(result, dtype=dtype)
             ^^^^^^^^^^^^^^^^^^^^^^^^^^^^^^^
ValueError: could not convert string to float: '01.01.2009 00:10:00'
