253/codebase/torchrl/objectives/common.py:40: UserWarning: No target network updater has been associated with this loss module, but target parameters have been found. While this is supported, it is expected that the target network updates will be manually performed. You can deactivate this warning by turning the RL_WARNINGS env variable to False.
  warnings.warn(
253/codebase/torchrl/objectives/common.py:456: UserWarning: No target network updater has been associated with this loss module, but target parameters have been found. While this is supported, it is expected that the target network updates will be manually performed. You can deactivate this warning by turning the RL_WARNINGS env variable to False.
  warnings.warn(
Traceback (most recent call last):
  File "253/repro.py", line 71, in run_case
    out = loss(data)
          ^^^^^^^^^^
  File "253/.venv/lib/python3.12/site-packages/torch/nn/modules/module.py", line 1751, in _wrapped_call_impl
    return self._call_impl(*args, **kwargs)
           ^^^^^^^^^^^^^^^^^^^^^^^^^^^^^^^^
  File "253/.venv/lib/python3.12/site-packages/torch/nn/modules/module.py", line 1857, in _call_impl
    return inner()
           ^^^^^^^
  File "253/.venv/lib/python3.12/site-packages/torch/nn/modules/module.py", line 1805, in inner
    result = forward_call(*args, **kwargs)
             ^^^^^^^^^^^^^^^^^^^^^^^^^^^^^
  File "253/codebase/torchrl/objectives/common.py", line 54, in new_forward
    return func(self, *args, **kwargs)
           ^^^^^^^^^^^^^^^^^^^^^^^^^^^
  File "253/.venv/lib/python3.12/site-packages/tensordict/nn/common.py", line 328, in wrapper
    return func(_self, tensordict, *args, **kwargs)
           ^^^^^^^^^^^^^^^^^^^^^^^^^^^^^^^^^^^^^^^^
  File "253/codebase/torchrl/objectives/iql.py", line 385, in forward
    loss_actor, metadata = self.actor_loss(tensordict)
                           ^^^^^^^^^^^^^^^^^^^^^^^^^^^
  File "253/codebase/torchrl/objectives/common.py", line 54, in new_forward
    return func(self, *args, **kwargs)
           ^^^^^^^^^^^^^^^^^^^^^^^^^^^
  File "253/codebase/torchrl/objectives/iql.py", line 434, in actor_loss
    raise RuntimeError(
RuntimeError: Losses shape mismatch: torch.Size([2, 2]) and torch.Size([2])
