#0 building with "default" instance using docker driver

#1 [internal] load build definition from Dockerfile
#1 transferring dockerfile:
#1 transferring dockerfile: 183B done
#1 DONE 0.6s

#2 [internal] load metadata for docker.io/pytorch/pytorch:2.3.1-cuda12.1-cudnn8-runtime
#2 DONE 0.0s

#3 [internal] load .dockerignore
#3 transferring context: 2B done
#3 DONE 0.0s

#4 [internal] load build context
#4 transferring context: 714B done
#4 DONE 0.1s

#5 [1/3] FROM docker.io/pytorch/pytorch:2.3.1-cuda12.1-cudnn8-runtime@sha256:fc47f8018254e6df30f48c48f2db1c758d44de21a8c553de1a1c451a65baa70a
#5 resolve docker.io/pytorch/pytorch:2.3.1-cuda12.1-cudnn8-runtime@sha256:fc47f8018254e6df30f48c48f2db1c758d44de21a8c553de1a1c451a65baa70a 0.0s done
#5 DONE 0.1s

#6 [2/3] WORKDIR /workspace
#6 DONE 4.6s

#7 [3/3] COPY repro.py /workspace/repro.py
#7 DONE 0.0s

#8 exporting to image
#8 exporting layers 0.1s done
#8 exporting manifest sha256:4b77dcee92ebee5c270f0ea29ffad4d8bc94ea9d86870a6656c27144943f6470 done
#8 exporting config sha256:9a4b6998d8c3aab836c39ec84614eddd7055b71eabe3b28168bb46fa9e0dc600
#8 exporting config sha256:9a4b6998d8c3aab836c39ec84614eddd7055b71eabe3b28168bb46fa9e0dc600 done
#8 exporting attestation manifest sha256:06eeb0ad18bd5530105d0fcf630a729284b09eea1cee6c28c155ce7f83af9c54 0.0s done
#8 exporting manifest list sha256:99d93e08c6815ecc861a8600fa2dcf8d1e9e0def6c54becc233549fb239c06fb done
#8 naming to docker.io/library/detectron2-bug-490-repro:latest done
#8 unpacking to docker.io/library/detectron2-bug-490-repro:latest 0.0s done
#8 DONE 0.2s
Traceback (most recent call last):
  File "/workspace/repro.py", line 20, in main
    torch.zeros(1).cuda()
  File "/opt/conda/lib/python3.10/site-packages/torch/cuda/__init__.py", line 293, in _lazy_init
    torch._C._cuda_init()
RuntimeError: Found no NVIDIA driver on your system. Please check that you have an NVIDIA GPU and installed a driver from http://www.nvidia.com/Download/index.aspx
Traceback (most recent call last):
  File "/workspace/repro.py", line 27, in <module>
    main()
  File "/workspace/repro.py", line 20, in main
    torch.zeros(1).cuda()
  File "/opt/conda/lib/python3.10/site-packages/torch/cuda/__init__.py", line 293, in _lazy_init
    torch._C._cuda_init()
RuntimeError: Found no NVIDIA driver on your system. Please check that you have an NVIDIA GPU and installed a driver from http://www.nvidia.com/Download/index.aspx
