Traceback (most recent call last):
  File "556/repro.py", line 48, in <module>
    main()
  File "556/repro.py", line 44, in main
    model(past_values=past_values, window_size=5)
  File "556/.venv/lib/python3.12/site-packages/torch/nn/modules/module.py", line 1736, in _wrapped_call_impl
    return self._call_impl(*args, **kwargs)
           ^^^^^^^^^^^^^^^^^^^^^^^^^^^^^^^^
  File "556/.venv/lib/python3.12/site-packages/torch/nn/modules/module.py", line 1747, in _call_impl
    return forward_call(*args, **kwargs)
           ^^^^^^^^^^^^^^^^^^^^^^^^^^^^^
  File "556/codebase/src/transformers/utils/generic.py", line 907, in wrapper
    output = func(self, *args, **kwargs)
             ^^^^^^^^^^^^^^^^^^^^^^^^^^^
  File "556/codebase/src/transformers/models/timesfm2_5/modeling_timesfm2_5.py", line 780, in forward
    new_inputs.extend(self._timesfm_moving_average(ts, window_size))
                      ^^^^^^^^^^^^^^^^^^^^^^^^^^^^
  File "556/.venv/lib/python3.12/site-packages/torch/nn/modules/module.py", line 1931, in __getattr__
    raise AttributeError(
AttributeError: 'TimesFm2_5ModelForPrediction' object has no attribute '_timesfm_moving_average'. Did you mean: '_timesfm2_5_moving_average'?
