Requirement already satisfied: pip in ./.venv/lib/python3.12/site-packages (24.0)
Collecting pip
  Downloading pip-26.1.2-py3-none-any.whl.metadata (4.6 kB)
Collecting setuptools
  Downloading setuptools-83.0.0-py3-none-any.whl.metadata (6.6 kB)
Collecting wheel
  Downloading wheel-0.47.0-py3-none-any.whl.metadata (2.3 kB)
Collecting packaging>=24.0 (from wheel)
  Downloading packaging-26.2-py3-none-any.whl.metadata (3.5 kB)
Downloading pip-26.1.2-py3-none-any.whl (1.8 MB)
[?25l                                            0.0/1.8 MB ? eta -:--:--
[2K   ━━━━━━━━╸                                0.4/1.8 MB 11.7 MB/s eta 0:00:01
[2K   ━━━━━━━━━━━━━━━━━━━━━━━━━━━━━━━━╸        1.5/1.8 MB 22.1 MB/s eta 0:00:01
[2K   ━━━━━━━━━━━━━━━━━━━━━━━━━━━━━━━━━━━━━━━━ 1.8/1.8 MB 23.1 MB/s eta 0:00:00
[?25hDownloading setuptools-83.0.0-py3-none-any.whl (1.0 MB)
[?25l                                            0.0/1.0 MB ? eta -:--:--
[2K   ━━━━━━━━━━━━━━━━━━━━━━━━━━━━━━━━━━━━━━━━ 1.0/1.0 MB 31.3 MB/s eta 0:00:00
[?25hDownloading wheel-0.47.0-py3-none-any.whl (32 kB)
Downloading packaging-26.2-py3-none-any.whl (100 kB)
[?25l                                            0.0/100.2 kB ? eta -:--:--
[2K   ━━━━━━━━━━━━━━━━━━━━━━━━━━━━━━━━━━━━━━━ 100.2/100.2 kB 264.4 MB/s eta 0:00:00
[?25hInstalling collected packages: setuptools, pip, packaging, wheel
  Attempting uninstall: pip
    Found existing installation: pip 24.0
    Uninstalling pip-24.0:
      Successfully uninstalled pip-24.0
Successfully installed packaging-26.2 pip-26.1.2 setuptools-83.0.0 wheel-0.47.0
Collecting jax==0.10.1 (from -r 375/requirements.txt (line 1))
  Downloading jax-0.10.1-py3-none-any.whl.metadata (13 kB)
Collecting jaxlib==0.10.1 (from -r 375/requirements.txt (line 2))
  Downloading jaxlib-0.10.1-cp312-cp312-manylinux_2_27_x86_64.whl.metadata (1.3 kB)
Collecting numpy==2.5.1 (from -r 375/requirements.txt (line 3))
  Downloading numpy-2.5.1-cp312-cp312-manylinux_2_27_x86_64.manylinux_2_28_x86_64.whl.metadata (6.6 kB)
Collecting scipy==1.18.0 (from -r 375/requirements.txt (line 4))
  Downloading scipy-1.18.0-cp312-cp312-manylinux_2_27_x86_64.manylinux_2_28_x86_64.whl.metadata (62 kB)
Collecting ml_dtypes>=0.5.0 (from jax==0.10.1->-r 375/requirements.txt (line 1))
  Downloading ml_dtypes-0.5.4-cp312-cp312-manylinux_2_27_x86_64.manylinux_2_28_x86_64.whl.metadata (8.9 kB)
Collecting opt_einsum (from jax==0.10.1->-r 375/requirements.txt (line 1))
  Downloading opt_einsum-3.4.0-py3-none-any.whl.metadata (6.3 kB)
Downloading jax-0.10.1-py3-none-any.whl (3.2 MB)
[?25l   [38;5;237m━━━━━━━━━━━━━━━━━━━━━━━━━━━━━━━━━━━━━━━━[0m [32m0.0/3.2 MB[0m [31m?[0m eta [36m-:--:--[0m
[2K   [38;2;114;156;31m━━━━━━━━━━━━━━━━━━━━━━━━━━━━━━━━━━━━━━━━[0m [32m3.2/3.2 MB[0m [31m41.5 MB/s[0m  [33m0:00:00[0m
[?25hDownloading jaxlib-0.10.1-cp312-cp312-manylinux_2_27_x86_64.whl (85.8 MB)
[?25l   [38;5;237m━━━━━━━━━━━━━━━━━━━━━━━━━━━━━━━━━━━━━━━━[0m [32m0.0/85.8 MB[0m [31m?[0m eta [36m-:--:--[0m
[2K   [38;2;249;38;114m━━━━━[0m[38;5;237m╺[0m[38;5;237m━━━━━━━━━━━━━━━━━━━━━━━━━━━━━━━━━━[0m [32m11.5/85.8 MB[0m [31m58.0 MB/s[0m eta [36m0:00:02[0m
[2K   [38;2;249;38;114m━━━━━━━━━━━[0m[38;5;237m╺[0m[38;5;237m━━━━━━━━━━━━━━━━━━━━━━━━━━━━[0m [32m24.1/85.8 MB[0m [31m59.9 MB/s[0m eta [36m0:00:02[0m
[2K   [38;2;249;38;114m━━━━━━━━━━━━━━━━━[0m[38;5;237m╺[0m[38;5;237m━━━━━━━━━━━━━━━━━━━━━━[0m [32m37.5/85.8 MB[0m [31m62.0 MB/s[0m eta [36m0:00:01[0m
[2K   [38;2;249;38;114m━━━━━━━━━━━━━━━━━━━━━━━[0m[38;5;237m╺[0m[38;5;237m━━━━━━━━━━━━━━━━[0m [32m49.5/85.8 MB[0m [31m61.1 MB/s[0m eta [36m0:00:01[0m
[2K   [38;2;249;38;114m━━━━━━━━━━━━━━━━━━━━━━━━━━━━━━[0m[38;5;237m╺[0m[38;5;237m━━━━━━━━━[0m [32m64.5/85.8 MB[0m [31m63.8 MB/s[0m eta [36m0:00:01[0m
[2K   [38;2;249;38;114m━━━━━━━━━━━━━━━━━━━━━━━━━━━━━━━━━━━━━[0m[38;5;237m╺[0m[38;5;237m━━[0m [32m80.2/85.8 MB[0m [31m65.9 MB/s[0m eta [36m0:00:01[0m
[2K   [38;2;114;156;31m━━━━━━━━━━━━━━━━━━━━━━━━━━━━━━━━━━━━━━━━[0m [32m85.8/85.8 MB[0m [31m66.6 MB/s[0m  [33m0:00:01[0m
[?25hDownloading numpy-2.5.1-cp312-cp312-manylinux_2_27_x86_64.manylinux_2_28_x86_64.whl (16.7 MB)
[?25l   [38;5;237m━━━━━━━━━━━━━━━━━━━━━━━━━━━━━━━━━━━━━━━━[0m [32m0.0/16.7 MB[0m [31m?[0m eta [36m-:--:--[0m
[2K   [38;2;249;38;114m━━━━━━━━━━━━━━━━━━━━━━━━━━━━━━━━━━━━━━━[0m[38;2;249;38;114m╸[0m [32m16.5/16.7 MB[0m [31m82.0 MB/s[0m eta [36m0:00:01[0m
[2K   [38;2;114;156;31m━━━━━━━━━━━━━━━━━━━━━━━━━━━━━━━━━━━━━━━━[0m [32m16.7/16.7 MB[0m [31m81.2 MB/s[0m  [33m0:00:00[0m
[?25hDownloading scipy-1.18.0-cp312-cp312-manylinux_2_27_x86_64.manylinux_2_28_x86_64.whl (35.3 MB)
[?25l   [38;5;237m━━━━━━━━━━━━━━━━━━━━━━━━━━━━━━━━━━━━━━━━[0m [32m0.0/35.3 MB[0m [31m?[0m eta [36m-:--:--[0m
[2K   [38;2;249;38;114m━━━━━━━━━━━━━━━━━━━[0m[38;2;249;38;114m╸[0m[38;5;237m━━━━━━━━━━━━━━━━━━━━[0m [32m17.3/35.3 MB[0m [31m85.8 MB/s[0m eta [36m0:00:01[0m
[2K   [38;2;249;38;114m━━━━━━━━━━━━━━━━━━━━━━━━━━━━━━━━━━━━━━━[0m[38;2;249;38;114m╸[0m [32m35.1/35.3 MB[0m [31m87.0 MB/s[0m eta [36m0:00:01[0m
[2K   [38;2;114;156;31m━━━━━━━━━━━━━━━━━━━━━━━━━━━━━━━━━━━━━━━━[0m [32m35.3/35.3 MB[0m [31m86.8 MB/s[0m  [33m0:00:00[0m
[?25hDownloading ml_dtypes-0.5.4-cp312-cp312-manylinux_2_27_x86_64.manylinux_2_28_x86_64.whl (5.0 MB)
[?25l   [38;5;237m━━━━━━━━━━━━━━━━━━━━━━━━━━━━━━━━━━━━━━━━[0m [32m0.0/5.0 MB[0m [31m?[0m eta [36m-:--:--[0m
[2K   [38;2;114;156;31m━━━━━━━━━━━━━━━━━━━━━━━━━━━━━━━━━━━━━━━━[0m [32m5.0/5.0 MB[0m [31m90.4 MB/s[0m  [33m0:00:00[0m
[?25hDownloading opt_einsum-3.4.0-py3-none-any.whl (71 kB)
Installing collected packages: opt_einsum, numpy, scipy, ml_dtypes, jaxlib, jax
[?25l
[2K   [38;2;249;38;114m━━━━━━[0m[38;2;249;38;114m╸[0m[38;5;237m━━━━━━━━━━━━━━━━━━━━━━━━━━━━━━━━━[0m [32m1/6[0m [numpy]
[2K   [38;2;249;38;114m━━━━━━[0m[38;2;249;38;114m╸[0m[38;5;237m━━━━━━━━━━━━━━━━━━━━━━━━━━━━━━━━━[0m [32m1/6[0m [numpy]
[2K   [38;2;249;38;114m━━━━━━[0m[38;2;249;38;114m╸[0m[38;5;237m━━━━━━━━━━━━━━━━━━━━━━━━━━━━━━━━━[0m [32m1/6[0m [numpy]
[2K   [38;2;249;38;114m━━━━━━[0m[38;2;249;38;114m╸[0m[38;5;237m━━━━━━━━━━━━━━━━━━━━━━━━━━━━━━━━━[0m [32m1/6[0m [numpy]
[2K   [38;2;249;38;114m━━━━━━[0m[38;2;249;38;114m╸[0m[38;5;237m━━━━━━━━━━━━━━━━━━━━━━━━━━━━━━━━━[0m [32m1/6[0m [numpy]
[2K   [38;2;249;38;114m━━━━━━[0m[38;2;249;38;114m╸[0m[38;5;237m━━━━━━━━━━━━━━━━━━━━━━━━━━━━━━━━━[0m [32m1/6[0m [numpy]
[2K   [38;2;249;38;114m━━━━━━[0m[38;2;249;38;114m╸[0m[38;5;237m━━━━━━━━━━━━━━━━━━━━━━━━━━━━━━━━━[0m [32m1/6[0m [numpy]
[2K   [38;2;249;38;114m━━━━━━[0m[38;2;249;38;114m╸[0m[38;5;237m━━━━━━━━━━━━━━━━━━━━━━━━━━━━━━━━━[0m [32m1/6[0m [numpy]
[2K   [38;2;249;38;114m━━━━━━[0m[38;2;249;38;114m╸[0m[38;5;237m━━━━━━━━━━━━━━━━━━━━━━━━━━━━━━━━━[0m [32m1/6[0m [numpy]
[2K   [38;2;249;38;114m━━━━━━━━━━━━━[0m[38;5;237m╺[0m[38;5;237m━━━━━━━━━━━━━━━━━━━━━━━━━━[0m [32m2/6[0m [scipy]
[2K   [38;2;249;38;114m━━━━━━━━━━━━━[0m[38;5;237m╺[0m[38;5;237m━━━━━━━━━━━━━━━━━━━━━━━━━━[0m [32m2/6[0m [scipy]
[2K   [38;2;249;38;114m━━━━━━━━━━━━━[0m[38;5;237m╺[0m[38;5;237m━━━━━━━━━━━━━━━━━━━━━━━━━━[0m [32m2/6[0m [scipy]
[2K   [38;2;249;38;114m━━━━━━━━━━━━━[0m[38;5;237m╺[0m[38;5;237m━━━━━━━━━━━━━━━━━━━━━━━━━━[0m [32m2/6[0m [scipy]
[2K   [38;2;249;38;114m━━━━━━━━━━━━━[0m[38;5;237m╺[0m[38;5;237m━━━━━━━━━━━━━━━━━━━━━━━━━━[0m [32m2/6[0m [scipy]
[2K   [38;2;249;38;114m━━━━━━━━━━━━━[0m[38;5;237m╺[0m[38;5;237m━━━━━━━━━━━━━━━━━━━━━━━━━━[0m [32m2/6[0m [scipy]
[2K   [38;2;249;38;114m━━━━━━━━━━━━━[0m[38;5;237m╺[0m[38;5;237m━━━━━━━━━━━━━━━━━━━━━━━━━━[0m [32m2/6[0m [scipy]
[2K   [38;2;249;38;114m━━━━━━━━━━━━━[0m[38;5;237m╺[0m[38;5;237m━━━━━━━━━━━━━━━━━━━━━━━━━━[0m [32m2/6[0m [scipy]
[2K   [38;2;249;38;114m━━━━━━━━━━━━━[0m[38;5;237m╺[0m[38;5;237m━━━━━━━━━━━━━━━━━━━━━━━━━━[0m [32m2/6[0m [scipy]
[2K   [38;2;249;38;114m━━━━━━━━━━━━━[0m[38;5;237m╺[0m[38;5;237m━━━━━━━━━━━━━━━━━━━━━━━━━━[0m [32m2/6[0m [scipy]
[2K   [38;2;249;38;114m━━━━━━━━━━━━━[0m[38;5;237m╺[0m[38;5;237m━━━━━━━━━━━━━━━━━━━━━━━━━━[0m [32m2/6[0m [scipy]
[2K   [38;2;249;38;114m━━━━━━━━━━━━━[0m[38;5;237m╺[0m[38;5;237m━━━━━━━━━━━━━━━━━━━━━━━━━━[0m [32m2/6[0m [scipy]
[2K   [38;2;249;38;114m━━━━━━━━━━━━━[0m[38;5;237m╺[0m[38;5;237m━━━━━━━━━━━━━━━━━━━━━━━━━━[0m [32m2/6[0m [scipy]
[2K   [38;2;249;38;114m━━━━━━━━━━━━━[0m[38;5;237m╺[0m[38;5;237m━━━━━━━━━━━━━━━━━━━━━━━━━━[0m [32m2/6[0m [scipy]
[2K   [38;2;249;38;114m━━━━━━━━━━━━━[0m[38;5;237m╺[0m[38;5;237m━━━━━━━━━━━━━━━━━━━━━━━━━━[0m [32m2/6[0m [scipy]
[2K   [38;2;249;38;114m━━━━━━━━━━━━━[0m[38;5;237m╺[0m[38;5;237m━━━━━━━━━━━━━━━━━━━━━━━━━━[0m [32m2/6[0m [scipy]
[2K   [38;2;249;38;114m━━━━━━━━━━━━━[0m[38;5;237m╺[0m[38;5;237m━━━━━━━━━━━━━━━━━━━━━━━━━━[0m [32m2/6[0m [scipy]
[2K   [38;2;249;38;114m━━━━━━━━━━━━━[0m[38;5;237m╺[0m[38;5;237m━━━━━━━━━━━━━━━━━━━━━━━━━━[0m [32m2/6[0m [scipy]
[2K   [38;2;249;38;114m━━━━━━━━━━━━━[0m[38;5;237m╺[0m[38;5;237m━━━━━━━━━━━━━━━━━━━━━━━━━━[0m [32m2/6[0m [scipy]
[2K   [38;2;249;38;114m━━━━━━━━━━━━━━━━━━━━━━━━━━[0m[38;2;249;38;114m╸[0m[38;5;237m━━━━━━━━━━━━━[0m [32m4/6[0m [jaxlib]
[2K   [38;2;249;38;114m━━━━━━━━━━━━━━━━━━━━━━━━━━[0m[38;2;249;38;114m╸[0m[38;5;237m━━━━━━━━━━━━━[0m [32m4/6[0m [jaxlib]
[2K   [38;2;249;38;114m━━━━━━━━━━━━━━━━━━━━━━━━━━[0m[38;2;249;38;114m╸[0m[38;5;237m━━━━━━━━━━━━━[0m [32m4/6[0m [jaxlib]
[2K   [38;2;249;38;114m━━━━━━━━━━━━━━━━━━━━━━━━━━[0m[38;2;249;38;114m╸[0m[38;5;237m━━━━━━━━━━━━━[0m [32m4/6[0m [jaxlib]
[2K   [38;2;249;38;114m━━━━━━━━━━━━━━━━━━━━━━━━━━[0m[38;2;249;38;114m╸[0m[38;5;237m━━━━━━━━━━━━━[0m [32m4/6[0m [jaxlib]
[2K   [38;2;249;38;114m━━━━━━━━━━━━━━━━━━━━━━━━━━[0m[38;2;249;38;114m╸[0m[38;5;237m━━━━━━━━━━━━━[0m [32m4/6[0m [jaxlib]
[2K   [38;2;249;38;114m━━━━━━━━━━━━━━━━━━━━━━━━━━[0m[38;2;249;38;114m╸[0m[38;5;237m━━━━━━━━━━━━━[0m [32m4/6[0m [jaxlib]
[2K   [38;2;249;38;114m━━━━━━━━━━━━━━━━━━━━━━━━━━[0m[38;2;249;38;114m╸[0m[38;5;237m━━━━━━━━━━━━━[0m [32m4/6[0m [jaxlib]
[2K   [38;2;249;38;114m━━━━━━━━━━━━━━━━━━━━━━━━━━[0m[38;2;249;38;114m╸[0m[38;5;237m━━━━━━━━━━━━━[0m [32m4/6[0m [jaxlib]
[2K   [38;2;249;38;114m━━━━━━━━━━━━━━━━━━━━━━━━━━[0m[38;2;249;38;114m╸[0m[38;5;237m━━━━━━━━━━━━━[0m [32m4/6[0m [jaxlib]
[2K   [38;2;249;38;114m━━━━━━━━━━━━━━━━━━━━━━━━━━━━━━━━━[0m[38;5;237m╺[0m[38;5;237m━━━━━━[0m [32m5/6[0m [jax]
[2K   [38;2;249;38;114m━━━━━━━━━━━━━━━━━━━━━━━━━━━━━━━━━[0m[38;5;237m╺[0m[38;5;237m━━━━━━[0m [32m5/6[0m [jax]
[2K   [38;2;249;38;114m━━━━━━━━━━━━━━━━━━━━━━━━━━━━━━━━━[0m[38;5;237m╺[0m[38;5;237m━━━━━━[0m [32m5/6[0m [jax]
[2K   [38;2;249;38;114m━━━━━━━━━━━━━━━━━━━━━━━━━━━━━━━━━[0m[38;5;237m╺[0m[38;5;237m━━━━━━[0m [32m5/6[0m [jax]
[2K   [38;2;249;38;114m━━━━━━━━━━━━━━━━━━━━━━━━━━━━━━━━━[0m[38;5;237m╺[0m[38;5;237m━━━━━━[0m [32m5/6[0m [jax]
[2K   [38;2;249;38;114m━━━━━━━━━━━━━━━━━━━━━━━━━━━━━━━━━[0m[38;5;237m╺[0m[38;5;237m━━━━━━[0m [32m5/6[0m [jax]
[2K   [38;2;249;38;114m━━━━━━━━━━━━━━━━━━━━━━━━━━━━━━━━━[0m[38;5;237m╺[0m[38;5;237m━━━━━━[0m [32m5/6[0m [jax]
[2K   [38;2;249;38;114m━━━━━━━━━━━━━━━━━━━━━━━━━━━━━━━━━[0m[38;5;237m╺[0m[38;5;237m━━━━━━[0m [32m5/6[0m [jax]
[2K   [38;2;249;38;114m━━━━━━━━━━━━━━━━━━━━━━━━━━━━━━━━━[0m[38;5;237m╺[0m[38;5;237m━━━━━━[0m [32m5/6[0m [jax]
[2K   [38;2;249;38;114m━━━━━━━━━━━━━━━━━━━━━━━━━━━━━━━━━[0m[38;5;237m╺[0m[38;5;237m━━━━━━[0m [32m5/6[0m [jax]
[2K   [38;2;249;38;114m━━━━━━━━━━━━━━━━━━━━━━━━━━━━━━━━━[0m[38;5;237m╺[0m[38;5;237m━━━━━━[0m [32m5/6[0m [jax]
[2K   [38;2;249;38;114m━━━━━━━━━━━━━━━━━━━━━━━━━━━━━━━━━[0m[38;5;237m╺[0m[38;5;237m━━━━━━[0m [32m5/6[0m [jax]
[2K   [38;2;114;156;31m━━━━━━━━━━━━━━━━━━━━━━━━━━━━━━━━━━━━━━━━[0m [32m6/6[0m [jax]
[?25h
[1A[2KSuccessfully installed jax-0.10.1 jaxlib-0.10.1 ml_dtypes-0.5.4 numpy-2.5.1 opt_einsum-3.4.0 scipy-1.18.0
jax: 0.10.1
jaxlib: 0.10.1
numpy: 2.5.1
scipy: 1.18.0
actual: [[inf, inf, inf], [inf, 4.76837158203125e-07, 13.815508842468262]]
expected: [[inf, inf, 103.2789306640625], [inf, 0.0, 13.815509796142578]]
