detectron2 HEAD: abae3ae4aaa6e9f5beb908b3b2f734cb12b38a9b
issue-reported commit: e74a00c97069dd722007fa5bdc5f1c820a4e97a1
fix commit: abae3ae4aaa6e9f5beb908b3b2f734cb12b38a9b
single-image zero-pad guard present: True
current code uses non-inplace unsqueeze for zero-padding: True
parent commit used in-place unsqueeze_ in the single-image path: True
model zoo Faster-RCNN R50-FPN 1x baseline 37.9 present: True

Relevant current source excerpt:
          if len(tensors) == 1:
              # This seems slightly (2%) faster.
              # TODO: check whether it's faster for multiple images as well
              image_size = image_sizes[0]
              padding_size = [0, max_size[-1] - image_size[1], 0, max_size[-2] - image_size[0]]
              if all(x == 0 for x in padding_size):  # https://github.com/pytorch/pytorch/issues/31734
                  batched_imgs = tensors[0].unsqueeze(0)
              else:
                  padded = F.pad(tensors[0], padding_size, value=pad_value)
                  batched_imgs = padded.unsqueeze_(0)
          else:

Conclusion: this checkout already contains the fix for the single-image padding-path bug, so the AP-drop report is not reproducible here without downgrading to the pre-fix commit and rerunning a full COCO training/eval job.
{"reproducible_here": false, "reason": "fixed source tree; full COCO training not runnable in this folder"}
