2026-07-17 03:11:44 INFO: Checking for updates to resources.json in case models have been updated.  Note: this behavior can be turned off with download_method=None or download_method=DownloadMethod.REUSE_RESOURCES

Downloading https://raw.githubusercontent.com/stanfordnlp/stanza-resources/main/resources_1.8.0.json:   0%|          | 0.00/47.9k [00:00<?, ?B/s]
Downloading https://raw.githubusercontent.com/stanfordnlp/stanza-resources/main/resources_1.8.0.json: 386kB [00:00, 22.9MB/s]                    
2026-07-17 03:11:44 INFO: Downloaded file to 217/stanza_resources/resources.json

Downloading https://huggingface.co/stanfordnlp/stanza-en/resolve/v1.8.0/models/tokenize/mimic.pt:   0%|          | 0.00/645k [00:00<?, ?B/s]
Downloading https://huggingface.co/stanfordnlp/stanza-en/resolve/v1.8.0/models/tokenize/mimic.pt:  41%|████      | 262k/645k [00:00<00:00, 2.50MB/s]
Downloading https://huggingface.co/stanfordnlp/stanza-en/resolve/v1.8.0/models/tokenize/mimic.pt: 100%|██████████| 645k/645k [00:00<00:00, 3.71MB/s]

Downloading https://huggingface.co/stanfordnlp/stanza-en/resolve/v1.8.0/models/pos/mimic_charlm.pt:   0%|          | 0.00/39.2M [00:00<?, ?B/s]
Downloading https://huggingface.co/stanfordnlp/stanza-en/resolve/v1.8.0/models/pos/mimic_charlm.pt:   1%|          | 262k/39.2M [00:00<00:19, 2.00MB/s]
Downloading https://huggingface.co/stanfordnlp/stanza-en/resolve/v1.8.0/models/pos/mimic_charlm.pt:   2%|▏         | 786k/39.2M [00:00<00:10, 3.61MB/s]
Downloading https://huggingface.co/stanfordnlp/stanza-en/resolve/v1.8.0/models/pos/mimic_charlm.pt:   5%|▍         | 1.84M/39.2M [00:00<00:05, 6.51MB/s]
Downloading https://huggingface.co/stanfordnlp/stanza-en/resolve/v1.8.0/models/pos/mimic_charlm.pt:   7%|▋         | 2.62M/39.2M [00:00<00:05, 6.87MB/s]
Downloading https://huggingface.co/stanfordnlp/stanza-en/resolve/v1.8.0/models/pos/mimic_charlm.pt:  17%|█▋        | 6.55M/39.2M [00:00<00:01, 17.2MB/s]
Downloading https://huggingface.co/stanfordnlp/stanza-en/resolve/v1.8.0/models/pos/mimic_charlm.pt:  31%|███▏      | 12.3M/39.2M [00:00<00:00, 28.9MB/s]
Downloading https://huggingface.co/stanfordnlp/stanza-en/resolve/v1.8.0/models/pos/mimic_charlm.pt:  48%|████▊     | 18.6M/39.2M [00:00<00:00, 38.9MB/s]
Downloading https://huggingface.co/stanfordnlp/stanza-en/resolve/v1.8.0/models/pos/mimic_charlm.pt:  59%|█████▉    | 23.1M/39.2M [00:00<00:00, 40.4MB/s]
Downloading https://huggingface.co/stanfordnlp/stanza-en/resolve/v1.8.0/models/pos/mimic_charlm.pt:  70%|██████▉   | 27.4M/39.2M [00:00<00:00, 40.9MB/s]
Downloading https://huggingface.co/stanfordnlp/stanza-en/resolve/v1.8.0/models/pos/mimic_charlm.pt:  81%|████████▏ | 31.9M/39.2M [00:01<00:00, 41.5MB/s]
Downloading https://huggingface.co/stanfordnlp/stanza-en/resolve/v1.8.0/models/pos/mimic_charlm.pt:  93%|█████████▎| 36.3M/39.2M [00:01<00:00, 42.3MB/s]
Downloading https://huggingface.co/stanfordnlp/stanza-en/resolve/v1.8.0/models/pos/mimic_charlm.pt: 100%|██████████| 39.2M/39.2M [00:01<00:00, 31.5MB/s]

Downloading https://huggingface.co/stanfordnlp/stanza-en/resolve/v1.8.0/models/lemma/mimic_nocharlm.pt:   0%|          | 0.00/4.19M [00:00<?, ?B/s]
Downloading https://huggingface.co/stanfordnlp/stanza-en/resolve/v1.8.0/models/lemma/mimic_nocharlm.pt:   6%|▋         | 262k/4.19M [00:00<00:01, 2.09MB/s]
Downloading https://huggingface.co/stanfordnlp/stanza-en/resolve/v1.8.0/models/lemma/mimic_nocharlm.pt:  22%|██▏       | 918k/4.19M [00:00<00:00, 4.04MB/s]
Downloading https://huggingface.co/stanfordnlp/stanza-en/resolve/v1.8.0/models/lemma/mimic_nocharlm.pt:  44%|████▍     | 1.84M/4.19M [00:00<00:00, 5.63MB/s]
Downloading https://huggingface.co/stanfordnlp/stanza-en/resolve/v1.8.0/models/lemma/mimic_nocharlm.pt: 100%|██████████| 4.19M/4.19M [00:00<00:00, 9.60MB/s]

Downloading https://huggingface.co/stanfordnlp/stanza-en/resolve/v1.8.0/models/depparse/mimic_charlm.pt:   0%|          | 0.00/146M [00:00<?, ?B/s]
Downloading https://huggingface.co/stanfordnlp/stanza-en/resolve/v1.8.0/models/depparse/mimic_charlm.pt:   0%|          | 524k/146M [00:00<00:28, 5.10MB/s]
Downloading https://huggingface.co/stanfordnlp/stanza-en/resolve/v1.8.0/models/depparse/mimic_charlm.pt:   2%|▏         | 3.28M/146M [00:00<00:07, 18.0MB/s]
Downloading https://huggingface.co/stanfordnlp/stanza-en/resolve/v1.8.0/models/depparse/mimic_charlm.pt:   5%|▌         | 7.47M/146M [00:00<00:05, 26.6MB/s]
Downloading https://huggingface.co/stanfordnlp/stanza-en/resolve/v1.8.0/models/depparse/mimic_charlm.pt:  11%|█         | 16.0M/146M [00:00<00:02, 48.3MB/s]
Downloading https://huggingface.co/stanfordnlp/stanza-en/resolve/v1.8.0/models/depparse/mimic_charlm.pt:  17%|█▋        | 25.2M/146M [00:00<00:01, 63.1MB/s]
Downloading https://huggingface.co/stanfordnlp/stanza-en/resolve/v1.8.0/models/depparse/mimic_charlm.pt:  22%|██▏       | 31.7M/146M [00:00<00:01, 63.8MB/s]
Downloading https://huggingface.co/stanfordnlp/stanza-en/resolve/v1.8.0/models/depparse/mimic_charlm.pt:  26%|██▌       | 38.3M/146M [00:00<00:01, 59.5MB/s]
Downloading https://huggingface.co/stanfordnlp/stanza-en/resolve/v1.8.0/models/depparse/mimic_charlm.pt:  31%|███       | 45.1M/146M [00:00<00:01, 61.4MB/s]
Downloading https://huggingface.co/stanfordnlp/stanza-en/resolve/v1.8.0/models/depparse/mimic_charlm.pt:  36%|███▋      | 53.2M/146M [00:00<00:01, 63.2MB/s]
Downloading https://huggingface.co/stanfordnlp/stanza-en/resolve/v1.8.0/models/depparse/mimic_charlm.pt:  41%|████      | 59.9M/146M [00:01<00:01, 63.8MB/s]
Downloading https://huggingface.co/stanfordnlp/stanza-en/resolve/v1.8.0/models/depparse/mimic_charlm.pt:  46%|████▌     | 66.8M/146M [00:01<00:01, 64.7MB/s]
Downloading https://huggingface.co/stanfordnlp/stanza-en/resolve/v1.8.0/models/depparse/mimic_charlm.pt:  51%|█████     | 73.8M/146M [00:01<00:01, 64.8MB/s]
Downloading https://huggingface.co/stanfordnlp/stanza-en/resolve/v1.8.0/models/depparse/mimic_charlm.pt:  57%|█████▋    | 82.4M/146M [00:01<00:00, 70.7MB/s]
Downloading https://huggingface.co/stanfordnlp/stanza-en/resolve/v1.8.0/models/depparse/mimic_charlm.pt:  61%|██████▏   | 89.7M/146M [00:01<00:00, 69.1MB/s]
Downloading https://huggingface.co/stanfordnlp/stanza-en/resolve/v1.8.0/models/depparse/mimic_charlm.pt:  66%|██████▌   | 96.6M/146M [00:01<00:00, 68.7MB/s]
Downloading https://huggingface.co/stanfordnlp/stanza-en/resolve/v1.8.0/models/depparse/mimic_charlm.pt:  71%|███████   | 104M/146M [00:01<00:00, 67.9MB/s] 
Downloading https://huggingface.co/stanfordnlp/stanza-en/resolve/v1.8.0/models/depparse/mimic_charlm.pt:  76%|███████▌  | 110M/146M [00:01<00:00, 64.7MB/s]
Downloading https://huggingface.co/stanfordnlp/stanza-en/resolve/v1.8.0/models/depparse/mimic_charlm.pt:  80%|████████  | 117M/146M [00:01<00:00, 63.4MB/s]
Downloading https://huggingface.co/stanfordnlp/stanza-en/resolve/v1.8.0/models/depparse/mimic_charlm.pt:  85%|████████▌ | 124M/146M [00:02<00:00, 65.3MB/s]
Downloading https://huggingface.co/stanfordnlp/stanza-en/resolve/v1.8.0/models/depparse/mimic_charlm.pt:  91%|█████████▏| 133M/146M [00:02<00:00, 70.1MB/s]
Downloading https://huggingface.co/stanfordnlp/stanza-en/resolve/v1.8.0/models/depparse/mimic_charlm.pt:  98%|█████████▊| 142M/146M [00:02<00:00, 74.9MB/s]
Downloading https://huggingface.co/stanfordnlp/stanza-en/resolve/v1.8.0/models/depparse/mimic_charlm.pt: 100%|██████████| 146M/146M [00:02<00:00, 63.8MB/s]

Downloading https://huggingface.co/stanfordnlp/stanza-en/resolve/v1.8.0/models/ner/i2b2.pt:   0%|          | 0.00/49.8M [00:00<?, ?B/s]
Downloading https://huggingface.co/stanfordnlp/stanza-en/resolve/v1.8.0/models/ner/i2b2.pt:   1%|          | 524k/49.8M [00:00<00:10, 4.80MB/s]
Downloading https://huggingface.co/stanfordnlp/stanza-en/resolve/v1.8.0/models/ner/i2b2.pt:   6%|▌         | 2.88M/49.8M [00:00<00:03, 14.1MB/s]
Downloading https://huggingface.co/stanfordnlp/stanza-en/resolve/v1.8.0/models/ner/i2b2.pt:  15%|█▍        | 7.34M/49.8M [00:00<00:01, 26.5MB/s]
Downloading https://huggingface.co/stanfordnlp/stanza-en/resolve/v1.8.0/models/ner/i2b2.pt:  30%|██▉       | 14.8M/49.8M [00:00<00:00, 43.3MB/s]
Downloading https://huggingface.co/stanfordnlp/stanza-en/resolve/v1.8.0/models/ner/i2b2.pt:  50%|█████     | 25.0M/49.8M [00:00<00:00, 63.4MB/s]
Downloading https://huggingface.co/stanfordnlp/stanza-en/resolve/v1.8.0/models/ner/i2b2.pt:  70%|███████   | 35.0M/49.8M [00:00<00:00, 75.2MB/s]
Downloading https://huggingface.co/stanfordnlp/stanza-en/resolve/v1.8.0/models/ner/i2b2.pt:  92%|█████████▏| 45.6M/49.8M [00:00<00:00, 84.8MB/s]
Downloading https://huggingface.co/stanfordnlp/stanza-en/resolve/v1.8.0/models/ner/i2b2.pt: 100%|██████████| 49.8M/49.8M [00:00<00:00, 64.4MB/s]

Downloading https://huggingface.co/stanfordnlp/stanza-en/resolve/v1.8.0/models/pretrain/mimic.pt:   0%|          | 0.00/82.7M [00:00<?, ?B/s]
Downloading https://huggingface.co/stanfordnlp/stanza-en/resolve/v1.8.0/models/pretrain/mimic.pt:   1%|          | 524k/82.7M [00:00<00:16, 5.04MB/s]
Downloading https://huggingface.co/stanfordnlp/stanza-en/resolve/v1.8.0/models/pretrain/mimic.pt:   2%|▏         | 1.97M/82.7M [00:00<00:07, 10.3MB/s]
Downloading https://huggingface.co/stanfordnlp/stanza-en/resolve/v1.8.0/models/pretrain/mimic.pt:   9%|▊         | 7.08M/82.7M [00:00<00:03, 24.5MB/s]
Downloading https://huggingface.co/stanfordnlp/stanza-en/resolve/v1.8.0/models/pretrain/mimic.pt:  24%|██▎       | 19.5M/82.7M [00:00<00:01, 59.8MB/s]
Downloading https://huggingface.co/stanfordnlp/stanza-en/resolve/v1.8.0/models/pretrain/mimic.pt:  35%|███▌      | 29.1M/82.7M [00:00<00:00, 68.9MB/s]
Downloading https://huggingface.co/stanfordnlp/stanza-en/resolve/v1.8.0/models/pretrain/mimic.pt:  51%|█████     | 42.3M/82.7M [00:00<00:00, 88.8MB/s]
Downloading https://huggingface.co/stanfordnlp/stanza-en/resolve/v1.8.0/models/pretrain/mimic.pt:  64%|██████▍   | 53.2M/82.7M [00:00<00:00, 94.6MB/s]
Downloading https://huggingface.co/stanfordnlp/stanza-en/resolve/v1.8.0/models/pretrain/mimic.pt:  76%|███████▋  | 63.2M/82.7M [00:00<00:00, 92.3MB/s]
Downloading https://huggingface.co/stanfordnlp/stanza-en/resolve/v1.8.0/models/pretrain/mimic.pt:  93%|█████████▎| 76.5M/82.7M [00:00<00:00, 104MB/s] 
Downloading https://huggingface.co/stanfordnlp/stanza-en/resolve/v1.8.0/models/pretrain/mimic.pt: 100%|██████████| 82.7M/82.7M [00:01<00:00, 78.0MB/s]

Downloading https://huggingface.co/stanfordnlp/stanza-en/resolve/v1.8.0/models/backward_charlm/mimic.pt:   0%|          | 0.00/18.9M [00:00<?, ?B/s]
Downloading https://huggingface.co/stanfordnlp/stanza-en/resolve/v1.8.0/models/backward_charlm/mimic.pt:   3%|▎         | 524k/18.9M [00:00<00:03, 5.03MB/s]
Downloading https://huggingface.co/stanfordnlp/stanza-en/resolve/v1.8.0/models/backward_charlm/mimic.pt:  19%|█▊        | 3.54M/18.9M [00:00<00:00, 18.7MB/s]
Downloading https://huggingface.co/stanfordnlp/stanza-en/resolve/v1.8.0/models/backward_charlm/mimic.pt:  39%|███▉      | 7.47M/18.9M [00:00<00:00, 27.4MB/s]
Downloading https://huggingface.co/stanfordnlp/stanza-en/resolve/v1.8.0/models/backward_charlm/mimic.pt:  87%|████████▋ | 16.4M/18.9M [00:00<00:00, 51.0MB/s]
Downloading https://huggingface.co/stanfordnlp/stanza-en/resolve/v1.8.0/models/backward_charlm/mimic.pt: 100%|██████████| 18.9M/18.9M [00:00<00:00, 41.0MB/s]

Downloading https://huggingface.co/stanfordnlp/stanza-en/resolve/v1.8.0/models/forward_charlm/mimic.pt:   0%|          | 0.00/18.9M [00:00<?, ?B/s]
Downloading https://huggingface.co/stanfordnlp/stanza-en/resolve/v1.8.0/models/forward_charlm/mimic.pt:   1%|          | 131k/18.9M [00:00<00:35, 528kB/s]
Downloading https://huggingface.co/stanfordnlp/stanza-en/resolve/v1.8.0/models/forward_charlm/mimic.pt:   4%|▍         | 786k/18.9M [00:00<00:06, 2.65MB/s]
Downloading https://huggingface.co/stanfordnlp/stanza-en/resolve/v1.8.0/models/forward_charlm/mimic.pt:  15%|█▌        | 2.88M/18.9M [00:00<00:01, 8.80MB/s]
Downloading https://huggingface.co/stanfordnlp/stanza-en/resolve/v1.8.0/models/forward_charlm/mimic.pt:  27%|██▋       | 5.11M/18.9M [00:00<00:01, 12.7MB/s]
Downloading https://huggingface.co/stanfordnlp/stanza-en/resolve/v1.8.0/models/forward_charlm/mimic.pt:  58%|█████▊    | 11.0M/18.9M [00:00<00:00, 25.7MB/s]
Downloading https://huggingface.co/stanfordnlp/stanza-en/resolve/v1.8.0/models/forward_charlm/mimic.pt: 100%|██████████| 18.9M/18.9M [00:00<00:00, 25.0MB/s]
2026-07-17 03:11:54 INFO: Loading these models for language: en (English):
==============================
| Processor | Package        |
------------------------------
| tokenize  | mimic          |
| pos       | mimic_charlm   |
| lemma     | mimic_nocharlm |
| depparse  | mimic_charlm   |
| ner       | i2b2           |
==============================

2026-07-17 03:11:54 INFO: Using device: cpu
2026-07-17 03:11:54 INFO: Loading: tokenize
2026-07-17 03:11:54 INFO: Loading: pos
Traceback (most recent call last):
  File "217/repro.py", line 33, in <module>
    main()
  File "217/repro.py", line 22, in main
    stanza.Pipeline(
  File "217/codebase/stanza/pipeline/core.py", line 305, in __init__
    self.processors[processor_name] = NAME_TO_PROCESSOR_CLASS[processor_name](config=curr_processor_config,
                                      ^^^^^^^^^^^^^^^^^^^^^^^^^^^^^^^^^^^^^^^^^^^^^^^^^^^^^^^^^^^^^^^^^^^^^
  File "217/codebase/stanza/pipeline/processor.py", line 193, in __init__
    self._set_up_model(config, pipeline, device)
  File "217/codebase/stanza/pipeline/pos_processor.py", line 32, in _set_up_model
    self._trainer = Trainer(pretrain=self.pretrain, model_file=config['model_path'], device=device, args=args, foundation_cache=pipeline.foundation_cache)
                    ^^^^^^^^^^^^^^^^^^^^^^^^^^^^^^^^^^^^^^^^^^^^^^^^^^^^^^^^^^^^^^^^^^^^^^^^^^^^^^^^^^^^^^^^^^^^^^^^^^^^^^^^^^^^^^^^^^^^^^^^^^^^^^^^^^^^^^
  File "217/codebase/stanza/models/pos/trainer.py", line 44, in __init__
    if self.args["bert_finetune"]:
       ~~~~~~~~~^^^^^^^^^^^^^^^^^
KeyError: 'bert_finetune'
