Requirement already satisfied: pip in ./.venv/lib/python3.12/site-packages (26.1.2)
Requirement already satisfied: setuptools in ./.venv/lib/python3.12/site-packages (83.0.0)
Requirement already satisfied: wheel in ./.venv/lib/python3.12/site-packages (0.47.0)
Requirement already satisfied: packaging>=24.0 in ./.venv/lib/python3.12/site-packages (from wheel) (26.2)
Requirement already satisfied: numpy==2.5.1 in ./.venv/lib/python3.12/site-packages (from -r 343/requirements.txt (line 1)) (2.5.1)
Requirement already satisfied: pandas==2.3.3 in ./.venv/lib/python3.12/site-packages (from -r 343/requirements.txt (line 2)) (2.3.3)
Requirement already satisfied: copulas==0.14.1 in ./.venv/lib/python3.12/site-packages (from -r 343/requirements.txt (line 3)) (0.14.1)
Requirement already satisfied: ctgan==0.12.1 in ./.venv/lib/python3.12/site-packages (from -r 343/requirements.txt (line 4)) (0.12.1)
Requirement already satisfied: deepecho==0.8.1 in ./.venv/lib/python3.12/site-packages (from -r 343/requirements.txt (line 5)) (0.8.1)
Requirement already satisfied: graphviz==0.21 in ./.venv/lib/python3.12/site-packages (from -r 343/requirements.txt (line 6)) (0.21)
Requirement already satisfied: platformdirs==4.10.0 in ./.venv/lib/python3.12/site-packages (from -r 343/requirements.txt (line 7)) (4.10.0)
Requirement already satisfied: rdt==1.21.1 in ./.venv/lib/python3.12/site-packages (from -r 343/requirements.txt (line 8)) (1.21.1)
Requirement already satisfied: sdmetrics==0.28.1 in ./.venv/lib/python3.12/site-packages (from -r 343/requirements.txt (line 9)) (0.28.1)
Requirement already satisfied: tqdm==4.68.4 in ./.venv/lib/python3.12/site-packages (from -r 343/requirements.txt (line 10)) (4.68.4)
Requirement already satisfied: cloudpickle==3.1.2 in ./.venv/lib/python3.12/site-packages (from -r 343/requirements.txt (line 11)) (3.1.2)
Requirement already satisfied: boto3==1.43.50 in ./.venv/lib/python3.12/site-packages (from -r 343/requirements.txt (line 12)) (1.43.50)
Requirement already satisfied: botocore==1.43.50 in ./.venv/lib/python3.12/site-packages (from -r 343/requirements.txt (line 13)) (1.43.50)
Requirement already satisfied: pyyaml==6.0.3 in ./.venv/lib/python3.12/site-packages (from -r 343/requirements.txt (line 14)) (6.0.3)
Requirement already satisfied: python-dateutil>=2.8.2 in ./.venv/lib/python3.12/site-packages (from pandas==2.3.3->-r 343/requirements.txt (line 2)) (2.9.0.post0)
Requirement already satisfied: pytz>=2020.1 in ./.venv/lib/python3.12/site-packages (from pandas==2.3.3->-r 343/requirements.txt (line 2)) (2026.2)
Requirement already satisfied: tzdata>=2022.7 in ./.venv/lib/python3.12/site-packages (from pandas==2.3.3->-r 343/requirements.txt (line 2)) (2026.3)
Requirement already satisfied: plotly>=5.10.0 in ./.venv/lib/python3.12/site-packages (from copulas==0.14.1->-r 343/requirements.txt (line 3)) (6.9.0)
Requirement already satisfied: scipy>=1.12.0 in ./.venv/lib/python3.12/site-packages (from copulas==0.14.1->-r 343/requirements.txt (line 3)) (1.18.0)
Requirement already satisfied: torch>=2.3.0 in ./.venv/lib/python3.12/site-packages (from ctgan==0.12.1->-r 343/requirements.txt (line 4)) (2.13.0)
Requirement already satisfied: scikit-learn>=1.3.1 in ./.venv/lib/python3.12/site-packages (from rdt==1.21.1->-r 343/requirements.txt (line 8)) (1.9.0)
Requirement already satisfied: Faker!=37.11.0,>=17 in ./.venv/lib/python3.12/site-packages (from rdt==1.21.1->-r 343/requirements.txt (line 8)) (40.31.0)
Requirement already satisfied: jmespath<2.0.0,>=0.7.1 in ./.venv/lib/python3.12/site-packages (from boto3==1.43.50->-r 343/requirements.txt (line 12)) (1.1.0)
Requirement already satisfied: s3transfer<0.20.0,>=0.19.0 in ./.venv/lib/python3.12/site-packages (from boto3==1.43.50->-r 343/requirements.txt (line 12)) (0.19.1)
Requirement already satisfied: urllib3!=2.2.0,<3,>=1.25.4 in ./.venv/lib/python3.12/site-packages (from botocore==1.43.50->-r 343/requirements.txt (line 13)) (2.7.0)
Requirement already satisfied: six>=1.5 in ./.venv/lib/python3.12/site-packages (from python-dateutil>=2.8.2->pandas==2.3.3->-r 343/requirements.txt (line 2)) (1.17.0)
Requirement already satisfied: narwhals>=1.15.1 in ./.venv/lib/python3.12/site-packages (from plotly>=5.10.0->copulas==0.14.1->-r 343/requirements.txt (line 3)) (2.24.0)
Requirement already satisfied: packaging in ./.venv/lib/python3.12/site-packages (from plotly>=5.10.0->copulas==0.14.1->-r 343/requirements.txt (line 3)) (26.2)
Requirement already satisfied: joblib>=1.4.0 in ./.venv/lib/python3.12/site-packages (from scikit-learn>=1.3.1->rdt==1.21.1->-r 343/requirements.txt (line 8)) (1.5.3)
Requirement already satisfied: threadpoolctl>=3.5.0 in ./.venv/lib/python3.12/site-packages (from scikit-learn>=1.3.1->rdt==1.21.1->-r 343/requirements.txt (line 8)) (3.6.0)
Requirement already satisfied: filelock in ./.venv/lib/python3.12/site-packages (from torch>=2.3.0->ctgan==0.12.1->-r 343/requirements.txt (line 4)) (3.30.2)
Requirement already satisfied: typing-extensions>=4.10.0 in ./.venv/lib/python3.12/site-packages (from torch>=2.3.0->ctgan==0.12.1->-r 343/requirements.txt (line 4)) (4.16.0)
Requirement already satisfied: setuptools>=77.0.3 in ./.venv/lib/python3.12/site-packages (from torch>=2.3.0->ctgan==0.12.1->-r 343/requirements.txt (line 4)) (83.0.0)
Requirement already satisfied: sympy>=1.13.3 in ./.venv/lib/python3.12/site-packages (from torch>=2.3.0->ctgan==0.12.1->-r 343/requirements.txt (line 4)) (1.14.0)
Requirement already satisfied: networkx>=2.5.1 in ./.venv/lib/python3.12/site-packages (from torch>=2.3.0->ctgan==0.12.1->-r 343/requirements.txt (line 4)) (3.6.1)
Requirement already satisfied: jinja2 in ./.venv/lib/python3.12/site-packages (from torch>=2.3.0->ctgan==0.12.1->-r 343/requirements.txt (line 4)) (3.1.6)
Requirement already satisfied: fsspec>=0.8.5 in ./.venv/lib/python3.12/site-packages (from torch>=2.3.0->ctgan==0.12.1->-r 343/requirements.txt (line 4)) (2026.6.0)
Requirement already satisfied: cuda-toolkit==13.0.3 in ./.venv/lib/python3.12/site-packages (from cuda-toolkit[cublas,cudart,cufft,cufile,cupti,curand,cusolver,cusparse,nvjitlink,nvrtc,nvtx]==13.0.3; platform_system == "Linux"->torch>=2.3.0->ctgan==0.12.1->-r 343/requirements.txt (line 4)) (13.0.3.0)
Requirement already satisfied: cuda-bindings<14,>=13.0.3 in ./.venv/lib/python3.12/site-packages (from torch>=2.3.0->ctgan==0.12.1->-r 343/requirements.txt (line 4)) (13.3.1)
Requirement already satisfied: nvidia-cudnn-cu13==9.20.0.48 in ./.venv/lib/python3.12/site-packages (from torch>=2.3.0->ctgan==0.12.1->-r 343/requirements.txt (line 4)) (9.20.0.48)
Requirement already satisfied: nvidia-cusparselt-cu13==0.8.1 in ./.venv/lib/python3.12/site-packages (from torch>=2.3.0->ctgan==0.12.1->-r 343/requirements.txt (line 4)) (0.8.1)
Requirement already satisfied: nvidia-nccl-cu13==2.29.7 in ./.venv/lib/python3.12/site-packages (from torch>=2.3.0->ctgan==0.12.1->-r 343/requirements.txt (line 4)) (2.29.7)
Requirement already satisfied: nvidia-nvshmem-cu13==3.4.5 in ./.venv/lib/python3.12/site-packages (from torch>=2.3.0->ctgan==0.12.1->-r 343/requirements.txt (line 4)) (3.4.5)
Requirement already satisfied: triton==3.7.1 in ./.venv/lib/python3.12/site-packages (from torch>=2.3.0->ctgan==0.12.1->-r 343/requirements.txt (line 4)) (3.7.1)
Requirement already satisfied: nvidia-cublas==13.1.1.3.* in ./.venv/lib/python3.12/site-packages (from cuda-toolkit[cublas,cudart,cufft,cufile,cupti,curand,cusolver,cusparse,nvjitlink,nvrtc,nvtx]==13.0.3; platform_system == "Linux"->torch>=2.3.0->ctgan==0.12.1->-r 343/requirements.txt (line 4)) (13.1.1.3)
Requirement already satisfied: nvidia-cuda-nvrtc==13.0.88.* in ./.venv/lib/python3.12/site-packages (from cuda-toolkit[cublas,cudart,cufft,cufile,cupti,curand,cusolver,cusparse,nvjitlink,nvrtc,nvtx]==13.0.3; platform_system == "Linux"->torch>=2.3.0->ctgan==0.12.1->-r 343/requirements.txt (line 4)) (13.0.88)
Requirement already satisfied: nvidia-cuda-runtime==13.0.96.* in ./.venv/lib/python3.12/site-packages (from cuda-toolkit[cublas,cudart,cufft,cufile,cupti,curand,cusolver,cusparse,nvjitlink,nvrtc,nvtx]==13.0.3; platform_system == "Linux"->torch>=2.3.0->ctgan==0.12.1->-r 343/requirements.txt (line 4)) (13.0.96)
Requirement already satisfied: nvidia-cufft==12.0.0.61.* in ./.venv/lib/python3.12/site-packages (from cuda-toolkit[cublas,cudart,cufft,cufile,cupti,curand,cusolver,cusparse,nvjitlink,nvrtc,nvtx]==13.0.3; platform_system == "Linux"->torch>=2.3.0->ctgan==0.12.1->-r 343/requirements.txt (line 4)) (12.0.0.61)
Requirement already satisfied: nvidia-nvjitlink<14,>=13.0.88 in ./.venv/lib/python3.12/site-packages (from cuda-toolkit[cublas,cudart,cufft,cufile,cupti,curand,cusolver,cusparse,nvjitlink,nvrtc,nvtx]==13.0.3; platform_system == "Linux"->torch>=2.3.0->ctgan==0.12.1->-r 343/requirements.txt (line 4)) (13.3.33)
Requirement already satisfied: nvidia-cufile==1.15.1.6.* in ./.venv/lib/python3.12/site-packages (from cuda-toolkit[cublas,cudart,cufft,cufile,cupti,curand,cusolver,cusparse,nvjitlink,nvrtc,nvtx]==13.0.3; platform_system == "Linux"->torch>=2.3.0->ctgan==0.12.1->-r 343/requirements.txt (line 4)) (1.15.1.6)
Requirement already satisfied: nvidia-cuda-cupti==13.0.85.* in ./.venv/lib/python3.12/site-packages (from cuda-toolkit[cublas,cudart,cufft,cufile,cupti,curand,cusolver,cusparse,nvjitlink,nvrtc,nvtx]==13.0.3; platform_system == "Linux"->torch>=2.3.0->ctgan==0.12.1->-r 343/requirements.txt (line 4)) (13.0.85)
Requirement already satisfied: nvidia-curand==10.4.0.35.* in ./.venv/lib/python3.12/site-packages (from cuda-toolkit[cublas,cudart,cufft,cufile,cupti,curand,cusolver,cusparse,nvjitlink,nvrtc,nvtx]==13.0.3; platform_system == "Linux"->torch>=2.3.0->ctgan==0.12.1->-r 343/requirements.txt (line 4)) (10.4.0.35)
Requirement already satisfied: nvidia-cusolver==12.0.4.66.* in ./.venv/lib/python3.12/site-packages (from cuda-toolkit[cublas,cudart,cufft,cufile,cupti,curand,cusolver,cusparse,nvjitlink,nvrtc,nvtx]==13.0.3; platform_system == "Linux"->torch>=2.3.0->ctgan==0.12.1->-r 343/requirements.txt (line 4)) (12.0.4.66)
Requirement already satisfied: nvidia-cusparse==12.6.3.3.* in ./.venv/lib/python3.12/site-packages (from cuda-toolkit[cublas,cudart,cufft,cufile,cupti,curand,cusolver,cusparse,nvjitlink,nvrtc,nvtx]==13.0.3; platform_system == "Linux"->torch>=2.3.0->ctgan==0.12.1->-r 343/requirements.txt (line 4)) (12.6.3.3)
Requirement already satisfied: nvidia-nvtx==13.0.85.* in ./.venv/lib/python3.12/site-packages (from cuda-toolkit[cublas,cudart,cufft,cufile,cupti,curand,cusolver,cusparse,nvjitlink,nvrtc,nvtx]==13.0.3; platform_system == "Linux"->torch>=2.3.0->ctgan==0.12.1->-r 343/requirements.txt (line 4)) (13.0.85)
Requirement already satisfied: cuda-pathfinder>=1.4.2 in ./.venv/lib/python3.12/site-packages (from cuda-bindings<14,>=13.0.3->torch>=2.3.0->ctgan==0.12.1->-r 343/requirements.txt (line 4)) (1.5.6)
Requirement already satisfied: mpmath<1.4,>=1.1.0 in ./.venv/lib/python3.12/site-packages (from sympy>=1.13.3->torch>=2.3.0->ctgan==0.12.1->-r 343/requirements.txt (line 4)) (1.3.0)
Requirement already satisfied: MarkupSafe>=2.0 in ./.venv/lib/python3.12/site-packages (from jinja2->torch>=2.3.0->ctgan==0.12.1->-r 343/requirements.txt (line 4)) (3.0.3)
Reproducible: true
Sampling raised pandas.errors.IndexingError: Error: Sampling terminated. No results were saved due to unspecified "output_file_path".. The traceback reaches sdv/single_table/base.py:804 while applying reverse_transform_constraints.
