Requirement already satisfied: pip in ./.venv/lib/python3.12/site-packages (24.0)
Collecting pip
  Downloading pip-26.1.2-py3-none-any.whl.metadata (4.6 kB)
Downloading pip-26.1.2-py3-none-any.whl (1.8 MB)
   ━━━━━━━━━━━━━━━━━━━━━━━━━━━━━━━━━━━━━━━━ 1.8/1.8 MB 21.8 MB/s eta 0:00:00

Installing collected packages: pip
  Attempting uninstall: pip
    Found existing installation: pip 24.0
    Uninstalling pip-24.0:
      Successfully uninstalled pip-24.0
Successfully installed pip-26.1.2
Looking in indexes: https://pypi.org/simple, https://download.pytorch.org/whl/cpu
Collecting torch==2.6.0+cpu (from -r 317/requirements.txt (line 3))
  Downloading torch-2.6.0%2Bcpu-cp312-cp312-linux_x86_64.whl.metadata (26 kB)
Collecting numpy==2.2.6 (from -r 317/requirements.txt (line 4))
  Downloading numpy-2.2.6-cp312-cp312-manylinux_2_17_x86_64.manylinux2014_x86_64.whl.metadata (62 kB)
Collecting fsspec==2025.3.0 (from -r 317/requirements.txt (line 5))
  Downloading fsspec-2025.3.0-py3-none-any.whl.metadata (11 kB)
Collecting lightning-utilities==0.15.2 (from -r 317/requirements.txt (line 6))
  Downloading lightning_utilities-0.15.2-py3-none-any.whl.metadata (5.7 kB)
Collecting packaging==24.2 (from -r 317/requirements.txt (line 7))
  Downloading packaging-24.2-py3-none-any.whl.metadata (3.2 kB)
Collecting PyYAML==6.0.2 (from -r 317/requirements.txt (line 8))
  Downloading PyYAML-6.0.2-cp312-cp312-manylinux_2_17_x86_64.manylinux2014_x86_64.whl.metadata (2.1 kB)
Collecting tqdm==4.67.1 (from -r 317/requirements.txt (line 9))
  Downloading tqdm-4.67.1-py3-none-any.whl.metadata (57 kB)
Collecting typing-extensions==4.12.2 (from -r 317/requirements.txt (line 10))
  Downloading typing_extensions-4.12.2-py3-none-any.whl.metadata (3.0 kB)
Collecting torchmetrics==1.8.2 (from -r 317/requirements.txt (line 11))
  Downloading torchmetrics-1.8.2-py3-none-any.whl.metadata (22 kB)
Collecting filelock (from torch==2.6.0+cpu->-r 317/requirements.txt (line 3))
  Downloading filelock-3.30.2-py3-none-any.whl.metadata (2.0 kB)
Collecting networkx (from torch==2.6.0+cpu->-r 317/requirements.txt (line 3))
  Downloading networkx-3.6.1-py3-none-any.whl.metadata (6.8 kB)
Collecting jinja2 (from torch==2.6.0+cpu->-r 317/requirements.txt (line 3))
  Downloading jinja2-3.1.6-py3-none-any.whl.metadata (2.9 kB)
Collecting setuptools (from torch==2.6.0+cpu->-r 317/requirements.txt (line 3))
  Downloading setuptools-83.0.0-py3-none-any.whl.metadata (6.6 kB)
Collecting sympy==1.13.1 (from torch==2.6.0+cpu->-r 317/requirements.txt (line 3))
  Downloading sympy-1.13.1-py3-none-any.whl.metadata (12 kB)
Collecting mpmath<1.4,>=1.1.0 (from sympy==1.13.1->torch==2.6.0+cpu->-r 317/requirements.txt (line 3))
  Downloading mpmath-1.3.0-py3-none-any.whl.metadata (8.6 kB)
Collecting MarkupSafe>=2.0 (from jinja2->torch==2.6.0+cpu->-r 317/requirements.txt (line 3))
  Downloading markupsafe-3.0.3-cp312-cp312-manylinux2014_x86_64.manylinux_2_17_x86_64.manylinux_2_28_x86_64.whl.metadata (2.7 kB)
Downloading torch-2.6.0%2Bcpu-cp312-cp312-linux_x86_64.whl (178.6 MB)
   ━━━━━━━━━━━━━━━━━━━━━━━━━━━━━━━━━━━━━━━━ 178.6/178.6 MB 108.1 MB/s  0:00:01

Downloading numpy-2.2.6-cp312-cp312-manylinux_2_17_x86_64.manylinux2014_x86_64.whl (16.5 MB)
   ━━━━━━━━━━━━━━━━━━━━━━━━━━━━━━━━━━━━━━━━ 16.5/16.5 MB 74.8 MB/s  0:00:00

Downloading fsspec-2025.3.0-py3-none-any.whl (193 kB)
Downloading lightning_utilities-0.15.2-py3-none-any.whl (29 kB)
Downloading packaging-24.2-py3-none-any.whl (65 kB)
Downloading PyYAML-6.0.2-cp312-cp312-manylinux_2_17_x86_64.manylinux2014_x86_64.whl (767 kB)
   ━━━━━━━━━━━━━━━━━━━━━━━━━━━━━━━━━━━━━━━━ 767.5/767.5 kB 103.1 MB/s  0:00:00

Downloading tqdm-4.67.1-py3-none-any.whl (78 kB)
Downloading typing_extensions-4.12.2-py3-none-any.whl (37 kB)
Downloading torchmetrics-1.8.2-py3-none-any.whl (983 kB)
   ━━━━━━━━━━━━━━━━━━━━━━━━━━━━━━━━━━━━━━━━ 983.2/983.2 kB 79.4 MB/s  0:00:00

Downloading sympy-1.13.1-py3-none-any.whl (6.2 MB)
   ━━━━━━━━━━━━━━━━━━━━━━━━━━━━━━━━━━━━━━━━ 6.2/6.2 MB 83.3 MB/s  0:00:00

Downloading mpmath-1.3.0-py3-none-any.whl (536 kB)
   ━━━━━━━━━━━━━━━━━━━━━━━━━━━━━━━━━━━━━━━━ 536.2/536.2 kB 111.2 MB/s  0:00:00

Downloading filelock-3.30.2-py3-none-any.whl (94 kB)
Downloading jinja2-3.1.6-py3-none-any.whl (134 kB)
Downloading markupsafe-3.0.3-cp312-cp312-manylinux2014_x86_64.manylinux_2_17_x86_64.manylinux_2_28_x86_64.whl (22 kB)
Downloading networkx-3.6.1-py3-none-any.whl (2.1 MB)
   ━━━━━━━━━━━━━━━━━━━━━━━━━━━━━━━━━━━━━━━━ 2.1/2.1 MB 85.6 MB/s  0:00:00

Downloading setuptools-83.0.0-py3-none-any.whl (1.0 MB)
   ━━━━━━━━━━━━━━━━━━━━━━━━━━━━━━━━━━━━━━━━ 1.0/1.0 MB 83.4 MB/s  0:00:00

Installing collected packages: mpmath, typing-extensions, tqdm, sympy, setuptools, PyYAML, packaging, numpy, networkx, MarkupSafe, fsspec, filelock, lightning-utilities, jinja2, torch, torchmetrics


Successfully installed MarkupSafe-3.0.3 PyYAML-6.0.2 filelock-3.30.2 fsspec-2025.3.0 jinja2-3.1.6 lightning-utilities-0.15.2 mpmath-1.3.0 networkx-3.6.1 numpy-2.2.6 packaging-24.2 setuptools-83.0.0 sympy-1.13.1 torch-2.6.0+cpu torchmetrics-1.8.2 tqdm-4.67.1 typing-extensions-4.12.2

Training: |          | 0/? [00:00<?, ?it/s]
Training: |          | 0/? [00:00<?, ?it/s]
Epoch 0:   0%|          | 0/1 [00:00<?, ?it/s]
Epoch 0: 100%|██████████| 1/1 [00:00<00:00, 641.43it/s]
Epoch 0: 100%|██████████| 1/1 [00:00<00:00, 604.80it/s]
Epoch 0: 100%|██████████| 1/1 [00:00<00:00, 564.13it/s]
Epoch 0: 100%|██████████| 1/1 [00:00<00:00, 522.98it/s]
{
  "reproducible": true,
  "evidence": "Manual checkpoint load with weights_only=False succeeded: ['callbacks', 'epoch', 'global_step', 'hparams_name', 'hyper_parameters']\nlr_find raised UnpicklingError: Weights only load failed. This file can still be loaded, to do so you have two options, \u001b[1mdo those steps only if you trust the source of the checkpoint\u001b[0m. \n\t(1) In PyTorch 2.6, we changed the default value of the `weights_only` argument in `torch.load` from `False` to `True`. Re-running `torch.load` with `weights_only` set to `False` will likely succeed, but it can result in arbitrary code execution. Do it only if you got the file from a trusted source.\n\t(2) Alternatively, to load with `weights_only=True` please check the recommended steps in the following error message.\n\tWeightsUnpickler error: Unsupported global: GLOBAL __main__.TorchCoder was not an allowed global by default. Please use `torch.serialization.add_safe_globals([TorchCoder])` or the `torch.serialization.safe_globals([TorchCoder])` context manager to allowlist this global if you trust this class/function.\n\nCheck the documentation of torch.load to learn more about types accepted by default with weights_only https://pytorch.org/docs/stable/generated/torch.load.html.\nTraceback (most recent call last):\n  File \"317/repro.py\", line 98, in main\n    Tuner(trainer2).lr_find(\n  File \"317/codebase/src/lightning/pytorch/tuner/tuning.py\", line 191, in lr_find\n    self._trainer.fit(model, train_dataloaders, val_dataloaders, datamodule)\n  File \"317/codebase/src/lightning/pytorch/trainer/trainer.py\", line 590, in fit\n    call._call_and_handle_interrupt(\n  File \"317/codebase/src/lightning/pytorch/trainer/call.py\", line 49, in _call_and_handle_interrupt\n    return trainer_fn(*args, **kwargs)\n           ^^^^^^^^^^^^^^^^^^^^^^^^^^^\n  File \"317/codebase/src/lightning/pytorch/trainer/trainer.py\", line 636, in _fit_impl\n    self._run(model, ckpt_path=ckpt_path, weights_only=weights_only)\n  File \"317/codebase/src/lightning/pytorch/trainer/trainer.py\", line 1063, in _run\n    call._call_callback_hooks(self, \"on_fit_start\")\n  File \"317/codebase/src/lightning/pytorch/trainer/call.py\", line 228, in _call_callback_hooks\n    fn(trainer, trainer.lightning_module, *args, **kwargs)\n  File \"317/codebase/src/lightning/pytorch/callbacks/lr_finder.py\", line 130, in on_fit_start\n    self.lr_find(trainer, pl_module)\n  File \"317/codebase/src/lightning/pytorch/callbacks/lr_finder.py\", line 113, in lr_find\n    self.optimal_lr = _lr_find(\n                      ^^^^^^^^^\n  File \"317/codebase/src/lightning/pytorch/tuner/lr_finder.py\", line 288, in _lr_find\n    trainer._checkpoint_connector.restore(ckpt_path)\n  File \"317/codebase/src/lightning/pytorch/trainer/connectors/checkpoint_connector.py\", line 247, in restore\n    self.resume_start(checkpoint_path, weights_only=weights_only)\n  File \"317/codebase/src/lightning/pytorch/trainer/connectors/checkpoint_connector.py\", line 83, in resume_start\n    loaded_checkpoint = self.trainer.strategy.load_checkpoint(checkpoint_path, weights_only=weights_only)\n                        ^^^^^^^^^^^^^^^^^^^^^^^^^^^^^^^^^^^^^^^^^^^^^^^^^^^^^^^^^^^^^^^^^^^^^^^^^^^^^^^^^\n  File \"317/codebase/src/lightning/pytorch/strategies/strategy.py\", line 368, in load_checkpoint\n    return self.checkpoint_io.load_checkpoint(checkpoint_path, weights_only=weights_only)\n           ^^^^^^^^^^^^^^^^^^^^^^^^^^^^^^^^^^^^^^^^^^^^^^^^^^^^^^^^^^^^^^^^^^^^^^^^^^^^^^\n  File \"317/codebase/src/lightning/fabric/plugins/io/torch_io.py\", line 91, in load_checkpoint\n    return pl_load(path, map_location=map_location, weights_only=weights_only)\n           ^^^^^^^^^^^^^^^^^^^^^^^^^^^^^^^^^^^^^^^^^^^^^^^^^^^^^^^^^^^^^^^^^^^\n  File \"317/codebase/src/lightning/fabric/utilities/cloud_io.py\", line 73, in _load\n    return torch.load(\n           ^^^^^^^^^^^\n  File \"317/.venv/lib/python3.12/site-packages/torch/serialization.py\", line 1470, in load\n    raise pickle.UnpicklingError(_get_wo_message(str(e))) from None\n_pickle.UnpicklingError: Weights only load failed. This file can still be loaded, to do so you have two options, \u001b[1mdo those steps only if you trust the source of the checkpoint\u001b[0m. \n\t(1) In PyTorch 2.6, we changed the default value of the `weights_only` argument in `torch.load` from `False` to `True`. Re-running `torch.load` with `weights_only` set to `False` will likely succeed, but it can result in arbitrary code execution. Do it only if you got the file from a trusted source.\n\t(2) Alternatively, to load with `weights_only=True` please check the recommended steps in the following error message.\n\tWeightsUnpickler error: Unsupported global: GLOBAL __main__.TorchCoder was not an allowed global by default. Please use `torch.serialization.add_safe_globals([TorchCoder])` or the `torch.serialization.safe_globals([TorchCoder])` context manager to allowlist this global if you trust this class/function.\n\nCheck the documentation of torch.load to learn more about types accepted by default with weights_only https://pytorch.org/docs/stable/generated/torch.load.html.\n",
  "steps": [
    "Install torch 2.6.0+cpu and the Lightning runtime deps in an isolated venv.",
    "Fit a simple LightningModule that stores a custom nn.Module in hyperparameters and save a checkpoint.",
    "Verify the checkpoint loads with `torch.load(..., weights_only=False)`.",
    "Call `Tuner(trainer).lr_find(...)` on a fresh trainer and observe the restore-time UnpicklingError."
  ],
  "blocking_reason": "",
  "reproduction_command": "bash run_repro.sh"
}
