Requirement already satisfied: pip in ./.venv/lib/python3.12/site-packages (26.1.2)
Requirement already satisfied: setuptools in ./.venv/lib/python3.12/site-packages (83.0.0)
Requirement already satisfied: wheel in ./.venv/lib/python3.12/site-packages (0.47.0)
Requirement already satisfied: packaging>=24.0 in ./.venv/lib/python3.12/site-packages (from wheel) (26.2)
Looking in indexes: https://pypi.org/simple, https://download.pytorch.org/whl/cpu
Requirement already satisfied: torch==2.9.1+cpu in ./.venv/lib/python3.12/site-packages (from -r 096/requirements.txt (line 3)) (2.9.1+cpu)
Requirement already satisfied: torchvision==0.24.1+cpu in ./.venv/lib/python3.12/site-packages (from -r 096/requirements.txt (line 4)) (0.24.1+cpu)
Requirement already satisfied: accelerate==1.14.0 in ./.venv/lib/python3.12/site-packages (from -r 096/requirements.txt (line 5)) (1.14.0)
Requirement already satisfied: einops==0.8.2 in ./.venv/lib/python3.12/site-packages (from -r 096/requirements.txt (line 6)) (0.8.2)
Requirement already satisfied: ema-pytorch==0.7.9 in ./.venv/lib/python3.12/site-packages (from -r 096/requirements.txt (line 7)) (0.7.9)
Requirement already satisfied: pytorch-fid==0.3.0 in ./.venv/lib/python3.12/site-packages (from -r 096/requirements.txt (line 8)) (0.3.0)
Requirement already satisfied: pillow==12.2.0 in ./.venv/lib/python3.12/site-packages (from -r 096/requirements.txt (line 9)) (12.2.0)
Requirement already satisfied: tqdm==4.68.4 in ./.venv/lib/python3.12/site-packages (from -r 096/requirements.txt (line 10)) (4.68.4)
Requirement already satisfied: filelock in ./.venv/lib/python3.12/site-packages (from torch==2.9.1+cpu->-r 096/requirements.txt (line 3)) (3.29.0)
Requirement already satisfied: typing-extensions>=4.10.0 in ./.venv/lib/python3.12/site-packages (from torch==2.9.1+cpu->-r 096/requirements.txt (line 3)) (4.15.0)
Requirement already satisfied: setuptools in ./.venv/lib/python3.12/site-packages (from torch==2.9.1+cpu->-r 096/requirements.txt (line 3)) (83.0.0)
Requirement already satisfied: sympy>=1.13.3 in ./.venv/lib/python3.12/site-packages (from torch==2.9.1+cpu->-r 096/requirements.txt (line 3)) (1.14.0)
Requirement already satisfied: networkx>=2.5.1 in ./.venv/lib/python3.12/site-packages (from torch==2.9.1+cpu->-r 096/requirements.txt (line 3)) (3.6.1)
Requirement already satisfied: jinja2 in ./.venv/lib/python3.12/site-packages (from torch==2.9.1+cpu->-r 096/requirements.txt (line 3)) (3.1.6)
Requirement already satisfied: fsspec>=0.8.5 in ./.venv/lib/python3.12/site-packages (from torch==2.9.1+cpu->-r 096/requirements.txt (line 3)) (2026.4.0)
Requirement already satisfied: numpy in ./.venv/lib/python3.12/site-packages (from torchvision==0.24.1+cpu->-r 096/requirements.txt (line 4)) (2.4.4)
Requirement already satisfied: packaging>=20.0 in ./.venv/lib/python3.12/site-packages (from accelerate==1.14.0->-r 096/requirements.txt (line 5)) (26.2)
Requirement already satisfied: psutil in ./.venv/lib/python3.12/site-packages (from accelerate==1.14.0->-r 096/requirements.txt (line 5)) (7.2.2)
Requirement already satisfied: pyyaml in ./.venv/lib/python3.12/site-packages (from accelerate==1.14.0->-r 096/requirements.txt (line 5)) (6.0.3)
Requirement already satisfied: huggingface_hub>=0.21.0 in ./.venv/lib/python3.12/site-packages (from accelerate==1.14.0->-r 096/requirements.txt (line 5)) (1.23.0)
Requirement already satisfied: safetensors>=0.4.3 in ./.venv/lib/python3.12/site-packages (from accelerate==1.14.0->-r 096/requirements.txt (line 5)) (0.8.0)
Requirement already satisfied: scipy in ./.venv/lib/python3.12/site-packages (from pytorch-fid==0.3.0->-r 096/requirements.txt (line 8)) (1.18.0)
Requirement already satisfied: click<9.0.0,>=8.4.2 in ./.venv/lib/python3.12/site-packages (from huggingface_hub>=0.21.0->accelerate==1.14.0->-r 096/requirements.txt (line 5)) (8.4.2)
Requirement already satisfied: hf-xet<2.0.0,>=1.5.1 in ./.venv/lib/python3.12/site-packages (from huggingface_hub>=0.21.0->accelerate==1.14.0->-r 096/requirements.txt (line 5)) (1.5.2)
Requirement already satisfied: httpx<1,>=0.23.0 in ./.venv/lib/python3.12/site-packages (from huggingface_hub>=0.21.0->accelerate==1.14.0->-r 096/requirements.txt (line 5)) (0.28.1)
Requirement already satisfied: anyio in ./.venv/lib/python3.12/site-packages (from httpx<1,>=0.23.0->huggingface_hub>=0.21.0->accelerate==1.14.0->-r 096/requirements.txt (line 5)) (4.14.2)
Requirement already satisfied: certifi in ./.venv/lib/python3.12/site-packages (from httpx<1,>=0.23.0->huggingface_hub>=0.21.0->accelerate==1.14.0->-r 096/requirements.txt (line 5)) (2026.6.17)
Requirement already satisfied: httpcore==1.* in ./.venv/lib/python3.12/site-packages (from httpx<1,>=0.23.0->huggingface_hub>=0.21.0->accelerate==1.14.0->-r 096/requirements.txt (line 5)) (1.0.9)
Requirement already satisfied: idna in ./.venv/lib/python3.12/site-packages (from httpx<1,>=0.23.0->huggingface_hub>=0.21.0->accelerate==1.14.0->-r 096/requirements.txt (line 5)) (3.18)
Requirement already satisfied: h11>=0.16 in ./.venv/lib/python3.12/site-packages (from httpcore==1.*->httpx<1,>=0.23.0->huggingface_hub>=0.21.0->accelerate==1.14.0->-r 096/requirements.txt (line 5)) (0.16.0)
Requirement already satisfied: mpmath<1.4,>=1.1.0 in ./.venv/lib/python3.12/site-packages (from sympy>=1.13.3->torch==2.9.1+cpu->-r 096/requirements.txt (line 3)) (1.3.0)
Requirement already satisfied: MarkupSafe>=2.0 in ./.venv/lib/python3.12/site-packages (from jinja2->torch==2.9.1+cpu->-r 096/requirements.txt (line 3)) (3.0.3)
torch_version=2.9.1+cpu
loss=0.764013
status=backward_completed
reproducible=False
