Requirement already satisfied: pip in ./.venv/lib/python3.9/site-packages (23.0.1)
Collecting pip
  Downloading pip-26.0.1-py3-none-any.whl (1.8 MB)
     ━━━━━━━━━━━━━━━━━━━━━━━━━━━━━━━━━━━━━━━━ 1.8/1.8 MB 24.5 MB/s eta 0:00:00
Requirement already satisfied: setuptools in ./.venv/lib/python3.9/site-packages (79.0.1)
Collecting setuptools
  Downloading setuptools-82.0.1-py3-none-any.whl (1.0 MB)
     ━━━━━━━━━━━━━━━━━━━━━━━━━━━━━━━━━━━━━━━━ 1.0/1.0 MB 52.1 MB/s eta 0:00:00
Collecting wheel
  Downloading wheel-0.47.0-py3-none-any.whl (32 kB)
Collecting packaging>=24.0
  Downloading packaging-26.2-py3-none-any.whl (100 kB)
     ━━━━━━━━━━━━━━━━━━━━━━━━━━━━━━━━━━━━━ 100.2/100.2 kB 486.8 MB/s eta 0:00:00
Installing collected packages: setuptools, pip, packaging, wheel
  Attempting uninstall: setuptools
    Found existing installation: setuptools 79.0.1
    Uninstalling setuptools-79.0.1:
      Successfully uninstalled setuptools-79.0.1
  Attempting uninstall: pip
    Found existing installation: pip 23.0.1
    Uninstalling pip-23.0.1:
      Successfully uninstalled pip-23.0.1
Successfully installed packaging-26.2 pip-26.0.1 setuptools-82.0.1 wheel-0.47.0
Looking in links: https://download.pytorch.org/whl/torch_stable.html
Collecting torch==1.9.0+cpu (from -r 539/requirements.txt (line 2))
  Downloading https://download.pytorch.org/whl/cpu/torch-1.9.0%2Bcpu-cp39-cp39-linux_x86_64.whl (175.5 MB)
     ━━━━━━━━━━━━━━━━━━━━━━━━━━━━━━━━━━━━━━━━ 175.5/175.5 MB 101.7 MB/s  0:00:01
Collecting numpy<2,>=1.20 (from -r 539/requirements.txt (line 3))
  Downloading numpy-1.26.4-cp39-cp39-manylinux_2_17_x86_64.manylinux2014_x86_64.whl.metadata (61 kB)
Collecting typing-extensions (from torch==1.9.0+cpu->-r 539/requirements.txt (line 2))
  Downloading typing_extensions-4.16.0-py3-none-any.whl.metadata (3.3 kB)
Downloading numpy-1.26.4-cp39-cp39-manylinux_2_17_x86_64.manylinux2014_x86_64.whl (18.2 MB)
   ━━━━━━━━━━━━━━━━━━━━━━━━━━━━━━━━━━━━━━━━ 18.2/18.2 MB 10.7 MB/s  0:00:01
Downloading typing_extensions-4.16.0-py3-none-any.whl (45 kB)
Installing collected packages: typing-extensions, numpy, torch

Successfully installed numpy-1.26.4 torch-1.9.0+cpu typing-extensions-4.16.0
torch=1.9.0+cpu
calling torch.meshgrid(xs, ys, indexing='xy')
expected failure: TypeError: meshgrid() got an unexpected keyword argument 'indexing'
