Requirement already satisfied: pip in ./.venv/lib/python3.12/site-packages (24.0)
Collecting pip
  Downloading pip-26.1.2-py3-none-any.whl.metadata (4.6 kB)
Collecting setuptools
  Downloading setuptools-83.0.0-py3-none-any.whl.metadata (6.6 kB)
Collecting wheel
  Downloading wheel-0.47.0-py3-none-any.whl.metadata (2.3 kB)
Collecting packaging>=24.0 (from wheel)
  Downloading packaging-26.2-py3-none-any.whl.metadata (3.5 kB)
Downloading pip-26.1.2-py3-none-any.whl (1.8 MB)
   ━━━━━━━━━━━━━━━━━━━━━━━━━━━━━━━━━━━━━━━━ 1.8/1.8 MB 17.2 MB/s eta 0:00:00

Downloading setuptools-83.0.0-py3-none-any.whl (1.0 MB)
   ━━━━━━━━━━━━━━━━━━━━━━━━━━━━━━━━━━━━━━━━ 1.0/1.0 MB 39.3 MB/s eta 0:00:00

Downloading wheel-0.47.0-py3-none-any.whl (32 kB)
Downloading packaging-26.2-py3-none-any.whl (100 kB)
   ━━━━━━━━━━━━━━━━━━━━━━━━━━━━━━━━━━━━━━━━ 100.2/100.2 kB 72.7 MB/s eta 0:00:00

Installing collected packages: setuptools, pip, packaging, wheel
  Attempting uninstall: pip
    Found existing installation: pip 24.0
    Uninstalling pip-24.0:
      Successfully uninstalled pip-24.0
Successfully installed packaging-26.2 pip-26.1.2 setuptools-83.0.0 wheel-0.47.0
Looking in indexes: https://download.pytorch.org/whl/cpu
Collecting torch==2.5.1
  Downloading torch-2.5.1%2Bcpu-cp312-cp312-linux_x86_64.whl (174.6 MB)
     ━━━━━━━━━━━━━━━━━━━━━━━━━━━━━━━━━━━━━━━━ 174.6/174.6 MB 102.7 MB/s  0:00:01

Collecting filelock (from torch==2.5.1)
  Downloading filelock-3.29.0-py3-none-any.whl.metadata (2.0 kB)
Collecting typing-extensions>=4.8.0 (from torch==2.5.1)
  Downloading typing_extensions-4.15.0-py3-none-any.whl.metadata (3.3 kB)
Collecting networkx (from torch==2.5.1)
  Downloading networkx-3.6.1-py3-none-any.whl.metadata (6.8 kB)
Collecting jinja2 (from torch==2.5.1)
  Downloading jinja2-3.1.6-py3-none-any.whl.metadata (2.9 kB)
Collecting fsspec (from torch==2.5.1)
  Downloading fsspec-2026.4.0-py3-none-any.whl.metadata (10 kB)
Requirement already satisfied: setuptools in ./.venv/lib/python3.12/site-packages (from torch==2.5.1) (83.0.0)
Collecting sympy==1.13.1 (from torch==2.5.1)
  Downloading sympy-1.13.1-py3-none-any.whl.metadata (12 kB)
Collecting mpmath<1.4,>=1.1.0 (from sympy==1.13.1->torch==2.5.1)
  Downloading mpmath-1.3.0-py3-none-any.whl.metadata (8.6 kB)
Collecting MarkupSafe>=2.0 (from jinja2->torch==2.5.1)
  Downloading markupsafe-3.0.3-cp312-cp312-manylinux2014_x86_64.manylinux_2_17_x86_64.manylinux_2_28_x86_64.whl.metadata (2.7 kB)
Downloading sympy-1.13.1-py3-none-any.whl (6.2 MB)
   ━━━━━━━━━━━━━━━━━━━━━━━━━━━━━━━━━━━━━━━━ 6.2/6.2 MB 1.1 MB/s  0:00:05

Downloading mpmath-1.3.0-py3-none-any.whl (536 kB)
   ━━━━━━━━━━━━━━━━━━━━━━━━━━━━━━━━━━━━━━━━ 536.2/536.2 kB 3.8 MB/s  0:00:00

Downloading typing_extensions-4.15.0-py3-none-any.whl (44 kB)
Downloading filelock-3.29.0-py3-none-any.whl (39 kB)
Downloading fsspec-2026.4.0-py3-none-any.whl (203 kB)
Downloading jinja2-3.1.6-py3-none-any.whl (134 kB)
Downloading markupsafe-3.0.3-cp312-cp312-manylinux2014_x86_64.manylinux_2_17_x86_64.manylinux_2_28_x86_64.whl (22 kB)
Downloading networkx-3.6.1-py3-none-any.whl (2.1 MB)
   ━━━━━━━━━━━━━━━━━━━━━━━━━━━━━━━━━━━━━━━━ 2.1/2.1 MB 4.2 MB/s  0:00:00

Installing collected packages: mpmath, typing-extensions, sympy, networkx, MarkupSafe, fsspec, filelock, jinja2, torch


Successfully installed MarkupSafe-3.0.3 filelock-3.29.0 fsspec-2026.4.0 jinja2-3.1.6 mpmath-1.3.0 networkx-3.6.1 sympy-1.13.1 torch-2.5.1+cpu typing-extensions-4.15.0
Collecting tensordict==0.13.0 (from -r 308/requirements.txt (line 1))
  Downloading tensordict-0.13.0-cp312-cp312-manylinux_2_28_x86_64.whl.metadata (13 kB)
Collecting pyvers (from -r 308/requirements.txt (line 2))
  Downloading pyvers-0.2.3-py3-none-any.whl.metadata (5.8 kB)
Requirement already satisfied: torch in ./.venv/lib/python3.12/site-packages (from tensordict==0.13.0->-r 308/requirements.txt (line 1)) (2.5.1+cpu)
Collecting numpy (from tensordict==0.13.0->-r 308/requirements.txt (line 1))
  Downloading numpy-2.5.1-cp312-cp312-manylinux_2_27_x86_64.manylinux_2_28_x86_64.whl.metadata (6.6 kB)
Collecting cloudpickle (from tensordict==0.13.0->-r 308/requirements.txt (line 1))
  Downloading cloudpickle-3.1.2-py3-none-any.whl.metadata (7.1 kB)
Requirement already satisfied: packaging in ./.venv/lib/python3.12/site-packages (from tensordict==0.13.0->-r 308/requirements.txt (line 1)) (26.2)
Collecting importlib_metadata (from tensordict==0.13.0->-r 308/requirements.txt (line 1))
  Downloading importlib_metadata-9.0.0-py3-none-any.whl.metadata (4.5 kB)
Collecting orjson (from tensordict==0.13.0->-r 308/requirements.txt (line 1))
  Downloading orjson-3.11.9-cp312-cp312-manylinux_2_17_x86_64.manylinux2014_x86_64.whl.metadata (41 kB)
Collecting zipp>=3.20 (from importlib_metadata->tensordict==0.13.0->-r 308/requirements.txt (line 1))
  Downloading zipp-4.1.0-py3-none-any.whl.metadata (3.6 kB)
Requirement already satisfied: filelock in ./.venv/lib/python3.12/site-packages (from torch->tensordict==0.13.0->-r 308/requirements.txt (line 1)) (3.29.0)
Requirement already satisfied: typing-extensions>=4.8.0 in ./.venv/lib/python3.12/site-packages (from torch->tensordict==0.13.0->-r 308/requirements.txt (line 1)) (4.15.0)
Requirement already satisfied: networkx in ./.venv/lib/python3.12/site-packages (from torch->tensordict==0.13.0->-r 308/requirements.txt (line 1)) (3.6.1)
Requirement already satisfied: jinja2 in ./.venv/lib/python3.12/site-packages (from torch->tensordict==0.13.0->-r 308/requirements.txt (line 1)) (3.1.6)
Requirement already satisfied: fsspec in ./.venv/lib/python3.12/site-packages (from torch->tensordict==0.13.0->-r 308/requirements.txt (line 1)) (2026.4.0)
Requirement already satisfied: setuptools in ./.venv/lib/python3.12/site-packages (from torch->tensordict==0.13.0->-r 308/requirements.txt (line 1)) (83.0.0)
Requirement already satisfied: sympy==1.13.1 in ./.venv/lib/python3.12/site-packages (from torch->tensordict==0.13.0->-r 308/requirements.txt (line 1)) (1.13.1)
Requirement already satisfied: mpmath<1.4,>=1.1.0 in ./.venv/lib/python3.12/site-packages (from sympy==1.13.1->torch->tensordict==0.13.0->-r 308/requirements.txt (line 1)) (1.3.0)
Requirement already satisfied: MarkupSafe>=2.0 in ./.venv/lib/python3.12/site-packages (from jinja2->torch->tensordict==0.13.0->-r 308/requirements.txt (line 1)) (3.0.3)
Downloading tensordict-0.13.0-cp312-cp312-manylinux_2_28_x86_64.whl (559 kB)
   ━━━━━━━━━━━━━━━━━━━━━━━━━━━━━━━━━━━━━━━━ 559.5/559.5 kB 24.8 MB/s  0:00:00

Downloading pyvers-0.2.3-py3-none-any.whl (11 kB)
Downloading cloudpickle-3.1.2-py3-none-any.whl (22 kB)
Downloading importlib_metadata-9.0.0-py3-none-any.whl (27 kB)
Downloading zipp-4.1.0-py3-none-any.whl (10 kB)
Downloading numpy-2.5.1-cp312-cp312-manylinux_2_27_x86_64.manylinux_2_28_x86_64.whl (16.7 MB)
   ━━━━━━━━━━━━━━━━━━━━━━━━━━━━━━━━━━━━━━━━ 16.7/16.7 MB 31.3 MB/s  0:00:00

Downloading orjson-3.11.9-cp312-cp312-manylinux_2_17_x86_64.manylinux2014_x86_64.whl (134 kB)
Installing collected packages: zipp, pyvers, orjson, numpy, cloudpickle, importlib_metadata, tensordict


Successfully installed cloudpickle-3.1.2 importlib_metadata-9.0.0 numpy-2.5.1 orjson-3.11.9 pyvers-0.2.3 tensordict-0.13.0 zipp-4.1.0
torch=2.5.1+cpu
prefetch_queue_length=0
