Requirement already satisfied: pip in ./.venv/lib/python3.12/site-packages (24.0)
Collecting pip
  Downloading pip-26.1.2-py3-none-any.whl.metadata (4.6 kB)
Downloading pip-26.1.2-py3-none-any.whl (1.8 MB)
   ━━━━━━━━━━━━━━━━━━━━━━━━━━━━━━━━━━━━━━━━ 1.8/1.8 MB 18.7 MB/s eta 0:00:00
Installing collected packages: pip
  Attempting uninstall: pip
    Found existing installation: pip 24.0
    Uninstalling pip-24.0:
      Successfully uninstalled pip-24.0
Successfully installed pip-26.1.2
Collecting PyYAML<7.0,>=5.4 (from -r 180/requirements.txt (line 1))
  Downloading pyyaml-6.0.3-cp312-cp312-manylinux2014_x86_64.manylinux_2_17_x86_64.manylinux_2_28_x86_64.whl.metadata (2.4 kB)
Collecting fsspec<2025.0,>=2022.5.0 (from fsspec[http]<2025.0,>=2022.5.0->-r 180/requirements.txt (line 2))
  Downloading fsspec-2024.12.0-py3-none-any.whl.metadata (11 kB)
Collecting jsonargparse>=4.27.7 (from jsonargparse[signatures]>=4.27.7->-r 180/requirements.txt (line 3))
  Downloading jsonargparse-4.49.0-py3-none-any.whl.metadata (12 kB)
Collecting lightning-utilities<1.0,>=0.10.0 (from -r 180/requirements.txt (line 4))
  Downloading lightning_utilities-0.15.3-py3-none-any.whl.metadata (5.5 kB)
Collecting packaging<24.0,>=20.0 (from -r 180/requirements.txt (line 5))
  Downloading packaging-23.2-py3-none-any.whl.metadata (3.2 kB)
Collecting torch<3.0,>=2.1.0 (from -r 180/requirements.txt (line 6))
  Downloading torch-2.13.0-cp312-cp312-manylinux_2_28_x86_64.whl.metadata (38 kB)
Collecting torchmetrics<2.0,>=0.7.0 (from -r 180/requirements.txt (line 7))
  Downloading torchmetrics-1.9.0-py3-none-any.whl.metadata (23 kB)
Collecting tqdm<5.0,>=4.57.0 (from -r 180/requirements.txt (line 8))
  Downloading tqdm-4.68.4-py3-none-any.whl.metadata (57 kB)
Collecting typing-extensions<5.0,>=4.4.0 (from -r 180/requirements.txt (line 9))
  Downloading typing_extensions-4.16.0-py3-none-any.whl.metadata (3.3 kB)
Collecting filelock (from torch<3.0,>=2.1.0->-r 180/requirements.txt (line 6))
  Downloading filelock-3.30.2-py3-none-any.whl.metadata (2.0 kB)
Collecting setuptools>=77.0.3 (from torch<3.0,>=2.1.0->-r 180/requirements.txt (line 6))
  Downloading setuptools-83.0.0-py3-none-any.whl.metadata (6.6 kB)
Collecting sympy>=1.13.3 (from torch<3.0,>=2.1.0->-r 180/requirements.txt (line 6))
  Downloading sympy-1.14.0-py3-none-any.whl.metadata (12 kB)
Collecting networkx>=2.5.1 (from torch<3.0,>=2.1.0->-r 180/requirements.txt (line 6))
  Downloading networkx-3.6.1-py3-none-any.whl.metadata (6.8 kB)
Collecting jinja2 (from torch<3.0,>=2.1.0->-r 180/requirements.txt (line 6))
  Downloading jinja2-3.1.6-py3-none-any.whl.metadata (2.9 kB)
Collecting cuda-toolkit==13.0.3 (from cuda-toolkit[cublas,cudart,cufft,cufile,cupti,curand,cusolver,cusparse,nvjitlink,nvrtc,nvtx]==13.0.3; platform_system == "Linux"->torch<3.0,>=2.1.0->-r 180/requirements.txt (line 6))
  Downloading cuda_toolkit-13.0.3.0-py2.py3-none-any.whl.metadata (17 kB)
Collecting cuda-bindings<14,>=13.0.3 (from torch<3.0,>=2.1.0->-r 180/requirements.txt (line 6))
  Downloading cuda_bindings-13.3.1-cp312-cp312-manylinux_2_24_x86_64.manylinux_2_28_x86_64.whl.metadata (2.5 kB)
Collecting nvidia-cudnn-cu13==9.20.0.48 (from torch<3.0,>=2.1.0->-r 180/requirements.txt (line 6))
  Downloading nvidia_cudnn_cu13-9.20.0.48-py3-none-manylinux_2_27_x86_64.whl.metadata (1.9 kB)
Collecting nvidia-cusparselt-cu13==0.8.1 (from torch<3.0,>=2.1.0->-r 180/requirements.txt (line 6))
  Downloading nvidia_cusparselt_cu13-0.8.1-py3-none-manylinux2014_x86_64.whl.metadata (12 kB)
Collecting nvidia-nccl-cu13==2.29.7 (from torch<3.0,>=2.1.0->-r 180/requirements.txt (line 6))
  Downloading nvidia_nccl_cu13-2.29.7-py3-none-manylinux_2_18_x86_64.whl.metadata (2.1 kB)
Collecting nvidia-nvshmem-cu13==3.4.5 (from torch<3.0,>=2.1.0->-r 180/requirements.txt (line 6))
  Downloading nvidia_nvshmem_cu13-3.4.5-py3-none-manylinux2014_x86_64.manylinux_2_17_x86_64.whl.metadata (2.1 kB)
Collecting triton==3.7.1 (from torch<3.0,>=2.1.0->-r 180/requirements.txt (line 6))
  Downloading triton-3.7.1-cp312-cp312-manylinux_2_27_x86_64.manylinux_2_28_x86_64.whl.metadata (1.7 kB)
Collecting nvidia-cublas==13.1.1.3.* (from cuda-toolkit[cublas,cudart,cufft,cufile,cupti,curand,cusolver,cusparse,nvjitlink,nvrtc,nvtx]==13.0.3; platform_system == "Linux"->torch<3.0,>=2.1.0->-r 180/requirements.txt (line 6))
  Downloading nvidia_cublas-13.1.1.3-py3-none-manylinux_2_27_x86_64.whl.metadata (1.8 kB)
Collecting nvidia-cuda-nvrtc==13.0.88.* (from cuda-toolkit[cublas,cudart,cufft,cufile,cupti,curand,cusolver,cusparse,nvjitlink,nvrtc,nvtx]==13.0.3; platform_system == "Linux"->torch<3.0,>=2.1.0->-r 180/requirements.txt (line 6))
  Downloading nvidia_cuda_nvrtc-13.0.88-py3-none-manylinux2010_x86_64.manylinux_2_12_x86_64.whl.metadata (1.7 kB)
Collecting nvidia-cuda-runtime==13.0.96.* (from cuda-toolkit[cublas,cudart,cufft,cufile,cupti,curand,cusolver,cusparse,nvjitlink,nvrtc,nvtx]==13.0.3; platform_system == "Linux"->torch<3.0,>=2.1.0->-r 180/requirements.txt (line 6))
  Downloading nvidia_cuda_runtime-13.0.96-py3-none-manylinux2014_x86_64.manylinux_2_17_x86_64.whl.metadata (1.7 kB)
Collecting nvidia-cufft==12.0.0.61.* (from cuda-toolkit[cublas,cudart,cufft,cufile,cupti,curand,cusolver,cusparse,nvjitlink,nvrtc,nvtx]==13.0.3; platform_system == "Linux"->torch<3.0,>=2.1.0->-r 180/requirements.txt (line 6))
  Downloading nvidia_cufft-12.0.0.61-py3-none-manylinux2014_x86_64.manylinux_2_17_x86_64.whl.metadata (1.8 kB)
Collecting nvidia-nvjitlink<14,>=13.0.88 (from cuda-toolkit[cublas,cudart,cufft,cufile,cupti,curand,cusolver,cusparse,nvjitlink,nvrtc,nvtx]==13.0.3; platform_system == "Linux"->torch<3.0,>=2.1.0->-r 180/requirements.txt (line 6))
  Downloading nvidia_nvjitlink-13.3.33-py3-none-manylinux2010_x86_64.manylinux_2_12_x86_64.whl.metadata (1.8 kB)
Collecting nvidia-cufile==1.15.1.6.* (from cuda-toolkit[cublas,cudart,cufft,cufile,cupti,curand,cusolver,cusparse,nvjitlink,nvrtc,nvtx]==13.0.3; platform_system == "Linux"->torch<3.0,>=2.1.0->-r 180/requirements.txt (line 6))
  Downloading nvidia_cufile-1.15.1.6-py3-none-manylinux2014_x86_64.manylinux_2_17_x86_64.whl.metadata (1.7 kB)
Collecting nvidia-cuda-cupti==13.0.85.* (from cuda-toolkit[cublas,cudart,cufft,cufile,cupti,curand,cusolver,cusparse,nvjitlink,nvrtc,nvtx]==13.0.3; platform_system == "Linux"->torch<3.0,>=2.1.0->-r 180/requirements.txt (line 6))
  Downloading nvidia_cuda_cupti-13.0.85-py3-none-manylinux_2_25_x86_64.whl.metadata (1.7 kB)
Collecting nvidia-curand==10.4.0.35.* (from cuda-toolkit[cublas,cudart,cufft,cufile,cupti,curand,cusolver,cusparse,nvjitlink,nvrtc,nvtx]==13.0.3; platform_system == "Linux"->torch<3.0,>=2.1.0->-r 180/requirements.txt (line 6))
  Downloading nvidia_curand-10.4.0.35-py3-none-manylinux_2_27_x86_64.whl.metadata (1.7 kB)
Collecting nvidia-cusolver==12.0.4.66.* (from cuda-toolkit[cublas,cudart,cufft,cufile,cupti,curand,cusolver,cusparse,nvjitlink,nvrtc,nvtx]==13.0.3; platform_system == "Linux"->torch<3.0,>=2.1.0->-r 180/requirements.txt (line 6))
  Downloading nvidia_cusolver-12.0.4.66-py3-none-manylinux_2_27_x86_64.whl.metadata (1.8 kB)
Collecting nvidia-cusparse==12.6.3.3.* (from cuda-toolkit[cublas,cudart,cufft,cufile,cupti,curand,cusolver,cusparse,nvjitlink,nvrtc,nvtx]==13.0.3; platform_system == "Linux"->torch<3.0,>=2.1.0->-r 180/requirements.txt (line 6))
  Downloading nvidia_cusparse-12.6.3.3-py3-none-manylinux2014_x86_64.manylinux_2_17_x86_64.whl.metadata (1.8 kB)
Collecting nvidia-nvtx==13.0.85.* (from cuda-toolkit[cublas,cudart,cufft,cufile,cupti,curand,cusolver,cusparse,nvjitlink,nvrtc,nvtx]==13.0.3; platform_system == "Linux"->torch<3.0,>=2.1.0->-r 180/requirements.txt (line 6))
  Downloading nvidia_nvtx-13.0.85-py3-none-manylinux1_x86_64.manylinux_2_5_x86_64.whl.metadata (1.8 kB)
Collecting numpy>1.20.0 (from torchmetrics<2.0,>=0.7.0->-r 180/requirements.txt (line 7))
  Downloading numpy-2.5.1-cp312-cp312-manylinux_2_27_x86_64.manylinux_2_28_x86_64.whl.metadata (6.6 kB)
Collecting cuda-pathfinder>=1.4.2 (from cuda-bindings<14,>=13.0.3->torch<3.0,>=2.1.0->-r 180/requirements.txt (line 6))
  Downloading cuda_pathfinder-1.5.6-py3-none-any.whl.metadata (1.9 kB)
Collecting aiohttp!=4.0.0a0,!=4.0.0a1 (from fsspec[http]<2025.0,>=2022.5.0->-r 180/requirements.txt (line 2))
  Downloading aiohttp-3.14.1-cp312-cp312-manylinux2014_x86_64.manylinux_2_17_x86_64.manylinux_2_28_x86_64.whl.metadata (8.3 kB)
Collecting aiohappyeyeballs>=2.5.0 (from aiohttp!=4.0.0a0,!=4.0.0a1->fsspec[http]<2025.0,>=2022.5.0->-r 180/requirements.txt (line 2))
  Downloading aiohappyeyeballs-2.7.1-py3-none-any.whl.metadata (5.9 kB)
Collecting aiosignal>=1.4.0 (from aiohttp!=4.0.0a0,!=4.0.0a1->fsspec[http]<2025.0,>=2022.5.0->-r 180/requirements.txt (line 2))
  Downloading aiosignal-1.4.0-py3-none-any.whl.metadata (3.7 kB)
Collecting attrs>=17.3.0 (from aiohttp!=4.0.0a0,!=4.0.0a1->fsspec[http]<2025.0,>=2022.5.0->-r 180/requirements.txt (line 2))
  Downloading attrs-26.1.0-py3-none-any.whl.metadata (8.8 kB)
Collecting frozenlist>=1.1.1 (from aiohttp!=4.0.0a0,!=4.0.0a1->fsspec[http]<2025.0,>=2022.5.0->-r 180/requirements.txt (line 2))
  Downloading frozenlist-1.8.0-cp312-cp312-manylinux1_x86_64.manylinux_2_28_x86_64.manylinux_2_5_x86_64.whl.metadata (20 kB)
Collecting multidict<7.0,>=4.5 (from aiohttp!=4.0.0a0,!=4.0.0a1->fsspec[http]<2025.0,>=2022.5.0->-r 180/requirements.txt (line 2))
  Downloading multidict-6.7.1-cp312-cp312-manylinux2014_x86_64.manylinux_2_17_x86_64.manylinux_2_28_x86_64.whl.metadata (5.3 kB)
Collecting propcache>=0.2.0 (from aiohttp!=4.0.0a0,!=4.0.0a1->fsspec[http]<2025.0,>=2022.5.0->-r 180/requirements.txt (line 2))
  Downloading propcache-0.5.2-cp312-cp312-manylinux2014_x86_64.manylinux_2_17_x86_64.manylinux_2_28_x86_64.whl.metadata (16 kB)
Collecting yarl<2.0,>=1.17.0 (from aiohttp!=4.0.0a0,!=4.0.0a1->fsspec[http]<2025.0,>=2022.5.0->-r 180/requirements.txt (line 2))
  Downloading yarl-1.24.2-cp312-cp312-manylinux2014_x86_64.manylinux_2_17_x86_64.manylinux_2_28_x86_64.whl.metadata (94 kB)
Collecting idna>=2.0 (from yarl<2.0,>=1.17.0->aiohttp!=4.0.0a0,!=4.0.0a1->fsspec[http]<2025.0,>=2022.5.0->-r 180/requirements.txt (line 2))
  Downloading idna-3.18-py3-none-any.whl.metadata (6.1 kB)
Collecting docstring-parser>=0.17 (from jsonargparse[signatures]>=4.27.7->-r 180/requirements.txt (line 3))
  Downloading docstring_parser-0.18.0-py3-none-any.whl.metadata (3.5 kB)
Collecting typeshed-client>=2.8.2 (from jsonargparse[signatures]>=4.27.7->-r 180/requirements.txt (line 3))
  Downloading typeshed_client-2.12.0-py3-none-any.whl.metadata (10 kB)
Collecting mpmath<1.4,>=1.1.0 (from sympy>=1.13.3->torch<3.0,>=2.1.0->-r 180/requirements.txt (line 6))
  Downloading mpmath-1.3.0-py3-none-any.whl.metadata (8.6 kB)
Collecting importlib_resources>=1.4.0 (from typeshed-client>=2.8.2->jsonargparse[signatures]>=4.27.7->-r 180/requirements.txt (line 3))
  Downloading importlib_resources-7.1.0-py3-none-any.whl.metadata (4.0 kB)
Collecting MarkupSafe>=2.0 (from jinja2->torch<3.0,>=2.1.0->-r 180/requirements.txt (line 6))
  Downloading markupsafe-3.0.3-cp312-cp312-manylinux2014_x86_64.manylinux_2_17_x86_64.manylinux_2_28_x86_64.whl.metadata (2.7 kB)
Downloading pyyaml-6.0.3-cp312-cp312-manylinux2014_x86_64.manylinux_2_17_x86_64.manylinux_2_28_x86_64.whl (807 kB)
   ━━━━━━━━━━━━━━━━━━━━━━━━━━━━━━━━━━━━━━━━ 807.9/807.9 kB 31.7 MB/s  0:00:00
Downloading fsspec-2024.12.0-py3-none-any.whl (183 kB)
Downloading lightning_utilities-0.15.3-py3-none-any.whl (31 kB)
Downloading packaging-23.2-py3-none-any.whl (53 kB)
Downloading torch-2.13.0-cp312-cp312-manylinux_2_28_x86_64.whl (526.6 MB)
   ━━━━━━━━━━━━━━━━━━━━━━━━━━━━━━━━━━━━━━━━ 526.6/526.6 MB 44.0 MB/s  0:00:12
Downloading cuda_toolkit-13.0.3.0-py2.py3-none-any.whl (2.5 kB)
Downloading nvidia_cudnn_cu13-9.20.0.48-py3-none-manylinux_2_27_x86_64.whl (366.2 MB)
   ━━━━━━━━━━━━━━━━━━━━━━━━━━━━━━━━━━━━━━━━ 366.2/366.2 MB 48.9 MB/s  0:00:06
Downloading nvidia_cusparselt_cu13-0.8.1-py3-none-manylinux2014_x86_64.whl (170.1 MB)
   ━━━━━━━━━━━━━━━━━━━━━━━━━━━━━━━━━━━━━━━━ 170.1/170.1 MB 49.9 MB/s  0:00:03
Downloading nvidia_nccl_cu13-2.29.7-py3-none-manylinux_2_18_x86_64.whl (206.0 MB)
   ━━━━━━━━━━━━━━━━━━━━━━━━━━━━━━━━━━━━━━━━ 206.0/206.0 MB 29.1 MB/s  0:00:07
Downloading nvidia_nvshmem_cu13-3.4.5-py3-none-manylinux2014_x86_64.manylinux_2_17_x86_64.whl (60.4 MB)
   ━━━━━━━━━━━━━━━━━━━━━━━━━━━━━━━━━━━━━━━━ 60.4/60.4 MB 57.3 MB/s  0:00:01
Downloading triton-3.7.1-cp312-cp312-manylinux_2_27_x86_64.manylinux_2_28_x86_64.whl (197.7 MB)
   ━━━━━━━━━━━━━━━━━━━━━━━━━━━━━━━━━━━━━━━━ 197.7/197.7 MB 15.2 MB/s  0:00:12
Downloading torchmetrics-1.9.0-py3-none-any.whl (983 kB)
   ━━━━━━━━━━━━━━━━━━━━━━━━━━━━━━━━━━━━━━━━ 983.4/983.4 kB 20.5 MB/s  0:00:00
Downloading tqdm-4.68.4-py3-none-any.whl (676 kB)
   ━━━━━━━━━━━━━━━━━━━━━━━━━━━━━━━━━━━━━━━━ 676.6/676.6 kB 20.6 MB/s  0:00:00
Downloading typing_extensions-4.16.0-py3-none-any.whl (45 kB)
Downloading cuda_bindings-13.3.1-cp312-cp312-manylinux_2_24_x86_64.manylinux_2_28_x86_64.whl (6.7 MB)
   ━━━━━━━━━━━━━━━━━━━━━━━━━━━━━━━━━━━━━━━━ 6.7/6.7 MB 20.9 MB/s  0:00:00
Downloading nvidia_cublas-13.1.1.3-py3-none-manylinux_2_27_x86_64.whl (423.1 MB)
   ━━━━━━━━━━━━━━━━━━━━━━━━━━━━━━━━━━━━━━━━ 423.1/423.1 MB 21.9 MB/s  0:00:16
Downloading nvidia_cuda_cupti-13.0.85-py3-none-manylinux_2_25_x86_64.whl (10.7 MB)
   ━━━━━━━━━━━━━━━━━━━━━━━━━━━━━━━━━━━━━━━━ 10.7/10.7 MB 18.8 MB/s  0:00:00
Downloading nvidia_cuda_nvrtc-13.0.88-py3-none-manylinux2010_x86_64.manylinux_2_12_x86_64.whl (90.2 MB)
   ━━━━━━━━━━━━━━━━━━━━━━━━━━━━━━━━━━━━━━━━ 90.2/90.2 MB 26.5 MB/s  0:00:03
Downloading nvidia_cuda_runtime-13.0.96-py3-none-manylinux2014_x86_64.manylinux_2_17_x86_64.whl (2.2 MB)
   ━━━━━━━━━━━━━━━━━━━━━━━━━━━━━━━━━━━━━━━━ 2.2/2.2 MB 39.7 MB/s  0:00:00
Downloading nvidia_cufft-12.0.0.61-py3-none-manylinux2014_x86_64.manylinux_2_17_x86_64.whl (214.1 MB)
   ━━━━━━━━━━━━━━━━━━━━━━━━━━━━━━━━━━━━━━━━ 214.1/214.1 MB 42.5 MB/s  0:00:05
Downloading nvidia_cufile-1.15.1.6-py3-none-manylinux2014_x86_64.manylinux_2_17_x86_64.whl (1.2 MB)
   ━━━━━━━━━━━━━━━━━━━━━━━━━━━━━━━━━━━━━━━━ 1.2/1.2 MB 31.4 MB/s  0:00:00
Downloading nvidia_curand-10.4.0.35-py3-none-manylinux_2_27_x86_64.whl (59.5 MB)
   ━━━━━━━━━━━━━━━━━━━━━━━━━━━━━━━━━━━━━━━━ 59.5/59.5 MB 36.6 MB/s  0:00:01
Downloading nvidia_cusolver-12.0.4.66-py3-none-manylinux_2_27_x86_64.whl (200.9 MB)
   ━━━━━━━━━━━━━━━━━━━━━━━━━━━━━━━━━━━━━━━━ 200.9/200.9 MB 44.6 MB/s  0:00:04
Downloading nvidia_cusparse-12.6.3.3-py3-none-manylinux2014_x86_64.manylinux_2_17_x86_64.whl (145.9 MB)
   ━━━━━━━━━━━━━━━━━━━━━━━━━━━━━━━━━━━━━━━━ 145.9/145.9 MB 35.7 MB/s  0:00:04
Downloading nvidia_nvjitlink-13.3.33-py3-none-manylinux2010_x86_64.manylinux_2_12_x86_64.whl (40.7 MB)
   ━━━━━━━━━━━━━━━━━━━━━━━━━━━━━━━━━━━━━━━━ 40.7/40.7 MB 21.8 MB/s  0:00:01
Downloading nvidia_nvtx-13.0.85-py3-none-manylinux1_x86_64.manylinux_2_5_x86_64.whl (148 kB)
Downloading jsonargparse-4.49.0-py3-none-any.whl (134 kB)
Downloading aiohttp-3.14.1-cp312-cp312-manylinux2014_x86_64.manylinux_2_17_x86_64.manylinux_2_28_x86_64.whl (1.8 MB)
   ━━━━━━━━━━━━━━━━━━━━━━━━━━━━━━━━━━━━━━━━ 1.8/1.8 MB 28.8 MB/s  0:00:00
Downloading multidict-6.7.1-cp312-cp312-manylinux2014_x86_64.manylinux_2_17_x86_64.manylinux_2_28_x86_64.whl (256 kB)
Downloading yarl-1.24.2-cp312-cp312-manylinux2014_x86_64.manylinux_2_17_x86_64.manylinux_2_28_x86_64.whl (105 kB)
Downloading aiohappyeyeballs-2.7.1-py3-none-any.whl (15 kB)
Downloading aiosignal-1.4.0-py3-none-any.whl (7.5 kB)
Downloading attrs-26.1.0-py3-none-any.whl (67 kB)
Downloading cuda_pathfinder-1.5.6-py3-none-any.whl (52 kB)
Downloading frozenlist-1.8.0-cp312-cp312-manylinux1_x86_64.manylinux_2_28_x86_64.manylinux_2_5_x86_64.whl (242 kB)
Downloading idna-3.18-py3-none-any.whl (65 kB)
Downloading docstring_parser-0.18.0-py3-none-any.whl (22 kB)
Downloading networkx-3.6.1-py3-none-any.whl (2.1 MB)
   ━━━━━━━━━━━━━━━━━━━━━━━━━━━━━━━━━━━━━━━━ 2.1/2.1 MB 28.2 MB/s  0:00:00
Downloading numpy-2.5.1-cp312-cp312-manylinux_2_27_x86_64.manylinux_2_28_x86_64.whl (16.7 MB)
   ━━━━━━━━━━━━━━━━━━━━━━━━━━━━━━━━━━━━━━━━ 16.7/16.7 MB 30.2 MB/s  0:00:00
Downloading propcache-0.5.2-cp312-cp312-manylinux2014_x86_64.manylinux_2_17_x86_64.manylinux_2_28_x86_64.whl (61 kB)
Downloading setuptools-83.0.0-py3-none-any.whl (1.0 MB)
   ━━━━━━━━━━━━━━━━━━━━━━━━━━━━━━━━━━━━━━━━ 1.0/1.0 MB 30.5 MB/s  0:00:00
Downloading sympy-1.14.0-py3-none-any.whl (6.3 MB)
   ━━━━━━━━━━━━━━━━━━━━━━━━━━━━━━━━━━━━━━━━ 6.3/6.3 MB 33.5 MB/s  0:00:00
Downloading mpmath-1.3.0-py3-none-any.whl (536 kB)
   ━━━━━━━━━━━━━━━━━━━━━━━━━━━━━━━━━━━━━━━━ 536.2/536.2 kB 35.0 MB/s  0:00:00
Downloading typeshed_client-2.12.0-py3-none-any.whl (796 kB)
   ━━━━━━━━━━━━━━━━━━━━━━━━━━━━━━━━━━━━━━━━ 796.9/796.9 kB 33.0 MB/s  0:00:00
Downloading importlib_resources-7.1.0-py3-none-any.whl (37 kB)
Downloading filelock-3.30.2-py3-none-any.whl (94 kB)
Downloading jinja2-3.1.6-py3-none-any.whl (134 kB)
Downloading markupsafe-3.0.3-cp312-cp312-manylinux2014_x86_64.manylinux_2_17_x86_64.manylinux_2_28_x86_64.whl (22 kB)
Installing collected packages: nvidia-cusparselt-cu13, mpmath, cuda-toolkit, typing-extensions, triton, tqdm, sympy, setuptools, PyYAML, propcache, packaging, nvidia-nvtx, nvidia-nvshmem-cu13, nvidia-nvjitlink, nvidia-nccl-cu13, nvidia-curand, nvidia-cufile, nvidia-cuda-runtime, nvidia-cuda-nvrtc, nvidia-cuda-cupti, numpy, networkx, multidict, MarkupSafe, importlib_resources, idna, fsspec, frozenlist, filelock, docstring-parser, cuda-pathfinder, attrs, aiohappyeyeballs, yarl, typeshed-client, nvidia-cusparse, nvidia-cufft, nvidia-cublas, lightning-utilities, jsonargparse, jinja2, cuda-bindings, aiosignal, nvidia-cusolver, nvidia-cudnn-cu13, aiohttp, torch, torchmetrics

Successfully installed MarkupSafe-3.0.3 PyYAML-6.0.3 aiohappyeyeballs-2.7.1 aiohttp-3.14.1 aiosignal-1.4.0 attrs-26.1.0 cuda-bindings-13.3.1 cuda-pathfinder-1.5.6 cuda-toolkit-13.0.3.0 docstring-parser-0.18.0 filelock-3.30.2 frozenlist-1.8.0 fsspec-2024.12.0 idna-3.18 importlib_resources-7.1.0 jinja2-3.1.6 jsonargparse-4.49.0 lightning-utilities-0.15.3 mpmath-1.3.0 multidict-6.7.1 networkx-3.6.1 numpy-2.5.1 nvidia-cublas-13.1.1.3 nvidia-cuda-cupti-13.0.85 nvidia-cuda-nvrtc-13.0.88 nvidia-cuda-runtime-13.0.96 nvidia-cudnn-cu13-9.20.0.48 nvidia-cufft-12.0.0.61 nvidia-cufile-1.15.1.6 nvidia-curand-10.4.0.35 nvidia-cusolver-12.0.4.66 nvidia-cusparse-12.6.3.3 nvidia-cusparselt-cu13-0.8.1 nvidia-nccl-cu13-2.29.7 nvidia-nvjitlink-13.3.33 nvidia-nvshmem-cu13-3.4.5 nvidia-nvtx-13.0.85 packaging-23.2 propcache-0.5.2 setuptools-83.0.0 sympy-1.14.0 torch-2.13.0 torchmetrics-1.9.0 tqdm-4.68.4 triton-3.7.1 typeshed-client-2.12.0 typing-extensions-4.16.0 yarl-1.24.2
180/.venv/bin/python
new_callback_module=lightning.pytorch.callbacks.callback
old_callback_module=pytorch_lightning.callbacks.callback
my_callback_module=__main__
isinstance(MyCallback, NewCallback)=False
creating Trainer(callbacks=[MyCallback])
