Requirement already satisfied: pip in ./.venv/lib/python3.9/site-packages (21.2.4)
Collecting pip
  Using cached pip-26.0.1-py3-none-any.whl (1.8 MB)
Requirement already satisfied: setuptools in ./.venv/lib/python3.9/site-packages (58.0.4)
Collecting setuptools
  Downloading setuptools-82.0.1-py3-none-any.whl (1.0 MB)
Collecting wheel
  Downloading wheel-0.48.0-py3-none-any.whl (33 kB)
Collecting packaging>=24.0
  Using cached packaging-26.3-py3-none-any.whl (129 kB)
Installing collected packages: packaging, wheel, setuptools, pip
  Attempting uninstall: setuptools
    Found existing installation: setuptools 58.0.4
    Uninstalling setuptools-58.0.4:
      Successfully uninstalled setuptools-58.0.4
  Attempting uninstall: pip
    Found existing installation: pip 21.2.4
    Uninstalling pip-21.2.4:
      Successfully uninstalled pip-21.2.4
Successfully installed packaging-26.3 pip-26.0.1 setuptools-82.0.1 wheel-0.48.0
Collecting lark==1.3.1 (from -r /tmp/aifaultbench_bug/775/requirements.txt (line 1))
  Downloading lark-1.3.1-py3-none-any.whl.metadata (1.8 kB)
Downloading lark-1.3.1-py3-none-any.whl (113 kB)
Installing collected packages: lark
Successfully installed lark-1.3.1
unparenthesized with-statement: parsed OK
parenthesized with-statement: FAILED as expected
error = Unexpected token Token('AS', 'as') at line 1, column 21.
