2026-07-17 01:36:24.071106: I tensorflow/core/util/port.cc:153] oneDNN custom operations are on. You may see slightly different numerical results due to floating-point round-off errors from different computation orders. To turn them off, set the environment variable `TF_ENABLE_ONEDNN_OPTS=0`.
2026-07-17 01:36:24.081103: E external/local_xla/xla/stream_executor/cuda/cuda_fft.cc:467] Unable to register cuFFT factory: Attempting to register factory for plugin cuFFT when one has already been registered
WARNING: All log messages before absl::InitializeLog() is called are written to STDERR
E0000 00:00:1784262984.093930 1700320 cuda_dnn.cc:8579] Unable to register cuDNN factory: Attempting to register factory for plugin cuDNN when one has already been registered
E0000 00:00:1784262984.097528 1700320 cuda_blas.cc:1407] Unable to register cuBLAS factory: Attempting to register factory for plugin cuBLAS when one has already been registered
W0000 00:00:1784262984.106727 1700320 computation_placer.cc:177] computation placer already registered. Please check linkage and avoid linking the same target more than once.
W0000 00:00:1784262984.106745 1700320 computation_placer.cc:177] computation placer already registered. Please check linkage and avoid linking the same target more than once.
W0000 00:00:1784262984.106746 1700320 computation_placer.cc:177] computation placer already registered. Please check linkage and avoid linking the same target more than once.
W0000 00:00:1784262984.106747 1700320 computation_placer.cc:177] computation placer already registered. Please check linkage and avoid linking the same target more than once.
2026-07-17 01:36:24.110073: I tensorflow/core/platform/cpu_feature_guard.cc:210] This TensorFlow binary is optimized to use available CPU instructions in performance-critical operations.
To enable the following instructions: AVX2 AVX512F AVX512_VNNI AVX512_BF16 AVX512_FP16 AVX_VNNI AMX_TILE AMX_INT8 AMX_BF16 FMA, in other operations, rebuild TensorFlow with the appropriate compiler flags.
ERROR:absl:Detected incompatible Protobuf Gencode/Runtime versions when loading tensorflow_metadata/proto/v0/anomalies.proto: gencode 6.31.1 runtime 5.29.6. Runtime version cannot be older than the linked gencode version. See Protobuf version guarantees at https://protobuf.dev/support/cross-version-runtime-guarantee.
Traceback (most recent call last):
  File "059/.venv/lib/python3.12/site-packages/tensorflow_datasets/__init__.py", line 79, in <module>
    from tensorflow_datasets import rlds  # pylint: disable=g-bad-import-order
    ^^^^^^^^^^^^^^^^^^^^^^^^^^^^^^^^^^^^
  File "059/.venv/lib/python3.12/site-packages/tensorflow_datasets/rlds/__init__.py", line 21, in <module>
    from tensorflow_datasets.rlds import envlogger_reader
  File "059/.venv/lib/python3.12/site-packages/tensorflow_datasets/rlds/envlogger_reader.py", line 21, in <module>
    from tensorflow_datasets.core.utils.lazy_imports_utils import tree
  File "059/.venv/lib/python3.12/site-packages/tensorflow_datasets/core/__init__.py", line 21, in <module>
    from tensorflow_datasets.core import community
  File "059/.venv/lib/python3.12/site-packages/tensorflow_datasets/core/community/__init__.py", line 19, in <module>
    from tensorflow_datasets.core.community.huggingface_wrapper import mock_builtin_to_use_gfile
  File "059/.venv/lib/python3.12/site-packages/tensorflow_datasets/core/community/huggingface_wrapper.py", line 32, in <module>
    from tensorflow_datasets.core import dataset_builder
  File "059/.venv/lib/python3.12/site-packages/tensorflow_datasets/core/dataset_builder.py", line 162, in <module>
    class DatasetBuilder(registered.RegisteredDataset):
                         ^^^^^^^^^^^^^^^^^^^^^^^^^^^^
  File "059/.venv/lib/python3.12/site-packages/etils/epy/lazy_imports_utils.py", line 123, in __getattr__
    return getattr(self._module, name)
                   ^^^^^^^^^^^^
  File "/usr/lib/python3.12/functools.py", line 995, in __get__
    val = self.func(instance)
          ^^^^^^^^^^^^^^^^^^^
  File "059/.venv/lib/python3.12/site-packages/etils/epy/lazy_imports_utils.py", line 84, in _module
    module = importlib.import_module(self.module_name)
             ^^^^^^^^^^^^^^^^^^^^^^^^^^^^^^^^^^^^^^^^^
  File "/usr/lib/python3.12/importlib/__init__.py", line 90, in import_module
    return _bootstrap._gcd_import(name[level:], package, level)
           ^^^^^^^^^^^^^^^^^^^^^^^^^^^^^^^^^^^^^^^^^^^^^^^^^^^^
  File "059/.venv/lib/python3.12/site-packages/tensorflow_datasets/core/registered.py", line 36, in <module>
    import tensorflow_datasets.core.logging as _tfds_logging
  File "059/.venv/lib/python3.12/site-packages/tensorflow_datasets/core/logging/__init__.py", line 29, in <module>
    from tensorflow_datasets.core.logging import logging_logger
  File "059/.venv/lib/python3.12/site-packages/tensorflow_datasets/core/logging/logging_logger.py", line 21, in <module>
    from tensorflow_datasets.core import decode
  File "059/.venv/lib/python3.12/site-packages/tensorflow_datasets/core/decode/__init__.py", line 22, in <module>
    from tensorflow_datasets.core.decode.partial_decode import PartialDecoding
  File "059/.venv/lib/python3.12/site-packages/tensorflow_datasets/core/decode/partial_decode.py", line 21, in <module>
    from tensorflow_datasets.core import features as features_lib
  File "059/.venv/lib/python3.12/site-packages/tensorflow_datasets/core/features/__init__.py", line 22, in <module>
    from tensorflow_datasets.core.features.audio_feature import Audio
  File "059/.venv/lib/python3.12/site-packages/tensorflow_datasets/core/features/audio_feature.py", line 33, in <module>
    from tensorflow_datasets.core.features import feature as feature_lib
  File "059/.venv/lib/python3.12/site-packages/tensorflow_datasets/core/features/feature.py", line 36, in <module>
    from tensorflow_datasets.core.proto import feature_pb2
  File "059/.venv/lib/python3.12/site-packages/tensorflow_datasets/core/proto/__init__.py", line 18, in <module>
    from tensorflow_datasets.core.proto import dataset_info_generated_pb2 as dataset_info_pb2  # pylint: disable=line-too-long
    ^^^^^^^^^^^^^^^^^^^^^^^^^^^^^^^^^^^^^^^^^^^^^^^^^^^^^^^^^^^^^^^^^^^^^^^^^^^^^^^^^^^^^^^^^
  File "059/.venv/lib/python3.12/site-packages/tensorflow_datasets/core/proto/dataset_info_generated_pb2.py", line 32, in <module>
    from tensorflow_metadata.proto.v0 import schema_pb2 as tensorflow__metadata_dot_proto_dot_v0_dot_schema__pb2
  File "059/.venv/lib/python3.12/site-packages/tensorflow_metadata/proto/__init__.py", line 16, in <module>
    from tensorflow_metadata.proto.v0 import (
  File "059/.venv/lib/python3.12/site-packages/tensorflow_metadata/proto/v0/anomalies_pb2.py", line 12, in <module>
    _runtime_version.ValidateProtobufRuntimeVersion(
  File "059/.venv/lib/python3.12/site-packages/google/protobuf/runtime_version.py", line 100, in ValidateProtobufRuntimeVersion
    _ReportVersionError(
  File "059/.venv/lib/python3.12/site-packages/google/protobuf/runtime_version.py", line 50, in _ReportVersionError
    raise VersionError(msg)
google.protobuf.runtime_version.VersionError: Detected incompatible Protobuf Gencode/Runtime versions when loading tensorflow_metadata/proto/v0/anomalies.proto: gencode 6.31.1 runtime 5.29.6. Runtime version cannot be older than the linked gencode version. See Protobuf version guarantees at https://protobuf.dev/support/cross-version-runtime-guarantee.
W0000 00:00:1784262985.427373 1700320 gpu_device.cc:2341] Cannot dlopen some GPU libraries. Please make sure the missing libraries mentioned above are installed properly if you would like to use GPU. Follow the guide at https://www.tensorflow.org/install/gpu for how to download and setup the required libraries for your platform.
Skipping registering GPU devices...
2026-07-17 01:36:25.466020: I tensorflow/core/framework/local_rendezvous.cc:407] Local rendezvous is aborting with status: INVALID_ARGUMENT: ConcatOp : Dimension 1 in both shapes must be equal: shape[0] = [1,2,4] vs. shape[1] = [1,1,4]
2026-07-17 01:36:25.466897: W tensorflow/core/framework/op_kernel.cc:1844] UNKNOWN: InvalidArgumentError: {{function_node __wrapped__ConcatV2_N_2_device_/job:localhost/replica:0/task:0/device:CPU:0}} ConcatOp : Dimension 1 in both shapes must be equal: shape[0] = [1,2,4] vs. shape[1] = [1,1,4] [Op:ConcatV2] name: concat
Traceback (most recent call last):

  File "059/.venv/lib/python3.12/site-packages/tensorflow/python/ops/script_ops.py", line 267, in __call__
    return func(device, token, args)
           ^^^^^^^^^^^^^^^^^^^^^^^^^

  File "059/.venv/lib/python3.12/site-packages/tensorflow/python/ops/script_ops.py", line 145, in __call__
    outputs = self._call(device, args)
              ^^^^^^^^^^^^^^^^^^^^^^^^

  File "059/.venv/lib/python3.12/site-packages/tensorflow/python/ops/script_ops.py", line 152, in _call
    ret = self._func(*args)
          ^^^^^^^^^^^^^^^^^

  File "059/.venv/lib/python3.12/site-packages/tensorflow/python/autograph/impl/api.py", line 643, in wrapper
    return func(*args, **kwargs)
           ^^^^^^^^^^^^^^^^^^^^^

  File "059/.venv/lib/python3.12/site-packages/keras_cv/src/metrics/object_detection/box_coco_metrics.py", line 205, in result_on_host_cpu
    return tf.constant(obj_result(force), obj.dtype)
                       ^^^^^^^^^^^^^^^^^

  File "059/.venv/lib/python3.12/site-packages/keras_cv/src/metrics/object_detection/box_coco_metrics.py", line 256, in result
    self._cached_result = self._compute_result()
                          ^^^^^^^^^^^^^^^^^^^^^^

  File "059/.venv/lib/python3.12/site-packages/keras_cv/src/metrics/object_detection/box_coco_metrics.py", line 264, in _compute_result
    _box_concat(self.ground_truths),
    ^^^^^^^^^^^^^^^^^^^^^^^^^^^^^^^

  File "059/.venv/lib/python3.12/site-packages/keras_cv/src/metrics/object_detection/box_coco_metrics.py", line 44, in _box_concat
    result[key] = tf.concat([b[key] for b in boxes], axis=0)
                  ^^^^^^^^^^^^^^^^^^^^^^^^^^^^^^^^^^^^^^^^^^

  File "059/.venv/lib/python3.12/site-packages/tensorflow/python/util/traceback_utils.py", line 153, in error_handler
    raise e.with_traceback(filtered_tb) from None

  File "059/.venv/lib/python3.12/site-packages/tensorflow/python/framework/ops.py", line 6006, in raise_from_not_ok_status
    raise core._status_to_exception(e) from None  # pylint: disable=protected-access
    ^^^^^^^^^^^^^^^^^^^^^^^^^^^^^^^^^^^^^^^^^^^^

tensorflow.python.framework.errors_impl.InvalidArgumentError: {{function_node __wrapped__ConcatV2_N_2_device_/job:localhost/replica:0/task:0/device:CPU:0}} ConcatOp : Dimension 1 in both shapes must be equal: shape[0] = [1,2,4] vs. shape[1] = [1,1,4] [Op:ConcatV2] name: concat


2026-07-17 01:36:25.466918: I tensorflow/core/framework/local_rendezvous.cc:407] Local rendezvous is aborting with status: UNKNOWN: InvalidArgumentError: {{function_node __wrapped__ConcatV2_N_2_device_/job:localhost/replica:0/task:0/device:CPU:0}} ConcatOp : Dimension 1 in both shapes must be equal: shape[0] = [1,2,4] vs. shape[1] = [1,1,4] [Op:ConcatV2] name: concat
Traceback (most recent call last):

  File "059/.venv/lib/python3.12/site-packages/tensorflow/python/ops/script_ops.py", line 267, in __call__
    return func(device, token, args)
           ^^^^^^^^^^^^^^^^^^^^^^^^^

  File "059/.venv/lib/python3.12/site-packages/tensorflow/python/ops/script_ops.py", line 145, in __call__
    outputs = self._call(device, args)
              ^^^^^^^^^^^^^^^^^^^^^^^^

  File "059/.venv/lib/python3.12/site-packages/tensorflow/python/ops/script_ops.py", line 152, in _call
    ret = self._func(*args)
          ^^^^^^^^^^^^^^^^^

  File "059/.venv/lib/python3.12/site-packages/tensorflow/python/autograph/impl/api.py", line 643, in wrapper
    return func(*args, **kwargs)
           ^^^^^^^^^^^^^^^^^^^^^

  File "059/.venv/lib/python3.12/site-packages/keras_cv/src/metrics/object_detection/box_coco_metrics.py", line 205, in result_on_host_cpu
    return tf.constant(obj_result(force), obj.dtype)
                       ^^^^^^^^^^^^^^^^^

  File "059/.venv/lib/python3.12/site-packages/keras_cv/src/metrics/object_detection/box_coco_metrics.py", line 256, in result
    self._cached_result = self._compute_result()
                          ^^^^^^^^^^^^^^^^^^^^^^

  File "059/.venv/lib/python3.12/site-packages/keras_cv/src/metrics/object_detection/box_coco_metrics.py", line 264, in _compute_result
    _box_concat(self.ground_truths),
    ^^^^^^^^^^^^^^^^^^^^^^^^^^^^^^^

  File "059/.venv/lib/python3.12/site-packages/keras_cv/src/metrics/object_detection/box_coco_metrics.py", line 44, in _box_concat
    result[key] = tf.concat([b[key] for b in boxes], axis=0)
                  ^^^^^^^^^^^^^^^^^^^^^^^^^^^^^^^^^^^^^^^^^^

  File "059/.venv/lib/python3.12/site-packages/tensorflow/python/util/traceback_utils.py", line 153, in error_handler
    raise e.with_traceback(filtered_tb) from None

  File "059/.venv/lib/python3.12/site-packages/tensorflow/python/framework/ops.py", line 6006, in raise_from_not_ok_status
    raise core._status_to_exception(e) from None  # pylint: disable=protected-access
    ^^^^^^^^^^^^^^^^^^^^^^^^^^^^^^^^^^^^^^^^^^^^

tensorflow.python.framework.errors_impl.InvalidArgumentError: {{function_node __wrapped__ConcatV2_N_2_device_/job:localhost/replica:0/task:0/device:CPU:0}} ConcatOp : Dimension 1 in both shapes must be equal: shape[0] = [1,2,4] vs. shape[1] = [1,1,4] [Op:ConcatV2] name: concat


Traceback (most recent call last):
  File "059/repro.py", line 37, in <module>
    main()
  File "059/repro.py", line 33, in main
    print(metric.result(force=True))
          ^^^^^^^^^^^^^^^^^^^^^^^^^
  File "059/.venv/lib/python3.12/site-packages/keras_cv/src/metrics/object_detection/box_coco_metrics.py", line 210, in result_fn
    py_func_result = tf.py_function(
                     ^^^^^^^^^^^^^^^
  File "059/.venv/lib/python3.12/site-packages/tensorflow/python/util/traceback_utils.py", line 153, in error_handler
    raise e.with_traceback(filtered_tb) from None
  File "059/.venv/lib/python3.12/site-packages/tensorflow/python/framework/ops.py", line 6006, in raise_from_not_ok_status
    raise core._status_to_exception(e) from None  # pylint: disable=protected-access
    ^^^^^^^^^^^^^^^^^^^^^^^^^^^^^^^^^^^^^^^^^^^^
tensorflow.python.framework.errors_impl.UnknownError: {{function_node __wrapped__EagerPyFunc_Tin_1_Tout_1_device_/job:localhost/replica:0/task:0/device:CPU:0}} InvalidArgumentError: {{function_node __wrapped__ConcatV2_N_2_device_/job:localhost/replica:0/task:0/device:CPU:0}} ConcatOp : Dimension 1 in both shapes must be equal: shape[0] = [1,2,4] vs. shape[1] = [1,1,4] [Op:ConcatV2] name: concat
Traceback (most recent call last):

  File "059/.venv/lib/python3.12/site-packages/tensorflow/python/ops/script_ops.py", line 267, in __call__
    return func(device, token, args)
           ^^^^^^^^^^^^^^^^^^^^^^^^^

  File "059/.venv/lib/python3.12/site-packages/tensorflow/python/ops/script_ops.py", line 145, in __call__
    outputs = self._call(device, args)
              ^^^^^^^^^^^^^^^^^^^^^^^^

  File "059/.venv/lib/python3.12/site-packages/tensorflow/python/ops/script_ops.py", line 152, in _call
    ret = self._func(*args)
          ^^^^^^^^^^^^^^^^^

  File "059/.venv/lib/python3.12/site-packages/tensorflow/python/autograph/impl/api.py", line 643, in wrapper
    return func(*args, **kwargs)
           ^^^^^^^^^^^^^^^^^^^^^

  File "059/.venv/lib/python3.12/site-packages/keras_cv/src/metrics/object_detection/box_coco_metrics.py", line 205, in result_on_host_cpu
    return tf.constant(obj_result(force), obj.dtype)
                       ^^^^^^^^^^^^^^^^^

  File "059/.venv/lib/python3.12/site-packages/keras_cv/src/metrics/object_detection/box_coco_metrics.py", line 256, in result
    self._cached_result = self._compute_result()
                          ^^^^^^^^^^^^^^^^^^^^^^

  File "059/.venv/lib/python3.12/site-packages/keras_cv/src/metrics/object_detection/box_coco_metrics.py", line 264, in _compute_result
    _box_concat(self.ground_truths),
    ^^^^^^^^^^^^^^^^^^^^^^^^^^^^^^^

  File "059/.venv/lib/python3.12/site-packages/keras_cv/src/metrics/object_detection/box_coco_metrics.py", line 44, in _box_concat
    result[key] = tf.concat([b[key] for b in boxes], axis=0)
                  ^^^^^^^^^^^^^^^^^^^^^^^^^^^^^^^^^^^^^^^^^^

  File "059/.venv/lib/python3.12/site-packages/tensorflow/python/util/traceback_utils.py", line 153, in error_handler
    raise e.with_traceback(filtered_tb) from None

  File "059/.venv/lib/python3.12/site-packages/tensorflow/python/framework/ops.py", line 6006, in raise_from_not_ok_status
    raise core._status_to_exception(e) from None  # pylint: disable=protected-access
    ^^^^^^^^^^^^^^^^^^^^^^^^^^^^^^^^^^^^^^^^^^^^

tensorflow.python.framework.errors_impl.InvalidArgumentError: {{function_node __wrapped__ConcatV2_N_2_device_/job:localhost/replica:0/task:0/device:CPU:0}} ConcatOp : Dimension 1 in both shapes must be equal: shape[0] = [1,2,4] vs. shape[1] = [1,1,4] [Op:ConcatV2] name: concat

 [Op:EagerPyFunc] name: 
