Python 3.9.25 is already installed
Using CPython 3.9.25
Creating virtual environment at: .venv
Activate with: source .venv/bin/activate
Resolved 1 package in 56ms
Prepared 1 package in 0.19ms
Installed 1 package in 11ms
 + pip==26.0.1
Resolved 45 packages in 15ms
Installed 45 packages in 103ms
 + filelock==3.19.1
 + fsspec==2025.10.0
 + importlib-metadata==8.7.1
 + jinja2==3.1.6
 + joblib==1.5.3
 + markupsafe==3.0.3
 + mpmath==1.3.0
 + networkx==3.2.1
 + numpy==2.0.2
 + nvidia-cublas-cu12==12.8.4.1
 + nvidia-cuda-cupti-cu12==12.8.90
 + nvidia-cuda-nvrtc-cu12==12.8.93
 + nvidia-cuda-runtime-cu12==12.8.90
 + nvidia-cudnn-cu12==9.10.2.21
 + nvidia-cufft-cu12==11.3.3.83
 + nvidia-cufile-cu12==1.13.1.3
 + nvidia-curand-cu12==10.3.9.90
 + nvidia-cusolver-cu12==11.7.3.90
 + nvidia-cusparse-cu12==12.5.8.93
 + nvidia-cusparselt-cu12==0.7.1
 + nvidia-nccl-cu12==2.27.3
 + nvidia-nvjitlink-cu12==12.8.93
 + nvidia-nvtx-cu12==12.8.90
 + opt-einsum==3.4.0
 + packaging==26.2
 + pandas==2.3.3
 + patsy==1.0.2
 + pgmpy==1.0.0
 + pyro-api==0.1.2
 + pyro-ppl==1.9.1
 + python-dateutil==2.9.0.post0
 + pytz==2026.2
 + scikit-learn==1.6.1
 + scipy==1.13.1
 + setuptools==82.0.1
 + six==1.17.0
 + statsmodels==0.14.6
 + sympy==1.14.0
 + threadpoolctl==3.6.0
 + torch==2.8.0
 + tqdm==4.68.4
 + triton==3.4.0
 + typing-extensions==4.16.0
 + tzdata==2026.3
 + zipp==3.23.1
Traceback (most recent call last):
  File "432/repro.py", line 13, in <module>
    from pgmpy.estimators.CITests import chi_square  # noqa: F401
  File "432/.venv/lib/python3.9/site-packages/pgmpy/estimators/__init__.py", line 1, in <module>
    from pgmpy.estimators.base import BaseEstimator, ParameterEstimator, StructureEstimator
  File "432/.venv/lib/python3.9/site-packages/pgmpy/estimators/base.py", line 10, in <module>
    from pgmpy.inference.ExactInference import BeliefPropagation
  File "432/.venv/lib/python3.9/site-packages/pgmpy/inference/__init__.py", line 1, in <module>
    from .base import Inference
  File "432/.venv/lib/python3.9/site-packages/pgmpy/inference/base.py", line 9, in <module>
    from pgmpy.models import (
  File "432/.venv/lib/python3.9/site-packages/pgmpy/models/__init__.py", line 2, in <module>
    from .ClusterGraph import ClusterGraph
  File "432/.venv/lib/python3.9/site-packages/pgmpy/models/ClusterGraph.py", line 7, in <module>
    from pgmpy.base import UndirectedGraph
  File "432/.venv/lib/python3.9/site-packages/pgmpy/base/__init__.py", line 2, in <module>
    from .DAG import DAG, PDAG
  File "432/.venv/lib/python3.9/site-packages/pgmpy/base/DAG.py", line 15, in <module>
    class DAG(nx.DiGraph):
  File "432/.venv/lib/python3.9/site-packages/pgmpy/base/DAG.py", line 263, in DAG
    def add_edge(self, u, v, weight: int | float = None):
TypeError: unsupported operand type(s) for |: 'type' and 'type'
