Requirement already satisfied: pip in ./.venv/lib/python3.12/site-packages (24.0)
Collecting pip
  Downloading pip-26.1.2-py3-none-any.whl.metadata (4.6 kB)
Downloading pip-26.1.2-py3-none-any.whl (1.8 MB)
   ━━━━━━━━━━━━━━━━━━━━━━━━━━━━━━━━━━━━━━━━ 1.8/1.8 MB 21.1 MB/s eta 0:00:00

Installing collected packages: pip
  Attempting uninstall: pip
    Found existing installation: pip 24.0
    Uninstalling pip-24.0:
      Successfully uninstalled pip-24.0
Successfully installed pip-26.1.2
Collecting keras==3.9.0 (from -r 116/requirements.txt (line 1))
  Downloading keras-3.9.0-py3-none-any.whl.metadata (6.1 kB)
Collecting jax==0.4.38 (from -r 116/requirements.txt (line 2))
  Downloading jax-0.4.38-py3-none-any.whl.metadata (22 kB)
Collecting jaxlib==0.4.38 (from -r 116/requirements.txt (line 3))
  Downloading jaxlib-0.4.38-cp312-cp312-manylinux2014_x86_64.whl.metadata (1.0 kB)
Collecting numpy==1.26.4 (from -r 116/requirements.txt (line 4))
  Downloading numpy-1.26.4-cp312-cp312-manylinux_2_17_x86_64.manylinux2014_x86_64.whl.metadata (61 kB)
Collecting scipy (from -r 116/requirements.txt (line 5))
  Downloading scipy-1.18.0-cp312-cp312-manylinux_2_27_x86_64.manylinux_2_28_x86_64.whl.metadata (62 kB)
Collecting pandas (from -r 116/requirements.txt (line 6))
  Downloading pandas-3.0.3-cp312-cp312-manylinux_2_24_x86_64.manylinux_2_28_x86_64.whl.metadata (79 kB)
Collecting matplotlib (from -r 116/requirements.txt (line 7))
  Downloading matplotlib-3.11.0-cp312-cp312-manylinux2014_x86_64.manylinux_2_17_x86_64.whl.metadata (80 kB)
Collecting seaborn (from -r 116/requirements.txt (line 8))
  Downloading seaborn-0.13.2-py3-none-any.whl.metadata (5.4 kB)
Collecting tqdm (from -r 116/requirements.txt (line 9))
  Downloading tqdm-4.68.4-py3-none-any.whl.metadata (57 kB)
Collecting absl-py (from keras==3.9.0->-r 116/requirements.txt (line 1))
  Downloading absl_py-2.5.0-py3-none-any.whl.metadata (3.3 kB)
Collecting rich (from keras==3.9.0->-r 116/requirements.txt (line 1))
  Downloading rich-15.0.0-py3-none-any.whl.metadata (18 kB)
Collecting namex (from keras==3.9.0->-r 116/requirements.txt (line 1))
  Downloading namex-0.1.0-py3-none-any.whl.metadata (322 bytes)
Collecting h5py (from keras==3.9.0->-r 116/requirements.txt (line 1))
  Downloading h5py-3.16.0-cp312-cp312-manylinux_2_28_x86_64.whl.metadata (3.0 kB)
Collecting optree (from keras==3.9.0->-r 116/requirements.txt (line 1))
  Downloading optree-0.19.1-cp312-cp312-manylinux_2_27_x86_64.manylinux_2_28_x86_64.whl.metadata (32 kB)
Collecting ml-dtypes (from keras==3.9.0->-r 116/requirements.txt (line 1))
  Downloading ml_dtypes-0.5.4-cp312-cp312-manylinux_2_27_x86_64.manylinux_2_28_x86_64.whl.metadata (8.9 kB)
Collecting packaging (from keras==3.9.0->-r 116/requirements.txt (line 1))
  Downloading packaging-26.2-py3-none-any.whl.metadata (3.5 kB)
Collecting opt_einsum (from jax==0.4.38->-r 116/requirements.txt (line 2))
  Downloading opt_einsum-3.4.0-py3-none-any.whl.metadata (6.3 kB)
INFO: pip is looking at multiple versions of scipy to determine which version is compatible with other requirements. This could take a while.
Collecting scipy (from -r 116/requirements.txt (line 5))
  Downloading scipy-1.17.1-cp312-cp312-manylinux_2_27_x86_64.manylinux_2_28_x86_64.whl.metadata (62 kB)
Collecting python-dateutil>=2.8.2 (from pandas->-r 116/requirements.txt (line 6))
  Downloading python_dateutil-2.9.0.post0-py2.py3-none-any.whl.metadata (8.4 kB)
Collecting contourpy>=1.0.1 (from matplotlib->-r 116/requirements.txt (line 7))
  Downloading contourpy-1.3.3-cp312-cp312-manylinux_2_27_x86_64.manylinux_2_28_x86_64.whl.metadata (5.5 kB)
Collecting cycler>=0.10 (from matplotlib->-r 116/requirements.txt (line 7))
  Downloading cycler-0.12.1-py3-none-any.whl.metadata (3.8 kB)
Collecting fonttools>=4.22.0 (from matplotlib->-r 116/requirements.txt (line 7))
  Downloading fonttools-4.63.0-cp312-cp312-manylinux2014_x86_64.manylinux_2_17_x86_64.whl.metadata (118 kB)
Collecting kiwisolver>=1.3.1 (from matplotlib->-r 116/requirements.txt (line 7))
  Downloading kiwisolver-1.5.0-cp312-cp312-manylinux2014_x86_64.manylinux_2_17_x86_64.whl.metadata (5.1 kB)
Collecting pillow>=9 (from matplotlib->-r 116/requirements.txt (line 7))
  Downloading pillow-12.3.0-cp312-cp312-manylinux_2_27_x86_64.manylinux_2_28_x86_64.whl.metadata (9.1 kB)
Collecting pyparsing>=3 (from matplotlib->-r 116/requirements.txt (line 7))
  Downloading pyparsing-3.3.2-py3-none-any.whl.metadata (5.8 kB)
Collecting six>=1.5 (from python-dateutil>=2.8.2->pandas->-r 116/requirements.txt (line 6))
  Downloading six-1.17.0-py2.py3-none-any.whl.metadata (1.7 kB)
Collecting typing-extensions>=4.6.0 (from optree->keras==3.9.0->-r 116/requirements.txt (line 1))
  Downloading typing_extensions-4.16.0-py3-none-any.whl.metadata (3.3 kB)
Collecting markdown-it-py>=2.2.0 (from rich->keras==3.9.0->-r 116/requirements.txt (line 1))
  Downloading markdown_it_py-4.2.0-py3-none-any.whl.metadata (7.4 kB)
Collecting pygments<3.0.0,>=2.13.0 (from rich->keras==3.9.0->-r 116/requirements.txt (line 1))
  Downloading pygments-2.20.0-py3-none-any.whl.metadata (2.5 kB)
Collecting mdurl~=0.1 (from markdown-it-py>=2.2.0->rich->keras==3.9.0->-r 116/requirements.txt (line 1))
  Downloading mdurl-0.1.2-py3-none-any.whl.metadata (1.6 kB)
Downloading keras-3.9.0-py3-none-any.whl (1.3 MB)
   ━━━━━━━━━━━━━━━━━━━━━━━━━━━━━━━━━━━━━━━━ 1.3/1.3 MB 25.3 MB/s  0:00:00

Downloading jax-0.4.38-py3-none-any.whl (2.2 MB)
   ━━━━━━━━━━━━━━━━━━━━━━━━━━━━━━━━━━━━━━━━ 2.2/2.2 MB 47.5 MB/s  0:00:00

Downloading jaxlib-0.4.38-cp312-cp312-manylinux2014_x86_64.whl (101.8 MB)
   ━━━━━━━━━━━━━━━━━━━━━━━━━━━━━━━━━━━━━━━━ 101.8/101.8 MB 75.1 MB/s  0:00:01

Downloading numpy-1.26.4-cp312-cp312-manylinux_2_17_x86_64.manylinux2014_x86_64.whl (18.0 MB)
   ━━━━━━━━━━━━━━━━━━━━━━━━━━━━━━━━━━━━━━━━ 18.0/18.0 MB 36.4 MB/s  0:00:00

Downloading scipy-1.17.1-cp312-cp312-manylinux_2_27_x86_64.manylinux_2_28_x86_64.whl (35.2 MB)
   ━━━━━━━━━━━━━━━━━━━━━━━━━━━━━━━━━━━━━━━━ 35.2/35.2 MB 39.2 MB/s  0:00:00

Downloading pandas-3.0.3-cp312-cp312-manylinux_2_24_x86_64.manylinux_2_28_x86_64.whl (10.9 MB)
   ━━━━━━━━━━━━━━━━━━━━━━━━━━━━━━━━━━━━━━━━ 10.9/10.9 MB 42.6 MB/s  0:00:00

Downloading matplotlib-3.11.0-cp312-cp312-manylinux2014_x86_64.manylinux_2_17_x86_64.whl (10.0 MB)
   ━━━━━━━━━━━━━━━━━━━━━━━━━━━━━━━━━━━━━━━━ 10.0/10.0 MB 45.6 MB/s  0:00:00

Downloading seaborn-0.13.2-py3-none-any.whl (294 kB)
Downloading tqdm-4.68.4-py3-none-any.whl (676 kB)
   ━━━━━━━━━━━━━━━━━━━━━━━━━━━━━━━━━━━━━━━━ 676.6/676.6 kB 45.4 MB/s  0:00:00

Downloading contourpy-1.3.3-cp312-cp312-manylinux_2_27_x86_64.manylinux_2_28_x86_64.whl (362 kB)
Downloading cycler-0.12.1-py3-none-any.whl (8.3 kB)
Downloading fonttools-4.63.0-cp312-cp312-manylinux2014_x86_64.manylinux_2_17_x86_64.whl (5.0 MB)
   ━━━━━━━━━━━━━━━━━━━━━━━━━━━━━━━━━━━━━━━━ 5.0/5.0 MB 47.1 MB/s  0:00:00

Downloading kiwisolver-1.5.0-cp312-cp312-manylinux2014_x86_64.manylinux_2_17_x86_64.whl (1.5 MB)
   ━━━━━━━━━━━━━━━━━━━━━━━━━━━━━━━━━━━━━━━━ 1.5/1.5 MB 46.1 MB/s  0:00:00

Downloading ml_dtypes-0.5.4-cp312-cp312-manylinux_2_27_x86_64.manylinux_2_28_x86_64.whl (5.0 MB)
   ━━━━━━━━━━━━━━━━━━━━━━━━━━━━━━━━━━━━━━━━ 5.0/5.0 MB 41.3 MB/s  0:00:00

Downloading packaging-26.2-py3-none-any.whl (100 kB)
Downloading pillow-12.3.0-cp312-cp312-manylinux_2_27_x86_64.manylinux_2_28_x86_64.whl (6.9 MB)
   ━━━━━━━━━━━━━━━━━━━━━━━━━━━━━━━━━━━━━━━━ 6.9/6.9 MB 34.2 MB/s  0:00:00

Downloading pyparsing-3.3.2-py3-none-any.whl (122 kB)
Downloading python_dateutil-2.9.0.post0-py2.py3-none-any.whl (229 kB)
Downloading six-1.17.0-py2.py3-none-any.whl (11 kB)
Downloading absl_py-2.5.0-py3-none-any.whl (137 kB)
Downloading h5py-3.16.0-cp312-cp312-manylinux_2_28_x86_64.whl (5.4 MB)
   ━━━━━━━━━━━━━━━━━━━━━━━━━━━━━━━━━━━━━━━━ 5.4/5.4 MB 35.0 MB/s  0:00:00

Downloading namex-0.1.0-py3-none-any.whl (5.9 kB)
Downloading opt_einsum-3.4.0-py3-none-any.whl (71 kB)
Downloading optree-0.19.1-cp312-cp312-manylinux_2_27_x86_64.manylinux_2_28_x86_64.whl (457 kB)
Downloading typing_extensions-4.16.0-py3-none-any.whl (45 kB)
Downloading rich-15.0.0-py3-none-any.whl (310 kB)
Downloading pygments-2.20.0-py3-none-any.whl (1.2 MB)
   ━━━━━━━━━━━━━━━━━━━━━━━━━━━━━━━━━━━━━━━━ 1.2/1.2 MB 33.9 MB/s  0:00:00

Downloading markdown_it_py-4.2.0-py3-none-any.whl (91 kB)
Downloading mdurl-0.1.2-py3-none-any.whl (10.0 kB)
Installing collected packages: namex, typing-extensions, tqdm, six, pyparsing, pygments, pillow, packaging, opt_einsum, numpy, mdurl, kiwisolver, fonttools, cycler, absl-py, scipy, python-dateutil, optree, ml-dtypes, markdown-it-py, h5py, contourpy, rich, pandas, matplotlib, jaxlib, seaborn, keras, jax


Successfully installed absl-py-2.5.0 contourpy-1.3.3 cycler-0.12.1 fonttools-4.63.0 h5py-3.16.0 jax-0.4.38 jaxlib-0.4.38 keras-3.9.0 kiwisolver-1.5.0 markdown-it-py-4.2.0 matplotlib-3.11.0 mdurl-0.1.2 ml-dtypes-0.5.4 namex-0.1.0 numpy-1.26.4 opt_einsum-3.4.0 optree-0.19.1 packaging-26.2 pandas-3.0.3 pillow-12.3.0 pygments-2.20.0 pyparsing-3.3.2 python-dateutil-2.9.0.post0 rich-15.0.0 scipy-1.17.1 seaborn-0.13.2 six-1.17.0 tqdm-4.68.4 typing-extensions-4.16.0
Obtaining file://116/codebase
  Installing build dependencies: started
  Installing build dependencies: finished with status 'done'
  Checking if build backend supports build_editable: started
  Checking if build backend supports build_editable: finished with status 'done'
  Getting requirements to build editable: started
  Getting requirements to build editable: finished with status 'done'
  Preparing editable metadata (pyproject.toml): started
  Preparing editable metadata (pyproject.toml): finished with status 'done'
Requirement already satisfied: keras>=3.9 in ./.venv/lib/python3.12/site-packages (from bayesflow==2.0.3) (3.9.0)
Requirement already satisfied: matplotlib in ./.venv/lib/python3.12/site-packages (from bayesflow==2.0.3) (3.11.0)
Requirement already satisfied: numpy<2.0,>=1.24 in ./.venv/lib/python3.12/site-packages (from bayesflow==2.0.3) (1.26.4)
Requirement already satisfied: pandas in ./.venv/lib/python3.12/site-packages (from bayesflow==2.0.3) (3.0.3)
Requirement already satisfied: scipy in ./.venv/lib/python3.12/site-packages (from bayesflow==2.0.3) (1.17.1)
Requirement already satisfied: seaborn in ./.venv/lib/python3.12/site-packages (from bayesflow==2.0.3) (0.13.2)
Requirement already satisfied: tqdm in ./.venv/lib/python3.12/site-packages (from bayesflow==2.0.3) (4.68.4)
Requirement already satisfied: absl-py in ./.venv/lib/python3.12/site-packages (from keras>=3.9->bayesflow==2.0.3) (2.5.0)
Requirement already satisfied: rich in ./.venv/lib/python3.12/site-packages (from keras>=3.9->bayesflow==2.0.3) (15.0.0)
Requirement already satisfied: namex in ./.venv/lib/python3.12/site-packages (from keras>=3.9->bayesflow==2.0.3) (0.1.0)
Requirement already satisfied: h5py in ./.venv/lib/python3.12/site-packages (from keras>=3.9->bayesflow==2.0.3) (3.16.0)
Requirement already satisfied: optree in ./.venv/lib/python3.12/site-packages (from keras>=3.9->bayesflow==2.0.3) (0.19.1)
Requirement already satisfied: ml-dtypes in ./.venv/lib/python3.12/site-packages (from keras>=3.9->bayesflow==2.0.3) (0.5.4)
Requirement already satisfied: packaging in ./.venv/lib/python3.12/site-packages (from keras>=3.9->bayesflow==2.0.3) (26.2)
Requirement already satisfied: contourpy>=1.0.1 in ./.venv/lib/python3.12/site-packages (from matplotlib->bayesflow==2.0.3) (1.3.3)
Requirement already satisfied: cycler>=0.10 in ./.venv/lib/python3.12/site-packages (from matplotlib->bayesflow==2.0.3) (0.12.1)
Requirement already satisfied: fonttools>=4.22.0 in ./.venv/lib/python3.12/site-packages (from matplotlib->bayesflow==2.0.3) (4.63.0)
Requirement already satisfied: kiwisolver>=1.3.1 in ./.venv/lib/python3.12/site-packages (from matplotlib->bayesflow==2.0.3) (1.5.0)
Requirement already satisfied: pillow>=9 in ./.venv/lib/python3.12/site-packages (from matplotlib->bayesflow==2.0.3) (12.3.0)
Requirement already satisfied: pyparsing>=3 in ./.venv/lib/python3.12/site-packages (from matplotlib->bayesflow==2.0.3) (3.3.2)
Requirement already satisfied: python-dateutil>=2.7 in ./.venv/lib/python3.12/site-packages (from matplotlib->bayesflow==2.0.3) (2.9.0.post0)
Requirement already satisfied: six>=1.5 in ./.venv/lib/python3.12/site-packages (from python-dateutil>=2.7->matplotlib->bayesflow==2.0.3) (1.17.0)
Requirement already satisfied: typing-extensions>=4.6.0 in ./.venv/lib/python3.12/site-packages (from optree->keras>=3.9->bayesflow==2.0.3) (4.16.0)
Requirement already satisfied: markdown-it-py>=2.2.0 in ./.venv/lib/python3.12/site-packages (from rich->keras>=3.9->bayesflow==2.0.3) (4.2.0)
Requirement already satisfied: pygments<3.0.0,>=2.13.0 in ./.venv/lib/python3.12/site-packages (from rich->keras>=3.9->bayesflow==2.0.3) (2.20.0)
Requirement already satisfied: mdurl~=0.1 in ./.venv/lib/python3.12/site-packages (from markdown-it-py>=2.2.0->rich->keras>=3.9->bayesflow==2.0.3) (0.1.2)
Building wheels for collected packages: bayesflow
  Building editable for bayesflow (pyproject.toml): started
  Building editable for bayesflow (pyproject.toml): finished with status 'done'
  Created wheel for bayesflow: filename=bayesflow-2.0.3-0.editable-py3-none-any.whl size=11144 sha256=45ae6a50ee994fd856636953a3b227defbb725f5a28a4c4b711426954df1787f
  Stored in directory: /tmp/pip-ephem-wheel-cache-llp2w4_4/wheels/dc/38/e0/17756d71615c108fbd45cc9b6c096f4b82afb0d7eab22e93a6
Successfully built bayesflow
Installing collected packages: bayesflow
Successfully installed bayesflow-2.0.3
backend=numpy
seed=0
covariance_shape=(64, 3, 3)
covariance_finite=True
inverse_finite=False
inverse_has_inf=True
inverse_has_nan=False
inverse_min=-inf
inverse_max=inf
bug_reproduced=non_finite_inverse
