batch_1x3x3: OK input=[1, 3, 3] output=[1, 3, 4, 2]
nested_batch_1x1x3x3: ERROR AssertionError: torch.Size([1, 1, 3])
unbatched_3x3: ERROR AssertionError: torch.Size([3])
{
  "cases": [
    {
      "input_shape": [
        1,
        3,
        3
      ],
      "name": "batch_1x3x3",
      "output_shape": [
        1,
        3,
        4,
        2
      ],
      "status": "ok"
    },
    {
      "error_message": "torch.Size([1, 1, 3])",
      "error_type": "AssertionError",
      "input_shape": [
        1,
        1,
        3,
        3
      ],
      "name": "nested_batch_1x1x3x3",
      "status": "error"
    },
    {
      "error_message": "torch.Size([3])",
      "error_type": "AssertionError",
      "input_shape": [
        3,
        3
      ],
      "name": "unbatched_3x3",
      "status": "error"
    }
  ]
}
