Requirement already satisfied: pip in ./.venv/lib/python3.12/site-packages (24.0)
Collecting pip
  Downloading pip-26.1.2-py3-none-any.whl.metadata (4.6 kB)
Downloading pip-26.1.2-py3-none-any.whl (1.8 MB)
   ━━━━━━━━━━━━━━━━━━━━━━━━━━━━━━━━━━━━━━━━ 1.8/1.8 MB 18.5 MB/s eta 0:00:00

Installing collected packages: pip
  Attempting uninstall: pip
    Found existing installation: pip 24.0
    Uninstalling pip-24.0:
      Successfully uninstalled pip-24.0
Successfully installed pip-26.1.2
Requirement already satisfied: numpy==2.5.1 in ./.venv/lib/python3.12/site-packages (from -r 328/requirements.txt (line 1)) (2.5.1)
Requirement already satisfied: scipy==1.18.0 in ./.venv/lib/python3.12/site-packages (from -r 328/requirements.txt (line 2)) (1.18.0)
Requirement already satisfied: cython==3.2.8 in ./.venv/lib/python3.12/site-packages (from -r 328/requirements.txt (line 3)) (3.2.8)
Requirement already satisfied: matplotlib==3.11.0 in ./.venv/lib/python3.12/site-packages (from -r 328/requirements.txt (line 4)) (3.11.0)
Requirement already satisfied: setuptools==83.0.0 in ./.venv/lib/python3.12/site-packages (from -r 328/requirements.txt (line 5)) (83.0.0)
Requirement already satisfied: wheel==0.47.0 in ./.venv/lib/python3.12/site-packages (from -r 328/requirements.txt (line 6)) (0.47.0)
Requirement already satisfied: contourpy>=1.0.1 in ./.venv/lib/python3.12/site-packages (from matplotlib==3.11.0->-r 328/requirements.txt (line 4)) (1.3.3)
Requirement already satisfied: cycler>=0.10 in ./.venv/lib/python3.12/site-packages (from matplotlib==3.11.0->-r 328/requirements.txt (line 4)) (0.12.1)
Requirement already satisfied: fonttools>=4.22.0 in ./.venv/lib/python3.12/site-packages (from matplotlib==3.11.0->-r 328/requirements.txt (line 4)) (4.63.0)
Requirement already satisfied: kiwisolver>=1.3.1 in ./.venv/lib/python3.12/site-packages (from matplotlib==3.11.0->-r 328/requirements.txt (line 4)) (1.5.0)
Requirement already satisfied: packaging>=20.0 in ./.venv/lib/python3.12/site-packages (from matplotlib==3.11.0->-r 328/requirements.txt (line 4)) (26.2)
Requirement already satisfied: pillow>=9 in ./.venv/lib/python3.12/site-packages (from matplotlib==3.11.0->-r 328/requirements.txt (line 4)) (12.3.0)
Requirement already satisfied: pyparsing>=3 in ./.venv/lib/python3.12/site-packages (from matplotlib==3.11.0->-r 328/requirements.txt (line 4)) (3.3.2)
Requirement already satisfied: python-dateutil>=2.7 in ./.venv/lib/python3.12/site-packages (from matplotlib==3.11.0->-r 328/requirements.txt (line 4)) (2.9.0.post0)
Requirement already satisfied: six>=1.5 in ./.venv/lib/python3.12/site-packages (from python-dateutil>=2.7->matplotlib==3.11.0->-r 328/requirements.txt (line 4)) (1.17.0)
running build_ext
copying build/lib.linux-x86_64-cpython-312/ot/lp/emd_wrap.cpython-312-x86_64-linux-gnu.so -> ot/lp
ot_version=0.3.1
sum(opt.G)=0.7333999999999999
expected=1.0
result=reproduced
