Requirement already satisfied: pip in ./.venv_repro/lib/python3.11/site-packages (26.1.2)
Requirement already satisfied: wheel in ./.venv_repro/lib/python3.11/site-packages (0.47.0)
Requirement already satisfied: packaging>=24.0 in ./.venv_repro/lib/python3.11/site-packages (from wheel) (26.2)
Requirement already satisfied: setuptools<82 in ./.venv_repro/lib/python3.11/site-packages (78.1.0)
Looking in indexes: https://download.pytorch.org/whl/cu128
Requirement already satisfied: torch==2.11.0+cu128 in ./.venv_repro/lib/python3.11/site-packages (2.11.0+cu128)
Requirement already satisfied: filelock in ./.venv_repro/lib/python3.11/site-packages (from torch==2.11.0+cu128) (3.29.0)
Requirement already satisfied: typing-extensions>=4.10.0 in ./.venv_repro/lib/python3.11/site-packages (from torch==2.11.0+cu128) (4.15.0)
Requirement already satisfied: setuptools<82 in ./.venv_repro/lib/python3.11/site-packages (from torch==2.11.0+cu128) (78.1.0)
Requirement already satisfied: sympy>=1.13.3 in ./.venv_repro/lib/python3.11/site-packages (from torch==2.11.0+cu128) (1.14.0)
Requirement already satisfied: networkx>=2.5.1 in ./.venv_repro/lib/python3.11/site-packages (from torch==2.11.0+cu128) (3.6.1)
Requirement already satisfied: jinja2 in ./.venv_repro/lib/python3.11/site-packages (from torch==2.11.0+cu128) (3.1.6)
Requirement already satisfied: fsspec>=0.8.5 in ./.venv_repro/lib/python3.11/site-packages (from torch==2.11.0+cu128) (2026.4.0)
Requirement already satisfied: cuda-toolkit==12.8.1 in ./.venv_repro/lib/python3.11/site-packages (from cuda-toolkit[cublas,cudart,cufft,cufile,cupti,curand,cusolver,cusparse,nvjitlink,nvrtc,nvtx]==12.8.1; platform_system == "Linux"->torch==2.11.0+cu128) (12.8.1)
Requirement already satisfied: cuda-bindings<13,>=12.9.4 in ./.venv_repro/lib/python3.11/site-packages (from torch==2.11.0+cu128) (12.9.4)
Requirement already satisfied: nvidia-cudnn-cu12==9.19.0.56 in ./.venv_repro/lib/python3.11/site-packages (from torch==2.11.0+cu128) (9.19.0.56)
Requirement already satisfied: nvidia-cusparselt-cu12==0.7.1 in ./.venv_repro/lib/python3.11/site-packages (from torch==2.11.0+cu128) (0.7.1)
Requirement already satisfied: nvidia-nccl-cu12==2.28.9 in ./.venv_repro/lib/python3.11/site-packages (from torch==2.11.0+cu128) (2.28.9)
Requirement already satisfied: nvidia-nvshmem-cu12==3.4.5 in ./.venv_repro/lib/python3.11/site-packages (from torch==2.11.0+cu128) (3.4.5)
Requirement already satisfied: triton==3.6.0 in ./.venv_repro/lib/python3.11/site-packages (from torch==2.11.0+cu128) (3.6.0)
Requirement already satisfied: nvidia-cublas-cu12==12.8.4.1.* in ./.venv_repro/lib/python3.11/site-packages (from cuda-toolkit[cublas,cudart,cufft,cufile,cupti,curand,cusolver,cusparse,nvjitlink,nvrtc,nvtx]==12.8.1; platform_system == "Linux"->torch==2.11.0+cu128) (12.8.4.1)
Requirement already satisfied: nvidia-cuda-runtime-cu12==12.8.90.* in ./.venv_repro/lib/python3.11/site-packages (from cuda-toolkit[cublas,cudart,cufft,cufile,cupti,curand,cusolver,cusparse,nvjitlink,nvrtc,nvtx]==12.8.1; platform_system == "Linux"->torch==2.11.0+cu128) (12.8.90)
Requirement already satisfied: nvidia-cufft-cu12==11.3.3.83.* in ./.venv_repro/lib/python3.11/site-packages (from cuda-toolkit[cublas,cudart,cufft,cufile,cupti,curand,cusolver,cusparse,nvjitlink,nvrtc,nvtx]==12.8.1; platform_system == "Linux"->torch==2.11.0+cu128) (11.3.3.83)
Requirement already satisfied: nvidia-cufile-cu12==1.13.1.3.* in ./.venv_repro/lib/python3.11/site-packages (from cuda-toolkit[cublas,cudart,cufft,cufile,cupti,curand,cusolver,cusparse,nvjitlink,nvrtc,nvtx]==12.8.1; platform_system == "Linux"->torch==2.11.0+cu128) (1.13.1.3)
Requirement already satisfied: nvidia-cuda-cupti-cu12==12.8.90.* in ./.venv_repro/lib/python3.11/site-packages (from cuda-toolkit[cublas,cudart,cufft,cufile,cupti,curand,cusolver,cusparse,nvjitlink,nvrtc,nvtx]==12.8.1; platform_system == "Linux"->torch==2.11.0+cu128) (12.8.90)
Requirement already satisfied: nvidia-curand-cu12==10.3.9.90.* in ./.venv_repro/lib/python3.11/site-packages (from cuda-toolkit[cublas,cudart,cufft,cufile,cupti,curand,cusolver,cusparse,nvjitlink,nvrtc,nvtx]==12.8.1; platform_system == "Linux"->torch==2.11.0+cu128) (10.3.9.90)
Requirement already satisfied: nvidia-cusolver-cu12==11.7.3.90.* in ./.venv_repro/lib/python3.11/site-packages (from cuda-toolkit[cublas,cudart,cufft,cufile,cupti,curand,cusolver,cusparse,nvjitlink,nvrtc,nvtx]==12.8.1; platform_system == "Linux"->torch==2.11.0+cu128) (11.7.3.90)
Requirement already satisfied: nvidia-cusparse-cu12==12.5.8.93.* in ./.venv_repro/lib/python3.11/site-packages (from cuda-toolkit[cublas,cudart,cufft,cufile,cupti,curand,cusolver,cusparse,nvjitlink,nvrtc,nvtx]==12.8.1; platform_system == "Linux"->torch==2.11.0+cu128) (12.5.8.93)
Requirement already satisfied: nvidia-nvjitlink-cu12==12.8.93.* in ./.venv_repro/lib/python3.11/site-packages (from cuda-toolkit[cublas,cudart,cufft,cufile,cupti,curand,cusolver,cusparse,nvjitlink,nvrtc,nvtx]==12.8.1; platform_system == "Linux"->torch==2.11.0+cu128) (12.8.93)
Requirement already satisfied: nvidia-cuda-nvrtc-cu12==12.8.93.* in ./.venv_repro/lib/python3.11/site-packages (from cuda-toolkit[cublas,cudart,cufft,cufile,cupti,curand,cusolver,cusparse,nvjitlink,nvrtc,nvtx]==12.8.1; platform_system == "Linux"->torch==2.11.0+cu128) (12.8.93)
Requirement already satisfied: nvidia-nvtx-cu12==12.8.90.* in ./.venv_repro/lib/python3.11/site-packages (from cuda-toolkit[cublas,cudart,cufft,cufile,cupti,curand,cusolver,cusparse,nvjitlink,nvrtc,nvtx]==12.8.1; platform_system == "Linux"->torch==2.11.0+cu128) (12.8.90)
Requirement already satisfied: cuda-pathfinder~=1.1 in ./.venv_repro/lib/python3.11/site-packages (from cuda-bindings<13,>=12.9.4->torch==2.11.0+cu128) (1.2.2)
Requirement already satisfied: mpmath<1.4,>=1.1.0 in ./.venv_repro/lib/python3.11/site-packages (from sympy>=1.13.3->torch==2.11.0+cu128) (1.3.0)
Requirement already satisfied: MarkupSafe>=2.0 in ./.venv_repro/lib/python3.11/site-packages (from jinja2->torch==2.11.0+cu128) (3.0.3)
Obtaining file://495/codebase (from -r 495/requirements.txt (line 15))
  Installing build dependencies: started
  Installing build dependencies: finished with status 'done'
  Checking if build backend supports build_editable: started
  Checking if build backend supports build_editable: finished with status 'done'
  Getting requirements to build editable: started
  Getting requirements to build editable: finished with status 'done'
  Preparing editable metadata (pyproject.toml): started
  Preparing editable metadata (pyproject.toml): finished with status 'done'
Requirement already satisfied: aiohttp in ./.venv_repro/lib/python3.11/site-packages (from -r 495/requirements.txt (line 2)) (3.14.1)
Requirement already satisfied: fsspec in ./.venv_repro/lib/python3.11/site-packages (from -r 495/requirements.txt (line 3)) (2026.4.0)
Requirement already satisfied: jinja2 in ./.venv_repro/lib/python3.11/site-packages (from -r 495/requirements.txt (line 4)) (3.1.6)
Requirement already satisfied: numpy in ./.venv_repro/lib/python3.11/site-packages (from -r 495/requirements.txt (line 5)) (2.4.6)
Requirement already satisfied: pandas in ./.venv_repro/lib/python3.11/site-packages (from -r 495/requirements.txt (line 6)) (3.0.3)
Requirement already satisfied: psutil in ./.venv_repro/lib/python3.11/site-packages (from -r 495/requirements.txt (line 7)) (7.2.2)
Requirement already satisfied: pyparsing in ./.venv_repro/lib/python3.11/site-packages (from -r 495/requirements.txt (line 8)) (3.3.2)
Requirement already satisfied: requests in ./.venv_repro/lib/python3.11/site-packages (from -r 495/requirements.txt (line 9)) (2.34.2)
Requirement already satisfied: scikit-learn in ./.venv_repro/lib/python3.11/site-packages (from -r 495/requirements.txt (line 10)) (1.9.0)
Requirement already satisfied: scipy in ./.venv_repro/lib/python3.11/site-packages (from -r 495/requirements.txt (line 11)) (1.17.1)
Requirement already satisfied: tqdm in ./.venv_repro/lib/python3.11/site-packages (from -r 495/requirements.txt (line 12)) (4.68.4)
Requirement already satisfied: networkx in ./.venv_repro/lib/python3.11/site-packages (from -r 495/requirements.txt (line 13)) (3.6.1)
Requirement already satisfied: matplotlib in ./.venv_repro/lib/python3.11/site-packages (from -r 495/requirements.txt (line 14)) (3.11.0)
Requirement already satisfied: aiohappyeyeballs>=2.5.0 in ./.venv_repro/lib/python3.11/site-packages (from aiohttp->-r 495/requirements.txt (line 2)) (2.7.1)
Requirement already satisfied: aiosignal>=1.4.0 in ./.venv_repro/lib/python3.11/site-packages (from aiohttp->-r 495/requirements.txt (line 2)) (1.4.0)
Requirement already satisfied: attrs>=17.3.0 in ./.venv_repro/lib/python3.11/site-packages (from aiohttp->-r 495/requirements.txt (line 2)) (26.1.0)
Requirement already satisfied: frozenlist>=1.1.1 in ./.venv_repro/lib/python3.11/site-packages (from aiohttp->-r 495/requirements.txt (line 2)) (1.8.0)
Requirement already satisfied: multidict<7.0,>=4.5 in ./.venv_repro/lib/python3.11/site-packages (from aiohttp->-r 495/requirements.txt (line 2)) (6.7.1)
Requirement already satisfied: propcache>=0.2.0 in ./.venv_repro/lib/python3.11/site-packages (from aiohttp->-r 495/requirements.txt (line 2)) (0.5.2)
Requirement already satisfied: typing_extensions>=4.4 in ./.venv_repro/lib/python3.11/site-packages (from aiohttp->-r 495/requirements.txt (line 2)) (4.15.0)
Requirement already satisfied: yarl<2.0,>=1.17.0 in ./.venv_repro/lib/python3.11/site-packages (from aiohttp->-r 495/requirements.txt (line 2)) (1.24.2)
Requirement already satisfied: idna>=2.0 in ./.venv_repro/lib/python3.11/site-packages (from yarl<2.0,>=1.17.0->aiohttp->-r 495/requirements.txt (line 2)) (3.18)
Requirement already satisfied: MarkupSafe>=2.0 in ./.venv_repro/lib/python3.11/site-packages (from jinja2->-r 495/requirements.txt (line 4)) (3.0.3)
Requirement already satisfied: python-dateutil>=2.8.2 in ./.venv_repro/lib/python3.11/site-packages (from pandas->-r 495/requirements.txt (line 6)) (2.9.0.post0)
Requirement already satisfied: charset_normalizer<4,>=2 in ./.venv_repro/lib/python3.11/site-packages (from requests->-r 495/requirements.txt (line 9)) (3.4.9)
Requirement already satisfied: urllib3<3,>=1.26 in ./.venv_repro/lib/python3.11/site-packages (from requests->-r 495/requirements.txt (line 9)) (2.7.0)
Requirement already satisfied: certifi>=2023.5.7 in ./.venv_repro/lib/python3.11/site-packages (from requests->-r 495/requirements.txt (line 9)) (2026.6.17)
Requirement already satisfied: joblib>=1.4.0 in ./.venv_repro/lib/python3.11/site-packages (from scikit-learn->-r 495/requirements.txt (line 10)) (1.5.3)
Requirement already satisfied: narwhals>=2.0.1 in ./.venv_repro/lib/python3.11/site-packages (from scikit-learn->-r 495/requirements.txt (line 10)) (2.24.0)
Requirement already satisfied: threadpoolctl>=3.5.0 in ./.venv_repro/lib/python3.11/site-packages (from scikit-learn->-r 495/requirements.txt (line 10)) (3.6.0)
Requirement already satisfied: contourpy>=1.0.1 in ./.venv_repro/lib/python3.11/site-packages (from matplotlib->-r 495/requirements.txt (line 14)) (1.3.3)
Requirement already satisfied: cycler>=0.10 in ./.venv_repro/lib/python3.11/site-packages (from matplotlib->-r 495/requirements.txt (line 14)) (0.12.1)
Requirement already satisfied: fonttools>=4.22.0 in ./.venv_repro/lib/python3.11/site-packages (from matplotlib->-r 495/requirements.txt (line 14)) (4.63.0)
Requirement already satisfied: kiwisolver>=1.3.1 in ./.venv_repro/lib/python3.11/site-packages (from matplotlib->-r 495/requirements.txt (line 14)) (1.5.0)
Requirement already satisfied: packaging>=20.0 in ./.venv_repro/lib/python3.11/site-packages (from matplotlib->-r 495/requirements.txt (line 14)) (26.2)
Requirement already satisfied: pillow>=9 in ./.venv_repro/lib/python3.11/site-packages (from matplotlib->-r 495/requirements.txt (line 14)) (12.3.0)
Requirement already satisfied: six>=1.5 in ./.venv_repro/lib/python3.11/site-packages (from python-dateutil>=2.8.2->pandas->-r 495/requirements.txt (line 6)) (1.17.0)
Building wheels for collected packages: torch-geometric
  Building editable for torch-geometric (pyproject.toml): started
  Building editable for torch-geometric (pyproject.toml): finished with status 'done'
  Created wheel for torch-geometric: filename=torch_geometric-2.7.0-py3-none-any.whl size=16745 sha256=1e445c7cadfe88b4d4d6142ee2c81562f5db869e4f4f8df4f3dd9c69469621fe
  Stored in directory: /tmp/pip-ephem-wheel-cache-j4i7vr2m/wheels/01/b7/8b/1f0f744e3d04e239db521101814496e88d743d6ee174d1bcbd
Successfully built torch-geometric
Installing collected packages: torch-geometric
  Attempting uninstall: torch-geometric
    Found existing installation: torch-geometric 2.7.0
    Uninstalling torch-geometric-2.7.0:
      Successfully uninstalled torch-geometric-2.7.0
Successfully installed torch-geometric-2.7.0
torch=2.11.0+cu128
model_device=cuda:0
explainer_mlp_device=cpu
input_device=cuda:0
calling PGExplainer.train() without moving the algorithm to cuda
