Traceback (most recent call last):
  File "495/repro.py", line 85, in <module>
    raise SystemExit(main())
                     ^^^^^^
  File "495/repro.py", line 72, in main
    explainer.algorithm.train(
  File "495/codebase/torch_geometric/explain/algorithm/pg_explainer.py", line 130, in train
    logits = self.mlp(inputs).view(-1)
             ^^^^^^^^^^^^^^^^
  File "495/.venv_repro/lib/python3.11/site-packages/torch/nn/modules/module.py", line 1779, in _wrapped_call_impl
    return self._call_impl(*args, **kwargs)
           ^^^^^^^^^^^^^^^^^^^^^^^^^^^^^^^^
  File "495/.venv_repro/lib/python3.11/site-packages/torch/nn/modules/module.py", line 1790, in _call_impl
    return forward_call(*args, **kwargs)
           ^^^^^^^^^^^^^^^^^^^^^^^^^^^^^
  File "495/.venv_repro/lib/python3.11/site-packages/torch/nn/modules/container.py", line 253, in forward
    input = module(input)
            ^^^^^^^^^^^^^
  File "495/.venv_repro/lib/python3.11/site-packages/torch/nn/modules/module.py", line 1779, in _wrapped_call_impl
    return self._call_impl(*args, **kwargs)
           ^^^^^^^^^^^^^^^^^^^^^^^^^^^^^^^^
  File "495/.venv_repro/lib/python3.11/site-packages/torch/nn/modules/module.py", line 1885, in _call_impl
    return inner()
           ^^^^^^^
  File "495/.venv_repro/lib/python3.11/site-packages/torch/nn/modules/module.py", line 1833, in inner
    result = forward_call(*args, **kwargs)
             ^^^^^^^^^^^^^^^^^^^^^^^^^^^^^
  File "495/codebase/torch_geometric/nn/dense/linear.py", line 147, in forward
    return F.linear(x, self.weight, self.bias)
           ^^^^^^^^^^^^^^^^^^^^^^^^^^^^^^^^^^^
RuntimeError: Expected all tensors to be on the same device, but got mat1 is on cuda:0, different from other tensors on cpu (when checking argument in method wrapper_CUDA_addmm)
